2026-05-03 00:32:24.818423: E external/local_xla/xla/stream_executor/cuda/cuda_dnn.cc:9261] Unable to register cuDNN factory: Attempting to register factory for plugin cuDNN when one has already been registered
2026-05-03 00:32:24.819663: E external/local_xla/xla/stream_executor/cuda/cuda_fft.cc:607] Unable to register cuFFT factory: Attempting to register factory for plugin cuFFT when one has already been registered
2026-05-03 00:32:24.882493: E external/local_xla/xla/stream_executor/cuda/cuda_blas.cc:1515] Unable to register cuBLAS factory: Attempting to register factory for plugin cuBLAS when one has already been registered
2026-05-03 00:33:13.047140: W tensorflow/core/common_runtime/gpu/gpu_bfc_allocator.cc:47] Overriding orig_value setting because the TF_FORCE_GPU_ALLOW_GROWTH environment variable is set. Original config value was 0.
2026-05-03 00:33:30.025640: E tensorflow/core/grappler/optimizers/meta_optimizer.cc:961] layout failed: INVALID_ARGUMENT: Size of values 0 does not match size of permutation 4 @ fanin shape inaxial_block_0/dropout/dropout_2/SelectV2-2-TransposeNHWCToNCHW-LayoutOptimizer
WARNING:tensorflow:Model's `__init__()` arguments contain non-serializable objects. Please implement a `get_config()` method in the subclassed Model for proper saving and loading. Defaulting to empty config.
WARNING:tensorflow:Model's `__init__()` arguments contain non-serializable objects. Please implement a `get_config()` method in the subclassed Model for proper saving and loading. Defaulting to empty config.
WARNING:tensorflow:Model's `__init__()` arguments contain non-serializable objects. Please implement a `get_config()` method in the subclassed Model for proper saving and loading. Defaulting to empty config.
WARNING:tensorflow:Model's `__init__()` arguments contain non-serializable objects. Please implement a `get_config()` method in the subclassed Model for proper saving and loading. Defaulting to empty config.
WARNING:tensorflow:Model's `__init__()` arguments contain non-serializable objects. Please implement a `get_config()` method in the subclassed Model for proper saving and loading. Defaulting to empty config.
WARNING:tensorflow:Model's `__init__()` arguments contain non-serializable objects. Please implement a `get_config()` method in the subclassed Model for proper saving and loading. Defaulting to empty config.
WARNING:tensorflow:Model's `__init__()` arguments contain non-serializable objects. Please implement a `get_config()` method in the subclassed Model for proper saving and loading. Defaulting to empty config.
WARNING:tensorflow:Model's `__init__()` arguments contain non-serializable objects. Please implement a `get_config()` method in the subclassed Model for proper saving and loading. Defaulting to empty config.
WARNING:tensorflow:Model's `__init__()` arguments contain non-serializable objects. Please implement a `get_config()` method in the subclassed Model for proper saving and loading. Defaulting to empty config.
WARNING:tensorflow:Model's `__init__()` arguments contain non-serializable objects. Please implement a `get_config()` method in the subclassed Model for proper saving and loading. Defaulting to empty config.
WARNING:tensorflow:Model's `__init__()` arguments contain non-serializable objects. Please implement a `get_config()` method in the subclassed Model for proper saving and loading. Defaulting to empty config.
WARNING:tensorflow:Model's `__init__()` arguments contain non-serializable objects. Please implement a `get_config()` method in the subclassed Model for proper saving and loading. Defaulting to empty config.
WARNING:tensorflow:Model's `__init__()` arguments contain non-serializable objects. Please implement a `get_config()` method in the subclassed Model for proper saving and loading. Defaulting to empty config.
WARNING:tensorflow:Model's `__init__()` arguments contain non-serializable objects. Please implement a `get_config()` method in the subclassed Model for proper saving and loading. Defaulting to empty config.
WARNING:tensorflow:Model's `__init__()` arguments contain non-serializable objects. Please implement a `get_config()` method in the subclassed Model for proper saving and loading. Defaulting to empty config.
WARNING:tensorflow:Model's `__init__()` arguments contain non-serializable objects. Please implement a `get_config()` method in the subclassed Model for proper saving and loading. Defaulting to empty config.
WARNING:tensorflow:Model's `__init__()` arguments contain non-serializable objects. Please implement a `get_config()` method in the subclassed Model for proper saving and loading. Defaulting to empty config.
WARNING:tensorflow:Model's `__init__()` arguments contain non-serializable objects. Please implement a `get_config()` method in the subclassed Model for proper saving and loading. Defaulting to empty config.
WARNING:tensorflow:Model's `__init__()` arguments contain non-serializable objects. Please implement a `get_config()` method in the subclassed Model for proper saving and loading. Defaulting to empty config.
WARNING:tensorflow:Model's `__init__()` arguments contain non-serializable objects. Please implement a `get_config()` method in the subclassed Model for proper saving and loading. Defaulting to empty config.
WARNING:tensorflow:Model's `__init__()` arguments contain non-serializable objects. Please implement a `get_config()` method in the subclassed Model for proper saving and loading. Defaulting to empty config.
WARNING:tensorflow:Model's `__init__()` arguments contain non-serializable objects. Please implement a `get_config()` method in the subclassed Model for proper saving and loading. Defaulting to empty config.
WARNING:tensorflow:Model's `__init__()` arguments contain non-serializable objects. Please implement a `get_config()` method in the subclassed Model for proper saving and loading. Defaulting to empty config.
WARNING:tensorflow:Model's `__init__()` arguments contain non-serializable objects. Please implement a `get_config()` method in the subclassed Model for proper saving and loading. Defaulting to empty config.
WARNING:tensorflow:Model's `__init__()` arguments contain non-serializable objects. Please implement a `get_config()` method in the subclassed Model for proper saving and loading. Defaulting to empty config.
WARNING:tensorflow:Model's `__init__()` arguments contain non-serializable objects. Please implement a `get_config()` method in the subclassed Model for proper saving and loading. Defaulting to empty config.
WARNING:tensorflow:Model's `__init__()` arguments contain non-serializable objects. Please implement a `get_config()` method in the subclassed Model for proper saving and loading. Defaulting to empty config.
WARNING:tensorflow:Model's `__init__()` arguments contain non-serializable objects. Please implement a `get_config()` method in the subclassed Model for proper saving and loading. Defaulting to empty config.
WARNING:tensorflow:Model's `__init__()` arguments contain non-serializable objects. Please implement a `get_config()` method in the subclassed Model for proper saving and loading. Defaulting to empty config.
WARNING:tensorflow:Model's `__init__()` arguments contain non-serializable objects. Please implement a `get_config()` method in the subclassed Model for proper saving and loading. Defaulting to empty config.
WARNING:tensorflow:Model's `__init__()` arguments contain non-serializable objects. Please implement a `get_config()` method in the subclassed Model for proper saving and loading. Defaulting to empty config.
WARNING:tensorflow:Model's `__init__()` arguments contain non-serializable objects. Please implement a `get_config()` method in the subclassed Model for proper saving and loading. Defaulting to empty config.
WARNING:tensorflow:Model's `__init__()` arguments contain non-serializable objects. Please implement a `get_config()` method in the subclassed Model for proper saving and loading. Defaulting to empty config.
WARNING:tensorflow:Model's `__init__()` arguments contain non-serializable objects. Please implement a `get_config()` method in the subclassed Model for proper saving and loading. Defaulting to empty config.
WARNING:tensorflow:Model's `__init__()` arguments contain non-serializable objects. Please implement a `get_config()` method in the subclassed Model for proper saving and loading. Defaulting to empty config.
WARNING:tensorflow:Model's `__init__()` arguments contain non-serializable objects. Please implement a `get_config()` method in the subclassed Model for proper saving and loading. Defaulting to empty config.
WARNING:tensorflow:Model's `__init__()` arguments contain non-serializable objects. Please implement a `get_config()` method in the subclassed Model for proper saving and loading. Defaulting to empty config.
WARNING:tensorflow:Model's `__init__()` arguments contain non-serializable objects. Please implement a `get_config()` method in the subclassed Model for proper saving and loading. Defaulting to empty config.
WARNING:tensorflow:Model's `__init__()` arguments contain non-serializable objects. Please implement a `get_config()` method in the subclassed Model for proper saving and loading. Defaulting to empty config.
WARNING:tensorflow:Model's `__init__()` arguments contain non-serializable objects. Please implement a `get_config()` method in the subclassed Model for proper saving and loading. Defaulting to empty config.
2026-05-03 01:17:45.399600: W tensorflow/core/framework/op_kernel.cc:1839] OP_REQUIRES failed at transpose_op.cc:142 : INVALID_ARGUMENT: transpose expects a vector of size 0. But input(1) is a vector of size 7
2026-05-03 01:17:49.171309: W tensorflow/core/framework/op_kernel.cc:1839] OP_REQUIRES failed at transpose_op.cc:142 : INVALID_ARGUMENT: transpose expects a vector of size 0. But input(1) is a vector of size 7
2026-05-03 01:17:52.964502: W tensorflow/core/framework/op_kernel.cc:1839] OP_REQUIRES failed at transpose_op.cc:142 : INVALID_ARGUMENT: transpose expects a vector of size 0. But input(1) is a vector of size 7
2026-05-03 01:17:56.747722: W tensorflow/core/framework/op_kernel.cc:1839] OP_REQUIRES failed at transpose_op.cc:142 : INVALID_ARGUMENT: transpose expects a vector of size 0. But input(1) is a vector of size 7
2026-05-03 01:18:00.523329: W tensorflow/core/framework/op_kernel.cc:1839] OP_REQUIRES failed at transpose_op.cc:142 : INVALID_ARGUMENT: transpose expects a vector of size 0. But input(1) is a vector of size 7
2026-05-03 01:18:04.295993: W tensorflow/core/framework/op_kernel.cc:1839] OP_REQUIRES failed at transpose_op.cc:142 : INVALID_ARGUMENT: transpose expects a vector of size 0. But input(1) is a vector of size 7
2026-05-03 01:18:08.084742: W tensorflow/core/framework/op_kernel.cc:1839] OP_REQUIRES failed at transpose_op.cc:142 : INVALID_ARGUMENT: transpose expects a vector of size 0. But input(1) is a vector of size 7
2026-05-03 01:18:11.866958: W tensorflow/core/framework/op_kernel.cc:1839] OP_REQUIRES failed at transpose_op.cc:142 : INVALID_ARGUMENT: transpose expects a vector of size 0. But input(1) is a vector of size 7
2026-05-03 01:18:15.672441: W tensorflow/core/framework/op_kernel.cc:1839] OP_REQUIRES failed at transpose_op.cc:142 : INVALID_ARGUMENT: transpose expects a vector of size 0. But input(1) is a vector of size 7
2026-05-03 01:18:19.465260: W tensorflow/core/framework/op_kernel.cc:1839] OP_REQUIRES failed at transpose_op.cc:142 : INVALID_ARGUMENT: transpose expects a vector of size 0. But input(1) is a vector of size 7
2026-05-03 01:18:23.253848: W tensorflow/core/framework/op_kernel.cc:1839] OP_REQUIRES failed at transpose_op.cc:142 : INVALID_ARGUMENT: transpose expects a vector of size 0. But input(1) is a vector of size 7
2026-05-03 01:18:27.008901: W tensorflow/core/framework/op_kernel.cc:1839] OP_REQUIRES failed at transpose_op.cc:142 : INVALID_ARGUMENT: transpose expects a vector of size 0. But input(1) is a vector of size 7
2026-05-03 01:18:30.766431: W tensorflow/core/framework/op_kernel.cc:1839] OP_REQUIRES failed at transpose_op.cc:142 : INVALID_ARGUMENT: transpose expects a vector of size 0. But input(1) is a vector of size 7
2026-05-03 01:18:34.531399: W tensorflow/core/framework/op_kernel.cc:1839] OP_REQUIRES failed at transpose_op.cc:142 : INVALID_ARGUMENT: transpose expects a vector of size 0. But input(1) is a vector of size 7
2026-05-03 01:18:38.308774: W tensorflow/core/framework/op_kernel.cc:1839] OP_REQUIRES failed at transpose_op.cc:142 : INVALID_ARGUMENT: transpose expects a vector of size 0. But input(1) is a vector of size 7
2026-05-03 01:18:42.073510: W tensorflow/core/framework/op_kernel.cc:1839] OP_REQUIRES failed at transpose_op.cc:142 : INVALID_ARGUMENT: transpose expects a vector of size 0. But input(1) is a vector of size 7
2026-05-03 01:18:45.804880: W tensorflow/core/framework/op_kernel.cc:1839] OP_REQUIRES failed at transpose_op.cc:142 : INVALID_ARGUMENT: transpose expects a vector of size 0. But input(1) is a vector of size 7
2026-05-03 01:18:49.575446: W tensorflow/core/framework/op_kernel.cc:1839] OP_REQUIRES failed at transpose_op.cc:142 : INVALID_ARGUMENT: transpose expects a vector of size 0. But input(1) is a vector of size 7
2026-05-03 01:18:53.353565: W tensorflow/core/framework/op_kernel.cc:1839] OP_REQUIRES failed at transpose_op.cc:142 : INVALID_ARGUMENT: transpose expects a vector of size 0. But input(1) is a vector of size 7
2026-05-03 01:18:57.091809: W tensorflow/core/framework/op_kernel.cc:1839] OP_REQUIRES failed at transpose_op.cc:142 : INVALID_ARGUMENT: transpose expects a vector of size 0. But input(1) is a vector of size 7
2026-05-03 01:19:00.857202: W tensorflow/core/framework/op_kernel.cc:1839] OP_REQUIRES failed at transpose_op.cc:142 : INVALID_ARGUMENT: transpose expects a vector of size 0. But input(1) is a vector of size 7
2026-05-03 01:19:04.631711: W tensorflow/core/framework/op_kernel.cc:1839] OP_REQUIRES failed at transpose_op.cc:142 : INVALID_ARGUMENT: transpose expects a vector of size 0. But input(1) is a vector of size 7
2026-05-03 01:19:08.374776: W tensorflow/core/framework/op_kernel.cc:1839] OP_REQUIRES failed at transpose_op.cc:142 : INVALID_ARGUMENT: transpose expects a vector of size 0. But input(1) is a vector of size 7
2026-05-03 01:19:12.134726: W tensorflow/core/framework/op_kernel.cc:1839] OP_REQUIRES failed at transpose_op.cc:142 : INVALID_ARGUMENT: transpose expects a vector of size 0. But input(1) is a vector of size 7
2026-05-03 01:19:15.902297: W tensorflow/core/framework/op_kernel.cc:1839] OP_REQUIRES failed at transpose_op.cc:142 : INVALID_ARGUMENT: transpose expects a vector of size 0. But input(1) is a vector of size 7
2026-05-03 01:19:19.629580: W tensorflow/core/framework/op_kernel.cc:1839] OP_REQUIRES failed at transpose_op.cc:142 : INVALID_ARGUMENT: transpose expects a vector of size 0. But input(1) is a vector of size 7
2026-05-03 01:19:23.382737: W tensorflow/core/framework/op_kernel.cc:1839] OP_REQUIRES failed at transpose_op.cc:142 : INVALID_ARGUMENT: transpose expects a vector of size 0. But input(1) is a vector of size 7
2026-05-03 01:19:27.105391: W tensorflow/core/framework/op_kernel.cc:1839] OP_REQUIRES failed at transpose_op.cc:142 : INVALID_ARGUMENT: transpose expects a vector of size 0. But input(1) is a vector of size 7
2026-05-03 01:19:30.850684: W tensorflow/core/framework/op_kernel.cc:1839] OP_REQUIRES failed at transpose_op.cc:142 : INVALID_ARGUMENT: transpose expects a vector of size 0. But input(1) is a vector of size 7
2026-05-03 01:19:34.585032: W tensorflow/core/framework/op_kernel.cc:1839] OP_REQUIRES failed at transpose_op.cc:142 : INVALID_ARGUMENT: transpose expects a vector of size 0. But input(1) is a vector of size 7
2026-05-03 01:19:38.337824: W tensorflow/core/framework/op_kernel.cc:1839] OP_REQUIRES failed at transpose_op.cc:142 : INVALID_ARGUMENT: transpose expects a vector of size 0. But input(1) is a vector of size 7
2026-05-03 01:19:42.084455: W tensorflow/core/framework/op_kernel.cc:1839] OP_REQUIRES failed at transpose_op.cc:142 : INVALID_ARGUMENT: transpose expects a vector of size 0. But input(1) is a vector of size 7
2026-05-03 01:19:45.841966: W tensorflow/core/framework/op_kernel.cc:1839] OP_REQUIRES failed at transpose_op.cc:142 : INVALID_ARGUMENT: transpose expects a vector of size 0. But input(1) is a vector of size 7
2026-05-03 01:19:49.611755: W tensorflow/core/framework/op_kernel.cc:1839] OP_REQUIRES failed at transpose_op.cc:142 : INVALID_ARGUMENT: transpose expects a vector of size 0. But input(1) is a vector of size 7
2026-05-03 01:19:53.375258: W tensorflow/core/framework/op_kernel.cc:1839] OP_REQUIRES failed at transpose_op.cc:142 : INVALID_ARGUMENT: transpose expects a vector of size 0. But input(1) is a vector of size 7
2026-05-03 01:19:57.165516: W tensorflow/core/framework/op_kernel.cc:1839] OP_REQUIRES failed at transpose_op.cc:142 : INVALID_ARGUMENT: transpose expects a vector of size 0. But input(1) is a vector of size 7
2026-05-03 01:20:00.961670: W tensorflow/core/framework/op_kernel.cc:1839] OP_REQUIRES failed at transpose_op.cc:142 : INVALID_ARGUMENT: transpose expects a vector of size 0. But input(1) is a vector of size 7
2026-05-03 01:20:04.722834: W tensorflow/core/framework/op_kernel.cc:1839] OP_REQUIRES failed at transpose_op.cc:142 : INVALID_ARGUMENT: transpose expects a vector of size 0. But input(1) is a vector of size 7
2026-05-03 01:20:08.482195: W tensorflow/core/framework/op_kernel.cc:1839] OP_REQUIRES failed at transpose_op.cc:142 : INVALID_ARGUMENT: transpose expects a vector of size 0. But input(1) is a vector of size 7
2026-05-03 01:20:12.246787: W tensorflow/core/framework/op_kernel.cc:1839] OP_REQUIRES failed at transpose_op.cc:142 : INVALID_ARGUMENT: transpose expects a vector of size 0. But input(1) is a vector of size 7
2026-05-03 01:20:15.990399: W tensorflow/core/framework/op_kernel.cc:1839] OP_REQUIRES failed at transpose_op.cc:142 : INVALID_ARGUMENT: transpose expects a vector of size 0. But input(1) is a vector of size 7
2026-05-03 01:20:19.736226: W tensorflow/core/framework/op_kernel.cc:1839] OP_REQUIRES failed at transpose_op.cc:142 : INVALID_ARGUMENT: transpose expects a vector of size 0. But input(1) is a vector of size 7
2026-05-03 01:20:23.480728: W tensorflow/core/framework/op_kernel.cc:1839] OP_REQUIRES failed at transpose_op.cc:142 : INVALID_ARGUMENT: transpose expects a vector of size 0. But input(1) is a vector of size 7
2026-05-03 01:20:27.222789: W tensorflow/core/framework/op_kernel.cc:1839] OP_REQUIRES failed at transpose_op.cc:142 : INVALID_ARGUMENT: transpose expects a vector of size 0. But input(1) is a vector of size 7
2026-05-03 01:20:31.002434: W tensorflow/core/framework/op_kernel.cc:1839] OP_REQUIRES failed at transpose_op.cc:142 : INVALID_ARGUMENT: transpose expects a vector of size 0. But input(1) is a vector of size 7
2026-05-03 01:20:34.760877: W tensorflow/core/framework/op_kernel.cc:1839] OP_REQUIRES failed at transpose_op.cc:142 : INVALID_ARGUMENT: transpose expects a vector of size 0. But input(1) is a vector of size 7
2026-05-03 01:20:38.495541: W tensorflow/core/framework/op_kernel.cc:1839] OP_REQUIRES failed at transpose_op.cc:142 : INVALID_ARGUMENT: transpose expects a vector of size 0. But input(1) is a vector of size 7
2026-05-03 01:20:42.258451: W tensorflow/core/framework/op_kernel.cc:1839] OP_REQUIRES failed at transpose_op.cc:142 : INVALID_ARGUMENT: transpose expects a vector of size 0. But input(1) is a vector of size 7
2026-05-03 01:20:46.007558: W tensorflow/core/framework/op_kernel.cc:1839] OP_REQUIRES failed at transpose_op.cc:142 : INVALID_ARGUMENT: transpose expects a vector of size 0. But input(1) is a vector of size 7
2026-05-03 01:20:46.990210: E external/local_xla/xla/stream_executor/gpu/gpu_cudamallocasync_allocator.cc:306] gpu_async_0 cuMemAllocAsync failed to allocate 1056964608 bytes: CUDA error: out of memory (CUDA_ERROR_OUT_OF_MEMORY)
 Reported by CUDA: Free memory/Total memory: 518324224/42406903808
2026-05-03 01:20:46.990345: E external/local_xla/xla/stream_executor/gpu/gpu_cudamallocasync_allocator.cc:311] Stats: Limit:                     40353726464
InUse:                     32404175622
MaxInUse:                  33455635206
NumAllocs:                    16037554
MaxAllocSize:               1068003328
Reserved:                            0
PeakReserved:                        0
LargestFreeBlock:                    0

2026-05-03 01:20:46.990424: E external/local_xla/xla/stream_executor/gpu/gpu_cudamallocasync_allocator.cc:63] Histogram of current allocation: (allocation_size_in_bytes, nb_allocation_of_that_sizes), ...;
2026-05-03 01:20:46.990472: E external/local_xla/xla/stream_executor/gpu/gpu_cudamallocasync_allocator.cc:66] 1, 6
2026-05-03 01:20:46.990485: E external/local_xla/xla/stream_executor/gpu/gpu_cudamallocasync_allocator.cc:66] 4, 135
2026-05-03 01:20:46.990497: E external/local_xla/xla/stream_executor/gpu/gpu_cudamallocasync_allocator.cc:66] 8, 215
2026-05-03 01:20:46.990509: E external/local_xla/xla/stream_executor/gpu/gpu_cudamallocasync_allocator.cc:66] 12, 5
2026-05-03 01:20:46.990520: E external/local_xla/xla/stream_executor/gpu/gpu_cudamallocasync_allocator.cc:66] 16, 4
2026-05-03 01:20:46.990532: E external/local_xla/xla/stream_executor/gpu/gpu_cudamallocasync_allocator.cc:66] 20, 1
2026-05-03 01:20:46.990544: E external/local_xla/xla/stream_executor/gpu/gpu_cudamallocasync_allocator.cc:66] 24, 8
2026-05-03 01:20:46.990556: E external/local_xla/xla/stream_executor/gpu/gpu_cudamallocasync_allocator.cc:66] 28, 14
2026-05-03 01:20:46.990567: E external/local_xla/xla/stream_executor/gpu/gpu_cudamallocasync_allocator.cc:66] 64, 1
2026-05-03 01:20:46.990579: E external/local_xla/xla/stream_executor/gpu/gpu_cudamallocasync_allocator.cc:66] 96, 2
2026-05-03 01:20:46.990591: E external/local_xla/xla/stream_executor/gpu/gpu_cudamallocasync_allocator.cc:66] 112, 15
2026-05-03 01:20:46.990603: E external/local_xla/xla/stream_executor/gpu/gpu_cudamallocasync_allocator.cc:66] 128, 17
2026-05-03 01:20:46.990614: E external/local_xla/xla/stream_executor/gpu/gpu_cudamallocasync_allocator.cc:66] 192, 2
2026-05-03 01:20:46.990626: E external/local_xla/xla/stream_executor/gpu/gpu_cudamallocasync_allocator.cc:66] 224, 2
2026-05-03 01:20:46.990638: E external/local_xla/xla/stream_executor/gpu/gpu_cudamallocasync_allocator.cc:66] 256, 9
2026-05-03 01:20:46.990649: E external/local_xla/xla/stream_executor/gpu/gpu_cudamallocasync_allocator.cc:66] 336, 2
2026-05-03 01:20:46.990661: E external/local_xla/xla/stream_executor/gpu/gpu_cudamallocasync_allocator.cc:66] 384, 164
2026-05-03 01:20:46.990673: E external/local_xla/xla/stream_executor/gpu/gpu_cudamallocasync_allocator.cc:66] 448, 2
2026-05-03 01:20:46.990684: E external/local_xla/xla/stream_executor/gpu/gpu_cudamallocasync_allocator.cc:66] 512, 4
2026-05-03 01:20:46.990696: E external/local_xla/xla/stream_executor/gpu/gpu_cudamallocasync_allocator.cc:66] 768, 17
2026-05-03 01:20:46.990708: E external/local_xla/xla/stream_executor/gpu/gpu_cudamallocasync_allocator.cc:66] 1028, 1
2026-05-03 01:20:46.990720: E external/local_xla/xla/stream_executor/gpu/gpu_cudamallocasync_allocator.cc:66] 1536, 12
2026-05-03 01:20:46.990732: E external/local_xla/xla/stream_executor/gpu/gpu_cudamallocasync_allocator.cc:66] 1568, 1
2026-05-03 01:20:46.990743: E external/local_xla/xla/stream_executor/gpu/gpu_cudamallocasync_allocator.cc:66] 1920, 5
2026-05-03 01:20:46.990755: E external/local_xla/xla/stream_executor/gpu/gpu_cudamallocasync_allocator.cc:66] 2048, 1
2026-05-03 01:20:46.990767: E external/local_xla/xla/stream_executor/gpu/gpu_cudamallocasync_allocator.cc:66] 3072, 2
2026-05-03 01:20:46.990778: E external/local_xla/xla/stream_executor/gpu/gpu_cudamallocasync_allocator.cc:66] 3456, 8
2026-05-03 01:20:46.990790: E external/local_xla/xla/stream_executor/gpu/gpu_cudamallocasync_allocator.cc:66] 6144, 4
2026-05-03 01:20:46.990802: E external/local_xla/xla/stream_executor/gpu/gpu_cudamallocasync_allocator.cc:66] 9216, 6
2026-05-03 01:20:46.990813: E external/local_xla/xla/stream_executor/gpu/gpu_cudamallocasync_allocator.cc:66] 10752, 8
2026-05-03 01:20:46.990825: E external/local_xla/xla/stream_executor/gpu/gpu_cudamallocasync_allocator.cc:66] 12288, 2
2026-05-03 01:20:46.990837: E external/local_xla/xla/stream_executor/gpu/gpu_cudamallocasync_allocator.cc:66] 16800, 5
2026-05-03 01:20:46.990848: E external/local_xla/xla/stream_executor/gpu/gpu_cudamallocasync_allocator.cc:66] 21504, 8
2026-05-03 01:20:46.990860: E external/local_xla/xla/stream_executor/gpu/gpu_cudamallocasync_allocator.cc:66] 24576, 5
2026-05-03 01:20:46.990879: E external/local_xla/xla/stream_executor/gpu/gpu_cudamallocasync_allocator.cc:66] 36864, 83
2026-05-03 01:20:46.990891: E external/local_xla/xla/stream_executor/gpu/gpu_cudamallocasync_allocator.cc:66] 39328, 5
2026-05-03 01:20:46.990903: E external/local_xla/xla/stream_executor/gpu/gpu_cudamallocasync_allocator.cc:66] 43008, 3
2026-05-03 01:20:46.990915: E external/local_xla/xla/stream_executor/gpu/gpu_cudamallocasync_allocator.cc:66] 49152, 4
2026-05-03 01:20:46.990927: E external/local_xla/xla/stream_executor/gpu/gpu_cudamallocasync_allocator.cc:66] 53760, 2
2026-05-03 01:20:46.990938: E external/local_xla/xla/stream_executor/gpu/gpu_cudamallocasync_allocator.cc:66] 62592, 4
2026-05-03 01:20:46.990950: E external/local_xla/xla/stream_executor/gpu/gpu_cudamallocasync_allocator.cc:66] 64512, 2
2026-05-03 01:20:46.990962: E external/local_xla/xla/stream_executor/gpu/gpu_cudamallocasync_allocator.cc:66] 69632, 1
2026-05-03 01:20:46.990974: E external/local_xla/xla/stream_executor/gpu/gpu_cudamallocasync_allocator.cc:66] 73728, 25
2026-05-03 01:20:46.990985: E external/local_xla/xla/stream_executor/gpu/gpu_cudamallocasync_allocator.cc:66] 86016, 3
2026-05-03 01:20:46.990997: E external/local_xla/xla/stream_executor/gpu/gpu_cudamallocasync_allocator.cc:66] 107520, 1
2026-05-03 01:20:46.991009: E external/local_xla/xla/stream_executor/gpu/gpu_cudamallocasync_allocator.cc:66] 170432, 10
2026-05-03 01:20:46.991020: E external/local_xla/xla/stream_executor/gpu/gpu_cudamallocasync_allocator.cc:66] 294912, 1
2026-05-03 01:20:46.991032: E external/local_xla/xla/stream_executor/gpu/gpu_cudamallocasync_allocator.cc:66] 301056, 1
2026-05-03 01:20:46.991044: E external/local_xla/xla/stream_executor/gpu/gpu_cudamallocasync_allocator.cc:66] 340864, 15
2026-05-03 01:20:46.991056: E external/local_xla/xla/stream_executor/gpu/gpu_cudamallocasync_allocator.cc:66] 344064, 1
2026-05-03 01:20:46.991067: E external/local_xla/xla/stream_executor/gpu/gpu_cudamallocasync_allocator.cc:66] 352256, 5
2026-05-03 01:20:46.991079: E external/local_xla/xla/stream_executor/gpu/gpu_cudamallocasync_allocator.cc:66] 458752, 1
2026-05-03 01:20:46.991091: E external/local_xla/xla/stream_executor/gpu/gpu_cudamallocasync_allocator.cc:66] 528384, 1
2026-05-03 01:20:46.991102: E external/local_xla/xla/stream_executor/gpu/gpu_cudamallocasync_allocator.cc:66] 786432, 2
2026-05-03 01:20:46.991114: E external/local_xla/xla/stream_executor/gpu/gpu_cudamallocasync_allocator.cc:66] 1204224, 2
2026-05-03 01:20:46.991126: E external/local_xla/xla/stream_executor/gpu/gpu_cudamallocasync_allocator.cc:66] 1376256, 1
2026-05-03 01:20:46.991138: E external/local_xla/xla/stream_executor/gpu/gpu_cudamallocasync_allocator.cc:66] 2752512, 2
2026-05-03 01:20:46.991149: E external/local_xla/xla/stream_executor/gpu/gpu_cudamallocasync_allocator.cc:66] 3440640, 1
2026-05-03 01:20:46.991161: E external/local_xla/xla/stream_executor/gpu/gpu_cudamallocasync_allocator.cc:66] 4128768, 2
2026-05-03 01:20:46.991173: E external/local_xla/xla/stream_executor/gpu/gpu_cudamallocasync_allocator.cc:66] 5505024, 19
2026-05-03 01:20:46.991184: E external/local_xla/xla/stream_executor/gpu/gpu_cudamallocasync_allocator.cc:66] 9633792, 200
2026-05-03 01:20:46.991196: E external/local_xla/xla/stream_executor/gpu/gpu_cudamallocasync_allocator.cc:66] 16515072, 2
2026-05-03 01:20:46.991208: E external/local_xla/xla/stream_executor/gpu/gpu_cudamallocasync_allocator.cc:66] 117440512, 3
2026-05-03 01:20:46.991220: E external/local_xla/xla/stream_executor/gpu/gpu_cudamallocasync_allocator.cc:66] 132120576, 200
2026-05-03 01:20:46.991240: E external/local_xla/xla/stream_executor/gpu/gpu_cudamallocasync_allocator.cc:66] 352321536, 1
2026-05-03 01:20:46.991253: E external/local_xla/xla/stream_executor/gpu/gpu_cudamallocasync_allocator.cc:66] 1056964608, 3
2026-05-03 01:20:46.991267: E external/local_xla/xla/stream_executor/gpu/gpu_cudamallocasync_allocator.cc:97] CU_MEMPOOL_ATTR_RESERVED_MEM_CURRENT: 41372614656
2026-05-03 01:20:46.991297: E external/local_xla/xla/stream_executor/gpu/gpu_cudamallocasync_allocator.cc:99] CU_MEMPOOL_ATTR_USED_MEM_CURRENT: 32404175622
2026-05-03 01:20:46.991320: E external/local_xla/xla/stream_executor/gpu/gpu_cudamallocasync_allocator.cc:100] CU_MEMPOOL_ATTR_RESERVED_MEM_HIGH: 41875931136
2026-05-03 01:20:46.991342: E external/local_xla/xla/stream_executor/gpu/gpu_cudamallocasync_allocator.cc:101] CU_MEMPOOL_ATTR_USED_MEM_HIGH: 33455635206
2026-05-03 01:20:46.991372: W tensorflow/core/framework/op_kernel.cc:1839] OP_REQUIRES failed at transpose_op.cc:184 : RESOURCE_EXHAUSTED: OOM when allocating tensor with shape[16,1,16,1,1,14,192,192] and type complex64 on /job:localhost/replica:0/task:0/device:GPU:0 by allocator gpu_async_0
Traceback (most recent call last):
  File "/lustre07/scratch/rsadve1/Universal_Receiver_NEW-main_Narval/scripts/run_comprehensive_mu32_ablation.py", line 289, in <module>
    main()
  File "/lustre07/scratch/rsadve1/Universal_Receiver_NEW-main_Narval/scripts/run_comprehensive_mu32_ablation.py", line 251, in main
    result = evaluate_model(cfg_eval, checkpoint_path=str(checkpoint_path), num_users=num_users)
             ^^^^^^^^^^^^^^^^^^^^^^^^^^^^^^^^^^^^^^^^^^^^^^^^^^^^^^^^^^^^^^^^^^^^^^^^^^^^^^^^^^^
  File "/lustre07/scratch/rsadve1/Universal_Receiver_NEW-main_Narval/src/upair5g/evaluation.py", line 297, in evaluate_model
    h_hat_base, _ = _call_channel_estimator(estimator_block, batch["y"], batch["no"])
                    ^^^^^^^^^^^^^^^^^^^^^^^^^^^^^^^^^^^^^^^^^^^^^^^^^^^^^^^^^^^^^^^^^
  File "/lustre07/scratch/rsadve1/Universal_Receiver_NEW-main_Narval/src/upair5g/evaluation.py", line 36, in _call_channel_estimator
    out = safe_call_variants(estimator, y, no)
          ^^^^^^^^^^^^^^^^^^^^^^^^^^^^^^^^^^^^
  File "/lustre07/scratch/rsadve1/Universal_Receiver_NEW-main_Narval/src/upair5g/compat.py", line 49, in safe_call_variants
    return attempt()
           ^^^^^^^^^
  File "/lustre07/scratch/rsadve1/Universal_Receiver_NEW-main_Narval/src/upair5g/compat.py", line 40, in <lambda>
    attempts.append(lambda: fn(*args))
                            ^^^^^^^^^
  File "/home/rsadve1/scratch/.venvUPAIR/lib/python3.11/site-packages/sionna/phy/block.py", line 155, in __call__
    return self.call(*args, **kwargs)
           ^^^^^^^^^^^^^^^^^^^^^^^^^^
  File "/home/rsadve1/scratch/.venvUPAIR/lib/python3.11/site-packages/sionna/phy/ofdm/channel_estimation.py", line 170, in call
    h_hat, err_var = self._interpol(h_hat, err_var)
                     ^^^^^^^^^^^^^^^^^^^^^^^^^^^^^^
  File "/home/rsadve1/scratch/.venvUPAIR/lib/python3.11/site-packages/sionna/phy/ofdm/channel_estimation.py", line 1820, in __call__
    h_hat, err_var = interp(h_hat, err_var)
                     ^^^^^^^^^^^^^^^^^^^^^^
  File "/home/rsadve1/scratch/.venvUPAIR/lib/python3.11/site-packages/sionna/phy/ofdm/channel_estimation.py", line 1132, in __call__
    h_hat_var_2 = tf.transpose(h_hat_var_2, [0, 1, 2, 3, 4, 5, 7, 6])
                  ^^^^^^^^^^^^^^^^^^^^^^^^^^^^^^^^^^^^^^^^^^^^^^^^^^^
  File "/home/rsadve1/scratch/.venvUPAIR/lib/python3.11/site-packages/tensorflow/python/ops/weak_tensor_ops.py", line 88, in wrapper
    return op(*args, **kwargs)
           ^^^^^^^^^^^^^^^^^^^
  File "/home/rsadve1/scratch/.venvUPAIR/lib/python3.11/site-packages/tensorflow/python/util/traceback_utils.py", line 153, in error_handler
    raise e.with_traceback(filtered_tb) from None
  File "/home/rsadve1/scratch/.venvUPAIR/lib/python3.11/site-packages/tensorflow/python/eager/execute.py", line 53, in quick_execute
    tensors = pywrap_tfe.TFE_Py_Execute(ctx._handle, device_name, op_name,
  ^^^^^^^^^^^^^^^^^^^^^^^^^^^^^^^^^^^^^^^^^^^^^^^^^^^^^^^^^^^^^^^^^^^^^^^^
tensorflow.python.framework.errors_impl.ResourceExhaustedError: {{function_node __wrapped__Transpose_device_/job:localhost/replica:0/task:0/device:GPU:0}} OOM when allocating tensor with shape[16,1,16,1,1,14,192,192] and type complex64 on /job:localhost/replica:0/task:0/device:GPU:0 by allocator gpu_async_0 [Op:Transpose]
