2026-05-03 00:29:02.221762: E external/local_xla/xla/stream_executor/cuda/cuda_dnn.cc:9261] Unable to register cuDNN factory: Attempting to register factory for plugin cuDNN when one has already been registered
2026-05-03 00:29:02.222923: E external/local_xla/xla/stream_executor/cuda/cuda_fft.cc:607] Unable to register cuFFT factory: Attempting to register factory for plugin cuFFT when one has already been registered
2026-05-03 00:29:02.285629: E external/local_xla/xla/stream_executor/cuda/cuda_blas.cc:1515] Unable to register cuBLAS factory: Attempting to register factory for plugin cuBLAS when one has already been registered
2026-05-03 00:30:00.764887: W tensorflow/core/common_runtime/gpu/gpu_bfc_allocator.cc:47] Overriding orig_value setting because the TF_FORCE_GPU_ALLOW_GROWTH environment variable is set. Original config value was 0.
2026-05-03 00:30:21.890491: E tensorflow/core/grappler/optimizers/meta_optimizer.cc:961] layout failed: INVALID_ARGUMENT: Size of values 0 does not match size of permutation 4 @ fanin shape inaxial_block_0/dropout/dropout_2/SelectV2-2-TransposeNHWCToNCHW-LayoutOptimizer
WARNING:tensorflow:Model's `__init__()` arguments contain non-serializable objects. Please implement a `get_config()` method in the subclassed Model for proper saving and loading. Defaulting to empty config.
WARNING:tensorflow:Model's `__init__()` arguments contain non-serializable objects. Please implement a `get_config()` method in the subclassed Model for proper saving and loading. Defaulting to empty config.
WARNING:tensorflow:Model's `__init__()` arguments contain non-serializable objects. Please implement a `get_config()` method in the subclassed Model for proper saving and loading. Defaulting to empty config.
WARNING:tensorflow:Model's `__init__()` arguments contain non-serializable objects. Please implement a `get_config()` method in the subclassed Model for proper saving and loading. Defaulting to empty config.
WARNING:tensorflow:Model's `__init__()` arguments contain non-serializable objects. Please implement a `get_config()` method in the subclassed Model for proper saving and loading. Defaulting to empty config.
WARNING:tensorflow:Model's `__init__()` arguments contain non-serializable objects. Please implement a `get_config()` method in the subclassed Model for proper saving and loading. Defaulting to empty config.
WARNING:tensorflow:Model's `__init__()` arguments contain non-serializable objects. Please implement a `get_config()` method in the subclassed Model for proper saving and loading. Defaulting to empty config.
WARNING:tensorflow:Model's `__init__()` arguments contain non-serializable objects. Please implement a `get_config()` method in the subclassed Model for proper saving and loading. Defaulting to empty config.
WARNING:tensorflow:Model's `__init__()` arguments contain non-serializable objects. Please implement a `get_config()` method in the subclassed Model for proper saving and loading. Defaulting to empty config.
WARNING:tensorflow:Model's `__init__()` arguments contain non-serializable objects. Please implement a `get_config()` method in the subclassed Model for proper saving and loading. Defaulting to empty config.
WARNING:tensorflow:Model's `__init__()` arguments contain non-serializable objects. Please implement a `get_config()` method in the subclassed Model for proper saving and loading. Defaulting to empty config.
WARNING:tensorflow:Model's `__init__()` arguments contain non-serializable objects. Please implement a `get_config()` method in the subclassed Model for proper saving and loading. Defaulting to empty config.
WARNING:tensorflow:Model's `__init__()` arguments contain non-serializable objects. Please implement a `get_config()` method in the subclassed Model for proper saving and loading. Defaulting to empty config.
WARNING:tensorflow:Model's `__init__()` arguments contain non-serializable objects. Please implement a `get_config()` method in the subclassed Model for proper saving and loading. Defaulting to empty config.
WARNING:tensorflow:Model's `__init__()` arguments contain non-serializable objects. Please implement a `get_config()` method in the subclassed Model for proper saving and loading. Defaulting to empty config.
WARNING:tensorflow:Model's `__init__()` arguments contain non-serializable objects. Please implement a `get_config()` method in the subclassed Model for proper saving and loading. Defaulting to empty config.
WARNING:tensorflow:Model's `__init__()` arguments contain non-serializable objects. Please implement a `get_config()` method in the subclassed Model for proper saving and loading. Defaulting to empty config.
WARNING:tensorflow:Model's `__init__()` arguments contain non-serializable objects. Please implement a `get_config()` method in the subclassed Model for proper saving and loading. Defaulting to empty config.
WARNING:tensorflow:Model's `__init__()` arguments contain non-serializable objects. Please implement a `get_config()` method in the subclassed Model for proper saving and loading. Defaulting to empty config.
WARNING:tensorflow:Model's `__init__()` arguments contain non-serializable objects. Please implement a `get_config()` method in the subclassed Model for proper saving and loading. Defaulting to empty config.
WARNING:tensorflow:Model's `__init__()` arguments contain non-serializable objects. Please implement a `get_config()` method in the subclassed Model for proper saving and loading. Defaulting to empty config.
WARNING:tensorflow:Model's `__init__()` arguments contain non-serializable objects. Please implement a `get_config()` method in the subclassed Model for proper saving and loading. Defaulting to empty config.
WARNING:tensorflow:Model's `__init__()` arguments contain non-serializable objects. Please implement a `get_config()` method in the subclassed Model for proper saving and loading. Defaulting to empty config.
WARNING:tensorflow:Model's `__init__()` arguments contain non-serializable objects. Please implement a `get_config()` method in the subclassed Model for proper saving and loading. Defaulting to empty config.
WARNING:tensorflow:Model's `__init__()` arguments contain non-serializable objects. Please implement a `get_config()` method in the subclassed Model for proper saving and loading. Defaulting to empty config.
WARNING:tensorflow:Model's `__init__()` arguments contain non-serializable objects. Please implement a `get_config()` method in the subclassed Model for proper saving and loading. Defaulting to empty config.
WARNING:tensorflow:Model's `__init__()` arguments contain non-serializable objects. Please implement a `get_config()` method in the subclassed Model for proper saving and loading. Defaulting to empty config.
WARNING:tensorflow:Model's `__init__()` arguments contain non-serializable objects. Please implement a `get_config()` method in the subclassed Model for proper saving and loading. Defaulting to empty config.
WARNING:tensorflow:Model's `__init__()` arguments contain non-serializable objects. Please implement a `get_config()` method in the subclassed Model for proper saving and loading. Defaulting to empty config.
WARNING:tensorflow:Model's `__init__()` arguments contain non-serializable objects. Please implement a `get_config()` method in the subclassed Model for proper saving and loading. Defaulting to empty config.
WARNING:tensorflow:Model's `__init__()` arguments contain non-serializable objects. Please implement a `get_config()` method in the subclassed Model for proper saving and loading. Defaulting to empty config.
WARNING:tensorflow:Model's `__init__()` arguments contain non-serializable objects. Please implement a `get_config()` method in the subclassed Model for proper saving and loading. Defaulting to empty config.
2026-05-03 01:30:22.740954: W tensorflow/core/framework/op_kernel.cc:1839] OP_REQUIRES failed at transpose_op.cc:142 : INVALID_ARGUMENT: transpose expects a vector of size 0. But input(1) is a vector of size 7
2026-05-03 01:30:26.657525: W tensorflow/core/framework/op_kernel.cc:1839] OP_REQUIRES failed at transpose_op.cc:142 : INVALID_ARGUMENT: transpose expects a vector of size 0. But input(1) is a vector of size 7
2026-05-03 01:30:30.571634: W tensorflow/core/framework/op_kernel.cc:1839] OP_REQUIRES failed at transpose_op.cc:142 : INVALID_ARGUMENT: transpose expects a vector of size 0. But input(1) is a vector of size 7
2026-05-03 01:30:34.491526: W tensorflow/core/framework/op_kernel.cc:1839] OP_REQUIRES failed at transpose_op.cc:142 : INVALID_ARGUMENT: transpose expects a vector of size 0. But input(1) is a vector of size 7
2026-05-03 01:30:38.412648: W tensorflow/core/framework/op_kernel.cc:1839] OP_REQUIRES failed at transpose_op.cc:142 : INVALID_ARGUMENT: transpose expects a vector of size 0. But input(1) is a vector of size 7
2026-05-03 01:30:42.316361: W tensorflow/core/framework/op_kernel.cc:1839] OP_REQUIRES failed at transpose_op.cc:142 : INVALID_ARGUMENT: transpose expects a vector of size 0. But input(1) is a vector of size 7
2026-05-03 01:30:46.244131: W tensorflow/core/framework/op_kernel.cc:1839] OP_REQUIRES failed at transpose_op.cc:142 : INVALID_ARGUMENT: transpose expects a vector of size 0. But input(1) is a vector of size 7
2026-05-03 01:30:50.140326: W tensorflow/core/framework/op_kernel.cc:1839] OP_REQUIRES failed at transpose_op.cc:142 : INVALID_ARGUMENT: transpose expects a vector of size 0. But input(1) is a vector of size 7
2026-05-03 01:30:54.069542: W tensorflow/core/framework/op_kernel.cc:1839] OP_REQUIRES failed at transpose_op.cc:142 : INVALID_ARGUMENT: transpose expects a vector of size 0. But input(1) is a vector of size 7
2026-05-03 01:30:57.976932: W tensorflow/core/framework/op_kernel.cc:1839] OP_REQUIRES failed at transpose_op.cc:142 : INVALID_ARGUMENT: transpose expects a vector of size 0. But input(1) is a vector of size 7
2026-05-03 01:31:01.900534: W tensorflow/core/framework/op_kernel.cc:1839] OP_REQUIRES failed at transpose_op.cc:142 : INVALID_ARGUMENT: transpose expects a vector of size 0. But input(1) is a vector of size 7
2026-05-03 01:31:05.819889: W tensorflow/core/framework/op_kernel.cc:1839] OP_REQUIRES failed at transpose_op.cc:142 : INVALID_ARGUMENT: transpose expects a vector of size 0. But input(1) is a vector of size 7
2026-05-03 01:31:09.743290: W tensorflow/core/framework/op_kernel.cc:1839] OP_REQUIRES failed at transpose_op.cc:142 : INVALID_ARGUMENT: transpose expects a vector of size 0. But input(1) is a vector of size 7
2026-05-03 01:31:13.726111: W tensorflow/core/framework/op_kernel.cc:1839] OP_REQUIRES failed at transpose_op.cc:142 : INVALID_ARGUMENT: transpose expects a vector of size 0. But input(1) is a vector of size 7
2026-05-03 01:31:17.637729: W tensorflow/core/framework/op_kernel.cc:1839] OP_REQUIRES failed at transpose_op.cc:142 : INVALID_ARGUMENT: transpose expects a vector of size 0. But input(1) is a vector of size 7
2026-05-03 01:31:21.544381: W tensorflow/core/framework/op_kernel.cc:1839] OP_REQUIRES failed at transpose_op.cc:142 : INVALID_ARGUMENT: transpose expects a vector of size 0. But input(1) is a vector of size 7
2026-05-03 01:31:25.458747: W tensorflow/core/framework/op_kernel.cc:1839] OP_REQUIRES failed at transpose_op.cc:142 : INVALID_ARGUMENT: transpose expects a vector of size 0. But input(1) is a vector of size 7
2026-05-03 01:31:29.378589: W tensorflow/core/framework/op_kernel.cc:1839] OP_REQUIRES failed at transpose_op.cc:142 : INVALID_ARGUMENT: transpose expects a vector of size 0. But input(1) is a vector of size 7
2026-05-03 01:31:33.302232: W tensorflow/core/framework/op_kernel.cc:1839] OP_REQUIRES failed at transpose_op.cc:142 : INVALID_ARGUMENT: transpose expects a vector of size 0. But input(1) is a vector of size 7
2026-05-03 01:31:37.218287: W tensorflow/core/framework/op_kernel.cc:1839] OP_REQUIRES failed at transpose_op.cc:142 : INVALID_ARGUMENT: transpose expects a vector of size 0. But input(1) is a vector of size 7
2026-05-03 01:31:41.153117: W tensorflow/core/framework/op_kernel.cc:1839] OP_REQUIRES failed at transpose_op.cc:142 : INVALID_ARGUMENT: transpose expects a vector of size 0. But input(1) is a vector of size 7
2026-05-03 01:31:45.066327: W tensorflow/core/framework/op_kernel.cc:1839] OP_REQUIRES failed at transpose_op.cc:142 : INVALID_ARGUMENT: transpose expects a vector of size 0. But input(1) is a vector of size 7
2026-05-03 01:31:48.980437: W tensorflow/core/framework/op_kernel.cc:1839] OP_REQUIRES failed at transpose_op.cc:142 : INVALID_ARGUMENT: transpose expects a vector of size 0. But input(1) is a vector of size 7
2026-05-03 01:31:52.897836: W tensorflow/core/framework/op_kernel.cc:1839] OP_REQUIRES failed at transpose_op.cc:142 : INVALID_ARGUMENT: transpose expects a vector of size 0. But input(1) is a vector of size 7
2026-05-03 01:31:56.811292: W tensorflow/core/framework/op_kernel.cc:1839] OP_REQUIRES failed at transpose_op.cc:142 : INVALID_ARGUMENT: transpose expects a vector of size 0. But input(1) is a vector of size 7
2026-05-03 01:32:00.719186: W tensorflow/core/framework/op_kernel.cc:1839] OP_REQUIRES failed at transpose_op.cc:142 : INVALID_ARGUMENT: transpose expects a vector of size 0. But input(1) is a vector of size 7
2026-05-03 01:32:04.652701: W tensorflow/core/framework/op_kernel.cc:1839] OP_REQUIRES failed at transpose_op.cc:142 : INVALID_ARGUMENT: transpose expects a vector of size 0. But input(1) is a vector of size 7
2026-05-03 01:32:05.680401: E external/local_xla/xla/stream_executor/gpu/gpu_cudamallocasync_allocator.cc:306] gpu_async_0 cuMemAllocAsync failed to allocate 1056964608 bytes: CUDA error: out of memory (CUDA_ERROR_OUT_OF_MEMORY)
 Reported by CUDA: Free memory/Total memory: 719650816/42406903808
2026-05-03 01:32:05.680543: E external/local_xla/xla/stream_executor/gpu/gpu_cudamallocasync_allocator.cc:311] Stats: Limit:                     40353726464
InUse:                     35815649002
MaxInUse:                  36867108586
NumAllocs:                    22120753
MaxAllocSize:               1068003328
Reserved:                            0
PeakReserved:                        0
LargestFreeBlock:                    0

2026-05-03 01:32:05.680631: E external/local_xla/xla/stream_executor/gpu/gpu_cudamallocasync_allocator.cc:63] Histogram of current allocation: (allocation_size_in_bytes, nb_allocation_of_that_sizes), ...;
2026-05-03 01:32:05.680655: E external/local_xla/xla/stream_executor/gpu/gpu_cudamallocasync_allocator.cc:66] 1, 6
2026-05-03 01:32:05.680667: E external/local_xla/xla/stream_executor/gpu/gpu_cudamallocasync_allocator.cc:66] 4, 128
2026-05-03 01:32:05.680679: E external/local_xla/xla/stream_executor/gpu/gpu_cudamallocasync_allocator.cc:66] 8, 215
2026-05-03 01:32:05.680691: E external/local_xla/xla/stream_executor/gpu/gpu_cudamallocasync_allocator.cc:66] 12, 5
2026-05-03 01:32:05.680702: E external/local_xla/xla/stream_executor/gpu/gpu_cudamallocasync_allocator.cc:66] 16, 4
2026-05-03 01:32:05.680714: E external/local_xla/xla/stream_executor/gpu/gpu_cudamallocasync_allocator.cc:66] 20, 1
2026-05-03 01:32:05.680725: E external/local_xla/xla/stream_executor/gpu/gpu_cudamallocasync_allocator.cc:66] 24, 8
2026-05-03 01:32:05.680737: E external/local_xla/xla/stream_executor/gpu/gpu_cudamallocasync_allocator.cc:66] 28, 14
2026-05-03 01:32:05.680748: E external/local_xla/xla/stream_executor/gpu/gpu_cudamallocasync_allocator.cc:66] 64, 1
2026-05-03 01:32:05.680760: E external/local_xla/xla/stream_executor/gpu/gpu_cudamallocasync_allocator.cc:66] 96, 2
2026-05-03 01:32:05.680771: E external/local_xla/xla/stream_executor/gpu/gpu_cudamallocasync_allocator.cc:66] 112, 15
2026-05-03 01:32:05.680783: E external/local_xla/xla/stream_executor/gpu/gpu_cudamallocasync_allocator.cc:66] 128, 17
2026-05-03 01:32:05.680794: E external/local_xla/xla/stream_executor/gpu/gpu_cudamallocasync_allocator.cc:66] 192, 2
2026-05-03 01:32:05.680806: E external/local_xla/xla/stream_executor/gpu/gpu_cudamallocasync_allocator.cc:66] 224, 2
2026-05-03 01:32:05.680817: E external/local_xla/xla/stream_executor/gpu/gpu_cudamallocasync_allocator.cc:66] 256, 9
2026-05-03 01:32:05.680829: E external/local_xla/xla/stream_executor/gpu/gpu_cudamallocasync_allocator.cc:66] 336, 2
2026-05-03 01:32:05.680840: E external/local_xla/xla/stream_executor/gpu/gpu_cudamallocasync_allocator.cc:66] 384, 316
2026-05-03 01:32:05.680852: E external/local_xla/xla/stream_executor/gpu/gpu_cudamallocasync_allocator.cc:66] 448, 2
2026-05-03 01:32:05.680888: E external/local_xla/xla/stream_executor/gpu/gpu_cudamallocasync_allocator.cc:66] 512, 4
2026-05-03 01:32:05.680901: E external/local_xla/xla/stream_executor/gpu/gpu_cudamallocasync_allocator.cc:66] 768, 22
2026-05-03 01:32:05.680912: E external/local_xla/xla/stream_executor/gpu/gpu_cudamallocasync_allocator.cc:66] 1028, 1
2026-05-03 01:32:05.680924: E external/local_xla/xla/stream_executor/gpu/gpu_cudamallocasync_allocator.cc:66] 1536, 26
2026-05-03 01:32:05.680935: E external/local_xla/xla/stream_executor/gpu/gpu_cudamallocasync_allocator.cc:66] 1568, 1
2026-05-03 01:32:05.680947: E external/local_xla/xla/stream_executor/gpu/gpu_cudamallocasync_allocator.cc:66] 1920, 5
2026-05-03 01:32:05.680958: E external/local_xla/xla/stream_executor/gpu/gpu_cudamallocasync_allocator.cc:66] 2048, 1
2026-05-03 01:32:05.680970: E external/local_xla/xla/stream_executor/gpu/gpu_cudamallocasync_allocator.cc:66] 3072, 3
2026-05-03 01:32:05.680981: E external/local_xla/xla/stream_executor/gpu/gpu_cudamallocasync_allocator.cc:66] 3456, 16
2026-05-03 01:32:05.680993: E external/local_xla/xla/stream_executor/gpu/gpu_cudamallocasync_allocator.cc:66] 4608, 1
2026-05-03 01:32:05.681004: E external/local_xla/xla/stream_executor/gpu/gpu_cudamallocasync_allocator.cc:66] 6144, 2
2026-05-03 01:32:05.681016: E external/local_xla/xla/stream_executor/gpu/gpu_cudamallocasync_allocator.cc:66] 9984, 5
2026-05-03 01:32:05.681028: E external/local_xla/xla/stream_executor/gpu/gpu_cudamallocasync_allocator.cc:66] 10752, 8
2026-05-03 01:32:05.681039: E external/local_xla/xla/stream_executor/gpu/gpu_cudamallocasync_allocator.cc:66] 18080, 5
2026-05-03 01:32:05.681051: E external/local_xla/xla/stream_executor/gpu/gpu_cudamallocasync_allocator.cc:66] 21504, 9
2026-05-03 01:32:05.681063: E external/local_xla/xla/stream_executor/gpu/gpu_cudamallocasync_allocator.cc:66] 24576, 4
2026-05-03 01:32:05.681074: E external/local_xla/xla/stream_executor/gpu/gpu_cudamallocasync_allocator.cc:66] 27648, 1
2026-05-03 01:32:05.681086: E external/local_xla/xla/stream_executor/gpu/gpu_cudamallocasync_allocator.cc:66] 36864, 152
2026-05-03 01:32:05.681097: E external/local_xla/xla/stream_executor/gpu/gpu_cudamallocasync_allocator.cc:66] 39936, 3
2026-05-03 01:32:05.681109: E external/local_xla/xla/stream_executor/gpu/gpu_cudamallocasync_allocator.cc:66] 43008, 2
2026-05-03 01:32:05.681120: E external/local_xla/xla/stream_executor/gpu/gpu_cudamallocasync_allocator.cc:66] 43424, 5
2026-05-03 01:32:05.681132: E external/local_xla/xla/stream_executor/gpu/gpu_cudamallocasync_allocator.cc:66] 49152, 4
2026-05-03 01:32:05.681143: E external/local_xla/xla/stream_executor/gpu/gpu_cudamallocasync_allocator.cc:66] 53760, 3
2026-05-03 01:32:05.681155: E external/local_xla/xla/stream_executor/gpu/gpu_cudamallocasync_allocator.cc:66] 62592, 4
2026-05-03 01:32:05.681166: E external/local_xla/xla/stream_executor/gpu/gpu_cudamallocasync_allocator.cc:66] 64512, 2
2026-05-03 01:32:05.681178: E external/local_xla/xla/stream_executor/gpu/gpu_cudamallocasync_allocator.cc:66] 73728, 16
2026-05-03 01:32:05.681189: E external/local_xla/xla/stream_executor/gpu/gpu_cudamallocasync_allocator.cc:66] 78336, 1
2026-05-03 01:32:05.681201: E external/local_xla/xla/stream_executor/gpu/gpu_cudamallocasync_allocator.cc:66] 79872, 1
2026-05-03 01:32:05.681212: E external/local_xla/xla/stream_executor/gpu/gpu_cudamallocasync_allocator.cc:66] 86016, 2
2026-05-03 01:32:05.681224: E external/local_xla/xla/stream_executor/gpu/gpu_cudamallocasync_allocator.cc:66] 96768, 1
2026-05-03 01:32:05.681235: E external/local_xla/xla/stream_executor/gpu/gpu_cudamallocasync_allocator.cc:66] 147456, 32
2026-05-03 01:32:05.681247: E external/local_xla/xla/stream_executor/gpu/gpu_cudamallocasync_allocator.cc:66] 186464, 10
2026-05-03 01:32:05.681258: E external/local_xla/xla/stream_executor/gpu/gpu_cudamallocasync_allocator.cc:66] 294912, 1
2026-05-03 01:32:05.681270: E external/local_xla/xla/stream_executor/gpu/gpu_cudamallocasync_allocator.cc:66] 301056, 1
2026-05-03 01:32:05.681289: E external/local_xla/xla/stream_executor/gpu/gpu_cudamallocasync_allocator.cc:66] 372928, 15
2026-05-03 01:32:05.681301: E external/local_xla/xla/stream_executor/gpu/gpu_cudamallocasync_allocator.cc:66] 385024, 5
2026-05-03 01:32:05.681312: E external/local_xla/xla/stream_executor/gpu/gpu_cudamallocasync_allocator.cc:66] 387072, 1
2026-05-03 01:32:05.681324: E external/local_xla/xla/stream_executor/gpu/gpu_cudamallocasync_allocator.cc:66] 393216, 2
2026-05-03 01:32:05.681335: E external/local_xla/xla/stream_executor/gpu/gpu_cudamallocasync_allocator.cc:66] 458752, 1
2026-05-03 01:32:05.681347: E external/local_xla/xla/stream_executor/gpu/gpu_cudamallocasync_allocator.cc:66] 577536, 1
2026-05-03 01:32:05.681358: E external/local_xla/xla/stream_executor/gpu/gpu_cudamallocasync_allocator.cc:66] 1204224, 4
2026-05-03 01:32:05.681370: E external/local_xla/xla/stream_executor/gpu/gpu_cudamallocasync_allocator.cc:66] 1376256, 1
2026-05-03 01:32:05.681381: E external/local_xla/xla/stream_executor/gpu/gpu_cudamallocasync_allocator.cc:66] 2752512, 2
2026-05-03 01:32:05.681393: E external/local_xla/xla/stream_executor/gpu/gpu_cudamallocasync_allocator.cc:66] 3440640, 1
2026-05-03 01:32:05.681404: E external/local_xla/xla/stream_executor/gpu/gpu_cudamallocasync_allocator.cc:66] 4128768, 2
2026-05-03 01:32:05.681416: E external/local_xla/xla/stream_executor/gpu/gpu_cudamallocasync_allocator.cc:66] 5505024, 13
2026-05-03 01:32:05.681427: E external/local_xla/xla/stream_executor/gpu/gpu_cudamallocasync_allocator.cc:66] 9633792, 224
2026-05-03 01:32:05.681439: E external/local_xla/xla/stream_executor/gpu/gpu_cudamallocasync_allocator.cc:66] 16515072, 4
2026-05-03 01:32:05.681450: E external/local_xla/xla/stream_executor/gpu/gpu_cudamallocasync_allocator.cc:66] 117440512, 3
2026-05-03 01:32:05.681462: E external/local_xla/xla/stream_executor/gpu/gpu_cudamallocasync_allocator.cc:66] 132120576, 224
2026-05-03 01:32:05.681473: E external/local_xla/xla/stream_executor/gpu/gpu_cudamallocasync_allocator.cc:66] 352321536, 1
2026-05-03 01:32:05.681491: E external/local_xla/xla/stream_executor/gpu/gpu_cudamallocasync_allocator.cc:66] 1056964608, 3
2026-05-03 01:32:05.681505: E external/local_xla/xla/stream_executor/gpu/gpu_cudamallocasync_allocator.cc:97] CU_MEMPOOL_ATTR_RESERVED_MEM_CURRENT: 41171288064
2026-05-03 01:32:05.681528: E external/local_xla/xla/stream_executor/gpu/gpu_cudamallocasync_allocator.cc:99] CU_MEMPOOL_ATTR_USED_MEM_CURRENT: 35815649002
2026-05-03 01:32:05.681550: E external/local_xla/xla/stream_executor/gpu/gpu_cudamallocasync_allocator.cc:100] CU_MEMPOOL_ATTR_RESERVED_MEM_HIGH: 41875931136
2026-05-03 01:32:05.681572: E external/local_xla/xla/stream_executor/gpu/gpu_cudamallocasync_allocator.cc:101] CU_MEMPOOL_ATTR_USED_MEM_HIGH: 36867108586
2026-05-03 01:32:05.681601: W tensorflow/core/framework/op_kernel.cc:1839] OP_REQUIRES failed at transpose_op.cc:184 : RESOURCE_EXHAUSTED: OOM when allocating tensor with shape[16,1,16,1,1,14,192,192] and type complex64 on /job:localhost/replica:0/task:0/device:GPU:0 by allocator gpu_async_0
Traceback (most recent call last):
  File "/lustre07/scratch/rsadve1/Universal_Receiver_NEW-main_Narval/scripts/run_comprehensive_mu32_ablation.py", line 289, in <module>
    main()
  File "/lustre07/scratch/rsadve1/Universal_Receiver_NEW-main_Narval/scripts/run_comprehensive_mu32_ablation.py", line 251, in main
    result = evaluate_model(cfg_eval, checkpoint_path=str(checkpoint_path), num_users=num_users)
             ^^^^^^^^^^^^^^^^^^^^^^^^^^^^^^^^^^^^^^^^^^^^^^^^^^^^^^^^^^^^^^^^^^^^^^^^^^^^^^^^^^^
  File "/lustre07/scratch/rsadve1/Universal_Receiver_NEW-main_Narval/src/upair5g/evaluation.py", line 297, in evaluate_model
    h_hat_base, _ = _call_channel_estimator(estimator_block, batch["y"], batch["no"])
                    ^^^^^^^^^^^^^^^^^^^^^^^^^^^^^^^^^^^^^^^^^^^^^^^^^^^^^^^^^^^^^^^^^
  File "/lustre07/scratch/rsadve1/Universal_Receiver_NEW-main_Narval/src/upair5g/evaluation.py", line 36, in _call_channel_estimator
    out = safe_call_variants(estimator, y, no)
          ^^^^^^^^^^^^^^^^^^^^^^^^^^^^^^^^^^^^
  File "/lustre07/scratch/rsadve1/Universal_Receiver_NEW-main_Narval/src/upair5g/compat.py", line 49, in safe_call_variants
    return attempt()
           ^^^^^^^^^
  File "/lustre07/scratch/rsadve1/Universal_Receiver_NEW-main_Narval/src/upair5g/compat.py", line 40, in <lambda>
    attempts.append(lambda: fn(*args))
                            ^^^^^^^^^
  File "/home/rsadve1/scratch/.venvUPAIR/lib/python3.11/site-packages/sionna/phy/block.py", line 155, in __call__
    return self.call(*args, **kwargs)
           ^^^^^^^^^^^^^^^^^^^^^^^^^^
  File "/home/rsadve1/scratch/.venvUPAIR/lib/python3.11/site-packages/sionna/phy/ofdm/channel_estimation.py", line 170, in call
    h_hat, err_var = self._interpol(h_hat, err_var)
                     ^^^^^^^^^^^^^^^^^^^^^^^^^^^^^^
  File "/home/rsadve1/scratch/.venvUPAIR/lib/python3.11/site-packages/sionna/phy/ofdm/channel_estimation.py", line 1820, in __call__
    h_hat, err_var = interp(h_hat, err_var)
                     ^^^^^^^^^^^^^^^^^^^^^^
  File "/home/rsadve1/scratch/.venvUPAIR/lib/python3.11/site-packages/sionna/phy/ofdm/channel_estimation.py", line 1132, in __call__
    h_hat_var_2 = tf.transpose(h_hat_var_2, [0, 1, 2, 3, 4, 5, 7, 6])
                  ^^^^^^^^^^^^^^^^^^^^^^^^^^^^^^^^^^^^^^^^^^^^^^^^^^^
  File "/home/rsadve1/scratch/.venvUPAIR/lib/python3.11/site-packages/tensorflow/python/ops/weak_tensor_ops.py", line 88, in wrapper
    return op(*args, **kwargs)
           ^^^^^^^^^^^^^^^^^^^
  File "/home/rsadve1/scratch/.venvUPAIR/lib/python3.11/site-packages/tensorflow/python/util/traceback_utils.py", line 153, in error_handler
    raise e.with_traceback(filtered_tb) from None
  File "/home/rsadve1/scratch/.venvUPAIR/lib/python3.11/site-packages/tensorflow/python/eager/execute.py", line 53, in quick_execute
    tensors = pywrap_tfe.TFE_Py_Execute(ctx._handle, device_name, op_name,
  ^^^^^^^^^^^^^^^^^^^^^^^^^^^^^^^^^^^^^^^^^^^^^^^^^^^^^^^^^^^^^^^^^^^^^^^^
tensorflow.python.framework.errors_impl.ResourceExhaustedError: {{function_node __wrapped__Transpose_device_/job:localhost/replica:0/task:0/device:GPU:0}} OOM when allocating tensor with shape[16,1,16,1,1,14,192,192] and type complex64 on /job:localhost/replica:0/task:0/device:GPU:0 by allocator gpu_async_0 [Op:Transpose]
