2026-05-03 00:29:02.219836: E external/local_xla/xla/stream_executor/cuda/cuda_dnn.cc:9261] Unable to register cuDNN factory: Attempting to register factory for plugin cuDNN when one has already been registered
2026-05-03 00:29:02.220974: E external/local_xla/xla/stream_executor/cuda/cuda_fft.cc:607] Unable to register cuFFT factory: Attempting to register factory for plugin cuFFT when one has already been registered
2026-05-03 00:29:02.280513: E external/local_xla/xla/stream_executor/cuda/cuda_blas.cc:1515] Unable to register cuBLAS factory: Attempting to register factory for plugin cuBLAS when one has already been registered
2026-05-03 00:30:00.599386: W tensorflow/core/common_runtime/gpu/gpu_bfc_allocator.cc:47] Overriding orig_value setting because the TF_FORCE_GPU_ALLOW_GROWTH environment variable is set. Original config value was 0.
2026-05-03 00:30:21.755228: E tensorflow/core/grappler/optimizers/meta_optimizer.cc:961] layout failed: INVALID_ARGUMENT: Size of values 0 does not match size of permutation 4 @ fanin shape inaxial_block_0/dropout/dropout_2/SelectV2-2-TransposeNHWCToNCHW-LayoutOptimizer
WARNING:tensorflow:Model's `__init__()` arguments contain non-serializable objects. Please implement a `get_config()` method in the subclassed Model for proper saving and loading. Defaulting to empty config.
WARNING:tensorflow:Model's `__init__()` arguments contain non-serializable objects. Please implement a `get_config()` method in the subclassed Model for proper saving and loading. Defaulting to empty config.
WARNING:tensorflow:Model's `__init__()` arguments contain non-serializable objects. Please implement a `get_config()` method in the subclassed Model for proper saving and loading. Defaulting to empty config.
WARNING:tensorflow:Model's `__init__()` arguments contain non-serializable objects. Please implement a `get_config()` method in the subclassed Model for proper saving and loading. Defaulting to empty config.
WARNING:tensorflow:Model's `__init__()` arguments contain non-serializable objects. Please implement a `get_config()` method in the subclassed Model for proper saving and loading. Defaulting to empty config.
WARNING:tensorflow:Model's `__init__()` arguments contain non-serializable objects. Please implement a `get_config()` method in the subclassed Model for proper saving and loading. Defaulting to empty config.
WARNING:tensorflow:Model's `__init__()` arguments contain non-serializable objects. Please implement a `get_config()` method in the subclassed Model for proper saving and loading. Defaulting to empty config.
WARNING:tensorflow:Model's `__init__()` arguments contain non-serializable objects. Please implement a `get_config()` method in the subclassed Model for proper saving and loading. Defaulting to empty config.
WARNING:tensorflow:Model's `__init__()` arguments contain non-serializable objects. Please implement a `get_config()` method in the subclassed Model for proper saving and loading. Defaulting to empty config.
WARNING:tensorflow:Model's `__init__()` arguments contain non-serializable objects. Please implement a `get_config()` method in the subclassed Model for proper saving and loading. Defaulting to empty config.
WARNING:tensorflow:Model's `__init__()` arguments contain non-serializable objects. Please implement a `get_config()` method in the subclassed Model for proper saving and loading. Defaulting to empty config.
WARNING:tensorflow:Model's `__init__()` arguments contain non-serializable objects. Please implement a `get_config()` method in the subclassed Model for proper saving and loading. Defaulting to empty config.
WARNING:tensorflow:Model's `__init__()` arguments contain non-serializable objects. Please implement a `get_config()` method in the subclassed Model for proper saving and loading. Defaulting to empty config.
WARNING:tensorflow:Model's `__init__()` arguments contain non-serializable objects. Please implement a `get_config()` method in the subclassed Model for proper saving and loading. Defaulting to empty config.
WARNING:tensorflow:Model's `__init__()` arguments contain non-serializable objects. Please implement a `get_config()` method in the subclassed Model for proper saving and loading. Defaulting to empty config.
WARNING:tensorflow:Model's `__init__()` arguments contain non-serializable objects. Please implement a `get_config()` method in the subclassed Model for proper saving and loading. Defaulting to empty config.
WARNING:tensorflow:Model's `__init__()` arguments contain non-serializable objects. Please implement a `get_config()` method in the subclassed Model for proper saving and loading. Defaulting to empty config.
WARNING:tensorflow:Model's `__init__()` arguments contain non-serializable objects. Please implement a `get_config()` method in the subclassed Model for proper saving and loading. Defaulting to empty config.
WARNING:tensorflow:Model's `__init__()` arguments contain non-serializable objects. Please implement a `get_config()` method in the subclassed Model for proper saving and loading. Defaulting to empty config.
WARNING:tensorflow:Model's `__init__()` arguments contain non-serializable objects. Please implement a `get_config()` method in the subclassed Model for proper saving and loading. Defaulting to empty config.
WARNING:tensorflow:Model's `__init__()` arguments contain non-serializable objects. Please implement a `get_config()` method in the subclassed Model for proper saving and loading. Defaulting to empty config.
WARNING:tensorflow:Model's `__init__()` arguments contain non-serializable objects. Please implement a `get_config()` method in the subclassed Model for proper saving and loading. Defaulting to empty config.
WARNING:tensorflow:Model's `__init__()` arguments contain non-serializable objects. Please implement a `get_config()` method in the subclassed Model for proper saving and loading. Defaulting to empty config.
WARNING:tensorflow:Model's `__init__()` arguments contain non-serializable objects. Please implement a `get_config()` method in the subclassed Model for proper saving and loading. Defaulting to empty config.
WARNING:tensorflow:Model's `__init__()` arguments contain non-serializable objects. Please implement a `get_config()` method in the subclassed Model for proper saving and loading. Defaulting to empty config.
WARNING:tensorflow:Model's `__init__()` arguments contain non-serializable objects. Please implement a `get_config()` method in the subclassed Model for proper saving and loading. Defaulting to empty config.
WARNING:tensorflow:Model's `__init__()` arguments contain non-serializable objects. Please implement a `get_config()` method in the subclassed Model for proper saving and loading. Defaulting to empty config.
WARNING:tensorflow:Model's `__init__()` arguments contain non-serializable objects. Please implement a `get_config()` method in the subclassed Model for proper saving and loading. Defaulting to empty config.
WARNING:tensorflow:Model's `__init__()` arguments contain non-serializable objects. Please implement a `get_config()` method in the subclassed Model for proper saving and loading. Defaulting to empty config.
WARNING:tensorflow:Model's `__init__()` arguments contain non-serializable objects. Please implement a `get_config()` method in the subclassed Model for proper saving and loading. Defaulting to empty config.
WARNING:tensorflow:Model's `__init__()` arguments contain non-serializable objects. Please implement a `get_config()` method in the subclassed Model for proper saving and loading. Defaulting to empty config.
WARNING:tensorflow:Model's `__init__()` arguments contain non-serializable objects. Please implement a `get_config()` method in the subclassed Model for proper saving and loading. Defaulting to empty config.
2026-05-03 01:32:46.615223: W tensorflow/core/framework/op_kernel.cc:1839] OP_REQUIRES failed at transpose_op.cc:142 : INVALID_ARGUMENT: transpose expects a vector of size 0. But input(1) is a vector of size 7
2026-05-03 01:32:50.397085: W tensorflow/core/framework/op_kernel.cc:1839] OP_REQUIRES failed at transpose_op.cc:142 : INVALID_ARGUMENT: transpose expects a vector of size 0. But input(1) is a vector of size 7
2026-05-03 01:32:54.192001: W tensorflow/core/framework/op_kernel.cc:1839] OP_REQUIRES failed at transpose_op.cc:142 : INVALID_ARGUMENT: transpose expects a vector of size 0. But input(1) is a vector of size 7
2026-05-03 01:32:58.002138: W tensorflow/core/framework/op_kernel.cc:1839] OP_REQUIRES failed at transpose_op.cc:142 : INVALID_ARGUMENT: transpose expects a vector of size 0. But input(1) is a vector of size 7
2026-05-03 01:33:01.809968: W tensorflow/core/framework/op_kernel.cc:1839] OP_REQUIRES failed at transpose_op.cc:142 : INVALID_ARGUMENT: transpose expects a vector of size 0. But input(1) is a vector of size 7
2026-05-03 01:33:05.617988: W tensorflow/core/framework/op_kernel.cc:1839] OP_REQUIRES failed at transpose_op.cc:142 : INVALID_ARGUMENT: transpose expects a vector of size 0. But input(1) is a vector of size 7
2026-05-03 01:33:09.392149: W tensorflow/core/framework/op_kernel.cc:1839] OP_REQUIRES failed at transpose_op.cc:142 : INVALID_ARGUMENT: transpose expects a vector of size 0. But input(1) is a vector of size 7
2026-05-03 01:33:13.180687: W tensorflow/core/framework/op_kernel.cc:1839] OP_REQUIRES failed at transpose_op.cc:142 : INVALID_ARGUMENT: transpose expects a vector of size 0. But input(1) is a vector of size 7
2026-05-03 01:33:16.970900: W tensorflow/core/framework/op_kernel.cc:1839] OP_REQUIRES failed at transpose_op.cc:142 : INVALID_ARGUMENT: transpose expects a vector of size 0. But input(1) is a vector of size 7
2026-05-03 01:33:20.777330: W tensorflow/core/framework/op_kernel.cc:1839] OP_REQUIRES failed at transpose_op.cc:142 : INVALID_ARGUMENT: transpose expects a vector of size 0. But input(1) is a vector of size 7
2026-05-03 01:33:24.572044: W tensorflow/core/framework/op_kernel.cc:1839] OP_REQUIRES failed at transpose_op.cc:142 : INVALID_ARGUMENT: transpose expects a vector of size 0. But input(1) is a vector of size 7
2026-05-03 01:33:28.354328: W tensorflow/core/framework/op_kernel.cc:1839] OP_REQUIRES failed at transpose_op.cc:142 : INVALID_ARGUMENT: transpose expects a vector of size 0. But input(1) is a vector of size 7
2026-05-03 01:33:32.135468: W tensorflow/core/framework/op_kernel.cc:1839] OP_REQUIRES failed at transpose_op.cc:142 : INVALID_ARGUMENT: transpose expects a vector of size 0. But input(1) is a vector of size 7
2026-05-03 01:33:35.935194: W tensorflow/core/framework/op_kernel.cc:1839] OP_REQUIRES failed at transpose_op.cc:142 : INVALID_ARGUMENT: transpose expects a vector of size 0. But input(1) is a vector of size 7
2026-05-03 01:33:39.738182: W tensorflow/core/framework/op_kernel.cc:1839] OP_REQUIRES failed at transpose_op.cc:142 : INVALID_ARGUMENT: transpose expects a vector of size 0. But input(1) is a vector of size 7
2026-05-03 01:33:43.560062: W tensorflow/core/framework/op_kernel.cc:1839] OP_REQUIRES failed at transpose_op.cc:142 : INVALID_ARGUMENT: transpose expects a vector of size 0. But input(1) is a vector of size 7
2026-05-03 01:33:47.341931: W tensorflow/core/framework/op_kernel.cc:1839] OP_REQUIRES failed at transpose_op.cc:142 : INVALID_ARGUMENT: transpose expects a vector of size 0. But input(1) is a vector of size 7
2026-05-03 01:33:51.119227: W tensorflow/core/framework/op_kernel.cc:1839] OP_REQUIRES failed at transpose_op.cc:142 : INVALID_ARGUMENT: transpose expects a vector of size 0. But input(1) is a vector of size 7
2026-05-03 01:33:54.914618: W tensorflow/core/framework/op_kernel.cc:1839] OP_REQUIRES failed at transpose_op.cc:142 : INVALID_ARGUMENT: transpose expects a vector of size 0. But input(1) is a vector of size 7
2026-05-03 01:33:58.717529: W tensorflow/core/framework/op_kernel.cc:1839] OP_REQUIRES failed at transpose_op.cc:142 : INVALID_ARGUMENT: transpose expects a vector of size 0. But input(1) is a vector of size 7
2026-05-03 01:34:02.651309: W tensorflow/core/framework/op_kernel.cc:1839] OP_REQUIRES failed at transpose_op.cc:142 : INVALID_ARGUMENT: transpose expects a vector of size 0. But input(1) is a vector of size 7
2026-05-03 01:34:06.433065: W tensorflow/core/framework/op_kernel.cc:1839] OP_REQUIRES failed at transpose_op.cc:142 : INVALID_ARGUMENT: transpose expects a vector of size 0. But input(1) is a vector of size 7
2026-05-03 01:34:10.291285: W tensorflow/core/framework/op_kernel.cc:1839] OP_REQUIRES failed at transpose_op.cc:142 : INVALID_ARGUMENT: transpose expects a vector of size 0. But input(1) is a vector of size 7
2026-05-03 01:34:14.116754: W tensorflow/core/framework/op_kernel.cc:1839] OP_REQUIRES failed at transpose_op.cc:142 : INVALID_ARGUMENT: transpose expects a vector of size 0. But input(1) is a vector of size 7
2026-05-03 01:34:17.912696: W tensorflow/core/framework/op_kernel.cc:1839] OP_REQUIRES failed at transpose_op.cc:142 : INVALID_ARGUMENT: transpose expects a vector of size 0. But input(1) is a vector of size 7
2026-05-03 01:34:21.728542: W tensorflow/core/framework/op_kernel.cc:1839] OP_REQUIRES failed at transpose_op.cc:142 : INVALID_ARGUMENT: transpose expects a vector of size 0. But input(1) is a vector of size 7
2026-05-03 01:34:25.544654: W tensorflow/core/framework/op_kernel.cc:1839] OP_REQUIRES failed at transpose_op.cc:142 : INVALID_ARGUMENT: transpose expects a vector of size 0. But input(1) is a vector of size 7
2026-05-03 01:34:29.380847: W tensorflow/core/framework/op_kernel.cc:1839] OP_REQUIRES failed at transpose_op.cc:142 : INVALID_ARGUMENT: transpose expects a vector of size 0. But input(1) is a vector of size 7
2026-05-03 01:34:30.379937: E external/local_xla/xla/stream_executor/gpu/gpu_cudamallocasync_allocator.cc:306] gpu_async_0 cuMemAllocAsync failed to allocate 1056964608 bytes: CUDA error: out of memory (CUDA_ERROR_OUT_OF_MEMORY)
 Reported by CUDA: Free memory/Total memory: 1021640704/42406903808
2026-05-03 01:34:30.380060: E external/local_xla/xla/stream_executor/gpu/gpu_cudamallocasync_allocator.cc:311] Stats: Limit:                     40353726464
InUse:                     36954671854
MaxInUse:                  36954671854
NumAllocs:                    22134086
MaxAllocSize:               1068003328
Reserved:                            0
PeakReserved:                        0
LargestFreeBlock:                    0

2026-05-03 01:34:30.380146: E external/local_xla/xla/stream_executor/gpu/gpu_cudamallocasync_allocator.cc:63] Histogram of current allocation: (allocation_size_in_bytes, nb_allocation_of_that_sizes), ...;
2026-05-03 01:34:30.380170: E external/local_xla/xla/stream_executor/gpu/gpu_cudamallocasync_allocator.cc:66] 1, 6
2026-05-03 01:34:30.380182: E external/local_xla/xla/stream_executor/gpu/gpu_cudamallocasync_allocator.cc:66] 4, 129
2026-05-03 01:34:30.380193: E external/local_xla/xla/stream_executor/gpu/gpu_cudamallocasync_allocator.cc:66] 8, 215
2026-05-03 01:34:30.380205: E external/local_xla/xla/stream_executor/gpu/gpu_cudamallocasync_allocator.cc:66] 12, 5
2026-05-03 01:34:30.380217: E external/local_xla/xla/stream_executor/gpu/gpu_cudamallocasync_allocator.cc:66] 16, 4
2026-05-03 01:34:30.380228: E external/local_xla/xla/stream_executor/gpu/gpu_cudamallocasync_allocator.cc:66] 20, 1
2026-05-03 01:34:30.380240: E external/local_xla/xla/stream_executor/gpu/gpu_cudamallocasync_allocator.cc:66] 24, 8
2026-05-03 01:34:30.380251: E external/local_xla/xla/stream_executor/gpu/gpu_cudamallocasync_allocator.cc:66] 28, 14
2026-05-03 01:34:30.380263: E external/local_xla/xla/stream_executor/gpu/gpu_cudamallocasync_allocator.cc:66] 64, 1
2026-05-03 01:34:30.380274: E external/local_xla/xla/stream_executor/gpu/gpu_cudamallocasync_allocator.cc:66] 96, 2
2026-05-03 01:34:30.380286: E external/local_xla/xla/stream_executor/gpu/gpu_cudamallocasync_allocator.cc:66] 112, 15
2026-05-03 01:34:30.380297: E external/local_xla/xla/stream_executor/gpu/gpu_cudamallocasync_allocator.cc:66] 128, 17
2026-05-03 01:34:30.380309: E external/local_xla/xla/stream_executor/gpu/gpu_cudamallocasync_allocator.cc:66] 192, 2
2026-05-03 01:34:30.380320: E external/local_xla/xla/stream_executor/gpu/gpu_cudamallocasync_allocator.cc:66] 224, 2
2026-05-03 01:34:30.380332: E external/local_xla/xla/stream_executor/gpu/gpu_cudamallocasync_allocator.cc:66] 256, 9
2026-05-03 01:34:30.380343: E external/local_xla/xla/stream_executor/gpu/gpu_cudamallocasync_allocator.cc:66] 336, 2
2026-05-03 01:34:30.380379: E external/local_xla/xla/stream_executor/gpu/gpu_cudamallocasync_allocator.cc:66] 448, 2
2026-05-03 01:34:30.380391: E external/local_xla/xla/stream_executor/gpu/gpu_cudamallocasync_allocator.cc:66] 512, 320
2026-05-03 01:34:30.380403: E external/local_xla/xla/stream_executor/gpu/gpu_cudamallocasync_allocator.cc:66] 768, 6
2026-05-03 01:34:30.380414: E external/local_xla/xla/stream_executor/gpu/gpu_cudamallocasync_allocator.cc:66] 1024, 32
2026-05-03 01:34:30.380426: E external/local_xla/xla/stream_executor/gpu/gpu_cudamallocasync_allocator.cc:66] 1028, 1
2026-05-03 01:34:30.380437: E external/local_xla/xla/stream_executor/gpu/gpu_cudamallocasync_allocator.cc:66] 1536, 10
2026-05-03 01:34:30.380449: E external/local_xla/xla/stream_executor/gpu/gpu_cudamallocasync_allocator.cc:66] 1568, 1
2026-05-03 01:34:30.380460: E external/local_xla/xla/stream_executor/gpu/gpu_cudamallocasync_allocator.cc:66] 1920, 5
2026-05-03 01:34:30.380472: E external/local_xla/xla/stream_executor/gpu/gpu_cudamallocasync_allocator.cc:66] 2048, 1
2026-05-03 01:34:30.380483: E external/local_xla/xla/stream_executor/gpu/gpu_cudamallocasync_allocator.cc:66] 3072, 3
2026-05-03 01:34:30.380495: E external/local_xla/xla/stream_executor/gpu/gpu_cudamallocasync_allocator.cc:66] 4608, 17
2026-05-03 01:34:30.380506: E external/local_xla/xla/stream_executor/gpu/gpu_cudamallocasync_allocator.cc:66] 6144, 2
2026-05-03 01:34:30.380518: E external/local_xla/xla/stream_executor/gpu/gpu_cudamallocasync_allocator.cc:66] 9984, 5
2026-05-03 01:34:30.380529: E external/local_xla/xla/stream_executor/gpu/gpu_cudamallocasync_allocator.cc:66] 10752, 8
2026-05-03 01:34:30.380541: E external/local_xla/xla/stream_executor/gpu/gpu_cudamallocasync_allocator.cc:66] 18080, 5
2026-05-03 01:34:30.380552: E external/local_xla/xla/stream_executor/gpu/gpu_cudamallocasync_allocator.cc:66] 21504, 9
2026-05-03 01:34:30.380564: E external/local_xla/xla/stream_executor/gpu/gpu_cudamallocasync_allocator.cc:66] 27648, 1
2026-05-03 01:34:30.380575: E external/local_xla/xla/stream_executor/gpu/gpu_cudamallocasync_allocator.cc:66] 32768, 4
2026-05-03 01:34:30.380587: E external/local_xla/xla/stream_executor/gpu/gpu_cudamallocasync_allocator.cc:66] 39936, 3
2026-05-03 01:34:30.380598: E external/local_xla/xla/stream_executor/gpu/gpu_cudamallocasync_allocator.cc:66] 43008, 2
2026-05-03 01:34:30.380610: E external/local_xla/xla/stream_executor/gpu/gpu_cudamallocasync_allocator.cc:66] 43424, 5
2026-05-03 01:34:30.380621: E external/local_xla/xla/stream_executor/gpu/gpu_cudamallocasync_allocator.cc:66] 53760, 3
2026-05-03 01:34:30.380633: E external/local_xla/xla/stream_executor/gpu/gpu_cudamallocasync_allocator.cc:66] 64512, 2
2026-05-03 01:34:30.380644: E external/local_xla/xla/stream_executor/gpu/gpu_cudamallocasync_allocator.cc:66] 65536, 156
2026-05-03 01:34:30.380656: E external/local_xla/xla/stream_executor/gpu/gpu_cudamallocasync_allocator.cc:66] 78336, 1
2026-05-03 01:34:30.380667: E external/local_xla/xla/stream_executor/gpu/gpu_cudamallocasync_allocator.cc:66] 79872, 1
2026-05-03 01:34:30.380686: E external/local_xla/xla/stream_executor/gpu/gpu_cudamallocasync_allocator.cc:66] 83456, 4
2026-05-03 01:34:30.380698: E external/local_xla/xla/stream_executor/gpu/gpu_cudamallocasync_allocator.cc:66] 86016, 2
2026-05-03 01:34:30.380709: E external/local_xla/xla/stream_executor/gpu/gpu_cudamallocasync_allocator.cc:66] 96768, 1
2026-05-03 01:34:30.380721: E external/local_xla/xla/stream_executor/gpu/gpu_cudamallocasync_allocator.cc:66] 131072, 48
2026-05-03 01:34:30.380732: E external/local_xla/xla/stream_executor/gpu/gpu_cudamallocasync_allocator.cc:66] 186464, 10
2026-05-03 01:34:30.380744: E external/local_xla/xla/stream_executor/gpu/gpu_cudamallocasync_allocator.cc:66] 294912, 1
2026-05-03 01:34:30.380756: E external/local_xla/xla/stream_executor/gpu/gpu_cudamallocasync_allocator.cc:66] 301056, 1
2026-05-03 01:34:30.380767: E external/local_xla/xla/stream_executor/gpu/gpu_cudamallocasync_allocator.cc:66] 372928, 15
2026-05-03 01:34:30.380786: E external/local_xla/xla/stream_executor/gpu/gpu_cudamallocasync_allocator.cc:66] 385024, 5
2026-05-03 01:34:30.380799: E external/local_xla/xla/stream_executor/gpu/gpu_cudamallocasync_allocator.cc:66] 387072, 1
2026-05-03 01:34:30.380810: E external/local_xla/xla/stream_executor/gpu/gpu_cudamallocasync_allocator.cc:66] 393216, 2
2026-05-03 01:34:30.380822: E external/local_xla/xla/stream_executor/gpu/gpu_cudamallocasync_allocator.cc:66] 458752, 1
2026-05-03 01:34:30.380833: E external/local_xla/xla/stream_executor/gpu/gpu_cudamallocasync_allocator.cc:66] 577536, 1
2026-05-03 01:34:30.380845: E external/local_xla/xla/stream_executor/gpu/gpu_cudamallocasync_allocator.cc:66] 1204224, 4
2026-05-03 01:34:30.380856: E external/local_xla/xla/stream_executor/gpu/gpu_cudamallocasync_allocator.cc:66] 1376256, 1
2026-05-03 01:34:30.380868: E external/local_xla/xla/stream_executor/gpu/gpu_cudamallocasync_allocator.cc:66] 2752512, 2
2026-05-03 01:34:30.380879: E external/local_xla/xla/stream_executor/gpu/gpu_cudamallocasync_allocator.cc:66] 3440640, 1
2026-05-03 01:34:30.380891: E external/local_xla/xla/stream_executor/gpu/gpu_cudamallocasync_allocator.cc:66] 4128768, 2
2026-05-03 01:34:30.380902: E external/local_xla/xla/stream_executor/gpu/gpu_cudamallocasync_allocator.cc:66] 5505024, 13
2026-05-03 01:34:30.380914: E external/local_xla/xla/stream_executor/gpu/gpu_cudamallocasync_allocator.cc:66] 9633792, 232
2026-05-03 01:34:30.380925: E external/local_xla/xla/stream_executor/gpu/gpu_cudamallocasync_allocator.cc:66] 16515072, 4
2026-05-03 01:34:30.380937: E external/local_xla/xla/stream_executor/gpu/gpu_cudamallocasync_allocator.cc:66] 117440512, 3
2026-05-03 01:34:30.380948: E external/local_xla/xla/stream_executor/gpu/gpu_cudamallocasync_allocator.cc:66] 132120576, 232
2026-05-03 01:34:30.380960: E external/local_xla/xla/stream_executor/gpu/gpu_cudamallocasync_allocator.cc:66] 352321536, 1
2026-05-03 01:34:30.380971: E external/local_xla/xla/stream_executor/gpu/gpu_cudamallocasync_allocator.cc:66] 1056964608, 3
2026-05-03 01:34:30.380989: E external/local_xla/xla/stream_executor/gpu/gpu_cudamallocasync_allocator.cc:97] CU_MEMPOOL_ATTR_RESERVED_MEM_CURRENT: 40869298176
2026-05-03 01:34:30.381014: E external/local_xla/xla/stream_executor/gpu/gpu_cudamallocasync_allocator.cc:99] CU_MEMPOOL_ATTR_USED_MEM_CURRENT: 36954671854
2026-05-03 01:34:30.381036: E external/local_xla/xla/stream_executor/gpu/gpu_cudamallocasync_allocator.cc:100] CU_MEMPOOL_ATTR_RESERVED_MEM_HIGH: 41875931136
2026-05-03 01:34:30.381058: E external/local_xla/xla/stream_executor/gpu/gpu_cudamallocasync_allocator.cc:101] CU_MEMPOOL_ATTR_USED_MEM_HIGH: 36954671854
2026-05-03 01:34:30.381095: W tensorflow/core/framework/op_kernel.cc:1839] OP_REQUIRES failed at transpose_op.cc:184 : RESOURCE_EXHAUSTED: OOM when allocating tensor with shape[16,1,16,1,1,14,192,192] and type complex64 on /job:localhost/replica:0/task:0/device:GPU:0 by allocator gpu_async_0
Traceback (most recent call last):
  File "/lustre07/scratch/rsadve1/Universal_Receiver_NEW-main_Narval/scripts/run_comprehensive_mu32_ablation.py", line 289, in <module>
    main()
  File "/lustre07/scratch/rsadve1/Universal_Receiver_NEW-main_Narval/scripts/run_comprehensive_mu32_ablation.py", line 251, in main
    result = evaluate_model(cfg_eval, checkpoint_path=str(checkpoint_path), num_users=num_users)
             ^^^^^^^^^^^^^^^^^^^^^^^^^^^^^^^^^^^^^^^^^^^^^^^^^^^^^^^^^^^^^^^^^^^^^^^^^^^^^^^^^^^
  File "/lustre07/scratch/rsadve1/Universal_Receiver_NEW-main_Narval/src/upair5g/evaluation.py", line 297, in evaluate_model
    h_hat_base, _ = _call_channel_estimator(estimator_block, batch["y"], batch["no"])
                    ^^^^^^^^^^^^^^^^^^^^^^^^^^^^^^^^^^^^^^^^^^^^^^^^^^^^^^^^^^^^^^^^^
  File "/lustre07/scratch/rsadve1/Universal_Receiver_NEW-main_Narval/src/upair5g/evaluation.py", line 36, in _call_channel_estimator
    out = safe_call_variants(estimator, y, no)
          ^^^^^^^^^^^^^^^^^^^^^^^^^^^^^^^^^^^^
  File "/lustre07/scratch/rsadve1/Universal_Receiver_NEW-main_Narval/src/upair5g/compat.py", line 49, in safe_call_variants
    return attempt()
           ^^^^^^^^^
  File "/lustre07/scratch/rsadve1/Universal_Receiver_NEW-main_Narval/src/upair5g/compat.py", line 40, in <lambda>
    attempts.append(lambda: fn(*args))
                            ^^^^^^^^^
  File "/home/rsadve1/scratch/.venvUPAIR/lib/python3.11/site-packages/sionna/phy/block.py", line 155, in __call__
    return self.call(*args, **kwargs)
           ^^^^^^^^^^^^^^^^^^^^^^^^^^
  File "/home/rsadve1/scratch/.venvUPAIR/lib/python3.11/site-packages/sionna/phy/ofdm/channel_estimation.py", line 170, in call
    h_hat, err_var = self._interpol(h_hat, err_var)
                     ^^^^^^^^^^^^^^^^^^^^^^^^^^^^^^
  File "/home/rsadve1/scratch/.venvUPAIR/lib/python3.11/site-packages/sionna/phy/ofdm/channel_estimation.py", line 1820, in __call__
    h_hat, err_var = interp(h_hat, err_var)
                     ^^^^^^^^^^^^^^^^^^^^^^
  File "/home/rsadve1/scratch/.venvUPAIR/lib/python3.11/site-packages/sionna/phy/ofdm/channel_estimation.py", line 1122, in __call__
    h_hat_var_1 = tf.transpose(h_hat_var_1, [0, 1, 2, 3, 4, 5, 7, 6])
                  ^^^^^^^^^^^^^^^^^^^^^^^^^^^^^^^^^^^^^^^^^^^^^^^^^^^
  File "/home/rsadve1/scratch/.venvUPAIR/lib/python3.11/site-packages/tensorflow/python/ops/weak_tensor_ops.py", line 88, in wrapper
    return op(*args, **kwargs)
           ^^^^^^^^^^^^^^^^^^^
  File "/home/rsadve1/scratch/.venvUPAIR/lib/python3.11/site-packages/tensorflow/python/util/traceback_utils.py", line 153, in error_handler
    raise e.with_traceback(filtered_tb) from None
  File "/home/rsadve1/scratch/.venvUPAIR/lib/python3.11/site-packages/tensorflow/python/eager/execute.py", line 53, in quick_execute
    tensors = pywrap_tfe.TFE_Py_Execute(ctx._handle, device_name, op_name,
  ^^^^^^^^^^^^^^^^^^^^^^^^^^^^^^^^^^^^^^^^^^^^^^^^^^^^^^^^^^^^^^^^^^^^^^^^
tensorflow.python.framework.errors_impl.ResourceExhaustedError: {{function_node __wrapped__Transpose_device_/job:localhost/replica:0/task:0/device:GPU:0}} OOM when allocating tensor with shape[16,1,16,1,1,14,192,192] and type complex64 on /job:localhost/replica:0/task:0/device:GPU:0 by allocator gpu_async_0 [Op:Transpose]
