[MEMPROBE] case_index=manual dmrs_case=2dmrs variant=mlpwide_d96_b4_r4 batch_size=96 num_rx_ant=16 steps=350 eval_every=175 val_steps=16
[TRAIN] starting from scratch
[TRAIN] step=00001 loss=-2.56348 nmse_prop=0.02381 nmse_ls=0.02381 gpu_mem=0.09GiB peak=25.12GiB
[TRAIN] step=00025 loss=-2.90726 nmse_prop=0.01982 nmse_ls=0.02020 gpu_mem=0.23GiB peak=25.32GiB
[TRAIN] saved resumable state at step=25 reason=periodic: /lustre07/scratch/rsadve1/Universal_Receiver_NEW-main_Narval/TWC_plots_comprehensive/memory_probe/rx16/bs96/2dmrs/mlpwide_d96_b4_r4/checkpoints/training_state/ckpt-25
[TRAIN] step=00050 loss=-3.69882 nmse_prop=0.00907 nmse_ls=0.00989 gpu_mem=0.23GiB peak=25.32GiB
[TRAIN] saved resumable state at step=50 reason=periodic: /lustre07/scratch/rsadve1/Universal_Receiver_NEW-main_Narval/TWC_plots_comprehensive/memory_probe/rx16/bs96/2dmrs/mlpwide_d96_b4_r4/checkpoints/training_state/ckpt-50
[TRAIN] step=00075 loss=-2.02850 nmse_prop=0.04591 nmse_ls=0.04666 gpu_mem=0.23GiB peak=25.32GiB
[TRAIN] saved resumable state at step=75 reason=periodic: /lustre07/scratch/rsadve1/Universal_Receiver_NEW-main_Narval/TWC_plots_comprehensive/memory_probe/rx16/bs96/2dmrs/mlpwide_d96_b4_r4/checkpoints/training_state/ckpt-75
[TRAIN] step=00100 loss=-3.35021 nmse_prop=0.01290 nmse_ls=0.01419 gpu_mem=0.23GiB peak=25.32GiB
[TRAIN] saved resumable state at step=100 reason=periodic: /lustre07/scratch/rsadve1/Universal_Receiver_NEW-main_Narval/TWC_plots_comprehensive/memory_probe/rx16/bs96/2dmrs/mlpwide_d96_b4_r4/checkpoints/training_state/ckpt-100
[TRAIN] step=00125 loss=-3.79981 nmse_prop=0.00834 nmse_ls=0.00947 gpu_mem=0.23GiB peak=25.32GiB
[TRAIN] saved resumable state at step=125 reason=periodic: /lustre07/scratch/rsadve1/Universal_Receiver_NEW-main_Narval/TWC_plots_comprehensive/memory_probe/rx16/bs96/2dmrs/mlpwide_d96_b4_r4/checkpoints/training_state/ckpt-125
[TRAIN] step=00150 loss=-2.83047 nmse_prop=0.02119 nmse_ls=0.02270 gpu_mem=0.23GiB peak=25.32GiB
[TRAIN] saved resumable state at step=150 reason=periodic: /lustre07/scratch/rsadve1/Universal_Receiver_NEW-main_Narval/TWC_plots_comprehensive/memory_probe/rx16/bs96/2dmrs/mlpwide_d96_b4_r4/checkpoints/training_state/ckpt-150
[TRAIN] saved new best weights at step=175 val_nmse=0.0162477
[TRAIN] step=00175 loss=-1.74882 nmse_prop=0.06026 nmse_ls=0.06242 gpu_mem=0.38GiB peak=25.32GiB
[TRAIN] saved resumable state at step=175 reason=periodic: /lustre07/scratch/rsadve1/Universal_Receiver_NEW-main_Narval/TWC_plots_comprehensive/memory_probe/rx16/bs96/2dmrs/mlpwide_d96_b4_r4/checkpoints/training_state/ckpt-175
[TRAIN] step=00200 loss=-4.47168 nmse_prop=0.00433 nmse_ls=0.00671 gpu_mem=0.38GiB peak=25.47GiB
[TRAIN] saved resumable state at step=200 reason=periodic: /lustre07/scratch/rsadve1/Universal_Receiver_NEW-main_Narval/TWC_plots_comprehensive/memory_probe/rx16/bs96/2dmrs/mlpwide_d96_b4_r4/checkpoints/training_state/ckpt-200
[TRAIN] step=00225 loss=-2.32177 nmse_prop=0.03406 nmse_ls=0.03726 gpu_mem=0.38GiB peak=25.47GiB
[TRAIN] saved resumable state at step=225 reason=periodic: /lustre07/scratch/rsadve1/Universal_Receiver_NEW-main_Narval/TWC_plots_comprehensive/memory_probe/rx16/bs96/2dmrs/mlpwide_d96_b4_r4/checkpoints/training_state/ckpt-225
[TRAIN] step=00250 loss=-4.55243 nmse_prop=0.00392 nmse_ls=0.00729 gpu_mem=0.38GiB peak=25.47GiB
[TRAIN] saved resumable state at step=250 reason=periodic: /lustre07/scratch/rsadve1/Universal_Receiver_NEW-main_Narval/TWC_plots_comprehensive/memory_probe/rx16/bs96/2dmrs/mlpwide_d96_b4_r4/checkpoints/training_state/ckpt-250
[TRAIN] step=00275 loss=-4.42831 nmse_prop=0.00484 nmse_ls=0.00812 gpu_mem=0.38GiB peak=25.47GiB
[TRAIN] saved resumable state at step=275 reason=periodic: /lustre07/scratch/rsadve1/Universal_Receiver_NEW-main_Narval/TWC_plots_comprehensive/memory_probe/rx16/bs96/2dmrs/mlpwide_d96_b4_r4/checkpoints/training_state/ckpt-275
[TRAIN] step=00300 loss=-4.35646 nmse_prop=0.00507 nmse_ls=0.00753 gpu_mem=0.38GiB peak=25.47GiB
[TRAIN] saved resumable state at step=300 reason=periodic: /lustre07/scratch/rsadve1/Universal_Receiver_NEW-main_Narval/TWC_plots_comprehensive/memory_probe/rx16/bs96/2dmrs/mlpwide_d96_b4_r4/checkpoints/training_state/ckpt-300
[TRAIN] step=00325 loss=-3.96247 nmse_prop=0.00713 nmse_ls=0.01100 gpu_mem=0.38GiB peak=25.47GiB
[TRAIN] saved resumable state at step=325 reason=periodic: /lustre07/scratch/rsadve1/Universal_Receiver_NEW-main_Narval/TWC_plots_comprehensive/memory_probe/rx16/bs96/2dmrs/mlpwide_d96_b4_r4/checkpoints/training_state/ckpt-325
[TRAIN] saved new best weights at step=350 val_nmse=0.0142605
[TRAIN] step=00350 loss=-3.13675 nmse_prop=0.01562 nmse_ls=0.01931 gpu_mem=0.38GiB peak=25.47GiB
[TRAIN] saved resumable state at step=350 reason=periodic: /lustre07/scratch/rsadve1/Universal_Receiver_NEW-main_Narval/TWC_plots_comprehensive/memory_probe/rx16/bs96/2dmrs/mlpwide_d96_b4_r4/checkpoints/training_state/ckpt-350
[TRAIN] saved resumable state at step=350 reason=final: /lustre07/scratch/rsadve1/Universal_Receiver_NEW-main_Narval/TWC_plots_comprehensive/memory_probe/rx16/bs96/2dmrs/mlpwide_d96_b4_r4/checkpoints/training_state/ckpt-350
[MEMPROBE] completed successfully
