2026-05-04 09:23:28.599505: E external/local_xla/xla/stream_executor/cuda/cuda_fft.cc:467] Unable to register cuFFT factory: Attempting to register factory for plugin cuFFT when one has already been registered
WARNING: All log messages before absl::InitializeLog() is called are written to STDERR
E0000 00:00:1777901008.615387 2794164 cuda_dnn.cc:8579] Unable to register cuDNN factory: Attempting to register factory for plugin cuDNN when one has already been registered
E0000 00:00:1777901008.620145 2794164 cuda_blas.cc:1407] Unable to register cuBLAS factory: Attempting to register factory for plugin cuBLAS when one has already been registered
W0000 00:00:1777901008.635149 2794164 computation_placer.cc:177] computation placer already registered. Please check linkage and avoid linking the same target more than once.
W0000 00:00:1777901008.635164 2794164 computation_placer.cc:177] computation placer already registered. Please check linkage and avoid linking the same target more than once.
W0000 00:00:1777901008.635167 2794164 computation_placer.cc:177] computation placer already registered. Please check linkage and avoid linking the same target more than once.
W0000 00:00:1777901008.635170 2794164 computation_placer.cc:177] computation placer already registered. Please check linkage and avoid linking the same target more than once.
2026-05-04 09:23:32.758063: W tensorflow/core/common_runtime/gpu/gpu_bfc_allocator.cc:47] Overriding orig_value setting because the TF_FORCE_GPU_ALLOW_GROWTH environment variable is set. Original config value was 0.
I0000 00:00:1777901012.758095 2794164 gpu_process_state.cc:208] Using CUDA malloc Async allocator for GPU: 0
I0000 00:00:1777901012.759271 2794164 gpu_device.cc:2019] Created device /job:localhost/replica:0/task:0/device:GPU:0 with 38484 MB memory:  -> device: 0, name: NVIDIA A100-SXM4-40GB, pci bus id: 0000:81:00.0, compute capability: 8.0
E0000 00:00:1777901033.075553 2794164 meta_optimizer.cc:967] layout failed: INVALID_ARGUMENT: Size of values 0 does not match size of permutation 4 @ fanin shape inaxial_block_0_1/dropout_5/stateless_dropout/SelectV2-2-TransposeNHWCToNCHW-LayoutOptimizer
2026-05-04 09:23:58.293202: E external/local_xla/xla/stream_executor/gpu/gpu_cudamallocasync_allocator.cc:359] gpu_async_0 cuMemAllocAsync failed to allocate 1321205760 bytes: RESOURCE_EXHAUSTED: : CUDA_ERROR_OUT_OF_MEMORY: out of memory
 Reported by CUDA: Free memory/Total memory: 1004863488/42406903808
2026-05-04 09:23:58.293374: E external/local_xla/xla/stream_executor/gpu/gpu_cudamallocasync_allocator.cc:364] Stats: Limit:                     40353726464
InUse:                     40298880072
MaxInUse:                  40298880072
NumAllocs:                       11740
MaxAllocSize:               1321205760
Reserved:                            0
PeakReserved:                        0
LargestFreeBlock:                    0

2026-05-04 09:23:58.293420: E external/local_xla/xla/stream_executor/gpu/gpu_cudamallocasync_allocator.cc:68] Histogram of current allocation: (allocation_size_in_bytes, nb_allocation_of_that_sizes), ...;
2026-05-04 09:23:58.293425: E external/local_xla/xla/stream_executor/gpu/gpu_cudamallocasync_allocator.cc:71] 1, 8
2026-05-04 09:23:58.293429: E external/local_xla/xla/stream_executor/gpu/gpu_cudamallocasync_allocator.cc:71] 4, 375
2026-05-04 09:23:58.293432: E external/local_xla/xla/stream_executor/gpu/gpu_cudamallocasync_allocator.cc:71] 8, 16
2026-05-04 09:23:58.293435: E external/local_xla/xla/stream_executor/gpu/gpu_cudamallocasync_allocator.cc:71] 12, 20
2026-05-04 09:23:58.293439: E external/local_xla/xla/stream_executor/gpu/gpu_cudamallocasync_allocator.cc:71] 16, 22
2026-05-04 09:23:58.293442: E external/local_xla/xla/stream_executor/gpu/gpu_cudamallocasync_allocator.cc:71] 24, 6
2026-05-04 09:23:58.293445: E external/local_xla/xla/stream_executor/gpu/gpu_cudamallocasync_allocator.cc:71] 28, 8
2026-05-04 09:23:58.293448: E external/local_xla/xla/stream_executor/gpu/gpu_cudamallocasync_allocator.cc:71] 32, 1
2026-05-04 09:23:58.293451: E external/local_xla/xla/stream_executor/gpu/gpu_cudamallocasync_allocator.cc:71] 64, 4
2026-05-04 09:23:58.293489: E external/local_xla/xla/stream_executor/gpu/gpu_cudamallocasync_allocator.cc:71] 96, 8
2026-05-04 09:23:58.293494: E external/local_xla/xla/stream_executor/gpu/gpu_cudamallocasync_allocator.cc:71] 112, 6
2026-05-04 09:23:58.293497: E external/local_xla/xla/stream_executor/gpu/gpu_cudamallocasync_allocator.cc:71] 128, 4
2026-05-04 09:23:58.293500: E external/local_xla/xla/stream_executor/gpu/gpu_cudamallocasync_allocator.cc:71] 192, 8
2026-05-04 09:23:58.293503: E external/local_xla/xla/stream_executor/gpu/gpu_cudamallocasync_allocator.cc:71] 224, 2
2026-05-04 09:23:58.293506: E external/local_xla/xla/stream_executor/gpu/gpu_cudamallocasync_allocator.cc:71] 256, 4
2026-05-04 09:23:58.293509: E external/local_xla/xla/stream_executor/gpu/gpu_cudamallocasync_allocator.cc:71] 336, 2
2026-05-04 09:23:58.293512: E external/local_xla/xla/stream_executor/gpu/gpu_cudamallocasync_allocator.cc:71] 384, 401
2026-05-04 09:23:58.293515: E external/local_xla/xla/stream_executor/gpu/gpu_cudamallocasync_allocator.cc:71] 448, 2
2026-05-04 09:23:58.293519: E external/local_xla/xla/stream_executor/gpu/gpu_cudamallocasync_allocator.cc:71] 512, 4
2026-05-04 09:23:58.293522: E external/local_xla/xla/stream_executor/gpu/gpu_cudamallocasync_allocator.cc:71] 640, 1
2026-05-04 09:23:58.293525: E external/local_xla/xla/stream_executor/gpu/gpu_cudamallocasync_allocator.cc:71] 768, 42
2026-05-04 09:23:58.293528: E external/local_xla/xla/stream_executor/gpu/gpu_cudamallocasync_allocator.cc:71] 1028, 1
2026-05-04 09:23:58.293531: E external/local_xla/xla/stream_executor/gpu/gpu_cudamallocasync_allocator.cc:71] 1536, 5
2026-05-04 09:23:58.293534: E external/local_xla/xla/stream_executor/gpu/gpu_cudamallocasync_allocator.cc:71] 1920, 20
2026-05-04 09:23:58.293537: E external/local_xla/xla/stream_executor/gpu/gpu_cudamallocasync_allocator.cc:71] 3072, 2
2026-05-04 09:23:58.293540: E external/local_xla/xla/stream_executor/gpu/gpu_cudamallocasync_allocator.cc:71] 3456, 24
2026-05-04 09:23:58.293543: E external/local_xla/xla/stream_executor/gpu/gpu_cudamallocasync_allocator.cc:71] 4608, 1
2026-05-04 09:23:58.293547: E external/local_xla/xla/stream_executor/gpu/gpu_cudamallocasync_allocator.cc:71] 6144, 2
2026-05-04 09:23:58.293550: E external/local_xla/xla/stream_executor/gpu/gpu_cudamallocasync_allocator.cc:71] 10752, 6
2026-05-04 09:23:58.293553: E external/local_xla/xla/stream_executor/gpu/gpu_cudamallocasync_allocator.cc:71] 12288, 1
2026-05-04 09:23:58.293556: E external/local_xla/xla/stream_executor/gpu/gpu_cudamallocasync_allocator.cc:71] 18432, 1
2026-05-04 09:23:58.293559: E external/local_xla/xla/stream_executor/gpu/gpu_cudamallocasync_allocator.cc:71] 21504, 3
2026-05-04 09:23:58.293562: E external/local_xla/xla/stream_executor/gpu/gpu_cudamallocasync_allocator.cc:71] 24576, 5
2026-05-04 09:23:58.293565: E external/local_xla/xla/stream_executor/gpu/gpu_cudamallocasync_allocator.cc:71] 27648, 4
2026-05-04 09:23:58.293568: E external/local_xla/xla/stream_executor/gpu/gpu_cudamallocasync_allocator.cc:71] 32256, 1
2026-05-04 09:23:58.293571: E external/local_xla/xla/stream_executor/gpu/gpu_cudamallocasync_allocator.cc:71] 36864, 224
2026-05-04 09:23:58.293575: E external/local_xla/xla/stream_executor/gpu/gpu_cudamallocasync_allocator.cc:71] 39936, 7
2026-05-04 09:23:58.293578: E external/local_xla/xla/stream_executor/gpu/gpu_cudamallocasync_allocator.cc:71] 43008, 3
2026-05-04 09:23:58.293581: E external/local_xla/xla/stream_executor/gpu/gpu_cudamallocasync_allocator.cc:71] 49152, 4
2026-05-04 09:23:58.293584: E external/local_xla/xla/stream_executor/gpu/gpu_cudamallocasync_allocator.cc:71] 61440, 20
2026-05-04 09:23:58.293587: E external/local_xla/xla/stream_executor/gpu/gpu_cudamallocasync_allocator.cc:71] 62592, 3
2026-05-04 09:23:58.293590: E external/local_xla/xla/stream_executor/gpu/gpu_cudamallocasync_allocator.cc:71] 64512, 2
2026-05-04 09:23:58.293593: E external/local_xla/xla/stream_executor/gpu/gpu_cudamallocasync_allocator.cc:71] 73728, 72
2026-05-04 09:23:58.293596: E external/local_xla/xla/stream_executor/gpu/gpu_cudamallocasync_allocator.cc:71] 78336, 4
2026-05-04 09:23:58.293616: E external/local_xla/xla/stream_executor/gpu/gpu_cudamallocasync_allocator.cc:71] 79872, 1
2026-05-04 09:23:58.293619: E external/local_xla/xla/stream_executor/gpu/gpu_cudamallocasync_allocator.cc:71] 86016, 2
2026-05-04 09:23:58.293623: E external/local_xla/xla/stream_executor/gpu/gpu_cudamallocasync_allocator.cc:71] 96768, 4
2026-05-04 09:23:58.293626: E external/local_xla/xla/stream_executor/gpu/gpu_cudamallocasync_allocator.cc:71] 159744, 2
2026-05-04 09:23:58.293629: E external/local_xla/xla/stream_executor/gpu/gpu_cudamallocasync_allocator.cc:71] 239616, 1
2026-05-04 09:23:58.293632: E external/local_xla/xla/stream_executor/gpu/gpu_cudamallocasync_allocator.cc:71] 319488, 1
2026-05-04 09:23:58.293635: E external/local_xla/xla/stream_executor/gpu/gpu_cudamallocasync_allocator.cc:71] 387072, 4
2026-05-04 09:23:58.293638: E external/local_xla/xla/stream_executor/gpu/gpu_cudamallocasync_allocator.cc:71] 577536, 2
2026-05-04 09:23:58.293641: E external/local_xla/xla/stream_executor/gpu/gpu_cudamallocasync_allocator.cc:71] 1720320, 40
2026-05-04 09:23:58.293644: E external/local_xla/xla/stream_executor/gpu/gpu_cudamallocasync_allocator.cc:71] 24084480, 3
2026-05-04 09:23:58.293647: E external/local_xla/xla/stream_executor/gpu/gpu_cudamallocasync_allocator.cc:71] 27525120, 3
2026-05-04 09:23:58.293650: E external/local_xla/xla/stream_executor/gpu/gpu_cudamallocasync_allocator.cc:71] 41287680, 18
2026-05-04 09:23:58.293653: E external/local_xla/xla/stream_executor/gpu/gpu_cudamallocasync_allocator.cc:71] 55050240, 2
2026-05-04 09:23:58.293656: E external/local_xla/xla/stream_executor/gpu/gpu_cudamallocasync_allocator.cc:71] 82575360, 6
2026-05-04 09:23:58.293660: E external/local_xla/xla/stream_executor/gpu/gpu_cudamallocasync_allocator.cc:71] 96337920, 8
2026-05-04 09:23:58.293663: E external/local_xla/xla/stream_executor/gpu/gpu_cudamallocasync_allocator.cc:71] 110100480, 1
2026-05-04 09:23:58.293666: E external/local_xla/xla/stream_executor/gpu/gpu_cudamallocasync_allocator.cc:71] 165150720, 110
2026-05-04 09:23:58.293669: E external/local_xla/xla/stream_executor/gpu/gpu_cudamallocasync_allocator.cc:71] 220200960, 1
2026-05-04 09:23:58.293672: E external/local_xla/xla/stream_executor/gpu/gpu_cudamallocasync_allocator.cc:71] 280412160, 1
2026-05-04 09:23:58.293675: E external/local_xla/xla/stream_executor/gpu/gpu_cudamallocasync_allocator.cc:71] 330301440, 22
2026-05-04 09:23:58.293678: E external/local_xla/xla/stream_executor/gpu/gpu_cudamallocasync_allocator.cc:71] 1321205760, 9
2026-05-04 09:23:58.293683: E external/local_xla/xla/stream_executor/gpu/gpu_cudamallocasync_allocator.cc:104] CU_MEMPOOL_ATTR_RESERVED_MEM_CURRENT: 40936407040
2026-05-04 09:23:58.293687: E external/local_xla/xla/stream_executor/gpu/gpu_cudamallocasync_allocator.cc:106] CU_MEMPOOL_ATTR_USED_MEM_CURRENT: 40298880072
2026-05-04 09:23:58.293690: E external/local_xla/xla/stream_executor/gpu/gpu_cudamallocasync_allocator.cc:107] CU_MEMPOOL_ATTR_RESERVED_MEM_HIGH: 41909485568
2026-05-04 09:23:58.293693: E external/local_xla/xla/stream_executor/gpu/gpu_cudamallocasync_allocator.cc:108] CU_MEMPOOL_ATTR_USED_MEM_HIGH: 40298880072
2026-05-04 09:23:58.293706: W tensorflow/core/framework/op_kernel.cc:1857] OP_REQUIRES failed at softmax_op_gpu.cu.cc:205 : RESOURCE_EXHAUSTED: OOM when allocating tensor with shape[2240,4,192,192] and type float on /job:localhost/replica:0/task:0/device:GPU:0 by allocator gpu_async_0
Traceback (most recent call last):
  File "/lustre07/scratch/rsadve1/Universal_Receiver_NEW-main_Narval/scripts/probe_training_memory_narval.py", line 111, in <module>
    main()
  File "/lustre07/scratch/rsadve1/Universal_Receiver_NEW-main_Narval/scripts/probe_training_memory_narval.py", line 93, in main
    result = train_model(
             ^^^^^^^^^^^^
  File "/lustre07/scratch/rsadve1/Universal_Receiver_NEW-main_Narval/src/upair5g/training.py", line 404, in train_model
    metrics = _train_step(
              ^^^^^^^^^^^^
  File "/home/rsadve1/scratch/.venvGRAND/lib/python3.12/site-packages/tensorflow/python/util/traceback_utils.py", line 153, in error_handler
    raise e.with_traceback(filtered_tb) from None
  File "/home/rsadve1/scratch/.venvGRAND/lib/python3.12/site-packages/tensorflow/python/eager/execute.py", line 53, in quick_execute
    tensors = pywrap_tfe.TFE_Py_Execute(ctx._handle, device_name, op_name,
  ^^^^^^^^^^^^^^^^^^^^^^^^^^^^^^^^^^^^^^^^^^^^^^^^^^^^^^^^^^^^^^^^^^^^^^^^
tensorflow.python.framework.errors_impl.ResourceExhaustedError: Graph execution error:

Detected at node axial_block_4_1/multi_head_attention_8_1/softmax_8_1/Softmax defined at (most recent call last):
  File "/lustre07/scratch/rsadve1/Universal_Receiver_NEW-main_Narval/scripts/probe_training_memory_narval.py", line 111, in <module>

  File "/lustre07/scratch/rsadve1/Universal_Receiver_NEW-main_Narval/scripts/probe_training_memory_narval.py", line 93, in main

  File "/lustre07/scratch/rsadve1/Universal_Receiver_NEW-main_Narval/src/upair5g/training.py", line 404, in train_model

  File "/lustre07/scratch/rsadve1/Universal_Receiver_NEW-main_Narval/src/upair5g/training.py", line 144, in _train_step

  File "/lustre07/scratch/rsadve1/Universal_Receiver_NEW-main_Narval/src/upair5g/estimator.py", line 284, in estimate_with_ls

  File "/lustre07/scratch/rsadve1/Universal_Receiver_NEW-main_Narval/src/upair5g/estimator.py", line 285, in estimate_with_ls

  File "/home/rsadve1/scratch/.venvGRAND/lib/python3.12/site-packages/keras/src/utils/traceback_utils.py", line 117, in error_handler

  File "/home/rsadve1/scratch/.venvGRAND/lib/python3.12/site-packages/keras/src/layers/layer.py", line 998, in __call__

  File "/home/rsadve1/scratch/.venvGRAND/lib/python3.12/site-packages/keras/src/utils/traceback_utils.py", line 117, in error_handler

  File "/home/rsadve1/scratch/.venvGRAND/lib/python3.12/site-packages/keras/src/ops/operation.py", line 59, in __call__

  File "/home/rsadve1/scratch/.venvGRAND/lib/python3.12/site-packages/keras/src/utils/traceback_utils.py", line 156, in error_handler

  File "/lustre07/scratch/rsadve1/Universal_Receiver_NEW-main_Narval/src/upair5g/estimator.py", line 75, in call

  File "/home/rsadve1/scratch/.venvGRAND/lib/python3.12/site-packages/keras/src/utils/traceback_utils.py", line 117, in error_handler

  File "/home/rsadve1/scratch/.venvGRAND/lib/python3.12/site-packages/keras/src/layers/layer.py", line 998, in __call__

  File "/home/rsadve1/scratch/.venvGRAND/lib/python3.12/site-packages/keras/src/utils/traceback_utils.py", line 117, in error_handler

  File "/home/rsadve1/scratch/.venvGRAND/lib/python3.12/site-packages/keras/src/ops/operation.py", line 59, in __call__

  File "/home/rsadve1/scratch/.venvGRAND/lib/python3.12/site-packages/keras/src/utils/traceback_utils.py", line 156, in error_handler

  File "/home/rsadve1/scratch/.venvGRAND/lib/python3.12/site-packages/keras/src/layers/attention/multi_head_attention.py", line 590, in call

  File "/home/rsadve1/scratch/.venvGRAND/lib/python3.12/site-packages/keras/src/layers/attention/multi_head_attention.py", line 525, in _compute_attention

  File "/home/rsadve1/scratch/.venvGRAND/lib/python3.12/site-packages/keras/src/layers/attention/multi_head_attention.py", line 440, in _masked_softmax

  File "/home/rsadve1/scratch/.venvGRAND/lib/python3.12/site-packages/keras/src/utils/traceback_utils.py", line 117, in error_handler

  File "/home/rsadve1/scratch/.venvGRAND/lib/python3.12/site-packages/keras/src/layers/layer.py", line 998, in __call__

  File "/home/rsadve1/scratch/.venvGRAND/lib/python3.12/site-packages/keras/src/utils/traceback_utils.py", line 117, in error_handler

  File "/home/rsadve1/scratch/.venvGRAND/lib/python3.12/site-packages/keras/src/ops/operation.py", line 59, in __call__

  File "/home/rsadve1/scratch/.venvGRAND/lib/python3.12/site-packages/keras/src/utils/traceback_utils.py", line 156, in error_handler

  File "/home/rsadve1/scratch/.venvGRAND/lib/python3.12/site-packages/keras/src/layers/activations/softmax.py", line 93, in call

  File "/home/rsadve1/scratch/.venvGRAND/lib/python3.12/site-packages/keras/src/activations/activations.py", line 160, in softmax

  File "/home/rsadve1/scratch/.venvGRAND/lib/python3.12/site-packages/keras/src/ops/nn.py", line 974, in softmax

  File "/home/rsadve1/scratch/.venvGRAND/lib/python3.12/site-packages/keras/src/backend/tensorflow/nn.py", line 155, in softmax

OOM when allocating tensor with shape[2240,4,192,192] and type float on /job:localhost/replica:0/task:0/device:GPU:0 by allocator gpu_async_0
	 [[{{node axial_block_4_1/multi_head_attention_8_1/softmax_8_1/Softmax}}]]
Hint: If you want to see a list of allocated tensors when OOM happens, add report_tensor_allocations_upon_oom to RunOptions for current allocation info. This isn't available when running in Eager mode.
 [Op:__inference__train_step_51671]
