2026-05-04 09:24:02.332782: E external/local_xla/xla/stream_executor/cuda/cuda_fft.cc:467] Unable to register cuFFT factory: Attempting to register factory for plugin cuFFT when one has already been registered
WARNING: All log messages before absl::InitializeLog() is called are written to STDERR
E0000 00:00:1777901042.347851 2794649 cuda_dnn.cc:8579] Unable to register cuDNN factory: Attempting to register factory for plugin cuDNN when one has already been registered
E0000 00:00:1777901042.352512 2794649 cuda_blas.cc:1407] Unable to register cuBLAS factory: Attempting to register factory for plugin cuBLAS when one has already been registered
W0000 00:00:1777901042.367367 2794649 computation_placer.cc:177] computation placer already registered. Please check linkage and avoid linking the same target more than once.
W0000 00:00:1777901042.367382 2794649 computation_placer.cc:177] computation placer already registered. Please check linkage and avoid linking the same target more than once.
W0000 00:00:1777901042.367385 2794649 computation_placer.cc:177] computation placer already registered. Please check linkage and avoid linking the same target more than once.
W0000 00:00:1777901042.367388 2794649 computation_placer.cc:177] computation placer already registered. Please check linkage and avoid linking the same target more than once.
2026-05-04 09:24:06.465134: W tensorflow/core/common_runtime/gpu/gpu_bfc_allocator.cc:47] Overriding orig_value setting because the TF_FORCE_GPU_ALLOW_GROWTH environment variable is set. Original config value was 0.
I0000 00:00:1777901046.465164 2794649 gpu_process_state.cc:208] Using CUDA malloc Async allocator for GPU: 0
I0000 00:00:1777901046.466392 2794649 gpu_device.cc:2019] Created device /job:localhost/replica:0/task:0/device:GPU:0 with 38484 MB memory:  -> device: 0, name: NVIDIA A100-SXM4-40GB, pci bus id: 0000:81:00.0, compute capability: 8.0
E0000 00:00:1777901066.592674 2794649 meta_optimizer.cc:967] layout failed: INVALID_ARGUMENT: Size of values 0 does not match size of permutation 4 @ fanin shape inaxial_block_0_1/dropout_5/stateless_dropout/SelectV2-2-TransposeNHWCToNCHW-LayoutOptimizer
2026-05-04 09:24:30.573659: E external/local_xla/xla/stream_executor/gpu/gpu_cudamallocasync_allocator.cc:359] gpu_async_0 cuMemAllocAsync failed to allocate 77070336 bytes: RESOURCE_EXHAUSTED: : CUDA_ERROR_OUT_OF_MEMORY: out of memory
 Reported by CUDA: Free memory/Total memory: 35979264/42406903808
2026-05-04 09:24:30.573904: E external/local_xla/xla/stream_executor/gpu/gpu_cudamallocasync_allocator.cc:364] Stats: Limit:                     40353726464
InUse:                     41747675848
MaxInUse:                  41747675848
NumAllocs:                       11836
MaxAllocSize:               1056964608
Reserved:                            0
PeakReserved:                        0
LargestFreeBlock:                    0

2026-05-04 09:24:30.573977: E external/local_xla/xla/stream_executor/gpu/gpu_cudamallocasync_allocator.cc:68] Histogram of current allocation: (allocation_size_in_bytes, nb_allocation_of_that_sizes), ...;
2026-05-04 09:24:30.573986: E external/local_xla/xla/stream_executor/gpu/gpu_cudamallocasync_allocator.cc:71] 1, 8
2026-05-04 09:24:30.573994: E external/local_xla/xla/stream_executor/gpu/gpu_cudamallocasync_allocator.cc:71] 4, 375
2026-05-04 09:24:30.574000: E external/local_xla/xla/stream_executor/gpu/gpu_cudamallocasync_allocator.cc:71] 8, 16
2026-05-04 09:24:30.574007: E external/local_xla/xla/stream_executor/gpu/gpu_cudamallocasync_allocator.cc:71] 12, 20
2026-05-04 09:24:30.574013: E external/local_xla/xla/stream_executor/gpu/gpu_cudamallocasync_allocator.cc:71] 16, 22
2026-05-04 09:24:30.574019: E external/local_xla/xla/stream_executor/gpu/gpu_cudamallocasync_allocator.cc:71] 24, 6
2026-05-04 09:24:30.574025: E external/local_xla/xla/stream_executor/gpu/gpu_cudamallocasync_allocator.cc:71] 28, 8
2026-05-04 09:24:30.574032: E external/local_xla/xla/stream_executor/gpu/gpu_cudamallocasync_allocator.cc:71] 32, 1
2026-05-04 09:24:30.574038: E external/local_xla/xla/stream_executor/gpu/gpu_cudamallocasync_allocator.cc:71] 64, 4
2026-05-04 09:24:30.574095: E external/local_xla/xla/stream_executor/gpu/gpu_cudamallocasync_allocator.cc:71] 96, 8
2026-05-04 09:24:30.574103: E external/local_xla/xla/stream_executor/gpu/gpu_cudamallocasync_allocator.cc:71] 112, 6
2026-05-04 09:24:30.574110: E external/local_xla/xla/stream_executor/gpu/gpu_cudamallocasync_allocator.cc:71] 128, 4
2026-05-04 09:24:30.574116: E external/local_xla/xla/stream_executor/gpu/gpu_cudamallocasync_allocator.cc:71] 192, 8
2026-05-04 09:24:30.574122: E external/local_xla/xla/stream_executor/gpu/gpu_cudamallocasync_allocator.cc:71] 224, 2
2026-05-04 09:24:30.574128: E external/local_xla/xla/stream_executor/gpu/gpu_cudamallocasync_allocator.cc:71] 256, 4
2026-05-04 09:24:30.574135: E external/local_xla/xla/stream_executor/gpu/gpu_cudamallocasync_allocator.cc:71] 336, 2
2026-05-04 09:24:30.574141: E external/local_xla/xla/stream_executor/gpu/gpu_cudamallocasync_allocator.cc:71] 384, 381
2026-05-04 09:24:30.574147: E external/local_xla/xla/stream_executor/gpu/gpu_cudamallocasync_allocator.cc:71] 448, 2
2026-05-04 09:24:30.574154: E external/local_xla/xla/stream_executor/gpu/gpu_cudamallocasync_allocator.cc:71] 512, 5
2026-05-04 09:24:30.574160: E external/local_xla/xla/stream_executor/gpu/gpu_cudamallocasync_allocator.cc:71] 768, 41
2026-05-04 09:24:30.574166: E external/local_xla/xla/stream_executor/gpu/gpu_cudamallocasync_allocator.cc:71] 1028, 1
2026-05-04 09:24:30.574172: E external/local_xla/xla/stream_executor/gpu/gpu_cudamallocasync_allocator.cc:71] 1536, 5
2026-05-04 09:24:30.574178: E external/local_xla/xla/stream_executor/gpu/gpu_cudamallocasync_allocator.cc:71] 1920, 20
2026-05-04 09:24:30.574185: E external/local_xla/xla/stream_executor/gpu/gpu_cudamallocasync_allocator.cc:71] 3072, 2
2026-05-04 09:24:30.574191: E external/local_xla/xla/stream_executor/gpu/gpu_cudamallocasync_allocator.cc:71] 3456, 24
2026-05-04 09:24:30.574197: E external/local_xla/xla/stream_executor/gpu/gpu_cudamallocasync_allocator.cc:71] 4608, 1
2026-05-04 09:24:30.574203: E external/local_xla/xla/stream_executor/gpu/gpu_cudamallocasync_allocator.cc:71] 6144, 2
2026-05-04 09:24:30.574210: E external/local_xla/xla/stream_executor/gpu/gpu_cudamallocasync_allocator.cc:71] 10752, 6
2026-05-04 09:24:30.574216: E external/local_xla/xla/stream_executor/gpu/gpu_cudamallocasync_allocator.cc:71] 12288, 1
2026-05-04 09:24:30.574222: E external/local_xla/xla/stream_executor/gpu/gpu_cudamallocasync_allocator.cc:71] 18432, 1
2026-05-04 09:24:30.574228: E external/local_xla/xla/stream_executor/gpu/gpu_cudamallocasync_allocator.cc:71] 21504, 3
2026-05-04 09:24:30.574235: E external/local_xla/xla/stream_executor/gpu/gpu_cudamallocasync_allocator.cc:71] 24576, 5
2026-05-04 09:24:30.574241: E external/local_xla/xla/stream_executor/gpu/gpu_cudamallocasync_allocator.cc:71] 27648, 4
2026-05-04 09:24:30.574247: E external/local_xla/xla/stream_executor/gpu/gpu_cudamallocasync_allocator.cc:71] 32256, 1
2026-05-04 09:24:30.574253: E external/local_xla/xla/stream_executor/gpu/gpu_cudamallocasync_allocator.cc:71] 36864, 224
2026-05-04 09:24:30.574260: E external/local_xla/xla/stream_executor/gpu/gpu_cudamallocasync_allocator.cc:71] 39936, 7
2026-05-04 09:24:30.574266: E external/local_xla/xla/stream_executor/gpu/gpu_cudamallocasync_allocator.cc:71] 43008, 3
2026-05-04 09:24:30.574272: E external/local_xla/xla/stream_executor/gpu/gpu_cudamallocasync_allocator.cc:71] 49152, 28
2026-05-04 09:24:30.574278: E external/local_xla/xla/stream_executor/gpu/gpu_cudamallocasync_allocator.cc:71] 62592, 3
2026-05-04 09:24:30.574285: E external/local_xla/xla/stream_executor/gpu/gpu_cudamallocasync_allocator.cc:71] 64512, 2
2026-05-04 09:24:30.574291: E external/local_xla/xla/stream_executor/gpu/gpu_cudamallocasync_allocator.cc:71] 73728, 72
2026-05-04 09:24:30.574297: E external/local_xla/xla/stream_executor/gpu/gpu_cudamallocasync_allocator.cc:71] 78336, 4
2026-05-04 09:24:30.574303: E external/local_xla/xla/stream_executor/gpu/gpu_cudamallocasync_allocator.cc:71] 79872, 1
2026-05-04 09:24:30.574309: E external/local_xla/xla/stream_executor/gpu/gpu_cudamallocasync_allocator.cc:71] 86016, 2
2026-05-04 09:24:30.574347: E external/local_xla/xla/stream_executor/gpu/gpu_cudamallocasync_allocator.cc:71] 96768, 4
2026-05-04 09:24:30.574354: E external/local_xla/xla/stream_executor/gpu/gpu_cudamallocasync_allocator.cc:71] 159744, 2
2026-05-04 09:24:30.574360: E external/local_xla/xla/stream_executor/gpu/gpu_cudamallocasync_allocator.cc:71] 239616, 1
2026-05-04 09:24:30.574367: E external/local_xla/xla/stream_executor/gpu/gpu_cudamallocasync_allocator.cc:71] 319488, 1
2026-05-04 09:24:30.574373: E external/local_xla/xla/stream_executor/gpu/gpu_cudamallocasync_allocator.cc:71] 387072, 4
2026-05-04 09:24:30.574379: E external/local_xla/xla/stream_executor/gpu/gpu_cudamallocasync_allocator.cc:71] 577536, 2
2026-05-04 09:24:30.574385: E external/local_xla/xla/stream_executor/gpu/gpu_cudamallocasync_allocator.cc:71] 1376256, 60
2026-05-04 09:24:30.574392: E external/local_xla/xla/stream_executor/gpu/gpu_cudamallocasync_allocator.cc:71] 19267584, 4
2026-05-04 09:24:30.574398: E external/local_xla/xla/stream_executor/gpu/gpu_cudamallocasync_allocator.cc:71] 22020096, 3
2026-05-04 09:24:30.574404: E external/local_xla/xla/stream_executor/gpu/gpu_cudamallocasync_allocator.cc:71] 33030144, 23
2026-05-04 09:24:30.574410: E external/local_xla/xla/stream_executor/gpu/gpu_cudamallocasync_allocator.cc:71] 44040192, 2
2026-05-04 09:24:30.574417: E external/local_xla/xla/stream_executor/gpu/gpu_cudamallocasync_allocator.cc:71] 66060288, 6
2026-05-04 09:24:30.574423: E external/local_xla/xla/stream_executor/gpu/gpu_cudamallocasync_allocator.cc:71] 77070336, 12
2026-05-04 09:24:30.574429: E external/local_xla/xla/stream_executor/gpu/gpu_cudamallocasync_allocator.cc:71] 88080384, 1
2026-05-04 09:24:30.574435: E external/local_xla/xla/stream_executor/gpu/gpu_cudamallocasync_allocator.cc:71] 132120576, 148
2026-05-04 09:24:30.574441: E external/local_xla/xla/stream_executor/gpu/gpu_cudamallocasync_allocator.cc:71] 176160768, 1
2026-05-04 09:24:30.574448: E external/local_xla/xla/stream_executor/gpu/gpu_cudamallocasync_allocator.cc:71] 224329728, 1
2026-05-04 09:24:30.574454: E external/local_xla/xla/stream_executor/gpu/gpu_cudamallocasync_allocator.cc:71] 264241152, 25
2026-05-04 09:24:30.574474: E external/local_xla/xla/stream_executor/gpu/gpu_cudamallocasync_allocator.cc:71] 1056964608, 12
2026-05-04 09:24:30.574483: E external/local_xla/xla/stream_executor/gpu/gpu_cudamallocasync_allocator.cc:104] CU_MEMPOOL_ATTR_RESERVED_MEM_CURRENT: 41909485568
2026-05-04 09:24:30.574490: E external/local_xla/xla/stream_executor/gpu/gpu_cudamallocasync_allocator.cc:106] CU_MEMPOOL_ATTR_USED_MEM_CURRENT: 41747675848
2026-05-04 09:24:30.574497: E external/local_xla/xla/stream_executor/gpu/gpu_cudamallocasync_allocator.cc:107] CU_MEMPOOL_ATTR_RESERVED_MEM_HIGH: 41943040000
2026-05-04 09:24:30.574504: E external/local_xla/xla/stream_executor/gpu/gpu_cudamallocasync_allocator.cc:108] CU_MEMPOOL_ATTR_USED_MEM_HIGH: 41747675848
2026-05-04 09:24:30.574525: W tensorflow/core/framework/op_kernel.cc:1857] OP_REQUIRES failed at softmax_op_gpu.cu.cc:205 : RESOURCE_EXHAUSTED: OOM when allocating tensor with shape[24576,4,14,14] and type float on /job:localhost/replica:0/task:0/device:GPU:0 by allocator gpu_async_0
Traceback (most recent call last):
  File "/lustre07/scratch/rsadve1/Universal_Receiver_NEW-main_Narval/scripts/probe_training_memory_narval.py", line 111, in <module>
    main()
  File "/lustre07/scratch/rsadve1/Universal_Receiver_NEW-main_Narval/scripts/probe_training_memory_narval.py", line 93, in main
    result = train_model(
             ^^^^^^^^^^^^
  File "/lustre07/scratch/rsadve1/Universal_Receiver_NEW-main_Narval/src/upair5g/training.py", line 404, in train_model
    metrics = _train_step(
              ^^^^^^^^^^^^
  File "/home/rsadve1/scratch/.venvGRAND/lib/python3.12/site-packages/tensorflow/python/util/traceback_utils.py", line 153, in error_handler
    raise e.with_traceback(filtered_tb) from None
  File "/home/rsadve1/scratch/.venvGRAND/lib/python3.12/site-packages/tensorflow/python/eager/execute.py", line 53, in quick_execute
    tensors = pywrap_tfe.TFE_Py_Execute(ctx._handle, device_name, op_name,
  ^^^^^^^^^^^^^^^^^^^^^^^^^^^^^^^^^^^^^^^^^^^^^^^^^^^^^^^^^^^^^^^^^^^^^^^^
tensorflow.python.framework.errors_impl.ResourceExhaustedError: Graph execution error:

Detected at node axial_block_5_1/multi_head_attention_11_1/softmax_11_1/Softmax defined at (most recent call last):
  File "/lustre07/scratch/rsadve1/Universal_Receiver_NEW-main_Narval/scripts/probe_training_memory_narval.py", line 111, in <module>

  File "/lustre07/scratch/rsadve1/Universal_Receiver_NEW-main_Narval/scripts/probe_training_memory_narval.py", line 93, in main

  File "/lustre07/scratch/rsadve1/Universal_Receiver_NEW-main_Narval/src/upair5g/training.py", line 404, in train_model

  File "/lustre07/scratch/rsadve1/Universal_Receiver_NEW-main_Narval/src/upair5g/training.py", line 144, in _train_step

  File "/lustre07/scratch/rsadve1/Universal_Receiver_NEW-main_Narval/src/upair5g/estimator.py", line 284, in estimate_with_ls

  File "/lustre07/scratch/rsadve1/Universal_Receiver_NEW-main_Narval/src/upair5g/estimator.py", line 285, in estimate_with_ls

  File "/home/rsadve1/scratch/.venvGRAND/lib/python3.12/site-packages/keras/src/utils/traceback_utils.py", line 117, in error_handler

  File "/home/rsadve1/scratch/.venvGRAND/lib/python3.12/site-packages/keras/src/layers/layer.py", line 998, in __call__

  File "/home/rsadve1/scratch/.venvGRAND/lib/python3.12/site-packages/keras/src/utils/traceback_utils.py", line 117, in error_handler

  File "/home/rsadve1/scratch/.venvGRAND/lib/python3.12/site-packages/keras/src/ops/operation.py", line 59, in __call__

  File "/home/rsadve1/scratch/.venvGRAND/lib/python3.12/site-packages/keras/src/utils/traceback_utils.py", line 156, in error_handler

  File "/lustre07/scratch/rsadve1/Universal_Receiver_NEW-main_Narval/src/upair5g/estimator.py", line 83, in call

  File "/home/rsadve1/scratch/.venvGRAND/lib/python3.12/site-packages/keras/src/utils/traceback_utils.py", line 117, in error_handler

  File "/home/rsadve1/scratch/.venvGRAND/lib/python3.12/site-packages/keras/src/layers/layer.py", line 998, in __call__

  File "/home/rsadve1/scratch/.venvGRAND/lib/python3.12/site-packages/keras/src/utils/traceback_utils.py", line 117, in error_handler

  File "/home/rsadve1/scratch/.venvGRAND/lib/python3.12/site-packages/keras/src/ops/operation.py", line 59, in __call__

  File "/home/rsadve1/scratch/.venvGRAND/lib/python3.12/site-packages/keras/src/utils/traceback_utils.py", line 156, in error_handler

  File "/home/rsadve1/scratch/.venvGRAND/lib/python3.12/site-packages/keras/src/layers/attention/multi_head_attention.py", line 590, in call

  File "/home/rsadve1/scratch/.venvGRAND/lib/python3.12/site-packages/keras/src/layers/attention/multi_head_attention.py", line 525, in _compute_attention

  File "/home/rsadve1/scratch/.venvGRAND/lib/python3.12/site-packages/keras/src/layers/attention/multi_head_attention.py", line 440, in _masked_softmax

  File "/home/rsadve1/scratch/.venvGRAND/lib/python3.12/site-packages/keras/src/utils/traceback_utils.py", line 117, in error_handler

  File "/home/rsadve1/scratch/.venvGRAND/lib/python3.12/site-packages/keras/src/layers/layer.py", line 998, in __call__

  File "/home/rsadve1/scratch/.venvGRAND/lib/python3.12/site-packages/keras/src/utils/traceback_utils.py", line 117, in error_handler

  File "/home/rsadve1/scratch/.venvGRAND/lib/python3.12/site-packages/keras/src/ops/operation.py", line 59, in __call__

  File "/home/rsadve1/scratch/.venvGRAND/lib/python3.12/site-packages/keras/src/utils/traceback_utils.py", line 156, in error_handler

  File "/home/rsadve1/scratch/.venvGRAND/lib/python3.12/site-packages/keras/src/layers/activations/softmax.py", line 93, in call

  File "/home/rsadve1/scratch/.venvGRAND/lib/python3.12/site-packages/keras/src/activations/activations.py", line 160, in softmax

  File "/home/rsadve1/scratch/.venvGRAND/lib/python3.12/site-packages/keras/src/ops/nn.py", line 974, in softmax

  File "/home/rsadve1/scratch/.venvGRAND/lib/python3.12/site-packages/keras/src/backend/tensorflow/nn.py", line 155, in softmax

OOM when allocating tensor with shape[24576,4,14,14] and type float on /job:localhost/replica:0/task:0/device:GPU:0 by allocator gpu_async_0
	 [[{{node axial_block_5_1/multi_head_attention_11_1/softmax_11_1/Softmax}}]]
Hint: If you want to see a list of allocated tensors when OOM happens, add report_tensor_allocations_upon_oom to RunOptions for current allocation info. This isn't available when running in Eager mode.
 [Op:__inference__train_step_51671]
