[MEMPROBE] case_index=manual dmrs_case=1dmrs variant=wide_d128_b4_r2 batch_size=96 num_rx_ant=16 steps=350 eval_every=175 val_steps=16
[TRAIN] starting from scratch
[TRAIN] step=00001 loss=-2.29784 nmse_prop=0.03626 nmse_ls=0.03626 gpu_mem=0.09GiB peak=26.60GiB
[TRAIN] step=00025 loss=-2.46282 nmse_prop=0.03085 nmse_ls=0.03191 gpu_mem=0.23GiB peak=26.83GiB
[TRAIN] saved resumable state at step=25 reason=periodic: /lustre07/scratch/rsadve1/Universal_Receiver_NEW-main_Narval/TWC_plots_comprehensive/memory_probe/rx16/bs96/1dmrs/wide_d128_b4_r2/checkpoints/training_state/ckpt-25
[TRAIN] step=00050 loss=-2.87772 nmse_prop=0.02057 nmse_ls=0.02162 gpu_mem=0.23GiB peak=26.83GiB
[TRAIN] saved resumable state at step=50 reason=periodic: /lustre07/scratch/rsadve1/Universal_Receiver_NEW-main_Narval/TWC_plots_comprehensive/memory_probe/rx16/bs96/1dmrs/wide_d128_b4_r2/checkpoints/training_state/ckpt-50
[TRAIN] step=00075 loss=-1.83114 nmse_prop=0.05740 nmse_ls=0.05891 gpu_mem=0.23GiB peak=26.83GiB
[TRAIN] saved resumable state at step=75 reason=periodic: /lustre07/scratch/rsadve1/Universal_Receiver_NEW-main_Narval/TWC_plots_comprehensive/memory_probe/rx16/bs96/1dmrs/wide_d128_b4_r2/checkpoints/training_state/ckpt-75
[TRAIN] step=00100 loss=-2.80616 nmse_prop=0.02231 nmse_ls=0.02413 gpu_mem=0.23GiB peak=26.83GiB
[TRAIN] saved resumable state at step=100 reason=periodic: /lustre07/scratch/rsadve1/Universal_Receiver_NEW-main_Narval/TWC_plots_comprehensive/memory_probe/rx16/bs96/1dmrs/wide_d128_b4_r2/checkpoints/training_state/ckpt-100
[TRAIN] step=00125 loss=-2.97505 nmse_prop=0.01915 nmse_ls=0.02089 gpu_mem=0.23GiB peak=26.83GiB
[TRAIN] saved resumable state at step=125 reason=periodic: /lustre07/scratch/rsadve1/Universal_Receiver_NEW-main_Narval/TWC_plots_comprehensive/memory_probe/rx16/bs96/1dmrs/wide_d128_b4_r2/checkpoints/training_state/ckpt-125
[TRAIN] step=00150 loss=-2.45029 nmse_prop=0.03158 nmse_ls=0.03405 gpu_mem=0.23GiB peak=26.83GiB
[TRAIN] saved resumable state at step=150 reason=periodic: /lustre07/scratch/rsadve1/Universal_Receiver_NEW-main_Narval/TWC_plots_comprehensive/memory_probe/rx16/bs96/1dmrs/wide_d128_b4_r2/checkpoints/training_state/ckpt-150
[TRAIN] saved new best weights at step=175 val_nmse=0.0270077
[TRAIN] step=00175 loss=-1.61188 nmse_prop=0.07199 nmse_ls=0.07521 gpu_mem=0.39GiB peak=26.83GiB
[TRAIN] saved resumable state at step=175 reason=periodic: /lustre07/scratch/rsadve1/Universal_Receiver_NEW-main_Narval/TWC_plots_comprehensive/memory_probe/rx16/bs96/1dmrs/wide_d128_b4_r2/checkpoints/training_state/ckpt-175
[TRAIN] step=00200 loss=-3.47628 nmse_prop=0.01372 nmse_ls=0.01681 gpu_mem=0.39GiB peak=26.98GiB
[TRAIN] saved resumable state at step=200 reason=periodic: /lustre07/scratch/rsadve1/Universal_Receiver_NEW-main_Narval/TWC_plots_comprehensive/memory_probe/rx16/bs96/1dmrs/wide_d128_b4_r2/checkpoints/training_state/ckpt-200
[TRAIN] step=00225 loss=-2.07452 nmse_prop=0.04658 nmse_ls=0.05002 gpu_mem=0.39GiB peak=26.98GiB
[TRAIN] saved resumable state at step=225 reason=periodic: /lustre07/scratch/rsadve1/Universal_Receiver_NEW-main_Narval/TWC_plots_comprehensive/memory_probe/rx16/bs96/1dmrs/wide_d128_b4_r2/checkpoints/training_state/ckpt-225
[TRAIN] step=00250 loss=-3.52059 nmse_prop=0.01535 nmse_ls=0.01854 gpu_mem=0.39GiB peak=26.98GiB
[TRAIN] saved resumable state at step=250 reason=periodic: /lustre07/scratch/rsadve1/Universal_Receiver_NEW-main_Narval/TWC_plots_comprehensive/memory_probe/rx16/bs96/1dmrs/wide_d128_b4_r2/checkpoints/training_state/ckpt-250
[TRAIN] step=00275 loss=-3.37851 nmse_prop=0.01697 nmse_ls=0.02051 gpu_mem=0.39GiB peak=26.98GiB
[TRAIN] saved resumable state at step=275 reason=periodic: /lustre07/scratch/rsadve1/Universal_Receiver_NEW-main_Narval/TWC_plots_comprehensive/memory_probe/rx16/bs96/1dmrs/wide_d128_b4_r2/checkpoints/training_state/ckpt-275
[TRAIN] step=00300 loss=-3.33343 nmse_prop=0.01700 nmse_ls=0.01957 gpu_mem=0.39GiB peak=26.98GiB
[TRAIN] saved resumable state at step=300 reason=periodic: /lustre07/scratch/rsadve1/Universal_Receiver_NEW-main_Narval/TWC_plots_comprehensive/memory_probe/rx16/bs96/1dmrs/wide_d128_b4_r2/checkpoints/training_state/ckpt-300
[TRAIN] step=00325 loss=-3.18079 nmse_prop=0.01873 nmse_ls=0.02267 gpu_mem=0.39GiB peak=26.98GiB
[TRAIN] saved resumable state at step=325 reason=periodic: /lustre07/scratch/rsadve1/Universal_Receiver_NEW-main_Narval/TWC_plots_comprehensive/memory_probe/rx16/bs96/1dmrs/wide_d128_b4_r2/checkpoints/training_state/ckpt-325
[TRAIN] saved new best weights at step=350 val_nmse=0.0250007
[TRAIN] step=00350 loss=-2.72785 nmse_prop=0.02580 nmse_ls=0.02983 gpu_mem=0.39GiB peak=26.98GiB
[TRAIN] saved resumable state at step=350 reason=periodic: /lustre07/scratch/rsadve1/Universal_Receiver_NEW-main_Narval/TWC_plots_comprehensive/memory_probe/rx16/bs96/1dmrs/wide_d128_b4_r2/checkpoints/training_state/ckpt-350
[TRAIN] saved resumable state at step=350 reason=final: /lustre07/scratch/rsadve1/Universal_Receiver_NEW-main_Narval/TWC_plots_comprehensive/memory_probe/rx16/bs96/1dmrs/wide_d128_b4_r2/checkpoints/training_state/ckpt-350
[MEMPROBE] completed successfully
