[MEMPROBE] case_index=manual dmrs_case=2dmrs variant=deep_d96_b6_r2 batch_size=96 num_rx_ant=16 steps=350 eval_every=175 val_steps=16
[TRAIN] starting from scratch
[TRAIN] step=00001 loss=-2.57912 nmse_prop=0.02310 nmse_ls=0.02310 gpu_mem=0.09GiB peak=32.46GiB
[TRAIN] step=00025 loss=-2.86537 nmse_prop=0.02082 nmse_ls=0.02038 gpu_mem=0.23GiB peak=32.69GiB
[TRAIN] saved resumable state at step=25 reason=periodic: /lustre07/scratch/rsadve1/Universal_Receiver_NEW-main_Narval/TWC_plots_comprehensive/memory_probe/rx16/bs96/2dmrs/deep_d96_b6_r2/checkpoints/training_state/ckpt-25
[TRAIN] step=00050 loss=-3.67457 nmse_prop=0.00924 nmse_ls=0.01014 gpu_mem=0.23GiB peak=32.69GiB
[TRAIN] saved resumable state at step=50 reason=periodic: /lustre07/scratch/rsadve1/Universal_Receiver_NEW-main_Narval/TWC_plots_comprehensive/memory_probe/rx16/bs96/2dmrs/deep_d96_b6_r2/checkpoints/training_state/ckpt-50
[TRAIN] step=00075 loss=-2.02542 nmse_prop=0.04620 nmse_ls=0.04657 gpu_mem=0.23GiB peak=32.69GiB
[TRAIN] saved resumable state at step=75 reason=periodic: /lustre07/scratch/rsadve1/Universal_Receiver_NEW-main_Narval/TWC_plots_comprehensive/memory_probe/rx16/bs96/2dmrs/deep_d96_b6_r2/checkpoints/training_state/ckpt-75
[TRAIN] step=00100 loss=-3.37151 nmse_prop=0.01264 nmse_ls=0.01383 gpu_mem=0.23GiB peak=32.69GiB
[TRAIN] saved resumable state at step=100 reason=periodic: /lustre07/scratch/rsadve1/Universal_Receiver_NEW-main_Narval/TWC_plots_comprehensive/memory_probe/rx16/bs96/2dmrs/deep_d96_b6_r2/checkpoints/training_state/ckpt-100
[TRAIN] step=00125 loss=-3.77900 nmse_prop=0.00847 nmse_ls=0.00975 gpu_mem=0.23GiB peak=32.69GiB
[TRAIN] saved resumable state at step=125 reason=periodic: /lustre07/scratch/rsadve1/Universal_Receiver_NEW-main_Narval/TWC_plots_comprehensive/memory_probe/rx16/bs96/2dmrs/deep_d96_b6_r2/checkpoints/training_state/ckpt-125
[TRAIN] step=00150 loss=-2.82381 nmse_prop=0.02140 nmse_ls=0.02320 gpu_mem=0.23GiB peak=32.69GiB
[TRAIN] saved resumable state at step=150 reason=periodic: /lustre07/scratch/rsadve1/Universal_Receiver_NEW-main_Narval/TWC_plots_comprehensive/memory_probe/rx16/bs96/2dmrs/deep_d96_b6_r2/checkpoints/training_state/ckpt-150
[TRAIN] saved new best weights at step=175 val_nmse=0.0160884
[TRAIN] step=00175 loss=-1.75338 nmse_prop=0.05989 nmse_ls=0.06200 gpu_mem=0.39GiB peak=32.69GiB
[TRAIN] saved resumable state at step=175 reason=periodic: /lustre07/scratch/rsadve1/Universal_Receiver_NEW-main_Narval/TWC_plots_comprehensive/memory_probe/rx16/bs96/2dmrs/deep_d96_b6_r2/checkpoints/training_state/ckpt-175
[TRAIN] step=00200 loss=-4.34639 nmse_prop=0.00491 nmse_ls=0.00755 gpu_mem=0.39GiB peak=32.84GiB
[TRAIN] saved resumable state at step=200 reason=periodic: /lustre07/scratch/rsadve1/Universal_Receiver_NEW-main_Narval/TWC_plots_comprehensive/memory_probe/rx16/bs96/2dmrs/deep_d96_b6_r2/checkpoints/training_state/ckpt-200
[TRAIN] step=00225 loss=-2.32736 nmse_prop=0.03378 nmse_ls=0.03660 gpu_mem=0.39GiB peak=32.84GiB
[TRAIN] saved resumable state at step=225 reason=periodic: /lustre07/scratch/rsadve1/Universal_Receiver_NEW-main_Narval/TWC_plots_comprehensive/memory_probe/rx16/bs96/2dmrs/deep_d96_b6_r2/checkpoints/training_state/ckpt-225
[TRAIN] step=00250 loss=-4.60267 nmse_prop=0.00372 nmse_ls=0.00682 gpu_mem=0.39GiB peak=32.84GiB
[TRAIN] saved resumable state at step=250 reason=periodic: /lustre07/scratch/rsadve1/Universal_Receiver_NEW-main_Narval/TWC_plots_comprehensive/memory_probe/rx16/bs96/2dmrs/deep_d96_b6_r2/checkpoints/training_state/ckpt-250
[TRAIN] step=00275 loss=-4.40671 nmse_prop=0.00483 nmse_ls=0.00804 gpu_mem=0.39GiB peak=32.84GiB
[TRAIN] saved resumable state at step=275 reason=periodic: /lustre07/scratch/rsadve1/Universal_Receiver_NEW-main_Narval/TWC_plots_comprehensive/memory_probe/rx16/bs96/2dmrs/deep_d96_b6_r2/checkpoints/training_state/ckpt-275
[TRAIN] step=00300 loss=-4.28998 nmse_prop=0.00534 nmse_ls=0.00777 gpu_mem=0.39GiB peak=32.84GiB
[TRAIN] saved resumable state at step=300 reason=periodic: /lustre07/scratch/rsadve1/Universal_Receiver_NEW-main_Narval/TWC_plots_comprehensive/memory_probe/rx16/bs96/2dmrs/deep_d96_b6_r2/checkpoints/training_state/ckpt-300
[TRAIN] step=00325 loss=-3.97315 nmse_prop=0.00706 nmse_ls=0.01047 gpu_mem=0.39GiB peak=32.84GiB
[TRAIN] saved resumable state at step=325 reason=periodic: /lustre07/scratch/rsadve1/Universal_Receiver_NEW-main_Narval/TWC_plots_comprehensive/memory_probe/rx16/bs96/2dmrs/deep_d96_b6_r2/checkpoints/training_state/ckpt-325
[TRAIN] saved new best weights at step=350 val_nmse=0.0141538
[TRAIN] step=00350 loss=-3.14025 nmse_prop=0.01556 nmse_ls=0.01893 gpu_mem=0.39GiB peak=32.84GiB
[TRAIN] saved resumable state at step=350 reason=periodic: /lustre07/scratch/rsadve1/Universal_Receiver_NEW-main_Narval/TWC_plots_comprehensive/memory_probe/rx16/bs96/2dmrs/deep_d96_b6_r2/checkpoints/training_state/ckpt-350
[TRAIN] saved resumable state at step=350 reason=final: /lustre07/scratch/rsadve1/Universal_Receiver_NEW-main_Narval/TWC_plots_comprehensive/memory_probe/rx16/bs96/2dmrs/deep_d96_b6_r2/checkpoints/training_state/ckpt-350
[MEMPROBE] completed successfully
