[MEMPROBE] case_index=manual dmrs_case=2dmrs variant=wide_d128_b4_r2 batch_size=96 num_rx_ant=16 steps=350 eval_every=175 val_steps=16
[TRAIN] starting from scratch
[TRAIN] step=00001 loss=-2.56671 nmse_prop=0.02367 nmse_ls=0.02367 gpu_mem=0.09GiB peak=26.60GiB
[TRAIN] step=00025 loss=-2.84620 nmse_prop=0.02134 nmse_ls=0.02036 gpu_mem=0.23GiB peak=26.83GiB
[TRAIN] saved resumable state at step=25 reason=periodic: /lustre07/scratch/rsadve1/Universal_Receiver_NEW-main_Narval/TWC_plots_comprehensive/memory_probe/rx16/bs96/2dmrs/wide_d128_b4_r2/checkpoints/training_state/ckpt-25
[TRAIN] step=00050 loss=-3.70196 nmse_prop=0.00894 nmse_ls=0.00984 gpu_mem=0.23GiB peak=26.83GiB
[TRAIN] saved resumable state at step=50 reason=periodic: /lustre07/scratch/rsadve1/Universal_Receiver_NEW-main_Narval/TWC_plots_comprehensive/memory_probe/rx16/bs96/2dmrs/wide_d128_b4_r2/checkpoints/training_state/ckpt-50
[TRAIN] step=00075 loss=-2.03212 nmse_prop=0.04583 nmse_ls=0.04633 gpu_mem=0.23GiB peak=26.83GiB
[TRAIN] saved resumable state at step=75 reason=periodic: /lustre07/scratch/rsadve1/Universal_Receiver_NEW-main_Narval/TWC_plots_comprehensive/memory_probe/rx16/bs96/2dmrs/wide_d128_b4_r2/checkpoints/training_state/ckpt-75
[TRAIN] step=00100 loss=-3.40271 nmse_prop=0.01224 nmse_ls=0.01356 gpu_mem=0.23GiB peak=26.83GiB
[TRAIN] saved resumable state at step=100 reason=periodic: /lustre07/scratch/rsadve1/Universal_Receiver_NEW-main_Narval/TWC_plots_comprehensive/memory_probe/rx16/bs96/2dmrs/wide_d128_b4_r2/checkpoints/training_state/ckpt-100
[TRAIN] step=00125 loss=-3.82317 nmse_prop=0.00808 nmse_ls=0.00958 gpu_mem=0.23GiB peak=26.83GiB
[TRAIN] saved resumable state at step=125 reason=periodic: /lustre07/scratch/rsadve1/Universal_Receiver_NEW-main_Narval/TWC_plots_comprehensive/memory_probe/rx16/bs96/2dmrs/wide_d128_b4_r2/checkpoints/training_state/ckpt-125
[TRAIN] step=00150 loss=-2.84803 nmse_prop=0.02074 nmse_ls=0.02262 gpu_mem=0.23GiB peak=26.83GiB
[TRAIN] saved resumable state at step=150 reason=periodic: /lustre07/scratch/rsadve1/Universal_Receiver_NEW-main_Narval/TWC_plots_comprehensive/memory_probe/rx16/bs96/2dmrs/wide_d128_b4_r2/checkpoints/training_state/ckpt-150
[TRAIN] saved new best weights at step=175 val_nmse=0.0158988
[TRAIN] step=00175 loss=-1.75391 nmse_prop=0.05990 nmse_ls=0.06228 gpu_mem=0.39GiB peak=26.83GiB
[TRAIN] saved resumable state at step=175 reason=periodic: /lustre07/scratch/rsadve1/Universal_Receiver_NEW-main_Narval/TWC_plots_comprehensive/memory_probe/rx16/bs96/2dmrs/wide_d128_b4_r2/checkpoints/training_state/ckpt-175
[TRAIN] step=00200 loss=-4.47236 nmse_prop=0.00436 nmse_ls=0.00696 gpu_mem=0.39GiB peak=26.98GiB
[TRAIN] saved resumable state at step=200 reason=periodic: /lustre07/scratch/rsadve1/Universal_Receiver_NEW-main_Narval/TWC_plots_comprehensive/memory_probe/rx16/bs96/2dmrs/wide_d128_b4_r2/checkpoints/training_state/ckpt-200
[TRAIN] step=00225 loss=-2.32417 nmse_prop=0.03397 nmse_ls=0.03796 gpu_mem=0.39GiB peak=26.98GiB
[TRAIN] saved resumable state at step=225 reason=periodic: /lustre07/scratch/rsadve1/Universal_Receiver_NEW-main_Narval/TWC_plots_comprehensive/memory_probe/rx16/bs96/2dmrs/wide_d128_b4_r2/checkpoints/training_state/ckpt-225
[TRAIN] step=00250 loss=-4.67331 nmse_prop=0.00352 nmse_ls=0.00673 gpu_mem=0.39GiB peak=26.98GiB
[TRAIN] saved resumable state at step=250 reason=periodic: /lustre07/scratch/rsadve1/Universal_Receiver_NEW-main_Narval/TWC_plots_comprehensive/memory_probe/rx16/bs96/2dmrs/wide_d128_b4_r2/checkpoints/training_state/ckpt-250
[TRAIN] step=00275 loss=-4.51610 nmse_prop=0.00438 nmse_ls=0.00792 gpu_mem=0.39GiB peak=26.98GiB
[TRAIN] saved resumable state at step=275 reason=periodic: /lustre07/scratch/rsadve1/Universal_Receiver_NEW-main_Narval/TWC_plots_comprehensive/memory_probe/rx16/bs96/2dmrs/wide_d128_b4_r2/checkpoints/training_state/ckpt-275
[TRAIN] step=00300 loss=-4.37140 nmse_prop=0.00496 nmse_ls=0.00744 gpu_mem=0.39GiB peak=26.98GiB
[TRAIN] saved resumable state at step=300 reason=periodic: /lustre07/scratch/rsadve1/Universal_Receiver_NEW-main_Narval/TWC_plots_comprehensive/memory_probe/rx16/bs96/2dmrs/wide_d128_b4_r2/checkpoints/training_state/ckpt-300
[TRAIN] step=00325 loss=-4.00634 nmse_prop=0.00681 nmse_ls=0.01040 gpu_mem=0.39GiB peak=26.98GiB
[TRAIN] saved resumable state at step=325 reason=periodic: /lustre07/scratch/rsadve1/Universal_Receiver_NEW-main_Narval/TWC_plots_comprehensive/memory_probe/rx16/bs96/2dmrs/wide_d128_b4_r2/checkpoints/training_state/ckpt-325
[TRAIN] saved new best weights at step=350 val_nmse=0.0140842
[TRAIN] step=00350 loss=-3.14338 nmse_prop=0.01545 nmse_ls=0.01926 gpu_mem=0.39GiB peak=26.98GiB
[TRAIN] saved resumable state at step=350 reason=periodic: /lustre07/scratch/rsadve1/Universal_Receiver_NEW-main_Narval/TWC_plots_comprehensive/memory_probe/rx16/bs96/2dmrs/wide_d128_b4_r2/checkpoints/training_state/ckpt-350
[TRAIN] saved resumable state at step=350 reason=final: /lustre07/scratch/rsadve1/Universal_Receiver_NEW-main_Narval/TWC_plots_comprehensive/memory_probe/rx16/bs96/2dmrs/wide_d128_b4_r2/checkpoints/training_state/ckpt-350
[MEMPROBE] completed successfully
