[SLURM] task=3/12 seed=7 dmrs_case=1dmrs variant=narrow_d64_b4_r2
Tue May  5 08:33:02 2026       
+-----------------------------------------------------------------------------------------+
| NVIDIA-SMI 570.211.01             Driver Version: 570.211.01     CUDA Version: 12.8     |
|-----------------------------------------+------------------------+----------------------+
| GPU  Name                 Persistence-M | Bus-Id          Disp.A | Volatile Uncorr. ECC |
| Fan  Temp   Perf          Pwr:Usage/Cap |           Memory-Usage | GPU-Util  Compute M. |
|                                         |                        |               MIG M. |
|=========================================+========================+======================|
|   0  NVIDIA A100-SXM4-40GB          Off |   00000000:81:00.0 Off |                    0 |
| N/A   34C    P0             54W /  400W |       0MiB /  40960MiB |      0%      Default |
|                                         |                        |             Disabled |
+-----------------------------------------+------------------------+----------------------+
                                                                                         
+-----------------------------------------------------------------------------------------+
| Processes:                                                                              |
|  GPU   GI   CI              PID   Type   Process name                        GPU Memory |
|        ID   ID                                                               Usage      |
|=========================================================================================|
|  No running processes found                                                             |
+-----------------------------------------------------------------------------------------+
[COMPREHENSIVE] cleared TensorFlow state before evaluation seed=7 1dmrs/narrow_d64_b4_r2/u3: gpu_mem=0.00GiB peak=0.00GiB
[EVAL] receiver microbatching enabled: batch_size_eval=96 receiver_microbatch_size=32
[BASELINES] Estimating empirical LMMSE covariances with num_batches=32 batch_size=32 mode=clean-channel
[EVAL] receiver=       baseline_ls_lmmse Eb/N0=-4.0 dB BER=3.50450e-01 BLER=1.00000e+00 NMSE=5.00491e-01 bit_err=607192/1732608  blk_err=  288/288    batches=   1
[EVAL] receiver=baseline_ls_2dlmmse_lmmse Eb/N0=-4.0 dB BER=3.50102e-01 BLER=1.00000e+00 NMSE=1.86922e-01 bit_err=606589/1732608  blk_err=  288/288    batches=   1
[EVAL] receiver= baseline_ddcpe_ls_lmmse Eb/N0=-4.0 dB BER=3.50510e-01 BLER=1.00000e+00 NMSE=5.00994e-01 bit_err=607297/1732608  blk_err=  288/288    batches=   1
[EVAL] receiver=           upair5g_lmmse Eb/N0=-4.0 dB BER=3.49380e-01 BLER=1.00000e+00 NMSE=4.16606e-01 bit_err=605338/1732608  blk_err=  288/288    batches=   1
[EVAL] receiver=       perfect_csi_lmmse Eb/N0=-4.0 dB BER=4.42490e-01 BLER=3.33333e-01 NMSE=0.00000e+00 bit_err=766662/1732608  blk_err=   96/288    batches=   1
[EVAL] receiver=       baseline_ls_lmmse Eb/N0=-2.0 dB BER=3.49301e-01 BLER=1.00000e+00 NMSE=3.36162e-01 bit_err=605201/1732608  blk_err=  288/288    batches=   1
[EVAL] receiver=baseline_ls_2dlmmse_lmmse Eb/N0=-2.0 dB BER=3.50589e-01 BLER=1.00000e+00 NMSE=1.45359e-01 bit_err=607433/1732608  blk_err=  288/288    batches=   1
[EVAL] receiver= baseline_ddcpe_ls_lmmse Eb/N0=-2.0 dB BER=3.49380e-01 BLER=1.00000e+00 NMSE=3.36880e-01 bit_err=605338/1732608  blk_err=  288/288    batches=   1
[EVAL] receiver=           upair5g_lmmse Eb/N0=-2.0 dB BER=3.47904e-01 BLER=1.00000e+00 NMSE=2.65808e-01 bit_err=602782/1732608  blk_err=  288/288    batches=   1
[EVAL] receiver=       perfect_csi_lmmse Eb/N0=-2.0 dB BER=4.42985e-01 BLER=3.33333e-01 NMSE=0.00000e+00 bit_err=767520/1732608  blk_err=   96/288    batches=   1
[EVAL] receiver=       baseline_ls_lmmse Eb/N0= 0.0 dB BER=3.47416e-01 BLER=1.00000e+00 NMSE=2.30779e-01 bit_err=601936/1732608  blk_err=  288/288    batches=   1
[EVAL] receiver=baseline_ls_2dlmmse_lmmse Eb/N0= 0.0 dB BER=3.49475e-01 BLER=1.00000e+00 NMSE=1.12462e-01 bit_err=605503/1732608  blk_err=  288/288    batches=   1
[EVAL] receiver= baseline_ddcpe_ls_lmmse Eb/N0= 0.0 dB BER=3.47534e-01 BLER=1.00000e+00 NMSE=2.30783e-01 bit_err=602140/1732608  blk_err=  288/288    batches=   1
[EVAL] receiver=           upair5g_lmmse Eb/N0= 0.0 dB BER=3.45922e-01 BLER=1.00000e+00 NMSE=1.72275e-01 bit_err=599347/1732608  blk_err=  288/288    batches=   1
[EVAL] receiver=       perfect_csi_lmmse Eb/N0= 0.0 dB BER=4.45342e-01 BLER=3.33333e-01 NMSE=0.00000e+00 bit_err=771603/1732608  blk_err=   96/288    batches=   1
[EVAL] receiver=       baseline_ls_lmmse Eb/N0= 2.0 dB BER=3.47536e-01 BLER=1.00000e+00 NMSE=1.66071e-01 bit_err=602143/1732608  blk_err=  288/288    batches=   1
[EVAL] receiver=baseline_ls_2dlmmse_lmmse Eb/N0= 2.0 dB BER=3.48812e-01 BLER=1.00000e+00 NMSE=8.99794e-02 bit_err=604354/1732608  blk_err=  288/288    batches=   1
[EVAL] receiver= baseline_ddcpe_ls_lmmse Eb/N0= 2.0 dB BER=3.47591e-01 BLER=1.00000e+00 NMSE=1.66086e-01 bit_err=602239/1732608  blk_err=  288/288    batches=   1
[EVAL] receiver=           upair5g_lmmse Eb/N0= 2.0 dB BER=3.46443e-01 BLER=1.00000e+00 NMSE=1.13317e-01 bit_err=600250/1732608  blk_err=  288/288    batches=   1
[EVAL] receiver=       perfect_csi_lmmse Eb/N0= 2.0 dB BER=4.46772e-01 BLER=3.33333e-01 NMSE=0.00000e+00 bit_err=774080/1732608  blk_err=   96/288    batches=   1
[EVAL] receiver=       baseline_ls_lmmse Eb/N0= 4.0 dB BER=3.46611e-01 BLER=1.00000e+00 NMSE=1.19356e-01 bit_err=600541/1732608  blk_err=  288/288    batches=   1
[EVAL] receiver=baseline_ls_2dlmmse_lmmse Eb/N0= 4.0 dB BER=3.47298e-01 BLER=1.00000e+00 NMSE=6.82917e-02 bit_err=601732/1732608  blk_err=  288/288    batches=   1
[EVAL] receiver= baseline_ddcpe_ls_lmmse Eb/N0= 4.0 dB BER=3.46670e-01 BLER=1.00000e+00 NMSE=1.19860e-01 bit_err=600643/1732608  blk_err=  288/288    batches=   1
[EVAL] receiver=           upair5g_lmmse Eb/N0= 4.0 dB BER=3.44534e-01 BLER=1.00000e+00 NMSE=7.60153e-02 bit_err=596942/1732608  blk_err=  288/288    batches=   1
[EVAL] receiver=       perfect_csi_lmmse Eb/N0= 4.0 dB BER=4.47401e-01 BLER=3.33333e-01 NMSE=0.00000e+00 bit_err=775171/1732608  blk_err=   96/288    batches=   1
[COMPREHENSIVE] skipped shared combined CSV/manifest writes for parallel worker mode
