2026-05-04 19:08:25.160051: E external/local_xla/xla/stream_executor/cuda/cuda_fft.cc:467] Unable to register cuFFT factory: Attempting to register factory for plugin cuFFT when one has already been registered
WARNING: All log messages before absl::InitializeLog() is called are written to STDERR
E0000 00:00:1777936105.486712 2843637 cuda_dnn.cc:8579] Unable to register cuDNN factory: Attempting to register factory for plugin cuDNN when one has already been registered
E0000 00:00:1777936106.044833 2843637 cuda_blas.cc:1407] Unable to register cuBLAS factory: Attempting to register factory for plugin cuBLAS when one has already been registered
W0000 00:00:1777936111.024180 2843637 computation_placer.cc:177] computation placer already registered. Please check linkage and avoid linking the same target more than once.
W0000 00:00:1777936111.024273 2843637 computation_placer.cc:177] computation placer already registered. Please check linkage and avoid linking the same target more than once.
W0000 00:00:1777936111.024287 2843637 computation_placer.cc:177] computation placer already registered. Please check linkage and avoid linking the same target more than once.
W0000 00:00:1777936111.024299 2843637 computation_placer.cc:177] computation placer already registered. Please check linkage and avoid linking the same target more than once.
2026-05-04 19:13:15.431812: W tensorflow/core/common_runtime/gpu/gpu_bfc_allocator.cc:47] Overriding orig_value setting because the TF_FORCE_GPU_ALLOW_GROWTH environment variable is set. Original config value was 0.
I0000 00:00:1777936395.431880 2843637 gpu_process_state.cc:208] Using CUDA malloc Async allocator for GPU: 0
I0000 00:00:1777936395.433332 2843637 gpu_device.cc:2019] Created device /job:localhost/replica:0/task:0/device:GPU:0 with 38484 MB memory:  -> device: 0, name: NVIDIA A100-SXM4-40GB, pci bus id: 0000:41:00.0, compute capability: 8.0
E0000 00:00:1777936423.010049 2843637 meta_optimizer.cc:967] layout failed: INVALID_ARGUMENT: Size of values 0 does not match size of permutation 4 @ fanin shape inaxial_block_0_1/dropout_5/stateless_dropout/SelectV2-2-TransposeNHWCToNCHW-LayoutOptimizer
WARNING: All log messages before absl::InitializeLog() is called are written to STDERR
I0000 00:00:1777942758.377739 2843637 cuda_solvers.cc:175] Creating GpuSolver handles for stream 0x7fd82a0
I0000 00:00:1777942808.797433 2843637 cuda_dnn.cc:529] Loaded cuDNN version 91000
2026-05-04 21:01:00.072857: W tensorflow/core/framework/op_kernel.cc:1857] OP_REQUIRES failed at transpose_op.cc:142 : INVALID_ARGUMENT: transpose expects a vector of size 0. But input(1) is a vector of size 7
2026-05-04 21:01:00.621350: W tensorflow/core/framework/op_kernel.cc:1857] OP_REQUIRES failed at transpose_op.cc:142 : INVALID_ARGUMENT: transpose expects a vector of size 0. But input(1) is a vector of size 7
2026-05-04 21:01:01.165076: W tensorflow/core/framework/op_kernel.cc:1857] OP_REQUIRES failed at transpose_op.cc:142 : INVALID_ARGUMENT: transpose expects a vector of size 0. But input(1) is a vector of size 7
2026-05-04 21:01:01.710879: W tensorflow/core/framework/op_kernel.cc:1857] OP_REQUIRES failed at transpose_op.cc:142 : INVALID_ARGUMENT: transpose expects a vector of size 0. But input(1) is a vector of size 7
2026-05-04 21:01:02.254481: W tensorflow/core/framework/op_kernel.cc:1857] OP_REQUIRES failed at transpose_op.cc:142 : INVALID_ARGUMENT: transpose expects a vector of size 0. But input(1) is a vector of size 7
2026-05-04 21:01:02.799169: W tensorflow/core/framework/op_kernel.cc:1857] OP_REQUIRES failed at transpose_op.cc:142 : INVALID_ARGUMENT: transpose expects a vector of size 0. But input(1) is a vector of size 7
2026-05-04 21:01:03.348760: W tensorflow/core/framework/op_kernel.cc:1857] OP_REQUIRES failed at transpose_op.cc:142 : INVALID_ARGUMENT: transpose expects a vector of size 0. But input(1) is a vector of size 7
2026-05-04 21:01:03.894063: W tensorflow/core/framework/op_kernel.cc:1857] OP_REQUIRES failed at transpose_op.cc:142 : INVALID_ARGUMENT: transpose expects a vector of size 0. But input(1) is a vector of size 7
2026-05-04 21:01:04.438612: W tensorflow/core/framework/op_kernel.cc:1857] OP_REQUIRES failed at transpose_op.cc:142 : INVALID_ARGUMENT: transpose expects a vector of size 0. But input(1) is a vector of size 7
2026-05-04 21:01:04.983108: W tensorflow/core/framework/op_kernel.cc:1857] OP_REQUIRES failed at transpose_op.cc:142 : INVALID_ARGUMENT: transpose expects a vector of size 0. But input(1) is a vector of size 7
2026-05-04 21:01:05.528242: W tensorflow/core/framework/op_kernel.cc:1857] OP_REQUIRES failed at transpose_op.cc:142 : INVALID_ARGUMENT: transpose expects a vector of size 0. But input(1) is a vector of size 7
2026-05-04 21:01:06.073726: W tensorflow/core/framework/op_kernel.cc:1857] OP_REQUIRES failed at transpose_op.cc:142 : INVALID_ARGUMENT: transpose expects a vector of size 0. But input(1) is a vector of size 7
2026-05-04 21:01:06.618440: W tensorflow/core/framework/op_kernel.cc:1857] OP_REQUIRES failed at transpose_op.cc:142 : INVALID_ARGUMENT: transpose expects a vector of size 0. But input(1) is a vector of size 7
2026-05-04 21:01:07.158983: W tensorflow/core/framework/op_kernel.cc:1857] OP_REQUIRES failed at transpose_op.cc:142 : INVALID_ARGUMENT: transpose expects a vector of size 0. But input(1) is a vector of size 7
2026-05-04 21:01:07.704939: W tensorflow/core/framework/op_kernel.cc:1857] OP_REQUIRES failed at transpose_op.cc:142 : INVALID_ARGUMENT: transpose expects a vector of size 0. But input(1) is a vector of size 7
2026-05-04 21:01:08.248277: W tensorflow/core/framework/op_kernel.cc:1857] OP_REQUIRES failed at transpose_op.cc:142 : INVALID_ARGUMENT: transpose expects a vector of size 0. But input(1) is a vector of size 7
2026-05-04 21:01:08.791657: W tensorflow/core/framework/op_kernel.cc:1857] OP_REQUIRES failed at transpose_op.cc:142 : INVALID_ARGUMENT: transpose expects a vector of size 0. But input(1) is a vector of size 7
2026-05-04 21:01:09.337514: W tensorflow/core/framework/op_kernel.cc:1857] OP_REQUIRES failed at transpose_op.cc:142 : INVALID_ARGUMENT: transpose expects a vector of size 0. But input(1) is a vector of size 7
2026-05-04 21:01:09.885932: W tensorflow/core/framework/op_kernel.cc:1857] OP_REQUIRES failed at transpose_op.cc:142 : INVALID_ARGUMENT: transpose expects a vector of size 0. But input(1) is a vector of size 7
2026-05-04 21:01:10.435606: W tensorflow/core/framework/op_kernel.cc:1857] OP_REQUIRES failed at transpose_op.cc:142 : INVALID_ARGUMENT: transpose expects a vector of size 0. But input(1) is a vector of size 7
2026-05-04 21:01:10.984328: W tensorflow/core/framework/op_kernel.cc:1857] OP_REQUIRES failed at transpose_op.cc:142 : INVALID_ARGUMENT: transpose expects a vector of size 0. But input(1) is a vector of size 7
2026-05-04 21:01:11.533727: W tensorflow/core/framework/op_kernel.cc:1857] OP_REQUIRES failed at transpose_op.cc:142 : INVALID_ARGUMENT: transpose expects a vector of size 0. But input(1) is a vector of size 7
2026-05-04 21:01:12.079931: W tensorflow/core/framework/op_kernel.cc:1857] OP_REQUIRES failed at transpose_op.cc:142 : INVALID_ARGUMENT: transpose expects a vector of size 0. But input(1) is a vector of size 7
2026-05-04 21:01:12.626701: W tensorflow/core/framework/op_kernel.cc:1857] OP_REQUIRES failed at transpose_op.cc:142 : INVALID_ARGUMENT: transpose expects a vector of size 0. But input(1) is a vector of size 7
2026-05-04 21:01:13.176966: W tensorflow/core/framework/op_kernel.cc:1857] OP_REQUIRES failed at transpose_op.cc:142 : INVALID_ARGUMENT: transpose expects a vector of size 0. But input(1) is a vector of size 7
2026-05-04 21:01:13.727897: W tensorflow/core/framework/op_kernel.cc:1857] OP_REQUIRES failed at transpose_op.cc:142 : INVALID_ARGUMENT: transpose expects a vector of size 0. But input(1) is a vector of size 7
2026-05-04 21:01:14.280151: W tensorflow/core/framework/op_kernel.cc:1857] OP_REQUIRES failed at transpose_op.cc:142 : INVALID_ARGUMENT: transpose expects a vector of size 0. But input(1) is a vector of size 7
2026-05-04 21:01:14.829756: W tensorflow/core/framework/op_kernel.cc:1857] OP_REQUIRES failed at transpose_op.cc:142 : INVALID_ARGUMENT: transpose expects a vector of size 0. But input(1) is a vector of size 7
2026-05-04 21:01:15.377813: W tensorflow/core/framework/op_kernel.cc:1857] OP_REQUIRES failed at transpose_op.cc:142 : INVALID_ARGUMENT: transpose expects a vector of size 0. But input(1) is a vector of size 7
2026-05-04 21:01:15.918393: W tensorflow/core/framework/op_kernel.cc:1857] OP_REQUIRES failed at transpose_op.cc:142 : INVALID_ARGUMENT: transpose expects a vector of size 0. But input(1) is a vector of size 7
2026-05-04 21:01:16.463612: W tensorflow/core/framework/op_kernel.cc:1857] OP_REQUIRES failed at transpose_op.cc:142 : INVALID_ARGUMENT: transpose expects a vector of size 0. But input(1) is a vector of size 7
2026-05-04 21:01:17.009183: W tensorflow/core/framework/op_kernel.cc:1857] OP_REQUIRES failed at transpose_op.cc:142 : INVALID_ARGUMENT: transpose expects a vector of size 0. But input(1) is a vector of size 7
2026-05-04 21:02:48.257519: W tensorflow/core/framework/op_kernel.cc:1857] OP_REQUIRES failed at transpose_op.cc:142 : INVALID_ARGUMENT: transpose expects a vector of size 0. But input(1) is a vector of size 7
2026-05-04 21:02:48.805090: W tensorflow/core/framework/op_kernel.cc:1857] OP_REQUIRES failed at transpose_op.cc:142 : INVALID_ARGUMENT: transpose expects a vector of size 0. But input(1) is a vector of size 7
2026-05-04 21:02:49.354463: W tensorflow/core/framework/op_kernel.cc:1857] OP_REQUIRES failed at transpose_op.cc:142 : INVALID_ARGUMENT: transpose expects a vector of size 0. But input(1) is a vector of size 7
2026-05-04 21:02:49.896639: W tensorflow/core/framework/op_kernel.cc:1857] OP_REQUIRES failed at transpose_op.cc:142 : INVALID_ARGUMENT: transpose expects a vector of size 0. But input(1) is a vector of size 7
2026-05-04 21:02:50.451511: W tensorflow/core/framework/op_kernel.cc:1857] OP_REQUIRES failed at transpose_op.cc:142 : INVALID_ARGUMENT: transpose expects a vector of size 0. But input(1) is a vector of size 7
2026-05-04 21:02:51.005760: W tensorflow/core/framework/op_kernel.cc:1857] OP_REQUIRES failed at transpose_op.cc:142 : INVALID_ARGUMENT: transpose expects a vector of size 0. But input(1) is a vector of size 7
2026-05-04 21:02:51.557128: W tensorflow/core/framework/op_kernel.cc:1857] OP_REQUIRES failed at transpose_op.cc:142 : INVALID_ARGUMENT: transpose expects a vector of size 0. But input(1) is a vector of size 7
2026-05-04 21:02:52.109108: W tensorflow/core/framework/op_kernel.cc:1857] OP_REQUIRES failed at transpose_op.cc:142 : INVALID_ARGUMENT: transpose expects a vector of size 0. But input(1) is a vector of size 7
2026-05-04 21:02:52.655466: W tensorflow/core/framework/op_kernel.cc:1857] OP_REQUIRES failed at transpose_op.cc:142 : INVALID_ARGUMENT: transpose expects a vector of size 0. But input(1) is a vector of size 7
2026-05-04 21:02:53.204879: W tensorflow/core/framework/op_kernel.cc:1857] OP_REQUIRES failed at transpose_op.cc:142 : INVALID_ARGUMENT: transpose expects a vector of size 0. But input(1) is a vector of size 7
2026-05-04 21:02:53.752700: W tensorflow/core/framework/op_kernel.cc:1857] OP_REQUIRES failed at transpose_op.cc:142 : INVALID_ARGUMENT: transpose expects a vector of size 0. But input(1) is a vector of size 7
2026-05-04 21:02:54.300179: W tensorflow/core/framework/op_kernel.cc:1857] OP_REQUIRES failed at transpose_op.cc:142 : INVALID_ARGUMENT: transpose expects a vector of size 0. But input(1) is a vector of size 7
2026-05-04 21:02:54.849114: W tensorflow/core/framework/op_kernel.cc:1857] OP_REQUIRES failed at transpose_op.cc:142 : INVALID_ARGUMENT: transpose expects a vector of size 0. But input(1) is a vector of size 7
2026-05-04 21:02:55.398554: W tensorflow/core/framework/op_kernel.cc:1857] OP_REQUIRES failed at transpose_op.cc:142 : INVALID_ARGUMENT: transpose expects a vector of size 0. But input(1) is a vector of size 7
2026-05-04 21:02:55.952547: W tensorflow/core/framework/op_kernel.cc:1857] OP_REQUIRES failed at transpose_op.cc:142 : INVALID_ARGUMENT: transpose expects a vector of size 0. But input(1) is a vector of size 7
2026-05-04 21:02:56.508340: W tensorflow/core/framework/op_kernel.cc:1857] OP_REQUIRES failed at transpose_op.cc:142 : INVALID_ARGUMENT: transpose expects a vector of size 0. But input(1) is a vector of size 7
2026-05-04 21:02:57.061827: W tensorflow/core/framework/op_kernel.cc:1857] OP_REQUIRES failed at transpose_op.cc:142 : INVALID_ARGUMENT: transpose expects a vector of size 0. But input(1) is a vector of size 7
2026-05-04 21:02:57.612516: W tensorflow/core/framework/op_kernel.cc:1857] OP_REQUIRES failed at transpose_op.cc:142 : INVALID_ARGUMENT: transpose expects a vector of size 0. But input(1) is a vector of size 7
2026-05-04 21:02:58.165388: W tensorflow/core/framework/op_kernel.cc:1857] OP_REQUIRES failed at transpose_op.cc:142 : INVALID_ARGUMENT: transpose expects a vector of size 0. But input(1) is a vector of size 7
2026-05-04 21:02:58.717205: W tensorflow/core/framework/op_kernel.cc:1857] OP_REQUIRES failed at transpose_op.cc:142 : INVALID_ARGUMENT: transpose expects a vector of size 0. But input(1) is a vector of size 7
2026-05-04 21:02:59.269067: W tensorflow/core/framework/op_kernel.cc:1857] OP_REQUIRES failed at transpose_op.cc:142 : INVALID_ARGUMENT: transpose expects a vector of size 0. But input(1) is a vector of size 7
2026-05-04 21:02:59.818694: W tensorflow/core/framework/op_kernel.cc:1857] OP_REQUIRES failed at transpose_op.cc:142 : INVALID_ARGUMENT: transpose expects a vector of size 0. But input(1) is a vector of size 7
2026-05-04 21:03:00.360031: W tensorflow/core/framework/op_kernel.cc:1857] OP_REQUIRES failed at transpose_op.cc:142 : INVALID_ARGUMENT: transpose expects a vector of size 0. But input(1) is a vector of size 7
2026-05-04 21:03:00.905743: W tensorflow/core/framework/op_kernel.cc:1857] OP_REQUIRES failed at transpose_op.cc:142 : INVALID_ARGUMENT: transpose expects a vector of size 0. But input(1) is a vector of size 7
2026-05-04 21:03:01.454787: W tensorflow/core/framework/op_kernel.cc:1857] OP_REQUIRES failed at transpose_op.cc:142 : INVALID_ARGUMENT: transpose expects a vector of size 0. But input(1) is a vector of size 7
2026-05-04 21:03:02.009528: W tensorflow/core/framework/op_kernel.cc:1857] OP_REQUIRES failed at transpose_op.cc:142 : INVALID_ARGUMENT: transpose expects a vector of size 0. But input(1) is a vector of size 7
2026-05-04 21:03:02.554117: W tensorflow/core/framework/op_kernel.cc:1857] OP_REQUIRES failed at transpose_op.cc:142 : INVALID_ARGUMENT: transpose expects a vector of size 0. But input(1) is a vector of size 7
2026-05-04 21:03:03.107827: W tensorflow/core/framework/op_kernel.cc:1857] OP_REQUIRES failed at transpose_op.cc:142 : INVALID_ARGUMENT: transpose expects a vector of size 0. But input(1) is a vector of size 7
2026-05-04 21:03:03.656913: W tensorflow/core/framework/op_kernel.cc:1857] OP_REQUIRES failed at transpose_op.cc:142 : INVALID_ARGUMENT: transpose expects a vector of size 0. But input(1) is a vector of size 7
2026-05-04 21:03:04.199978: W tensorflow/core/framework/op_kernel.cc:1857] OP_REQUIRES failed at transpose_op.cc:142 : INVALID_ARGUMENT: transpose expects a vector of size 0. But input(1) is a vector of size 7
2026-05-04 21:03:04.749655: W tensorflow/core/framework/op_kernel.cc:1857] OP_REQUIRES failed at transpose_op.cc:142 : INVALID_ARGUMENT: transpose expects a vector of size 0. But input(1) is a vector of size 7
2026-05-04 21:03:05.304898: W tensorflow/core/framework/op_kernel.cc:1857] OP_REQUIRES failed at transpose_op.cc:142 : INVALID_ARGUMENT: transpose expects a vector of size 0. But input(1) is a vector of size 7
2026-05-04 21:04:36.601934: W tensorflow/core/framework/op_kernel.cc:1857] OP_REQUIRES failed at transpose_op.cc:142 : INVALID_ARGUMENT: transpose expects a vector of size 0. But input(1) is a vector of size 7
2026-05-04 21:04:37.144066: W tensorflow/core/framework/op_kernel.cc:1857] OP_REQUIRES failed at transpose_op.cc:142 : INVALID_ARGUMENT: transpose expects a vector of size 0. But input(1) is a vector of size 7
2026-05-04 21:04:37.687047: W tensorflow/core/framework/op_kernel.cc:1857] OP_REQUIRES failed at transpose_op.cc:142 : INVALID_ARGUMENT: transpose expects a vector of size 0. But input(1) is a vector of size 7
2026-05-04 21:04:38.228670: W tensorflow/core/framework/op_kernel.cc:1857] OP_REQUIRES failed at transpose_op.cc:142 : INVALID_ARGUMENT: transpose expects a vector of size 0. But input(1) is a vector of size 7
2026-05-04 21:04:38.769536: W tensorflow/core/framework/op_kernel.cc:1857] OP_REQUIRES failed at transpose_op.cc:142 : INVALID_ARGUMENT: transpose expects a vector of size 0. But input(1) is a vector of size 7
2026-05-04 21:04:39.310007: W tensorflow/core/framework/op_kernel.cc:1857] OP_REQUIRES failed at transpose_op.cc:142 : INVALID_ARGUMENT: transpose expects a vector of size 0. But input(1) is a vector of size 7
2026-05-04 21:04:39.855965: W tensorflow/core/framework/op_kernel.cc:1857] OP_REQUIRES failed at transpose_op.cc:142 : INVALID_ARGUMENT: transpose expects a vector of size 0. But input(1) is a vector of size 7
2026-05-04 21:04:40.397183: W tensorflow/core/framework/op_kernel.cc:1857] OP_REQUIRES failed at transpose_op.cc:142 : INVALID_ARGUMENT: transpose expects a vector of size 0. But input(1) is a vector of size 7
2026-05-04 21:04:40.937447: W tensorflow/core/framework/op_kernel.cc:1857] OP_REQUIRES failed at transpose_op.cc:142 : INVALID_ARGUMENT: transpose expects a vector of size 0. But input(1) is a vector of size 7
2026-05-04 21:04:41.479779: W tensorflow/core/framework/op_kernel.cc:1857] OP_REQUIRES failed at transpose_op.cc:142 : INVALID_ARGUMENT: transpose expects a vector of size 0. But input(1) is a vector of size 7
2026-05-04 21:04:42.021084: W tensorflow/core/framework/op_kernel.cc:1857] OP_REQUIRES failed at transpose_op.cc:142 : INVALID_ARGUMENT: transpose expects a vector of size 0. But input(1) is a vector of size 7
2026-05-04 21:04:42.570770: W tensorflow/core/framework/op_kernel.cc:1857] OP_REQUIRES failed at transpose_op.cc:142 : INVALID_ARGUMENT: transpose expects a vector of size 0. But input(1) is a vector of size 7
2026-05-04 21:04:43.124228: W tensorflow/core/framework/op_kernel.cc:1857] OP_REQUIRES failed at transpose_op.cc:142 : INVALID_ARGUMENT: transpose expects a vector of size 0. But input(1) is a vector of size 7
2026-05-04 21:04:43.665227: W tensorflow/core/framework/op_kernel.cc:1857] OP_REQUIRES failed at transpose_op.cc:142 : INVALID_ARGUMENT: transpose expects a vector of size 0. But input(1) is a vector of size 7
2026-05-04 21:04:44.205818: W tensorflow/core/framework/op_kernel.cc:1857] OP_REQUIRES failed at transpose_op.cc:142 : INVALID_ARGUMENT: transpose expects a vector of size 0. But input(1) is a vector of size 7
2026-05-04 21:04:44.747013: W tensorflow/core/framework/op_kernel.cc:1857] OP_REQUIRES failed at transpose_op.cc:142 : INVALID_ARGUMENT: transpose expects a vector of size 0. But input(1) is a vector of size 7
2026-05-04 21:04:45.288699: W tensorflow/core/framework/op_kernel.cc:1857] OP_REQUIRES failed at transpose_op.cc:142 : INVALID_ARGUMENT: transpose expects a vector of size 0. But input(1) is a vector of size 7
2026-05-04 21:04:45.843687: W tensorflow/core/framework/op_kernel.cc:1857] OP_REQUIRES failed at transpose_op.cc:142 : INVALID_ARGUMENT: transpose expects a vector of size 0. But input(1) is a vector of size 7
2026-05-04 21:04:46.399325: W tensorflow/core/framework/op_kernel.cc:1857] OP_REQUIRES failed at transpose_op.cc:142 : INVALID_ARGUMENT: transpose expects a vector of size 0. But input(1) is a vector of size 7
2026-05-04 21:04:46.948918: W tensorflow/core/framework/op_kernel.cc:1857] OP_REQUIRES failed at transpose_op.cc:142 : INVALID_ARGUMENT: transpose expects a vector of size 0. But input(1) is a vector of size 7
2026-05-04 21:04:47.490320: W tensorflow/core/framework/op_kernel.cc:1857] OP_REQUIRES failed at transpose_op.cc:142 : INVALID_ARGUMENT: transpose expects a vector of size 0. But input(1) is a vector of size 7
2026-05-04 21:04:48.031804: W tensorflow/core/framework/op_kernel.cc:1857] OP_REQUIRES failed at transpose_op.cc:142 : INVALID_ARGUMENT: transpose expects a vector of size 0. But input(1) is a vector of size 7
2026-05-04 21:04:48.574172: W tensorflow/core/framework/op_kernel.cc:1857] OP_REQUIRES failed at transpose_op.cc:142 : INVALID_ARGUMENT: transpose expects a vector of size 0. But input(1) is a vector of size 7
2026-05-04 21:04:49.116972: W tensorflow/core/framework/op_kernel.cc:1857] OP_REQUIRES failed at transpose_op.cc:142 : INVALID_ARGUMENT: transpose expects a vector of size 0. But input(1) is a vector of size 7
2026-05-04 21:04:49.657766: W tensorflow/core/framework/op_kernel.cc:1857] OP_REQUIRES failed at transpose_op.cc:142 : INVALID_ARGUMENT: transpose expects a vector of size 0. But input(1) is a vector of size 7
2026-05-04 21:04:50.199050: W tensorflow/core/framework/op_kernel.cc:1857] OP_REQUIRES failed at transpose_op.cc:142 : INVALID_ARGUMENT: transpose expects a vector of size 0. But input(1) is a vector of size 7
2026-05-04 21:04:50.743044: W tensorflow/core/framework/op_kernel.cc:1857] OP_REQUIRES failed at transpose_op.cc:142 : INVALID_ARGUMENT: transpose expects a vector of size 0. But input(1) is a vector of size 7
2026-05-04 21:04:51.291935: W tensorflow/core/framework/op_kernel.cc:1857] OP_REQUIRES failed at transpose_op.cc:142 : INVALID_ARGUMENT: transpose expects a vector of size 0. But input(1) is a vector of size 7
2026-05-04 21:04:51.842454: W tensorflow/core/framework/op_kernel.cc:1857] OP_REQUIRES failed at transpose_op.cc:142 : INVALID_ARGUMENT: transpose expects a vector of size 0. But input(1) is a vector of size 7
2026-05-04 21:04:52.390114: W tensorflow/core/framework/op_kernel.cc:1857] OP_REQUIRES failed at transpose_op.cc:142 : INVALID_ARGUMENT: transpose expects a vector of size 0. But input(1) is a vector of size 7
2026-05-04 21:04:52.939183: W tensorflow/core/framework/op_kernel.cc:1857] OP_REQUIRES failed at transpose_op.cc:142 : INVALID_ARGUMENT: transpose expects a vector of size 0. But input(1) is a vector of size 7
2026-05-04 21:04:53.487927: W tensorflow/core/framework/op_kernel.cc:1857] OP_REQUIRES failed at transpose_op.cc:142 : INVALID_ARGUMENT: transpose expects a vector of size 0. But input(1) is a vector of size 7
2026-05-04 21:06:24.774377: W tensorflow/core/framework/op_kernel.cc:1857] OP_REQUIRES failed at transpose_op.cc:142 : INVALID_ARGUMENT: transpose expects a vector of size 0. But input(1) is a vector of size 7
2026-05-04 21:06:25.315181: W tensorflow/core/framework/op_kernel.cc:1857] OP_REQUIRES failed at transpose_op.cc:142 : INVALID_ARGUMENT: transpose expects a vector of size 0. But input(1) is a vector of size 7
2026-05-04 21:06:25.858687: W tensorflow/core/framework/op_kernel.cc:1857] OP_REQUIRES failed at transpose_op.cc:142 : INVALID_ARGUMENT: transpose expects a vector of size 0. But input(1) is a vector of size 7
2026-05-04 21:06:26.400299: W tensorflow/core/framework/op_kernel.cc:1857] OP_REQUIRES failed at transpose_op.cc:142 : INVALID_ARGUMENT: transpose expects a vector of size 0. But input(1) is a vector of size 7
2026-05-04 21:06:26.945177: W tensorflow/core/framework/op_kernel.cc:1857] OP_REQUIRES failed at transpose_op.cc:142 : INVALID_ARGUMENT: transpose expects a vector of size 0. But input(1) is a vector of size 7
2026-05-04 21:06:27.490018: W tensorflow/core/framework/op_kernel.cc:1857] OP_REQUIRES failed at transpose_op.cc:142 : INVALID_ARGUMENT: transpose expects a vector of size 0. But input(1) is a vector of size 7
2026-05-04 21:06:28.039255: W tensorflow/core/framework/op_kernel.cc:1857] OP_REQUIRES failed at transpose_op.cc:142 : INVALID_ARGUMENT: transpose expects a vector of size 0. But input(1) is a vector of size 7
2026-05-04 21:06:28.592545: W tensorflow/core/framework/op_kernel.cc:1857] OP_REQUIRES failed at transpose_op.cc:142 : INVALID_ARGUMENT: transpose expects a vector of size 0. But input(1) is a vector of size 7
2026-05-04 21:06:29.141652: W tensorflow/core/framework/op_kernel.cc:1857] OP_REQUIRES failed at transpose_op.cc:142 : INVALID_ARGUMENT: transpose expects a vector of size 0. But input(1) is a vector of size 7
2026-05-04 21:06:29.686310: W tensorflow/core/framework/op_kernel.cc:1857] OP_REQUIRES failed at transpose_op.cc:142 : INVALID_ARGUMENT: transpose expects a vector of size 0. But input(1) is a vector of size 7
2026-05-04 21:06:30.227423: W tensorflow/core/framework/op_kernel.cc:1857] OP_REQUIRES failed at transpose_op.cc:142 : INVALID_ARGUMENT: transpose expects a vector of size 0. But input(1) is a vector of size 7
2026-05-04 21:06:30.772795: W tensorflow/core/framework/op_kernel.cc:1857] OP_REQUIRES failed at transpose_op.cc:142 : INVALID_ARGUMENT: transpose expects a vector of size 0. But input(1) is a vector of size 7
2026-05-04 21:06:31.315603: W tensorflow/core/framework/op_kernel.cc:1857] OP_REQUIRES failed at transpose_op.cc:142 : INVALID_ARGUMENT: transpose expects a vector of size 0. But input(1) is a vector of size 7
2026-05-04 21:06:31.860533: W tensorflow/core/framework/op_kernel.cc:1857] OP_REQUIRES failed at transpose_op.cc:142 : INVALID_ARGUMENT: transpose expects a vector of size 0. But input(1) is a vector of size 7
2026-05-04 21:06:32.410189: W tensorflow/core/framework/op_kernel.cc:1857] OP_REQUIRES failed at transpose_op.cc:142 : INVALID_ARGUMENT: transpose expects a vector of size 0. But input(1) is a vector of size 7
2026-05-04 21:06:32.959452: W tensorflow/core/framework/op_kernel.cc:1857] OP_REQUIRES failed at transpose_op.cc:142 : INVALID_ARGUMENT: transpose expects a vector of size 0. But input(1) is a vector of size 7
2026-05-04 21:06:33.514087: W tensorflow/core/framework/op_kernel.cc:1857] OP_REQUIRES failed at transpose_op.cc:142 : INVALID_ARGUMENT: transpose expects a vector of size 0. But input(1) is a vector of size 7
2026-05-04 21:06:34.069485: W tensorflow/core/framework/op_kernel.cc:1857] OP_REQUIRES failed at transpose_op.cc:142 : INVALID_ARGUMENT: transpose expects a vector of size 0. But input(1) is a vector of size 7
2026-05-04 21:06:34.620833: W tensorflow/core/framework/op_kernel.cc:1857] OP_REQUIRES failed at transpose_op.cc:142 : INVALID_ARGUMENT: transpose expects a vector of size 0. But input(1) is a vector of size 7
2026-05-04 21:06:35.168833: W tensorflow/core/framework/op_kernel.cc:1857] OP_REQUIRES failed at transpose_op.cc:142 : INVALID_ARGUMENT: transpose expects a vector of size 0. But input(1) is a vector of size 7
2026-05-04 21:06:35.718186: W tensorflow/core/framework/op_kernel.cc:1857] OP_REQUIRES failed at transpose_op.cc:142 : INVALID_ARGUMENT: transpose expects a vector of size 0. But input(1) is a vector of size 7
2026-05-04 21:06:36.269007: W tensorflow/core/framework/op_kernel.cc:1857] OP_REQUIRES failed at transpose_op.cc:142 : INVALID_ARGUMENT: transpose expects a vector of size 0. But input(1) is a vector of size 7
2026-05-04 21:06:36.821178: W tensorflow/core/framework/op_kernel.cc:1857] OP_REQUIRES failed at transpose_op.cc:142 : INVALID_ARGUMENT: transpose expects a vector of size 0. But input(1) is a vector of size 7
2026-05-04 21:06:37.374090: W tensorflow/core/framework/op_kernel.cc:1857] OP_REQUIRES failed at transpose_op.cc:142 : INVALID_ARGUMENT: transpose expects a vector of size 0. But input(1) is a vector of size 7
2026-05-04 21:06:37.923270: W tensorflow/core/framework/op_kernel.cc:1857] OP_REQUIRES failed at transpose_op.cc:142 : INVALID_ARGUMENT: transpose expects a vector of size 0. But input(1) is a vector of size 7
2026-05-04 21:06:38.472909: W tensorflow/core/framework/op_kernel.cc:1857] OP_REQUIRES failed at transpose_op.cc:142 : INVALID_ARGUMENT: transpose expects a vector of size 0. But input(1) is a vector of size 7
2026-05-04 21:06:39.021467: W tensorflow/core/framework/op_kernel.cc:1857] OP_REQUIRES failed at transpose_op.cc:142 : INVALID_ARGUMENT: transpose expects a vector of size 0. But input(1) is a vector of size 7
2026-05-04 21:06:39.567001: W tensorflow/core/framework/op_kernel.cc:1857] OP_REQUIRES failed at transpose_op.cc:142 : INVALID_ARGUMENT: transpose expects a vector of size 0. But input(1) is a vector of size 7
2026-05-04 21:06:40.107167: W tensorflow/core/framework/op_kernel.cc:1857] OP_REQUIRES failed at transpose_op.cc:142 : INVALID_ARGUMENT: transpose expects a vector of size 0. But input(1) is a vector of size 7
2026-05-04 21:06:40.649213: W tensorflow/core/framework/op_kernel.cc:1857] OP_REQUIRES failed at transpose_op.cc:142 : INVALID_ARGUMENT: transpose expects a vector of size 0. But input(1) is a vector of size 7
2026-05-04 21:06:41.195410: W tensorflow/core/framework/op_kernel.cc:1857] OP_REQUIRES failed at transpose_op.cc:142 : INVALID_ARGUMENT: transpose expects a vector of size 0. But input(1) is a vector of size 7
2026-05-04 21:06:41.740618: W tensorflow/core/framework/op_kernel.cc:1857] OP_REQUIRES failed at transpose_op.cc:142 : INVALID_ARGUMENT: transpose expects a vector of size 0. But input(1) is a vector of size 7
2026-05-04 21:08:12.718396: W tensorflow/core/framework/op_kernel.cc:1857] OP_REQUIRES failed at transpose_op.cc:142 : INVALID_ARGUMENT: transpose expects a vector of size 0. But input(1) is a vector of size 7
2026-05-04 21:08:13.267747: W tensorflow/core/framework/op_kernel.cc:1857] OP_REQUIRES failed at transpose_op.cc:142 : INVALID_ARGUMENT: transpose expects a vector of size 0. But input(1) is a vector of size 7
2026-05-04 21:08:13.818204: W tensorflow/core/framework/op_kernel.cc:1857] OP_REQUIRES failed at transpose_op.cc:142 : INVALID_ARGUMENT: transpose expects a vector of size 0. But input(1) is a vector of size 7
2026-05-04 21:08:14.362777: W tensorflow/core/framework/op_kernel.cc:1857] OP_REQUIRES failed at transpose_op.cc:142 : INVALID_ARGUMENT: transpose expects a vector of size 0. But input(1) is a vector of size 7
2026-05-04 21:08:14.913130: W tensorflow/core/framework/op_kernel.cc:1857] OP_REQUIRES failed at transpose_op.cc:142 : INVALID_ARGUMENT: transpose expects a vector of size 0. But input(1) is a vector of size 7
2026-05-04 21:08:15.462328: W tensorflow/core/framework/op_kernel.cc:1857] OP_REQUIRES failed at transpose_op.cc:142 : INVALID_ARGUMENT: transpose expects a vector of size 0. But input(1) is a vector of size 7
2026-05-04 21:08:16.008677: W tensorflow/core/framework/op_kernel.cc:1857] OP_REQUIRES failed at transpose_op.cc:142 : INVALID_ARGUMENT: transpose expects a vector of size 0. But input(1) is a vector of size 7
2026-05-04 21:08:16.553806: W tensorflow/core/framework/op_kernel.cc:1857] OP_REQUIRES failed at transpose_op.cc:142 : INVALID_ARGUMENT: transpose expects a vector of size 0. But input(1) is a vector of size 7
2026-05-04 21:08:17.098030: W tensorflow/core/framework/op_kernel.cc:1857] OP_REQUIRES failed at transpose_op.cc:142 : INVALID_ARGUMENT: transpose expects a vector of size 0. But input(1) is a vector of size 7
2026-05-04 21:08:17.643274: W tensorflow/core/framework/op_kernel.cc:1857] OP_REQUIRES failed at transpose_op.cc:142 : INVALID_ARGUMENT: transpose expects a vector of size 0. But input(1) is a vector of size 7
2026-05-04 21:08:18.192813: W tensorflow/core/framework/op_kernel.cc:1857] OP_REQUIRES failed at transpose_op.cc:142 : INVALID_ARGUMENT: transpose expects a vector of size 0. But input(1) is a vector of size 7
2026-05-04 21:08:18.746727: W tensorflow/core/framework/op_kernel.cc:1857] OP_REQUIRES failed at transpose_op.cc:142 : INVALID_ARGUMENT: transpose expects a vector of size 0. But input(1) is a vector of size 7
2026-05-04 21:08:19.299699: W tensorflow/core/framework/op_kernel.cc:1857] OP_REQUIRES failed at transpose_op.cc:142 : INVALID_ARGUMENT: transpose expects a vector of size 0. But input(1) is a vector of size 7
2026-05-04 21:08:19.851282: W tensorflow/core/framework/op_kernel.cc:1857] OP_REQUIRES failed at transpose_op.cc:142 : INVALID_ARGUMENT: transpose expects a vector of size 0. But input(1) is a vector of size 7
2026-05-04 21:08:20.397689: W tensorflow/core/framework/op_kernel.cc:1857] OP_REQUIRES failed at transpose_op.cc:142 : INVALID_ARGUMENT: transpose expects a vector of size 0. But input(1) is a vector of size 7
2026-05-04 21:08:20.944341: W tensorflow/core/framework/op_kernel.cc:1857] OP_REQUIRES failed at transpose_op.cc:142 : INVALID_ARGUMENT: transpose expects a vector of size 0. But input(1) is a vector of size 7
2026-05-04 21:08:21.489976: W tensorflow/core/framework/op_kernel.cc:1857] OP_REQUIRES failed at transpose_op.cc:142 : INVALID_ARGUMENT: transpose expects a vector of size 0. But input(1) is a vector of size 7
2026-05-04 21:08:22.042347: W tensorflow/core/framework/op_kernel.cc:1857] OP_REQUIRES failed at transpose_op.cc:142 : INVALID_ARGUMENT: transpose expects a vector of size 0. But input(1) is a vector of size 7
2026-05-04 21:08:22.590085: W tensorflow/core/framework/op_kernel.cc:1857] OP_REQUIRES failed at transpose_op.cc:142 : INVALID_ARGUMENT: transpose expects a vector of size 0. But input(1) is a vector of size 7
2026-05-04 21:08:23.138457: W tensorflow/core/framework/op_kernel.cc:1857] OP_REQUIRES failed at transpose_op.cc:142 : INVALID_ARGUMENT: transpose expects a vector of size 0. But input(1) is a vector of size 7
2026-05-04 21:08:23.689658: W tensorflow/core/framework/op_kernel.cc:1857] OP_REQUIRES failed at transpose_op.cc:142 : INVALID_ARGUMENT: transpose expects a vector of size 0. But input(1) is a vector of size 7
2026-05-04 21:08:24.235160: W tensorflow/core/framework/op_kernel.cc:1857] OP_REQUIRES failed at transpose_op.cc:142 : INVALID_ARGUMENT: transpose expects a vector of size 0. But input(1) is a vector of size 7
2026-05-04 21:08:24.791216: W tensorflow/core/framework/op_kernel.cc:1857] OP_REQUIRES failed at transpose_op.cc:142 : INVALID_ARGUMENT: transpose expects a vector of size 0. But input(1) is a vector of size 7
2026-05-04 21:08:25.337069: W tensorflow/core/framework/op_kernel.cc:1857] OP_REQUIRES failed at transpose_op.cc:142 : INVALID_ARGUMENT: transpose expects a vector of size 0. But input(1) is a vector of size 7
2026-05-04 21:08:25.888209: W tensorflow/core/framework/op_kernel.cc:1857] OP_REQUIRES failed at transpose_op.cc:142 : INVALID_ARGUMENT: transpose expects a vector of size 0. But input(1) is a vector of size 7
2026-05-04 21:08:26.439168: W tensorflow/core/framework/op_kernel.cc:1857] OP_REQUIRES failed at transpose_op.cc:142 : INVALID_ARGUMENT: transpose expects a vector of size 0. But input(1) is a vector of size 7
2026-05-04 21:08:26.984537: W tensorflow/core/framework/op_kernel.cc:1857] OP_REQUIRES failed at transpose_op.cc:142 : INVALID_ARGUMENT: transpose expects a vector of size 0. But input(1) is a vector of size 7
2026-05-04 21:08:27.528795: W tensorflow/core/framework/op_kernel.cc:1857] OP_REQUIRES failed at transpose_op.cc:142 : INVALID_ARGUMENT: transpose expects a vector of size 0. But input(1) is a vector of size 7
2026-05-04 21:08:28.070720: W tensorflow/core/framework/op_kernel.cc:1857] OP_REQUIRES failed at transpose_op.cc:142 : INVALID_ARGUMENT: transpose expects a vector of size 0. But input(1) is a vector of size 7
2026-05-04 21:08:28.622883: W tensorflow/core/framework/op_kernel.cc:1857] OP_REQUIRES failed at transpose_op.cc:142 : INVALID_ARGUMENT: transpose expects a vector of size 0. But input(1) is a vector of size 7
2026-05-04 21:08:29.174088: W tensorflow/core/framework/op_kernel.cc:1857] OP_REQUIRES failed at transpose_op.cc:142 : INVALID_ARGUMENT: transpose expects a vector of size 0. But input(1) is a vector of size 7
2026-05-04 21:08:29.716586: W tensorflow/core/framework/op_kernel.cc:1857] OP_REQUIRES failed at transpose_op.cc:142 : INVALID_ARGUMENT: transpose expects a vector of size 0. But input(1) is a vector of size 7
slurmstepd: error: *** JOB 60393281 ON ng30709 CANCELLED AT 2026-05-05T01:08:56 ***
[SLURM] received pre-timeout signal; forwarding TERM to Python worker 2843637
