2026-05-05 08:11:55.785869: E external/local_xla/xla/stream_executor/cuda/cuda_fft.cc:467] Unable to register cuFFT factory: Attempting to register factory for plugin cuFFT when one has already been registered
WARNING: All log messages before absl::InitializeLog() is called are written to STDERR
E0000 00:00:1777983115.939876 2988319 cuda_dnn.cc:8579] Unable to register cuDNN factory: Attempting to register factory for plugin cuDNN when one has already been registered
E0000 00:00:1777983116.001354 2988319 cuda_blas.cc:1407] Unable to register cuBLAS factory: Attempting to register factory for plugin cuBLAS when one has already been registered
W0000 00:00:1777983116.426402 2988319 computation_placer.cc:177] computation placer already registered. Please check linkage and avoid linking the same target more than once.
W0000 00:00:1777983116.426450 2988319 computation_placer.cc:177] computation placer already registered. Please check linkage and avoid linking the same target more than once.
W0000 00:00:1777983116.426462 2988319 computation_placer.cc:177] computation placer already registered. Please check linkage and avoid linking the same target more than once.
W0000 00:00:1777983116.426474 2988319 computation_placer.cc:177] computation placer already registered. Please check linkage and avoid linking the same target more than once.
2026-05-05 08:13:28.174766: W tensorflow/core/common_runtime/gpu/gpu_bfc_allocator.cc:47] Overriding orig_value setting because the TF_FORCE_GPU_ALLOW_GROWTH environment variable is set. Original config value was 0.
I0000 00:00:1777983208.174824 2988319 gpu_process_state.cc:208] Using CUDA malloc Async allocator for GPU: 0
I0000 00:00:1777983208.176410 2988319 gpu_device.cc:2019] Created device /job:localhost/replica:0/task:0/device:GPU:0 with 38484 MB memory:  -> device: 0, name: NVIDIA A100-SXM4-40GB, pci bus id: 0000:01:00.0, compute capability: 8.0
WARNING: All log messages before absl::InitializeLog() is called are written to STDERR
I0000 00:00:1777983271.802628 2988319 cuda_solvers.cc:175] Creating GpuSolver handles for stream 0x81c1f40
2026-05-05 08:14:40.528604: E external/local_xla/xla/stream_executor/gpu/gpu_cudamallocasync_allocator.cc:359] gpu_async_0 cuMemAllocAsync failed to allocate 12683575296 bytes: RESOURCE_EXHAUSTED: : CUDA_ERROR_OUT_OF_MEMORY: out of memory
 Reported by CUDA: Free memory/Total memory: 1562705920/42406903808
2026-05-05 08:14:40.528692: E external/local_xla/xla/stream_executor/gpu/gpu_cudamallocasync_allocator.cc:364] Stats: Limit:                     40353726464
InUse:                     34564423778
MaxInUse:                  34713747554
NumAllocs:                       85060
MaxAllocSize:              12816039936
Reserved:                            0
PeakReserved:                        0
LargestFreeBlock:                    0

2026-05-05 08:14:40.528723: E external/local_xla/xla/stream_executor/gpu/gpu_cudamallocasync_allocator.cc:68] Histogram of current allocation: (allocation_size_in_bytes, nb_allocation_of_that_sizes), ...;
2026-05-05 08:14:40.528737: E external/local_xla/xla/stream_executor/gpu/gpu_cudamallocasync_allocator.cc:71] 1, 6
2026-05-05 08:14:40.528749: E external/local_xla/xla/stream_executor/gpu/gpu_cudamallocasync_allocator.cc:71] 4, 100
2026-05-05 08:14:40.528762: E external/local_xla/xla/stream_executor/gpu/gpu_cudamallocasync_allocator.cc:71] 8, 10
2026-05-05 08:14:40.528773: E external/local_xla/xla/stream_executor/gpu/gpu_cudamallocasync_allocator.cc:71] 12, 5
2026-05-05 08:14:40.528785: E external/local_xla/xla/stream_executor/gpu/gpu_cudamallocasync_allocator.cc:71] 16, 13
2026-05-05 08:14:40.528797: E external/local_xla/xla/stream_executor/gpu/gpu_cudamallocasync_allocator.cc:71] 20, 1
2026-05-05 08:14:40.528809: E external/local_xla/xla/stream_executor/gpu/gpu_cudamallocasync_allocator.cc:71] 24, 4
2026-05-05 08:14:40.528821: E external/local_xla/xla/stream_executor/gpu/gpu_cudamallocasync_allocator.cc:71] 28, 6
2026-05-05 08:14:40.528833: E external/local_xla/xla/stream_executor/gpu/gpu_cudamallocasync_allocator.cc:71] 32, 3
2026-05-05 08:14:40.528845: E external/local_xla/xla/stream_executor/gpu/gpu_cudamallocasync_allocator.cc:71] 64, 1
2026-05-05 08:14:40.528874: E external/local_xla/xla/stream_executor/gpu/gpu_cudamallocasync_allocator.cc:71] 96, 2
2026-05-05 08:14:40.528887: E external/local_xla/xla/stream_executor/gpu/gpu_cudamallocasync_allocator.cc:71] 112, 3
2026-05-05 08:14:40.528899: E external/local_xla/xla/stream_executor/gpu/gpu_cudamallocasync_allocator.cc:71] 128, 8
2026-05-05 08:14:40.528911: E external/local_xla/xla/stream_executor/gpu/gpu_cudamallocasync_allocator.cc:71] 192, 3
2026-05-05 08:14:40.528923: E external/local_xla/xla/stream_executor/gpu/gpu_cudamallocasync_allocator.cc:71] 256, 6
2026-05-05 08:14:40.528934: E external/local_xla/xla/stream_executor/gpu/gpu_cudamallocasync_allocator.cc:71] 448, 6
2026-05-05 08:14:40.528946: E external/local_xla/xla/stream_executor/gpu/gpu_cudamallocasync_allocator.cc:71] 512, 80
2026-05-05 08:14:40.528958: E external/local_xla/xla/stream_executor/gpu/gpu_cudamallocasync_allocator.cc:71] 768, 1
2026-05-05 08:14:40.528970: E external/local_xla/xla/stream_executor/gpu/gpu_cudamallocasync_allocator.cc:71] 1024, 8
2026-05-05 08:14:40.528982: E external/local_xla/xla/stream_executor/gpu/gpu_cudamallocasync_allocator.cc:71] 1028, 1
2026-05-05 08:14:40.528994: E external/local_xla/xla/stream_executor/gpu/gpu_cudamallocasync_allocator.cc:71] 1536, 3
2026-05-05 08:14:40.529006: E external/local_xla/xla/stream_executor/gpu/gpu_cudamallocasync_allocator.cc:71] 1568, 1
2026-05-05 08:14:40.529018: E external/local_xla/xla/stream_executor/gpu/gpu_cudamallocasync_allocator.cc:71] 1920, 5
2026-05-05 08:14:40.529029: E external/local_xla/xla/stream_executor/gpu/gpu_cudamallocasync_allocator.cc:71] 3072, 4
2026-05-05 08:14:40.529041: E external/local_xla/xla/stream_executor/gpu/gpu_cudamallocasync_allocator.cc:71] 4608, 4
2026-05-05 08:14:40.529053: E external/local_xla/xla/stream_executor/gpu/gpu_cudamallocasync_allocator.cc:71] 6144, 2
2026-05-05 08:14:40.529065: E external/local_xla/xla/stream_executor/gpu/gpu_cudamallocasync_allocator.cc:71] 10752, 3
2026-05-05 08:14:40.529077: E external/local_xla/xla/stream_executor/gpu/gpu_cudamallocasync_allocator.cc:71] 12288, 1
2026-05-05 08:14:40.529089: E external/local_xla/xla/stream_executor/gpu/gpu_cudamallocasync_allocator.cc:71] 18080, 5
2026-05-05 08:14:40.529101: E external/local_xla/xla/stream_executor/gpu/gpu_cudamallocasync_allocator.cc:71] 24576, 2
2026-05-05 08:14:40.529113: E external/local_xla/xla/stream_executor/gpu/gpu_cudamallocasync_allocator.cc:71] 27648, 1
2026-05-05 08:14:40.529125: E external/local_xla/xla/stream_executor/gpu/gpu_cudamallocasync_allocator.cc:71] 32768, 1
2026-05-05 08:14:40.529137: E external/local_xla/xla/stream_executor/gpu/gpu_cudamallocasync_allocator.cc:71] 39936, 3
2026-05-05 08:14:40.529149: E external/local_xla/xla/stream_executor/gpu/gpu_cudamallocasync_allocator.cc:71] 43008, 4
2026-05-05 08:14:40.529160: E external/local_xla/xla/stream_executor/gpu/gpu_cudamallocasync_allocator.cc:71] 43424, 5
2026-05-05 08:14:40.529180: E external/local_xla/xla/stream_executor/gpu/gpu_cudamallocasync_allocator.cc:71] 65536, 39
2026-05-05 08:14:40.529192: E external/local_xla/xla/stream_executor/gpu/gpu_cudamallocasync_allocator.cc:71] 78336, 1
2026-05-05 08:14:40.529204: E external/local_xla/xla/stream_executor/gpu/gpu_cudamallocasync_allocator.cc:71] 83456, 1
2026-05-05 08:14:40.529216: E external/local_xla/xla/stream_executor/gpu/gpu_cudamallocasync_allocator.cc:71] 86016, 7
2026-05-05 08:14:40.529228: E external/local_xla/xla/stream_executor/gpu/gpu_cudamallocasync_allocator.cc:71] 96768, 1
2026-05-05 08:14:40.529239: E external/local_xla/xla/stream_executor/gpu/gpu_cudamallocasync_allocator.cc:71] 131072, 12
2026-05-05 08:14:40.529251: E external/local_xla/xla/stream_executor/gpu/gpu_cudamallocasync_allocator.cc:71] 159744, 1
2026-05-05 08:14:40.529263: E external/local_xla/xla/stream_executor/gpu/gpu_cudamallocasync_allocator.cc:71] 186464, 2
2026-05-05 08:14:40.529275: E external/local_xla/xla/stream_executor/gpu/gpu_cudamallocasync_allocator.cc:71] 215040, 3
2026-05-05 08:14:40.529294: E external/local_xla/xla/stream_executor/gpu/gpu_cudamallocasync_allocator.cc:71] 294912, 1
2026-05-05 08:14:40.529307: E external/local_xla/xla/stream_executor/gpu/gpu_cudamallocasync_allocator.cc:71] 319488, 1
2026-05-05 08:14:40.529319: E external/local_xla/xla/stream_executor/gpu/gpu_cudamallocasync_allocator.cc:71] 372928, 15
2026-05-05 08:14:40.529331: E external/local_xla/xla/stream_executor/gpu/gpu_cudamallocasync_allocator.cc:71] 387072, 1
2026-05-05 08:14:40.529343: E external/local_xla/xla/stream_executor/gpu/gpu_cudamallocasync_allocator.cc:71] 579840, 1
2026-05-05 08:14:40.529355: E external/local_xla/xla/stream_executor/gpu/gpu_cudamallocasync_allocator.cc:71] 1204224, 1
2026-05-05 08:14:40.529367: E external/local_xla/xla/stream_executor/gpu/gpu_cudamallocasync_allocator.cc:71] 1835008, 1
2026-05-05 08:14:40.529378: E external/local_xla/xla/stream_executor/gpu/gpu_cudamallocasync_allocator.cc:71] 4620288, 2
2026-05-05 08:14:40.529390: E external/local_xla/xla/stream_executor/gpu/gpu_cudamallocasync_allocator.cc:71] 4718592, 2
2026-05-05 08:14:40.529402: E external/local_xla/xla/stream_executor/gpu/gpu_cudamallocasync_allocator.cc:71] 5505024, 1
2026-05-05 08:14:40.529414: E external/local_xla/xla/stream_executor/gpu/gpu_cudamallocasync_allocator.cc:71] 9240576, 1
2026-05-05 08:14:40.529426: E external/local_xla/xla/stream_executor/gpu/gpu_cudamallocasync_allocator.cc:71] 13762560, 1
2026-05-05 08:14:40.529438: E external/local_xla/xla/stream_executor/gpu/gpu_cudamallocasync_allocator.cc:71] 16515072, 5
2026-05-05 08:14:40.529450: E external/local_xla/xla/stream_executor/gpu/gpu_cudamallocasync_allocator.cc:71] 33030144, 4
2026-05-05 08:14:40.529462: E external/local_xla/xla/stream_executor/gpu/gpu_cudamallocasync_allocator.cc:71] 66060288, 7
2026-05-05 08:14:40.529474: E external/local_xla/xla/stream_executor/gpu/gpu_cudamallocasync_allocator.cc:71] 1409286144, 3
2026-05-05 08:14:40.529486: E external/local_xla/xla/stream_executor/gpu/gpu_cudamallocasync_allocator.cc:71] 4227858432, 1
2026-05-05 08:14:40.529497: E external/local_xla/xla/stream_executor/gpu/gpu_cudamallocasync_allocator.cc:71] 12683575296, 2
2026-05-05 08:14:40.529511: E external/local_xla/xla/stream_executor/gpu/gpu_cudamallocasync_allocator.cc:104] CU_MEMPOOL_ATTR_RESERVED_MEM_CURRENT: 40332427264
2026-05-05 08:14:40.529524: E external/local_xla/xla/stream_executor/gpu/gpu_cudamallocasync_allocator.cc:106] CU_MEMPOOL_ATTR_USED_MEM_CURRENT: 34564423778
2026-05-05 08:14:40.529536: E external/local_xla/xla/stream_executor/gpu/gpu_cudamallocasync_allocator.cc:107] CU_MEMPOOL_ATTR_RESERVED_MEM_HIGH: 41875931136
2026-05-05 08:14:40.529548: E external/local_xla/xla/stream_executor/gpu/gpu_cudamallocasync_allocator.cc:108] CU_MEMPOOL_ATTR_USED_MEM_HIGH: 34713747554
2026-05-05 08:14:40.529567: W tensorflow/core/framework/op_kernel.cc:1857] OP_REQUIRES failed at matmul_op_impl.h:959 : RESOURCE_EXHAUSTED: OOM when allocating tensor with shape[48,1,16,4,1,14,192,192] and type complex64 on /job:localhost/replica:0/task:0/device:GPU:0 by allocator gpu_async_0
Traceback (most recent call last):
  File "/lustre07/scratch/rsadve1/Universal_Receiver_NEW-main_Narval/scripts/run_comprehensive_mu32_ablation.py", line 367, in <module>
    main()
  File "/lustre07/scratch/rsadve1/Universal_Receiver_NEW-main_Narval/scripts/run_comprehensive_mu32_ablation.py", line 324, in main
    result = evaluate_model(cfg_eval, checkpoint_path=str(checkpoint_path), num_users=num_users)
             ^^^^^^^^^^^^^^^^^^^^^^^^^^^^^^^^^^^^^^^^^^^^^^^^^^^^^^^^^^^^^^^^^^^^^^^^^^^^^^^^^^^
  File "/lustre07/scratch/rsadve1/Universal_Receiver_NEW-main_Narval/src/upair5g/evaluation.py", line 430, in evaluate_model
    h_hat_base, _ = _call_channel_estimator(estimator_block, micro_batch["y"], micro_batch["no"])
                    ^^^^^^^^^^^^^^^^^^^^^^^^^^^^^^^^^^^^^^^^^^^^^^^^^^^^^^^^^^^^^^^^^^^^^^^^^^^^^
  File "/lustre07/scratch/rsadve1/Universal_Receiver_NEW-main_Narval/src/upair5g/evaluation.py", line 39, in _call_channel_estimator
    out = estimator(y, no)
          ^^^^^^^^^^^^^^^^
  File "/home/rsadve1/scratch/.venvGRAND/lib/python3.12/site-packages/sionna/phy/block.py", line 155, in __call__
    return self.call(*args, **kwargs)
           ^^^^^^^^^^^^^^^^^^^^^^^^^^
  File "/home/rsadve1/scratch/.venvGRAND/lib/python3.12/site-packages/sionna/phy/ofdm/channel_estimation.py", line 170, in call
    h_hat, err_var = self._interpol(h_hat, err_var)
                     ^^^^^^^^^^^^^^^^^^^^^^^^^^^^^^
  File "/home/rsadve1/scratch/.venvGRAND/lib/python3.12/site-packages/sionna/phy/ofdm/channel_estimation.py", line 1820, in __call__
    h_hat, err_var = interp(h_hat, err_var)
                     ^^^^^^^^^^^^^^^^^^^^^^
  File "/home/rsadve1/scratch/.venvGRAND/lib/python3.12/site-packages/sionna/phy/ofdm/channel_estimation.py", line 1121, in __call__
    h_hat_var_1 = tf.matmul(cov_mat, ext_mat_h)
                  ^^^^^^^^^^^^^^^^^^^^^^^^^^^^^
  File "/home/rsadve1/scratch/.venvGRAND/lib/python3.12/site-packages/tensorflow/python/ops/weak_tensor_ops.py", line 142, in wrapper
    return op(*args, **kwargs)
           ^^^^^^^^^^^^^^^^^^^
  File "/home/rsadve1/scratch/.venvGRAND/lib/python3.12/site-packages/tensorflow/python/util/traceback_utils.py", line 153, in error_handler
    raise e.with_traceback(filtered_tb) from None
  File "/home/rsadve1/scratch/.venvGRAND/lib/python3.12/site-packages/tensorflow/python/framework/ops.py", line 6006, in raise_from_not_ok_status
    raise core._status_to_exception(e) from None  # pylint: disable=protected-access
    ^^^^^^^^^^^^^^^^^^^^^^^^^^^^^^^^^^^^^^^^^^^^
tensorflow.python.framework.errors_impl.ResourceExhaustedError: {{function_node __wrapped__BatchMatMulV2_device_/job:localhost/replica:0/task:0/device:GPU:0}} OOM when allocating tensor with shape[48,1,16,4,1,14,192,192] and type complex64 on /job:localhost/replica:0/task:0/device:GPU:0 by allocator gpu_async_0 [Op:BatchMatMulV2] name: 
