[SLURM] task=0/12 seed=7 dmrs_case=1dmrs variant=main_d96_b4_r2
Mon May  4 16:46:41 2026       
+-----------------------------------------------------------------------------------------+
| NVIDIA-SMI 570.211.01             Driver Version: 570.211.01     CUDA Version: 12.8     |
|-----------------------------------------+------------------------+----------------------+
| GPU  Name                 Persistence-M | Bus-Id          Disp.A | Volatile Uncorr. ECC |
| Fan  Temp   Perf          Pwr:Usage/Cap |           Memory-Usage | GPU-Util  Compute M. |
|                                         |                        |               MIG M. |
|=========================================+========================+======================|
|   0  NVIDIA A100-SXM4-40GB          Off |   00000000:81:00.0 Off |                    0 |
| N/A   39C    P0             56W /  400W |       0MiB /  40960MiB |      0%      Default |
|                                         |                        |             Disabled |
+-----------------------------------------+------------------------+----------------------+
                                                                                         
+-----------------------------------------------------------------------------------------+
| Processes:                                                                              |
|  GPU   GI   CI              PID   Type   Process name                        GPU Memory |
|        ID   ID                                                               Usage      |
|=========================================================================================|
|  No running processes found                                                             |
+-----------------------------------------------------------------------------------------+
[TRAIN] starting from scratch
[TRAIN] step=00001 loss=-2.29074 nmse_prop=0.03657 nmse_ls=0.03657 gpu_mem=0.09GiB peak=21.94GiB
[TRAIN] step=00100 loss=-2.87591 nmse_prop=0.02067 nmse_ls=0.02209 gpu_mem=0.23GiB peak=22.18GiB
[TRAIN] saved resumable state at step=100 reason=periodic: /lustre07/scratch/rsadve1/Universal_Receiver_NEW-main_Narval/TWC_plots_comprehensive/runs_rx16/seed7/1dmrs/main_d96_b4_r2/checkpoints/training_state/ckpt-100
[TRAIN] step=00200 loss=-3.04560 nmse_prop=0.01998 nmse_ls=0.02233 gpu_mem=0.23GiB peak=22.18GiB
[TRAIN] saved resumable state at step=200 reason=periodic: /lustre07/scratch/rsadve1/Universal_Receiver_NEW-main_Narval/TWC_plots_comprehensive/runs_rx16/seed7/1dmrs/main_d96_b4_r2/checkpoints/training_state/ckpt-200
[TRAIN] step=00300 loss=-3.39178 nmse_prop=0.01578 nmse_ls=0.01926 gpu_mem=0.23GiB peak=22.18GiB
[TRAIN] saved resumable state at step=300 reason=periodic: /lustre07/scratch/rsadve1/Universal_Receiver_NEW-main_Narval/TWC_plots_comprehensive/runs_rx16/seed7/1dmrs/main_d96_b4_r2/checkpoints/training_state/ckpt-300
[TRAIN] step=00400 loss=-1.68546 nmse_prop=0.06669 nmse_ls=0.07128 gpu_mem=0.23GiB peak=22.18GiB
[TRAIN] saved resumable state at step=400 reason=periodic: /lustre07/scratch/rsadve1/Universal_Receiver_NEW-main_Narval/TWC_plots_comprehensive/runs_rx16/seed7/1dmrs/main_d96_b4_r2/checkpoints/training_state/ckpt-400
[TRAIN] saved new best weights at step=500 val_nmse=0.0248862
[TRAIN] step=00500 loss=-2.14665 nmse_prop=0.04358 nmse_ls=0.04757 gpu_mem=0.43GiB peak=22.18GiB
[TRAIN] saved resumable state at step=500 reason=periodic: /lustre07/scratch/rsadve1/Universal_Receiver_NEW-main_Narval/TWC_plots_comprehensive/runs_rx16/seed7/1dmrs/main_d96_b4_r2/checkpoints/training_state/ckpt-500
[TRAIN] step=00600 loss=-3.02242 nmse_prop=0.02115 nmse_ls=0.02526 gpu_mem=0.43GiB peak=22.38GiB
[TRAIN] saved resumable state at step=600 reason=periodic: /lustre07/scratch/rsadve1/Universal_Receiver_NEW-main_Narval/TWC_plots_comprehensive/runs_rx16/seed7/1dmrs/main_d96_b4_r2/checkpoints/training_state/ckpt-600
[TRAIN] step=00700 loss=-3.25375 nmse_prop=0.01772 nmse_ls=0.02159 gpu_mem=0.43GiB peak=22.38GiB
[TRAIN] saved resumable state at step=700 reason=periodic: /lustre07/scratch/rsadve1/Universal_Receiver_NEW-main_Narval/TWC_plots_comprehensive/runs_rx16/seed7/1dmrs/main_d96_b4_r2/checkpoints/training_state/ckpt-700
[TRAIN] step=00800 loss=-2.86128 nmse_prop=0.02466 nmse_ls=0.02879 gpu_mem=0.43GiB peak=22.38GiB
[TRAIN] saved resumable state at step=800 reason=periodic: /lustre07/scratch/rsadve1/Universal_Receiver_NEW-main_Narval/TWC_plots_comprehensive/runs_rx16/seed7/1dmrs/main_d96_b4_r2/checkpoints/training_state/ckpt-800
[TRAIN] step=00900 loss=-2.07444 nmse_prop=0.04642 nmse_ls=0.05202 gpu_mem=0.43GiB peak=22.38GiB
[TRAIN] saved resumable state at step=900 reason=periodic: /lustre07/scratch/rsadve1/Universal_Receiver_NEW-main_Narval/TWC_plots_comprehensive/runs_rx16/seed7/1dmrs/main_d96_b4_r2/checkpoints/training_state/ckpt-900
[TRAIN] saved new best weights at step=1000 val_nmse=0.0240501
[TRAIN] step=01000 loss=-3.06053 nmse_prop=0.02078 nmse_ls=0.02567 gpu_mem=0.43GiB peak=22.38GiB
[TRAIN] saved resumable state at step=1000 reason=periodic: /lustre07/scratch/rsadve1/Universal_Receiver_NEW-main_Narval/TWC_plots_comprehensive/runs_rx16/seed7/1dmrs/main_d96_b4_r2/checkpoints/training_state/ckpt-1000
[TRAIN] step=01100 loss=-3.85196 nmse_prop=0.01159 nmse_ls=0.01640 gpu_mem=0.43GiB peak=22.38GiB
[TRAIN] saved resumable state at step=1100 reason=periodic: /lustre07/scratch/rsadve1/Universal_Receiver_NEW-main_Narval/TWC_plots_comprehensive/runs_rx16/seed7/1dmrs/main_d96_b4_r2/checkpoints/training_state/ckpt-1100
[TRAIN] step=01200 loss=-3.40299 nmse_prop=0.01802 nmse_ls=0.02335 gpu_mem=0.43GiB peak=22.38GiB
[TRAIN] saved resumable state at step=1200 reason=periodic: /lustre07/scratch/rsadve1/Universal_Receiver_NEW-main_Narval/TWC_plots_comprehensive/runs_rx16/seed7/1dmrs/main_d96_b4_r2/checkpoints/training_state/ckpt-1200
[TRAIN] step=01300 loss=-3.74009 nmse_prop=0.01369 nmse_ls=0.01850 gpu_mem=0.43GiB peak=22.38GiB
[TRAIN] saved resumable state at step=1300 reason=periodic: /lustre07/scratch/rsadve1/Universal_Receiver_NEW-main_Narval/TWC_plots_comprehensive/runs_rx16/seed7/1dmrs/main_d96_b4_r2/checkpoints/training_state/ckpt-1300
[TRAIN] step=01400 loss=-2.79922 nmse_prop=0.02486 nmse_ls=0.03138 gpu_mem=0.43GiB peak=22.38GiB
[TRAIN] saved resumable state at step=1400 reason=periodic: /lustre07/scratch/rsadve1/Universal_Receiver_NEW-main_Narval/TWC_plots_comprehensive/runs_rx16/seed7/1dmrs/main_d96_b4_r2/checkpoints/training_state/ckpt-1400
[TRAIN] saved new best weights at step=1500 val_nmse=0.0230538
[TRAIN] step=01500 loss=-2.70240 nmse_prop=0.02633 nmse_ls=0.03186 gpu_mem=0.43GiB peak=22.38GiB
[TRAIN] saved resumable state at step=1500 reason=periodic: /lustre07/scratch/rsadve1/Universal_Receiver_NEW-main_Narval/TWC_plots_comprehensive/runs_rx16/seed7/1dmrs/main_d96_b4_r2/checkpoints/training_state/ckpt-1500
[TRAIN] step=01600 loss=-3.62275 nmse_prop=0.01544 nmse_ls=0.02094 gpu_mem=0.43GiB peak=22.38GiB
[TRAIN] saved resumable state at step=1600 reason=periodic: /lustre07/scratch/rsadve1/Universal_Receiver_NEW-main_Narval/TWC_plots_comprehensive/runs_rx16/seed7/1dmrs/main_d96_b4_r2/checkpoints/training_state/ckpt-1600
[TRAIN] step=01700 loss=-3.61176 nmse_prop=0.01333 nmse_ls=0.01924 gpu_mem=0.43GiB peak=22.38GiB
[TRAIN] saved resumable state at step=1700 reason=periodic: /lustre07/scratch/rsadve1/Universal_Receiver_NEW-main_Narval/TWC_plots_comprehensive/runs_rx16/seed7/1dmrs/main_d96_b4_r2/checkpoints/training_state/ckpt-1700
[TRAIN] step=01800 loss=-2.60804 nmse_prop=0.02879 nmse_ls=0.03553 gpu_mem=0.43GiB peak=22.38GiB
[TRAIN] saved resumable state at step=1800 reason=periodic: /lustre07/scratch/rsadve1/Universal_Receiver_NEW-main_Narval/TWC_plots_comprehensive/runs_rx16/seed7/1dmrs/main_d96_b4_r2/checkpoints/training_state/ckpt-1800
[TRAIN] step=01900 loss=-2.12595 nmse_prop=0.04440 nmse_ls=0.05334 gpu_mem=0.43GiB peak=22.38GiB
[TRAIN] saved resumable state at step=1900 reason=periodic: /lustre07/scratch/rsadve1/Universal_Receiver_NEW-main_Narval/TWC_plots_comprehensive/runs_rx16/seed7/1dmrs/main_d96_b4_r2/checkpoints/training_state/ckpt-1900
[TRAIN] saved new best weights at step=2000 val_nmse=0.0216914
[TRAIN] step=02000 loss=-3.83050 nmse_prop=0.01383 nmse_ls=0.01986 gpu_mem=0.43GiB peak=22.38GiB
[TRAIN] saved resumable state at step=2000 reason=periodic: /lustre07/scratch/rsadve1/Universal_Receiver_NEW-main_Narval/TWC_plots_comprehensive/runs_rx16/seed7/1dmrs/main_d96_b4_r2/checkpoints/training_state/ckpt-2000
[TRAIN] step=02100 loss=-3.19214 nmse_prop=0.01697 nmse_ls=0.02193 gpu_mem=0.43GiB peak=22.38GiB
[TRAIN] saved resumable state at step=2100 reason=periodic: /lustre07/scratch/rsadve1/Universal_Receiver_NEW-main_Narval/TWC_plots_comprehensive/runs_rx16/seed7/1dmrs/main_d96_b4_r2/checkpoints/training_state/ckpt-2100
[TRAIN] step=02200 loss=-3.19543 nmse_prop=0.01689 nmse_ls=0.02422 gpu_mem=0.43GiB peak=22.38GiB
[TRAIN] saved resumable state at step=2200 reason=periodic: /lustre07/scratch/rsadve1/Universal_Receiver_NEW-main_Narval/TWC_plots_comprehensive/runs_rx16/seed7/1dmrs/main_d96_b4_r2/checkpoints/training_state/ckpt-2200
[TRAIN] step=02300 loss=-3.67672 nmse_prop=0.01327 nmse_ls=0.02166 gpu_mem=0.43GiB peak=22.38GiB
[TRAIN] saved resumable state at step=2300 reason=periodic: /lustre07/scratch/rsadve1/Universal_Receiver_NEW-main_Narval/TWC_plots_comprehensive/runs_rx16/seed7/1dmrs/main_d96_b4_r2/checkpoints/training_state/ckpt-2300
[TRAIN] step=02400 loss=-3.20694 nmse_prop=0.01635 nmse_ls=0.02402 gpu_mem=0.43GiB peak=22.38GiB
[TRAIN] saved resumable state at step=2400 reason=periodic: /lustre07/scratch/rsadve1/Universal_Receiver_NEW-main_Narval/TWC_plots_comprehensive/runs_rx16/seed7/1dmrs/main_d96_b4_r2/checkpoints/training_state/ckpt-2400
[TRAIN] saved new best weights at step=2500 val_nmse=0.0191188
[TRAIN] step=02500 loss=-1.99672 nmse_prop=0.04897 nmse_ls=0.06161 gpu_mem=0.43GiB peak=22.38GiB
[TRAIN] saved resumable state at step=2500 reason=periodic: /lustre07/scratch/rsadve1/Universal_Receiver_NEW-main_Narval/TWC_plots_comprehensive/runs_rx16/seed7/1dmrs/main_d96_b4_r2/checkpoints/training_state/ckpt-2500
[TRAIN] step=02600 loss=-3.93394 nmse_prop=0.01039 nmse_ls=0.01927 gpu_mem=0.43GiB peak=22.38GiB
[TRAIN] saved resumable state at step=2600 reason=periodic: /lustre07/scratch/rsadve1/Universal_Receiver_NEW-main_Narval/TWC_plots_comprehensive/runs_rx16/seed7/1dmrs/main_d96_b4_r2/checkpoints/training_state/ckpt-2600
[TRAIN] step=02700 loss=-3.29271 nmse_prop=0.01503 nmse_ls=0.02364 gpu_mem=0.43GiB peak=22.38GiB
[TRAIN] saved resumable state at step=2700 reason=periodic: /lustre07/scratch/rsadve1/Universal_Receiver_NEW-main_Narval/TWC_plots_comprehensive/runs_rx16/seed7/1dmrs/main_d96_b4_r2/checkpoints/training_state/ckpt-2700
[TRAIN] step=02800 loss=-1.94704 nmse_prop=0.05126 nmse_ls=0.06553 gpu_mem=0.43GiB peak=22.38GiB
[TRAIN] saved resumable state at step=2800 reason=periodic: /lustre07/scratch/rsadve1/Universal_Receiver_NEW-main_Narval/TWC_plots_comprehensive/runs_rx16/seed7/1dmrs/main_d96_b4_r2/checkpoints/training_state/ckpt-2800
[TRAIN] step=02900 loss=-2.26285 nmse_prop=0.03738 nmse_ls=0.05011 gpu_mem=0.43GiB peak=22.38GiB
[TRAIN] saved resumable state at step=2900 reason=periodic: /lustre07/scratch/rsadve1/Universal_Receiver_NEW-main_Narval/TWC_plots_comprehensive/runs_rx16/seed7/1dmrs/main_d96_b4_r2/checkpoints/training_state/ckpt-2900
[TRAIN] saved new best weights at step=3000 val_nmse=0.0176731
[TRAIN] step=03000 loss=-3.99184 nmse_prop=0.00911 nmse_ls=0.01845 gpu_mem=0.43GiB peak=22.38GiB
[TRAIN] saved resumable state at step=3000 reason=periodic: /lustre07/scratch/rsadve1/Universal_Receiver_NEW-main_Narval/TWC_plots_comprehensive/runs_rx16/seed7/1dmrs/main_d96_b4_r2/checkpoints/training_state/ckpt-3000
[TRAIN] step=03100 loss=-4.10606 nmse_prop=0.00876 nmse_ls=0.01785 gpu_mem=0.43GiB peak=22.38GiB
[TRAIN] saved resumable state at step=3100 reason=periodic: /lustre07/scratch/rsadve1/Universal_Receiver_NEW-main_Narval/TWC_plots_comprehensive/runs_rx16/seed7/1dmrs/main_d96_b4_r2/checkpoints/training_state/ckpt-3100
[TRAIN] step=03200 loss=-1.92231 nmse_prop=0.05184 nmse_ls=0.06620 gpu_mem=0.43GiB peak=22.38GiB
[TRAIN] saved resumable state at step=3200 reason=periodic: /lustre07/scratch/rsadve1/Universal_Receiver_NEW-main_Narval/TWC_plots_comprehensive/runs_rx16/seed7/1dmrs/main_d96_b4_r2/checkpoints/training_state/ckpt-3200
[TRAIN] step=03300 loss=-3.72853 nmse_prop=0.01091 nmse_ls=0.01967 gpu_mem=0.43GiB peak=22.38GiB
[TRAIN] saved resumable state at step=3300 reason=periodic: /lustre07/scratch/rsadve1/Universal_Receiver_NEW-main_Narval/TWC_plots_comprehensive/runs_rx16/seed7/1dmrs/main_d96_b4_r2/checkpoints/training_state/ckpt-3300
[TRAIN] step=03400 loss=-2.62025 nmse_prop=0.02684 nmse_ls=0.03921 gpu_mem=0.43GiB peak=22.38GiB
[TRAIN] saved resumable state at step=3400 reason=periodic: /lustre07/scratch/rsadve1/Universal_Receiver_NEW-main_Narval/TWC_plots_comprehensive/runs_rx16/seed7/1dmrs/main_d96_b4_r2/checkpoints/training_state/ckpt-3400
[TRAIN] saved new best weights at step=3500 val_nmse=0.0168809
[TRAIN] step=03500 loss=-4.05926 nmse_prop=0.00848 nmse_ls=0.01748 gpu_mem=0.43GiB peak=22.38GiB
[TRAIN] saved resumable state at step=3500 reason=periodic: /lustre07/scratch/rsadve1/Universal_Receiver_NEW-main_Narval/TWC_plots_comprehensive/runs_rx16/seed7/1dmrs/main_d96_b4_r2/checkpoints/training_state/ckpt-3500
[TRAIN] step=03600 loss=-2.71144 nmse_prop=0.02485 nmse_ls=0.03859 gpu_mem=0.43GiB peak=22.38GiB
[TRAIN] saved resumable state at step=3600 reason=periodic: /lustre07/scratch/rsadve1/Universal_Receiver_NEW-main_Narval/TWC_plots_comprehensive/runs_rx16/seed7/1dmrs/main_d96_b4_r2/checkpoints/training_state/ckpt-3600
[TRAIN] step=03700 loss=-3.76573 nmse_prop=0.01015 nmse_ls=0.02122 gpu_mem=0.43GiB peak=22.38GiB
[TRAIN] saved resumable state at step=3700 reason=periodic: /lustre07/scratch/rsadve1/Universal_Receiver_NEW-main_Narval/TWC_plots_comprehensive/runs_rx16/seed7/1dmrs/main_d96_b4_r2/checkpoints/training_state/ckpt-3700
[TRAIN] step=03800 loss=-3.83211 nmse_prop=0.00947 nmse_ls=0.02040 gpu_mem=0.43GiB peak=22.38GiB
[TRAIN] saved resumable state at step=3800 reason=periodic: /lustre07/scratch/rsadve1/Universal_Receiver_NEW-main_Narval/TWC_plots_comprehensive/runs_rx16/seed7/1dmrs/main_d96_b4_r2/checkpoints/training_state/ckpt-3800
[TRAIN] saved resumable state at step=3850 reason=resource_exhausted: /lustre07/scratch/rsadve1/Universal_Receiver_NEW-main_Narval/TWC_plots_comprehensive/runs_rx16/seed7/1dmrs/main_d96_b4_r2/checkpoints/training_state/ckpt-3850
