[SLURM] task=5/12 seed=7 dmrs_case=1dmrs variant=mlpwide_d96_b4_r4
Wed May  6 08:27:12 2026       
+-----------------------------------------------------------------------------------------+
| NVIDIA-SMI 570.211.01             Driver Version: 570.211.01     CUDA Version: 12.8     |
|-----------------------------------------+------------------------+----------------------+
| GPU  Name                 Persistence-M | Bus-Id          Disp.A | Volatile Uncorr. ECC |
| Fan  Temp   Perf          Pwr:Usage/Cap |           Memory-Usage | GPU-Util  Compute M. |
|                                         |                        |               MIG M. |
|=========================================+========================+======================|
|   0  NVIDIA A100-SXM4-40GB          Off |   00000000:41:00.0 Off |                    0 |
| N/A   29C    P0             56W /  400W |       0MiB /  40960MiB |      0%      Default |
|                                         |                        |             Disabled |
+-----------------------------------------+------------------------+----------------------+
                                                                                         
+-----------------------------------------------------------------------------------------+
| Processes:                                                                              |
|  GPU   GI   CI              PID   Type   Process name                        GPU Memory |
|        ID   ID                                                               Usage      |
|=========================================================================================|
|  No running processes found                                                             |
+-----------------------------------------------------------------------------------------+
[TRAIN] starting from scratch
[TRAIN] step=00001 loss=-3.14428 nmse_prop=0.01498 nmse_ls=0.01498 gpu_mem=0.06GiB peak=12.58GiB
[TRAIN] step=00100 loss=-2.99558 nmse_prop=0.01843 nmse_ls=0.01899 gpu_mem=0.18GiB peak=12.72GiB
[TRAIN] saved resumable state at step=100 reason=periodic: /lustre07/scratch/rsadve1/Universal_Receiver_NEW-main_Narval/TWC_plots_comprehensive/runs_rx16/seed7/1dmrs/mlpwide_d96_b4_r4/checkpoints/training_state/ckpt-100
[TRAIN] step=00200 loss=-2.94106 nmse_prop=0.02122 nmse_ls=0.02230 gpu_mem=0.16GiB peak=12.72GiB
[TRAIN] saved resumable state at step=200 reason=periodic: /lustre07/scratch/rsadve1/Universal_Receiver_NEW-main_Narval/TWC_plots_comprehensive/runs_rx16/seed7/1dmrs/mlpwide_d96_b4_r4/checkpoints/training_state/ckpt-200
[TRAIN] step=00300 loss=-2.77683 nmse_prop=0.02526 nmse_ls=0.02684 gpu_mem=0.18GiB peak=12.72GiB
[TRAIN] saved resumable state at step=300 reason=periodic: /lustre07/scratch/rsadve1/Universal_Receiver_NEW-main_Narval/TWC_plots_comprehensive/runs_rx16/seed7/1dmrs/mlpwide_d96_b4_r4/checkpoints/training_state/ckpt-300
[TRAIN] step=00400 loss=-2.16667 nmse_prop=0.04291 nmse_ls=0.04506 gpu_mem=0.18GiB peak=12.72GiB
[TRAIN] saved resumable state at step=400 reason=periodic: /lustre07/scratch/rsadve1/Universal_Receiver_NEW-main_Narval/TWC_plots_comprehensive/runs_rx16/seed7/1dmrs/mlpwide_d96_b4_r4/checkpoints/training_state/ckpt-400
[TRAIN] saved new best weights at step=500 val_nmse=0.0513282
[TRAIN] step=00500 loss=-3.15826 nmse_prop=0.01887 nmse_ls=0.02173 gpu_mem=0.32GiB peak=12.72GiB
[TRAIN] saved resumable state at step=500 reason=periodic: /lustre07/scratch/rsadve1/Universal_Receiver_NEW-main_Narval/TWC_plots_comprehensive/runs_rx16/seed7/1dmrs/mlpwide_d96_b4_r4/checkpoints/training_state/ckpt-500
[TRAIN] step=00600 loss=-2.98250 nmse_prop=0.02211 nmse_ls=0.02564 gpu_mem=0.30GiB peak=12.87GiB
[TRAIN] saved resumable state at step=600 reason=periodic: /lustre07/scratch/rsadve1/Universal_Receiver_NEW-main_Narval/TWC_plots_comprehensive/runs_rx16/seed7/1dmrs/mlpwide_d96_b4_r4/checkpoints/training_state/ckpt-600
[TRAIN] step=00700 loss=-2.39504 nmse_prop=0.03509 nmse_ls=0.03836 gpu_mem=0.33GiB peak=12.87GiB
[TRAIN] saved resumable state at step=700 reason=periodic: /lustre07/scratch/rsadve1/Universal_Receiver_NEW-main_Narval/TWC_plots_comprehensive/runs_rx16/seed7/1dmrs/mlpwide_d96_b4_r4/checkpoints/training_state/ckpt-700
[TRAIN] step=00800 loss=-2.51435 nmse_prop=0.03099 nmse_ls=0.03440 gpu_mem=0.32GiB peak=12.87GiB
[TRAIN] saved resumable state at step=800 reason=periodic: /lustre07/scratch/rsadve1/Universal_Receiver_NEW-main_Narval/TWC_plots_comprehensive/runs_rx16/seed7/1dmrs/mlpwide_d96_b4_r4/checkpoints/training_state/ckpt-800
[TRAIN] step=00900 loss=-3.27622 nmse_prop=0.01769 nmse_ls=0.02091 gpu_mem=0.32GiB peak=12.87GiB
[TRAIN] saved resumable state at step=900 reason=periodic: /lustre07/scratch/rsadve1/Universal_Receiver_NEW-main_Narval/TWC_plots_comprehensive/runs_rx16/seed7/1dmrs/mlpwide_d96_b4_r4/checkpoints/training_state/ckpt-900
[TRAIN] saved new best weights at step=1000 val_nmse=0.0501077
[TRAIN] step=01000 loss=-3.51148 nmse_prop=0.01507 nmse_ls=0.01793 gpu_mem=0.33GiB peak=12.87GiB
[TRAIN] saved resumable state at step=1000 reason=periodic: /lustre07/scratch/rsadve1/Universal_Receiver_NEW-main_Narval/TWC_plots_comprehensive/runs_rx16/seed7/1dmrs/mlpwide_d96_b4_r4/checkpoints/training_state/ckpt-1000
[TRAIN] step=01100 loss=-3.36309 nmse_prop=0.01604 nmse_ls=0.01963 gpu_mem=0.33GiB peak=12.87GiB
[TRAIN] saved resumable state at step=1100 reason=periodic: /lustre07/scratch/rsadve1/Universal_Receiver_NEW-main_Narval/TWC_plots_comprehensive/runs_rx16/seed7/1dmrs/mlpwide_d96_b4_r4/checkpoints/training_state/ckpt-1100
[TRAIN] step=01200 loss=-2.97842 nmse_prop=0.02058 nmse_ls=0.02564 gpu_mem=0.30GiB peak=12.87GiB
[TRAIN] saved resumable state at step=1200 reason=periodic: /lustre07/scratch/rsadve1/Universal_Receiver_NEW-main_Narval/TWC_plots_comprehensive/runs_rx16/seed7/1dmrs/mlpwide_d96_b4_r4/checkpoints/training_state/ckpt-1200
[TRAIN] step=01300 loss=-3.23514 nmse_prop=0.01868 nmse_ls=0.02231 gpu_mem=0.33GiB peak=12.87GiB
[TRAIN] saved resumable state at step=1300 reason=periodic: /lustre07/scratch/rsadve1/Universal_Receiver_NEW-main_Narval/TWC_plots_comprehensive/runs_rx16/seed7/1dmrs/mlpwide_d96_b4_r4/checkpoints/training_state/ckpt-1300
[TRAIN] step=01400 loss=-2.69364 nmse_prop=0.02771 nmse_ls=0.03296 gpu_mem=0.30GiB peak=12.87GiB
[TRAIN] saved resumable state at step=1400 reason=periodic: /lustre07/scratch/rsadve1/Universal_Receiver_NEW-main_Narval/TWC_plots_comprehensive/runs_rx16/seed7/1dmrs/mlpwide_d96_b4_r4/checkpoints/training_state/ckpt-1400
[TRAIN] saved new best weights at step=1500 val_nmse=0.0483904
[TRAIN] step=01500 loss=-3.81897 nmse_prop=0.01157 nmse_ls=0.01497 gpu_mem=0.28GiB peak=12.87GiB
[TRAIN] saved resumable state at step=1500 reason=periodic: /lustre07/scratch/rsadve1/Universal_Receiver_NEW-main_Narval/TWC_plots_comprehensive/runs_rx16/seed7/1dmrs/mlpwide_d96_b4_r4/checkpoints/training_state/ckpt-1500
[TRAIN] step=01600 loss=-3.48245 nmse_prop=0.01513 nmse_ls=0.01892 gpu_mem=0.33GiB peak=12.87GiB
[TRAIN] saved resumable state at step=1600 reason=periodic: /lustre07/scratch/rsadve1/Universal_Receiver_NEW-main_Narval/TWC_plots_comprehensive/runs_rx16/seed7/1dmrs/mlpwide_d96_b4_r4/checkpoints/training_state/ckpt-1600
[TRAIN] step=01700 loss=-3.72728 nmse_prop=0.01313 nmse_ls=0.01665 gpu_mem=0.33GiB peak=12.87GiB
[TRAIN] saved resumable state at step=1700 reason=periodic: /lustre07/scratch/rsadve1/Universal_Receiver_NEW-main_Narval/TWC_plots_comprehensive/runs_rx16/seed7/1dmrs/mlpwide_d96_b4_r4/checkpoints/training_state/ckpt-1700
[TRAIN] step=01800 loss=-3.61436 nmse_prop=0.01483 nmse_ls=0.01893 gpu_mem=0.28GiB peak=12.87GiB
[TRAIN] saved resumable state at step=1800 reason=periodic: /lustre07/scratch/rsadve1/Universal_Receiver_NEW-main_Narval/TWC_plots_comprehensive/runs_rx16/seed7/1dmrs/mlpwide_d96_b4_r4/checkpoints/training_state/ckpt-1800
[TRAIN] step=01900 loss=-2.55561 nmse_prop=0.03036 nmse_ls=0.03755 gpu_mem=0.30GiB peak=12.87GiB
[TRAIN] saved resumable state at step=1900 reason=periodic: /lustre07/scratch/rsadve1/Universal_Receiver_NEW-main_Narval/TWC_plots_comprehensive/runs_rx16/seed7/1dmrs/mlpwide_d96_b4_r4/checkpoints/training_state/ckpt-1900
[TRAIN] saved new best weights at step=2000 val_nmse=0.0455555
[TRAIN] step=02000 loss=-3.15827 nmse_prop=0.01969 nmse_ls=0.02363 gpu_mem=0.33GiB peak=12.87GiB
[TRAIN] saved resumable state at step=2000 reason=periodic: /lustre07/scratch/rsadve1/Universal_Receiver_NEW-main_Narval/TWC_plots_comprehensive/runs_rx16/seed7/1dmrs/mlpwide_d96_b4_r4/checkpoints/training_state/ckpt-2000
[TRAIN] step=02100 loss=-1.97038 nmse_prop=0.04891 nmse_ls=0.06647 gpu_mem=0.28GiB peak=12.87GiB
[TRAIN] saved resumable state at step=2100 reason=periodic: /lustre07/scratch/rsadve1/Universal_Receiver_NEW-main_Narval/TWC_plots_comprehensive/runs_rx16/seed7/1dmrs/mlpwide_d96_b4_r4/checkpoints/training_state/ckpt-2100
[TRAIN] step=02200 loss=-1.73584 nmse_prop=0.06352 nmse_ls=0.07354 gpu_mem=0.32GiB peak=12.87GiB
[TRAIN] saved resumable state at step=2200 reason=periodic: /lustre07/scratch/rsadve1/Universal_Receiver_NEW-main_Narval/TWC_plots_comprehensive/runs_rx16/seed7/1dmrs/mlpwide_d96_b4_r4/checkpoints/training_state/ckpt-2200
[TRAIN] step=02300 loss=-3.59073 nmse_prop=0.01543 nmse_ls=0.01981 gpu_mem=0.30GiB peak=12.87GiB
[TRAIN] saved resumable state at step=2300 reason=periodic: /lustre07/scratch/rsadve1/Universal_Receiver_NEW-main_Narval/TWC_plots_comprehensive/runs_rx16/seed7/1dmrs/mlpwide_d96_b4_r4/checkpoints/training_state/ckpt-2300
[TRAIN] step=02400 loss=-2.32243 nmse_prop=0.03656 nmse_ls=0.04305 gpu_mem=0.33GiB peak=12.87GiB
[TRAIN] saved resumable state at step=2400 reason=periodic: /lustre07/scratch/rsadve1/Universal_Receiver_NEW-main_Narval/TWC_plots_comprehensive/runs_rx16/seed7/1dmrs/mlpwide_d96_b4_r4/checkpoints/training_state/ckpt-2400
[TRAIN] saved new best weights at step=2500 val_nmse=0.0445666
[TRAIN] step=02500 loss=-2.83090 nmse_prop=0.02377 nmse_ls=0.02897 gpu_mem=0.33GiB peak=12.87GiB
[TRAIN] saved resumable state at step=2500 reason=periodic: /lustre07/scratch/rsadve1/Universal_Receiver_NEW-main_Narval/TWC_plots_comprehensive/runs_rx16/seed7/1dmrs/mlpwide_d96_b4_r4/checkpoints/training_state/ckpt-2500
[TRAIN] step=02600 loss=-2.61521 nmse_prop=0.02854 nmse_ls=0.03518 gpu_mem=0.32GiB peak=12.87GiB
[TRAIN] saved resumable state at step=2600 reason=periodic: /lustre07/scratch/rsadve1/Universal_Receiver_NEW-main_Narval/TWC_plots_comprehensive/runs_rx16/seed7/1dmrs/mlpwide_d96_b4_r4/checkpoints/training_state/ckpt-2600
[TRAIN] step=02700 loss=-3.56185 nmse_prop=0.01421 nmse_ls=0.01993 gpu_mem=0.30GiB peak=12.87GiB
[TRAIN] saved resumable state at step=2700 reason=periodic: /lustre07/scratch/rsadve1/Universal_Receiver_NEW-main_Narval/TWC_plots_comprehensive/runs_rx16/seed7/1dmrs/mlpwide_d96_b4_r4/checkpoints/training_state/ckpt-2700
[TRAIN] step=02800 loss=-3.45806 nmse_prop=0.01537 nmse_ls=0.01972 gpu_mem=0.33GiB peak=12.87GiB
[TRAIN] saved resumable state at step=2800 reason=periodic: /lustre07/scratch/rsadve1/Universal_Receiver_NEW-main_Narval/TWC_plots_comprehensive/runs_rx16/seed7/1dmrs/mlpwide_d96_b4_r4/checkpoints/training_state/ckpt-2800
[TRAIN] step=02900 loss=-3.57384 nmse_prop=0.01564 nmse_ls=0.02017 gpu_mem=0.32GiB peak=12.87GiB
[TRAIN] saved resumable state at step=2900 reason=periodic: /lustre07/scratch/rsadve1/Universal_Receiver_NEW-main_Narval/TWC_plots_comprehensive/runs_rx16/seed7/1dmrs/mlpwide_d96_b4_r4/checkpoints/training_state/ckpt-2900
[TRAIN] saved new best weights at step=3000 val_nmse=0.0436736
[TRAIN] step=03000 loss=-2.86698 nmse_prop=0.02360 nmse_ls=0.02912 gpu_mem=0.33GiB peak=12.87GiB
[TRAIN] saved resumable state at step=3000 reason=periodic: /lustre07/scratch/rsadve1/Universal_Receiver_NEW-main_Narval/TWC_plots_comprehensive/runs_rx16/seed7/1dmrs/mlpwide_d96_b4_r4/checkpoints/training_state/ckpt-3000
[TRAIN] step=03100 loss=-1.72549 nmse_prop=0.06354 nmse_ls=0.07719 gpu_mem=0.32GiB peak=12.87GiB
[TRAIN] saved resumable state at step=3100 reason=periodic: /lustre07/scratch/rsadve1/Universal_Receiver_NEW-main_Narval/TWC_plots_comprehensive/runs_rx16/seed7/1dmrs/mlpwide_d96_b4_r4/checkpoints/training_state/ckpt-3100
[TRAIN] step=03200 loss=-1.75961 nmse_prop=0.06222 nmse_ls=0.07322 gpu_mem=0.33GiB peak=12.87GiB
[TRAIN] saved resumable state at step=3200 reason=periodic: /lustre07/scratch/rsadve1/Universal_Receiver_NEW-main_Narval/TWC_plots_comprehensive/runs_rx16/seed7/1dmrs/mlpwide_d96_b4_r4/checkpoints/training_state/ckpt-3200
[TRAIN] step=03300 loss=-3.70895 nmse_prop=0.01468 nmse_ls=0.01919 gpu_mem=0.28GiB peak=12.87GiB
[TRAIN] saved resumable state at step=3300 reason=periodic: /lustre07/scratch/rsadve1/Universal_Receiver_NEW-main_Narval/TWC_plots_comprehensive/runs_rx16/seed7/1dmrs/mlpwide_d96_b4_r4/checkpoints/training_state/ckpt-3300
[TRAIN] step=03400 loss=-3.67450 nmse_prop=0.01375 nmse_ls=0.01781 gpu_mem=0.33GiB peak=12.87GiB
[TRAIN] saved resumable state at step=3400 reason=periodic: /lustre07/scratch/rsadve1/Universal_Receiver_NEW-main_Narval/TWC_plots_comprehensive/runs_rx16/seed7/1dmrs/mlpwide_d96_b4_r4/checkpoints/training_state/ckpt-3400
[TRAIN] saved new best weights at step=3500 val_nmse=0.0425791
[TRAIN] step=03500 loss=-2.78119 nmse_prop=0.02485 nmse_ls=0.03181 gpu_mem=0.32GiB peak=12.87GiB
[TRAIN] saved resumable state at step=3500 reason=periodic: /lustre07/scratch/rsadve1/Universal_Receiver_NEW-main_Narval/TWC_plots_comprehensive/runs_rx16/seed7/1dmrs/mlpwide_d96_b4_r4/checkpoints/training_state/ckpt-3500
[TRAIN] step=03600 loss=-3.69298 nmse_prop=0.01282 nmse_ls=0.01806 gpu_mem=0.30GiB peak=12.87GiB
[TRAIN] saved resumable state at step=3600 reason=periodic: /lustre07/scratch/rsadve1/Universal_Receiver_NEW-main_Narval/TWC_plots_comprehensive/runs_rx16/seed7/1dmrs/mlpwide_d96_b4_r4/checkpoints/training_state/ckpt-3600
[TRAIN] step=03700 loss=-3.75824 nmse_prop=0.01339 nmse_ls=0.01782 gpu_mem=0.32GiB peak=12.87GiB
[TRAIN] saved resumable state at step=3700 reason=periodic: /lustre07/scratch/rsadve1/Universal_Receiver_NEW-main_Narval/TWC_plots_comprehensive/runs_rx16/seed7/1dmrs/mlpwide_d96_b4_r4/checkpoints/training_state/ckpt-3700
[TRAIN] step=03800 loss=-2.54481 nmse_prop=0.03000 nmse_ls=0.03875 gpu_mem=0.32GiB peak=12.87GiB
[TRAIN] saved resumable state at step=3800 reason=periodic: /lustre07/scratch/rsadve1/Universal_Receiver_NEW-main_Narval/TWC_plots_comprehensive/runs_rx16/seed7/1dmrs/mlpwide_d96_b4_r4/checkpoints/training_state/ckpt-3800
[TRAIN] step=03900 loss=-3.75004 nmse_prop=0.01482 nmse_ls=0.02045 gpu_mem=0.30GiB peak=12.87GiB
[TRAIN] saved resumable state at step=3900 reason=periodic: /lustre07/scratch/rsadve1/Universal_Receiver_NEW-main_Narval/TWC_plots_comprehensive/runs_rx16/seed7/1dmrs/mlpwide_d96_b4_r4/checkpoints/training_state/ckpt-3900
[TRAIN] saved new best weights at step=4000 val_nmse=0.0415237
[TRAIN] step=04000 loss=-2.22712 nmse_prop=0.03940 nmse_ls=0.05059 gpu_mem=0.32GiB peak=12.87GiB
[TRAIN] saved resumable state at step=4000 reason=periodic: /lustre07/scratch/rsadve1/Universal_Receiver_NEW-main_Narval/TWC_plots_comprehensive/runs_rx16/seed7/1dmrs/mlpwide_d96_b4_r4/checkpoints/training_state/ckpt-4000
[TRAIN] step=04100 loss=-2.75551 nmse_prop=0.02442 nmse_ls=0.03205 gpu_mem=0.32GiB peak=12.87GiB
[TRAIN] saved resumable state at step=4100 reason=periodic: /lustre07/scratch/rsadve1/Universal_Receiver_NEW-main_Narval/TWC_plots_comprehensive/runs_rx16/seed7/1dmrs/mlpwide_d96_b4_r4/checkpoints/training_state/ckpt-4100
[TRAIN] step=04200 loss=-2.12335 nmse_prop=0.03907 nmse_ls=0.06459 gpu_mem=0.28GiB peak=12.87GiB
[TRAIN] saved resumable state at step=4200 reason=periodic: /lustre07/scratch/rsadve1/Universal_Receiver_NEW-main_Narval/TWC_plots_comprehensive/runs_rx16/seed7/1dmrs/mlpwide_d96_b4_r4/checkpoints/training_state/ckpt-4200
[TRAIN] step=04300 loss=-2.10230 nmse_prop=0.04291 nmse_ls=0.06210 gpu_mem=0.30GiB peak=12.87GiB
[TRAIN] saved resumable state at step=4300 reason=periodic: /lustre07/scratch/rsadve1/Universal_Receiver_NEW-main_Narval/TWC_plots_comprehensive/runs_rx16/seed7/1dmrs/mlpwide_d96_b4_r4/checkpoints/training_state/ckpt-4300
[TRAIN] step=04400 loss=-3.75774 nmse_prop=0.01321 nmse_ls=0.01787 gpu_mem=0.33GiB peak=12.87GiB
[TRAIN] saved resumable state at step=4400 reason=periodic: /lustre07/scratch/rsadve1/Universal_Receiver_NEW-main_Narval/TWC_plots_comprehensive/runs_rx16/seed7/1dmrs/mlpwide_d96_b4_r4/checkpoints/training_state/ckpt-4400
[TRAIN] saved new best weights at step=4500 val_nmse=0.0408231
[TRAIN] step=04500 loss=-3.34105 nmse_prop=0.01707 nmse_ls=0.02223 gpu_mem=0.33GiB peak=12.87GiB
[TRAIN] saved resumable state at step=4500 reason=periodic: /lustre07/scratch/rsadve1/Universal_Receiver_NEW-main_Narval/TWC_plots_comprehensive/runs_rx16/seed7/1dmrs/mlpwide_d96_b4_r4/checkpoints/training_state/ckpt-4500
[TRAIN] step=04600 loss=-3.69714 nmse_prop=0.01335 nmse_ls=0.01923 gpu_mem=0.30GiB peak=12.87GiB
[TRAIN] saved resumable state at step=4600 reason=periodic: /lustre07/scratch/rsadve1/Universal_Receiver_NEW-main_Narval/TWC_plots_comprehensive/runs_rx16/seed7/1dmrs/mlpwide_d96_b4_r4/checkpoints/training_state/ckpt-4600
[TRAIN] step=04700 loss=-2.81282 nmse_prop=0.02463 nmse_ls=0.03121 gpu_mem=0.33GiB peak=12.87GiB
[TRAIN] saved resumable state at step=4700 reason=periodic: /lustre07/scratch/rsadve1/Universal_Receiver_NEW-main_Narval/TWC_plots_comprehensive/runs_rx16/seed7/1dmrs/mlpwide_d96_b4_r4/checkpoints/training_state/ckpt-4700
[TRAIN] step=04800 loss=-3.45740 nmse_prop=0.01536 nmse_ls=0.02064 gpu_mem=0.33GiB peak=12.87GiB
[TRAIN] saved resumable state at step=4800 reason=periodic: /lustre07/scratch/rsadve1/Universal_Receiver_NEW-main_Narval/TWC_plots_comprehensive/runs_rx16/seed7/1dmrs/mlpwide_d96_b4_r4/checkpoints/training_state/ckpt-4800
[TRAIN] step=04900 loss=-2.78164 nmse_prop=0.02357 nmse_ls=0.03540 gpu_mem=0.30GiB peak=12.87GiB
[TRAIN] saved resumable state at step=4900 reason=periodic: /lustre07/scratch/rsadve1/Universal_Receiver_NEW-main_Narval/TWC_plots_comprehensive/runs_rx16/seed7/1dmrs/mlpwide_d96_b4_r4/checkpoints/training_state/ckpt-4900
[TRAIN] saved new best weights at step=5000 val_nmse=0.039701
[TRAIN] step=05000 loss=-3.54062 nmse_prop=0.01480 nmse_ls=0.01984 gpu_mem=0.33GiB peak=12.87GiB
[TRAIN] saved resumable state at step=5000 reason=periodic: /lustre07/scratch/rsadve1/Universal_Receiver_NEW-main_Narval/TWC_plots_comprehensive/runs_rx16/seed7/1dmrs/mlpwide_d96_b4_r4/checkpoints/training_state/ckpt-5000
[TRAIN] step=05100 loss=-3.57198 nmse_prop=0.01452 nmse_ls=0.01925 gpu_mem=0.33GiB peak=12.87GiB
[TRAIN] saved resumable state at step=5100 reason=periodic: /lustre07/scratch/rsadve1/Universal_Receiver_NEW-main_Narval/TWC_plots_comprehensive/runs_rx16/seed7/1dmrs/mlpwide_d96_b4_r4/checkpoints/training_state/ckpt-5100
[TRAIN] step=05200 loss=-2.03640 nmse_prop=0.04389 nmse_ls=0.06723 gpu_mem=0.30GiB peak=12.87GiB
[TRAIN] saved resumable state at step=5200 reason=periodic: /lustre07/scratch/rsadve1/Universal_Receiver_NEW-main_Narval/TWC_plots_comprehensive/runs_rx16/seed7/1dmrs/mlpwide_d96_b4_r4/checkpoints/training_state/ckpt-5200
[TRAIN] step=05300 loss=-3.06626 nmse_prop=0.02045 nmse_ls=0.02889 gpu_mem=0.30GiB peak=12.87GiB
[TRAIN] saved resumable state at step=5300 reason=periodic: /lustre07/scratch/rsadve1/Universal_Receiver_NEW-main_Narval/TWC_plots_comprehensive/runs_rx16/seed7/1dmrs/mlpwide_d96_b4_r4/checkpoints/training_state/ckpt-5300
[TRAIN] step=05400 loss=-3.77251 nmse_prop=0.01408 nmse_ls=0.01930 gpu_mem=0.32GiB peak=12.87GiB
[TRAIN] saved resumable state at step=5400 reason=periodic: /lustre07/scratch/rsadve1/Universal_Receiver_NEW-main_Narval/TWC_plots_comprehensive/runs_rx16/seed7/1dmrs/mlpwide_d96_b4_r4/checkpoints/training_state/ckpt-5400
[TRAIN] saved new best weights at step=5500 val_nmse=0.0383184
[TRAIN] step=05500 loss=-3.14376 nmse_prop=0.01795 nmse_ls=0.02483 gpu_mem=0.32GiB peak=12.87GiB
[TRAIN] saved resumable state at step=5500 reason=periodic: /lustre07/scratch/rsadve1/Universal_Receiver_NEW-main_Narval/TWC_plots_comprehensive/runs_rx16/seed7/1dmrs/mlpwide_d96_b4_r4/checkpoints/training_state/ckpt-5500
[TRAIN] step=05600 loss=-3.38407 nmse_prop=0.01635 nmse_ls=0.02173 gpu_mem=0.33GiB peak=12.87GiB
[TRAIN] saved resumable state at step=5600 reason=periodic: /lustre07/scratch/rsadve1/Universal_Receiver_NEW-main_Narval/TWC_plots_comprehensive/runs_rx16/seed7/1dmrs/mlpwide_d96_b4_r4/checkpoints/training_state/ckpt-5600
[TRAIN] step=05700 loss=-3.65924 nmse_prop=0.01376 nmse_ls=0.01963 gpu_mem=0.30GiB peak=12.87GiB
[TRAIN] saved resumable state at step=5700 reason=periodic: /lustre07/scratch/rsadve1/Universal_Receiver_NEW-main_Narval/TWC_plots_comprehensive/runs_rx16/seed7/1dmrs/mlpwide_d96_b4_r4/checkpoints/training_state/ckpt-5700
[TRAIN] step=05800 loss=-3.10030 nmse_prop=0.01896 nmse_ls=0.02492 gpu_mem=0.33GiB peak=12.87GiB
[TRAIN] saved resumable state at step=5800 reason=periodic: /lustre07/scratch/rsadve1/Universal_Receiver_NEW-main_Narval/TWC_plots_comprehensive/runs_rx16/seed7/1dmrs/mlpwide_d96_b4_r4/checkpoints/training_state/ckpt-5800
[TRAIN] step=05900 loss=-3.13433 nmse_prop=0.01878 nmse_ls=0.02775 gpu_mem=0.30GiB peak=12.87GiB
[TRAIN] saved resumable state at step=5900 reason=periodic: /lustre07/scratch/rsadve1/Universal_Receiver_NEW-main_Narval/TWC_plots_comprehensive/runs_rx16/seed7/1dmrs/mlpwide_d96_b4_r4/checkpoints/training_state/ckpt-5900
[TRAIN] saved new best weights at step=6000 val_nmse=0.037734
[TRAIN] step=06000 loss=-3.48937 nmse_prop=0.01575 nmse_ls=0.02056 gpu_mem=0.33GiB peak=12.87GiB
[TRAIN] saved resumable state at step=6000 reason=periodic: /lustre07/scratch/rsadve1/Universal_Receiver_NEW-main_Narval/TWC_plots_comprehensive/runs_rx16/seed7/1dmrs/mlpwide_d96_b4_r4/checkpoints/training_state/ckpt-6000
[TRAIN] step=06100 loss=-2.47056 nmse_prop=0.03232 nmse_ls=0.04142 gpu_mem=0.33GiB peak=12.87GiB
[TRAIN] saved resumable state at step=6100 reason=periodic: /lustre07/scratch/rsadve1/Universal_Receiver_NEW-main_Narval/TWC_plots_comprehensive/runs_rx16/seed7/1dmrs/mlpwide_d96_b4_r4/checkpoints/training_state/ckpt-6100
[TRAIN] step=06200 loss=-3.13349 nmse_prop=0.01859 nmse_ls=0.02497 gpu_mem=0.33GiB peak=12.87GiB
[TRAIN] saved resumable state at step=6200 reason=periodic: /lustre07/scratch/rsadve1/Universal_Receiver_NEW-main_Narval/TWC_plots_comprehensive/runs_rx16/seed7/1dmrs/mlpwide_d96_b4_r4/checkpoints/training_state/ckpt-6200
[TRAIN] step=06300 loss=-3.05039 nmse_prop=0.01998 nmse_ls=0.02647 gpu_mem=0.33GiB peak=12.87GiB
[TRAIN] saved resumable state at step=6300 reason=periodic: /lustre07/scratch/rsadve1/Universal_Receiver_NEW-main_Narval/TWC_plots_comprehensive/runs_rx16/seed7/1dmrs/mlpwide_d96_b4_r4/checkpoints/training_state/ckpt-6300
[TRAIN] step=06400 loss=-3.49266 nmse_prop=0.01601 nmse_ls=0.02140 gpu_mem=0.32GiB peak=12.87GiB
[TRAIN] saved resumable state at step=6400 reason=periodic: /lustre07/scratch/rsadve1/Universal_Receiver_NEW-main_Narval/TWC_plots_comprehensive/runs_rx16/seed7/1dmrs/mlpwide_d96_b4_r4/checkpoints/training_state/ckpt-6400
[TRAIN] step=06500 loss=-3.29298 nmse_prop=0.01529 nmse_ls=0.02423 gpu_mem=0.28GiB peak=12.87GiB
[TRAIN] saved resumable state at step=6500 reason=periodic: /lustre07/scratch/rsadve1/Universal_Receiver_NEW-main_Narval/TWC_plots_comprehensive/runs_rx16/seed7/1dmrs/mlpwide_d96_b4_r4/checkpoints/training_state/ckpt-6500
[TRAIN] step=06600 loss=-3.37670 nmse_prop=0.01683 nmse_ls=0.02393 gpu_mem=0.28GiB peak=12.87GiB
[TRAIN] saved resumable state at step=6600 reason=periodic: /lustre07/scratch/rsadve1/Universal_Receiver_NEW-main_Narval/TWC_plots_comprehensive/runs_rx16/seed7/1dmrs/mlpwide_d96_b4_r4/checkpoints/training_state/ckpt-6600
[TRAIN] step=06700 loss=-3.43245 nmse_prop=0.01506 nmse_ls=0.02061 gpu_mem=0.32GiB peak=12.87GiB
[TRAIN] saved resumable state at step=6700 reason=periodic: /lustre07/scratch/rsadve1/Universal_Receiver_NEW-main_Narval/TWC_plots_comprehensive/runs_rx16/seed7/1dmrs/mlpwide_d96_b4_r4/checkpoints/training_state/ckpt-6700
[TRAIN] step=06800 loss=-1.80525 nmse_prop=0.05765 nmse_ls=0.07531 gpu_mem=0.33GiB peak=12.87GiB
[TRAIN] saved resumable state at step=6800 reason=periodic: /lustre07/scratch/rsadve1/Universal_Receiver_NEW-main_Narval/TWC_plots_comprehensive/runs_rx16/seed7/1dmrs/mlpwide_d96_b4_r4/checkpoints/training_state/ckpt-6800
[TRAIN] step=06900 loss=-3.29474 nmse_prop=0.01744 nmse_ls=0.02509 gpu_mem=0.30GiB peak=12.87GiB
[TRAIN] saved resumable state at step=6900 reason=periodic: /lustre07/scratch/rsadve1/Universal_Receiver_NEW-main_Narval/TWC_plots_comprehensive/runs_rx16/seed7/1dmrs/mlpwide_d96_b4_r4/checkpoints/training_state/ckpt-6900
[TRAIN] saved new best weights at step=7000 val_nmse=0.0372392
[TRAIN] step=07000 loss=-3.02134 nmse_prop=0.02045 nmse_ls=0.02808 gpu_mem=0.32GiB peak=12.87GiB
[TRAIN] saved resumable state at step=7000 reason=periodic: /lustre07/scratch/rsadve1/Universal_Receiver_NEW-main_Narval/TWC_plots_comprehensive/runs_rx16/seed7/1dmrs/mlpwide_d96_b4_r4/checkpoints/training_state/ckpt-7000
[TRAIN] step=07100 loss=-2.68079 nmse_prop=0.02480 nmse_ls=0.03988 gpu_mem=0.30GiB peak=12.87GiB
[TRAIN] saved resumable state at step=7100 reason=periodic: /lustre07/scratch/rsadve1/Universal_Receiver_NEW-main_Narval/TWC_plots_comprehensive/runs_rx16/seed7/1dmrs/mlpwide_d96_b4_r4/checkpoints/training_state/ckpt-7100
[TRAIN] step=07200 loss=-3.53438 nmse_prop=0.01557 nmse_ls=0.02065 gpu_mem=0.32GiB peak=12.87GiB
[TRAIN] saved resumable state at step=7200 reason=periodic: /lustre07/scratch/rsadve1/Universal_Receiver_NEW-main_Narval/TWC_plots_comprehensive/runs_rx16/seed7/1dmrs/mlpwide_d96_b4_r4/checkpoints/training_state/ckpt-7200
[TRAIN] step=07300 loss=-2.68260 nmse_prop=0.02615 nmse_ls=0.03691 gpu_mem=0.32GiB peak=12.87GiB
[TRAIN] saved resumable state at step=7300 reason=periodic: /lustre07/scratch/rsadve1/Universal_Receiver_NEW-main_Narval/TWC_plots_comprehensive/runs_rx16/seed7/1dmrs/mlpwide_d96_b4_r4/checkpoints/training_state/ckpt-7300
[TRAIN] step=07400 loss=-3.79518 nmse_prop=0.01378 nmse_ls=0.01858 gpu_mem=0.32GiB peak=12.87GiB
[TRAIN] saved resumable state at step=7400 reason=periodic: /lustre07/scratch/rsadve1/Universal_Receiver_NEW-main_Narval/TWC_plots_comprehensive/runs_rx16/seed7/1dmrs/mlpwide_d96_b4_r4/checkpoints/training_state/ckpt-7400
[TRAIN] saved new best weights at step=7500 val_nmse=0.0356827
[TRAIN] step=07500 loss=-3.77392 nmse_prop=0.01324 nmse_ls=0.01758 gpu_mem=0.33GiB peak=12.87GiB
[TRAIN] saved resumable state at step=7500 reason=periodic: /lustre07/scratch/rsadve1/Universal_Receiver_NEW-main_Narval/TWC_plots_comprehensive/runs_rx16/seed7/1dmrs/mlpwide_d96_b4_r4/checkpoints/training_state/ckpt-7500
[TRAIN] step=07600 loss=-3.36473 nmse_prop=0.01695 nmse_ls=0.02226 gpu_mem=0.33GiB peak=12.87GiB
[TRAIN] saved resumable state at step=7600 reason=periodic: /lustre07/scratch/rsadve1/Universal_Receiver_NEW-main_Narval/TWC_plots_comprehensive/runs_rx16/seed7/1dmrs/mlpwide_d96_b4_r4/checkpoints/training_state/ckpt-7600
[TRAIN] step=07700 loss=-3.89720 nmse_prop=0.01329 nmse_ls=0.01799 gpu_mem=0.28GiB peak=12.87GiB
[TRAIN] saved resumable state at step=7700 reason=periodic: /lustre07/scratch/rsadve1/Universal_Receiver_NEW-main_Narval/TWC_plots_comprehensive/runs_rx16/seed7/1dmrs/mlpwide_d96_b4_r4/checkpoints/training_state/ckpt-7700
[TRAIN] step=07800 loss=-3.76250 nmse_prop=0.01443 nmse_ls=0.01921 gpu_mem=0.32GiB peak=12.87GiB
[TRAIN] saved resumable state at step=7800 reason=periodic: /lustre07/scratch/rsadve1/Universal_Receiver_NEW-main_Narval/TWC_plots_comprehensive/runs_rx16/seed7/1dmrs/mlpwide_d96_b4_r4/checkpoints/training_state/ckpt-7800
[TRAIN] step=07900 loss=-1.99433 nmse_prop=0.04796 nmse_ls=0.06428 gpu_mem=0.33GiB peak=12.87GiB
[TRAIN] saved resumable state at step=7900 reason=periodic: /lustre07/scratch/rsadve1/Universal_Receiver_NEW-main_Narval/TWC_plots_comprehensive/runs_rx16/seed7/1dmrs/mlpwide_d96_b4_r4/checkpoints/training_state/ckpt-7900
[TRAIN] step=08000 loss=-2.89776 nmse_prop=0.02292 nmse_ls=0.03028 gpu_mem=0.33GiB peak=12.87GiB
[TRAIN] saved resumable state at step=8000 reason=periodic: /lustre07/scratch/rsadve1/Universal_Receiver_NEW-main_Narval/TWC_plots_comprehensive/runs_rx16/seed7/1dmrs/mlpwide_d96_b4_r4/checkpoints/training_state/ckpt-8000
[TRAIN] step=08100 loss=-3.41606 nmse_prop=0.01592 nmse_ls=0.02204 gpu_mem=0.32GiB peak=12.87GiB
[TRAIN] saved resumable state at step=8100 reason=periodic: /lustre07/scratch/rsadve1/Universal_Receiver_NEW-main_Narval/TWC_plots_comprehensive/runs_rx16/seed7/1dmrs/mlpwide_d96_b4_r4/checkpoints/training_state/ckpt-8100
[TRAIN] step=08200 loss=-3.39390 nmse_prop=0.01606 nmse_ls=0.02165 gpu_mem=0.33GiB peak=12.87GiB
[TRAIN] saved resumable state at step=8200 reason=periodic: /lustre07/scratch/rsadve1/Universal_Receiver_NEW-main_Narval/TWC_plots_comprehensive/runs_rx16/seed7/1dmrs/mlpwide_d96_b4_r4/checkpoints/training_state/ckpt-8200
[TRAIN] step=08300 loss=-3.45907 nmse_prop=0.01381 nmse_ls=0.02179 gpu_mem=0.28GiB peak=12.87GiB
[TRAIN] saved resumable state at step=8300 reason=periodic: /lustre07/scratch/rsadve1/Universal_Receiver_NEW-main_Narval/TWC_plots_comprehensive/runs_rx16/seed7/1dmrs/mlpwide_d96_b4_r4/checkpoints/training_state/ckpt-8300
[TRAIN] step=08400 loss=-3.86452 nmse_prop=0.01214 nmse_ls=0.01762 gpu_mem=0.32GiB peak=12.87GiB
[TRAIN] saved resumable state at step=8400 reason=periodic: /lustre07/scratch/rsadve1/Universal_Receiver_NEW-main_Narval/TWC_plots_comprehensive/runs_rx16/seed7/1dmrs/mlpwide_d96_b4_r4/checkpoints/training_state/ckpt-8400
[TRAIN] step=08500 loss=-3.44538 nmse_prop=0.01590 nmse_ls=0.02150 gpu_mem=0.33GiB peak=12.87GiB
[TRAIN] saved resumable state at step=8500 reason=periodic: /lustre07/scratch/rsadve1/Universal_Receiver_NEW-main_Narval/TWC_plots_comprehensive/runs_rx16/seed7/1dmrs/mlpwide_d96_b4_r4/checkpoints/training_state/ckpt-8500
[TRAIN] step=08600 loss=-3.44271 nmse_prop=0.01573 nmse_ls=0.02152 gpu_mem=0.32GiB peak=12.87GiB
[TRAIN] saved resumable state at step=8600 reason=periodic: /lustre07/scratch/rsadve1/Universal_Receiver_NEW-main_Narval/TWC_plots_comprehensive/runs_rx16/seed7/1dmrs/mlpwide_d96_b4_r4/checkpoints/training_state/ckpt-8600
[TRAIN] step=08700 loss=-2.30737 nmse_prop=0.03615 nmse_ls=0.04897 gpu_mem=0.33GiB peak=12.87GiB
[TRAIN] saved resumable state at step=8700 reason=periodic: /lustre07/scratch/rsadve1/Universal_Receiver_NEW-main_Narval/TWC_plots_comprehensive/runs_rx16/seed7/1dmrs/mlpwide_d96_b4_r4/checkpoints/training_state/ckpt-8700
[TRAIN] step=08800 loss=-3.34589 nmse_prop=0.01645 nmse_ls=0.02452 gpu_mem=0.28GiB peak=12.87GiB
[TRAIN] saved resumable state at step=8800 reason=periodic: /lustre07/scratch/rsadve1/Universal_Receiver_NEW-main_Narval/TWC_plots_comprehensive/runs_rx16/seed7/1dmrs/mlpwide_d96_b4_r4/checkpoints/training_state/ckpt-8800
[TRAIN] step=08900 loss=-3.45977 nmse_prop=0.01582 nmse_ls=0.02080 gpu_mem=0.33GiB peak=12.87GiB
[TRAIN] saved resumable state at step=8900 reason=periodic: /lustre07/scratch/rsadve1/Universal_Receiver_NEW-main_Narval/TWC_plots_comprehensive/runs_rx16/seed7/1dmrs/mlpwide_d96_b4_r4/checkpoints/training_state/ckpt-8900
[TRAIN] saved new best weights at step=9000 val_nmse=0.0347704
[TRAIN] step=09000 loss=-3.37212 nmse_prop=0.01647 nmse_ls=0.02223 gpu_mem=0.33GiB peak=12.87GiB
[TRAIN] saved resumable state at step=9000 reason=periodic: /lustre07/scratch/rsadve1/Universal_Receiver_NEW-main_Narval/TWC_plots_comprehensive/runs_rx16/seed7/1dmrs/mlpwide_d96_b4_r4/checkpoints/training_state/ckpt-9000
[TRAIN] step=09100 loss=-2.82938 nmse_prop=0.02197 nmse_ls=0.03725 gpu_mem=0.28GiB peak=12.87GiB
[TRAIN] saved resumable state at step=9100 reason=periodic: /lustre07/scratch/rsadve1/Universal_Receiver_NEW-main_Narval/TWC_plots_comprehensive/runs_rx16/seed7/1dmrs/mlpwide_d96_b4_r4/checkpoints/training_state/ckpt-9100
[TRAIN] step=09200 loss=-3.56400 nmse_prop=0.01530 nmse_ls=0.02032 gpu_mem=0.33GiB peak=12.87GiB
[TRAIN] saved resumable state at step=9200 reason=periodic: /lustre07/scratch/rsadve1/Universal_Receiver_NEW-main_Narval/TWC_plots_comprehensive/runs_rx16/seed7/1dmrs/mlpwide_d96_b4_r4/checkpoints/training_state/ckpt-9200
[TRAIN] step=09300 loss=-3.04723 nmse_prop=0.01838 nmse_ls=0.03113 gpu_mem=0.28GiB peak=12.87GiB
[TRAIN] saved resumable state at step=9300 reason=periodic: /lustre07/scratch/rsadve1/Universal_Receiver_NEW-main_Narval/TWC_plots_comprehensive/runs_rx16/seed7/1dmrs/mlpwide_d96_b4_r4/checkpoints/training_state/ckpt-9300
[TRAIN] step=09400 loss=-3.64133 nmse_prop=0.01401 nmse_ls=0.01938 gpu_mem=0.33GiB peak=12.87GiB
[TRAIN] saved resumable state at step=9400 reason=periodic: /lustre07/scratch/rsadve1/Universal_Receiver_NEW-main_Narval/TWC_plots_comprehensive/runs_rx16/seed7/1dmrs/mlpwide_d96_b4_r4/checkpoints/training_state/ckpt-9400
[TRAIN] saved new best weights at step=9500 val_nmse=0.0341015
[TRAIN] step=09500 loss=-3.62795 nmse_prop=0.01557 nmse_ls=0.02239 gpu_mem=0.30GiB peak=12.87GiB
[TRAIN] saved resumable state at step=9500 reason=periodic: /lustre07/scratch/rsadve1/Universal_Receiver_NEW-main_Narval/TWC_plots_comprehensive/runs_rx16/seed7/1dmrs/mlpwide_d96_b4_r4/checkpoints/training_state/ckpt-9500
[TRAIN] step=09600 loss=-2.63190 nmse_prop=0.02747 nmse_ls=0.03745 gpu_mem=0.33GiB peak=12.87GiB
[TRAIN] saved resumable state at step=9600 reason=periodic: /lustre07/scratch/rsadve1/Universal_Receiver_NEW-main_Narval/TWC_plots_comprehensive/runs_rx16/seed7/1dmrs/mlpwide_d96_b4_r4/checkpoints/training_state/ckpt-9600
[TRAIN] step=09700 loss=-2.63846 nmse_prop=0.02594 nmse_ls=0.03893 gpu_mem=0.32GiB peak=12.87GiB
[TRAIN] saved resumable state at step=9700 reason=periodic: /lustre07/scratch/rsadve1/Universal_Receiver_NEW-main_Narval/TWC_plots_comprehensive/runs_rx16/seed7/1dmrs/mlpwide_d96_b4_r4/checkpoints/training_state/ckpt-9700
[TRAIN] step=09800 loss=-2.41715 nmse_prop=0.02908 nmse_ls=0.05344 gpu_mem=0.30GiB peak=12.87GiB
[TRAIN] saved resumable state at step=9800 reason=periodic: /lustre07/scratch/rsadve1/Universal_Receiver_NEW-main_Narval/TWC_plots_comprehensive/runs_rx16/seed7/1dmrs/mlpwide_d96_b4_r4/checkpoints/training_state/ckpt-9800
[TRAIN] step=09900 loss=-3.70457 nmse_prop=0.01242 nmse_ls=0.01861 gpu_mem=0.28GiB peak=12.87GiB
[TRAIN] saved resumable state at step=9900 reason=periodic: /lustre07/scratch/rsadve1/Universal_Receiver_NEW-main_Narval/TWC_plots_comprehensive/runs_rx16/seed7/1dmrs/mlpwide_d96_b4_r4/checkpoints/training_state/ckpt-9900
[TRAIN] step=10000 loss=-3.31296 nmse_prop=0.01578 nmse_ls=0.02213 gpu_mem=0.33GiB peak=12.87GiB
[TRAIN] saved resumable state at step=10000 reason=periodic: /lustre07/scratch/rsadve1/Universal_Receiver_NEW-main_Narval/TWC_plots_comprehensive/runs_rx16/seed7/1dmrs/mlpwide_d96_b4_r4/checkpoints/training_state/ckpt-10000
[TRAIN] saved resumable state at step=10000 reason=final: /lustre07/scratch/rsadve1/Universal_Receiver_NEW-main_Narval/TWC_plots_comprehensive/runs_rx16/seed7/1dmrs/mlpwide_d96_b4_r4/checkpoints/training_state/ckpt-10000
[COMPREHENSIVE] cleared TensorFlow state before evaluation seed=7 1dmrs/mlpwide_d96_b4_r4/u3: gpu_mem=0.01GiB peak=12.87GiB
[EVAL] receiver microbatching enabled: batch_size_eval=96 receiver_microbatch_size=32
[BASELINES] Estimating empirical LMMSE covariances with num_batches=32 batch_size=32 mode=clean-channel
[EVAL] receiver=       baseline_ls_lmmse Eb/N0=-4.0 dB BER=5.62482e-02 BLER=7.74306e-01 NMSE=1.67351e-01 bit_err= 97456/1732608  blk_err=  223/288    batches=   1
[EVAL] receiver=baseline_ls_2dlmmse_lmmse Eb/N0=-4.0 dB BER=9.46261e-03 BLER=2.25694e-01 NMSE=6.33852e-02 bit_err= 16395/1732608  blk_err=   65/288    batches=   1
[EVAL] receiver= baseline_ddcpe_ls_lmmse Eb/N0=-4.0 dB BER=5.52508e-02 BLER=7.63889e-01 NMSE=1.66528e-01 bit_err= 95728/1732608  blk_err=  220/288    batches=   1
[EVAL] receiver=           upair5g_lmmse Eb/N0=-4.0 dB BER=3.08904e-02 BLER=5.06944e-01 NMSE=1.10107e-01 bit_err= 53521/1732608  blk_err=  146/288    batches=   1
[EVAL] receiver=       perfect_csi_lmmse Eb/N0=-4.0 dB BER=3.28984e-05 BLER=1.38889e-02 NMSE=0.00000e+00 bit_err=    57/1732608  blk_err=    4/288    batches=   1
[EVAL] progress num_users=3 Eb/N0=-2 dB batches=2/512 frame_err=baseline_ls_lmmse:95/576 baseline_ls_2dlmmse_lmmse:10/576 baseline_ddcpe_ls_lmmse:85/576 upair5g_lmmse:32/576 perfect_csi_lmmse:0/576
[EVAL] progress num_users=3 Eb/N0=-2 dB batches=4/512 frame_err=baseline_ls_lmmse:161/1152 baseline_ls_2dlmmse_lmmse:20/1152 baseline_ddcpe_ls_lmmse:145/1152 upair5g_lmmse:58/1152 perfect_csi_lmmse:0/1152
[EVAL] progress num_users=3 Eb/N0=-2 dB batches=6/512 frame_err=baseline_ls_lmmse:245/1728 baseline_ls_2dlmmse_lmmse:30/1728 baseline_ddcpe_ls_lmmse:223/1728 upair5g_lmmse:88/1728 perfect_csi_lmmse:0/1728
[EVAL] progress num_users=3 Eb/N0=-2 dB batches=8/512 frame_err=baseline_ls_lmmse:323/2304 baseline_ls_2dlmmse_lmmse:33/2304 baseline_ddcpe_ls_lmmse:286/2304 upair5g_lmmse:110/2304 perfect_csi_lmmse:0/2304
[EVAL] progress num_users=3 Eb/N0=-2 dB batches=10/512 frame_err=baseline_ls_lmmse:421/2880 baseline_ls_2dlmmse_lmmse:41/2880 baseline_ddcpe_ls_lmmse:367/2880 upair5g_lmmse:140/2880 perfect_csi_lmmse:0/2880
[EVAL] receiver=       baseline_ls_lmmse Eb/N0=-2.0 dB BER=7.96597e-03 BLER=1.49937e-01 NMSE=1.12069e-01 bit_err=151821/19058688 blk_err=  475/3168   batches=  11
[EVAL] receiver=baseline_ls_2dlmmse_lmmse Eb/N0=-2.0 dB BER=6.10850e-04 BLER=1.60985e-02 NMSE=4.86400e-02 bit_err= 11642/19058688 blk_err=   51/3168   batches=  11
[EVAL] receiver= baseline_ddcpe_ls_lmmse Eb/N0=-2.0 dB BER=7.13612e-03 BLER=1.30997e-01 NMSE=1.09378e-01 bit_err=136005/19058688 blk_err=  415/3168   batches=  11
[EVAL] receiver=           upair5g_lmmse Eb/N0=-2.0 dB BER=2.23536e-03 BLER=5.01894e-02 NMSE=7.18738e-02 bit_err= 42603/19058688 blk_err=  159/3168   batches=  11
[EVAL] receiver=       perfect_csi_lmmse Eb/N0=-2.0 dB BER=0.00000e+00 BLER=0.00000e+00 NMSE=0.00000e+00 bit_err=     0/19058688 blk_err=    0/3168   batches=  11
[EVAL] progress num_users=3 Eb/N0=0 dB batches=2/512 frame_err=baseline_ls_lmmse:4/576 baseline_ls_2dlmmse_lmmse:0/576 baseline_ddcpe_ls_lmmse:3/576 upair5g_lmmse:0/576 perfect_csi_lmmse:0/576
[EVAL] progress num_users=3 Eb/N0=0 dB batches=4/512 frame_err=baseline_ls_lmmse:9/1152 baseline_ls_2dlmmse_lmmse:0/1152 baseline_ddcpe_ls_lmmse:8/1152 upair5g_lmmse:0/1152 perfect_csi_lmmse:0/1152
[EVAL] progress num_users=3 Eb/N0=0 dB batches=6/512 frame_err=baseline_ls_lmmse:20/1728 baseline_ls_2dlmmse_lmmse:2/1728 baseline_ddcpe_ls_lmmse:19/1728 upair5g_lmmse:4/1728 perfect_csi_lmmse:0/1728
[EVAL] progress num_users=3 Eb/N0=0 dB batches=8/512 frame_err=baseline_ls_lmmse:25/2304 baseline_ls_2dlmmse_lmmse:2/2304 baseline_ddcpe_ls_lmmse:24/2304 upair5g_lmmse:4/2304 perfect_csi_lmmse:0/2304
[EVAL] progress num_users=3 Eb/N0=0 dB batches=10/512 frame_err=baseline_ls_lmmse:27/2880 baseline_ls_2dlmmse_lmmse:2/2880 baseline_ddcpe_ls_lmmse:26/2880 upair5g_lmmse:5/2880 perfect_csi_lmmse:0/2880
[EVAL] progress num_users=3 Eb/N0=0 dB batches=12/512 frame_err=baseline_ls_lmmse:32/3456 baseline_ls_2dlmmse_lmmse:2/3456 baseline_ddcpe_ls_lmmse:30/3456 upair5g_lmmse:5/3456 perfect_csi_lmmse:0/3456
[EVAL] progress num_users=3 Eb/N0=0 dB batches=14/512 frame_err=baseline_ls_lmmse:39/4032 baseline_ls_2dlmmse_lmmse:2/4032 baseline_ddcpe_ls_lmmse:34/4032 upair5g_lmmse:6/4032 perfect_csi_lmmse:0/4032
[EVAL] progress num_users=3 Eb/N0=0 dB batches=16/512 frame_err=baseline_ls_lmmse:48/4608 baseline_ls_2dlmmse_lmmse:3/4608 baseline_ddcpe_ls_lmmse:39/4608 upair5g_lmmse:10/4608 perfect_csi_lmmse:0/4608
[EVAL] progress num_users=3 Eb/N0=0 dB batches=18/512 frame_err=baseline_ls_lmmse:56/5184 baseline_ls_2dlmmse_lmmse:3/5184 baseline_ddcpe_ls_lmmse:45/5184 upair5g_lmmse:10/5184 perfect_csi_lmmse:0/5184
[EVAL] progress num_users=3 Eb/N0=0 dB batches=20/512 frame_err=baseline_ls_lmmse:62/5760 baseline_ls_2dlmmse_lmmse:3/5760 baseline_ddcpe_ls_lmmse:47/5760 upair5g_lmmse:10/5760 perfect_csi_lmmse:0/5760
[EVAL] progress num_users=3 Eb/N0=0 dB batches=22/512 frame_err=baseline_ls_lmmse:69/6336 baseline_ls_2dlmmse_lmmse:3/6336 baseline_ddcpe_ls_lmmse:53/6336 upair5g_lmmse:12/6336 perfect_csi_lmmse:0/6336
[EVAL] progress num_users=3 Eb/N0=0 dB batches=24/512 frame_err=baseline_ls_lmmse:78/6912 baseline_ls_2dlmmse_lmmse:3/6912 baseline_ddcpe_ls_lmmse:58/6912 upair5g_lmmse:13/6912 perfect_csi_lmmse:0/6912
[EVAL] progress num_users=3 Eb/N0=0 dB batches=26/512 frame_err=baseline_ls_lmmse:81/7488 baseline_ls_2dlmmse_lmmse:3/7488 baseline_ddcpe_ls_lmmse:58/7488 upair5g_lmmse:13/7488 perfect_csi_lmmse:0/7488
[EVAL] progress num_users=3 Eb/N0=0 dB batches=28/512 frame_err=baseline_ls_lmmse:89/8064 baseline_ls_2dlmmse_lmmse:3/8064 baseline_ddcpe_ls_lmmse:66/8064 upair5g_lmmse:15/8064 perfect_csi_lmmse:0/8064
[EVAL] progress num_users=3 Eb/N0=0 dB batches=30/512 frame_err=baseline_ls_lmmse:96/8640 baseline_ls_2dlmmse_lmmse:3/8640 baseline_ddcpe_ls_lmmse:74/8640 upair5g_lmmse:16/8640 perfect_csi_lmmse:0/8640
[EVAL] progress num_users=3 Eb/N0=0 dB batches=32/512 frame_err=baseline_ls_lmmse:109/9216 baseline_ls_2dlmmse_lmmse:5/9216 baseline_ddcpe_ls_lmmse:83/9216 upair5g_lmmse:20/9216 perfect_csi_lmmse:0/9216
[EVAL] progress num_users=3 Eb/N0=0 dB batches=34/512 frame_err=baseline_ls_lmmse:121/9792 baseline_ls_2dlmmse_lmmse:7/9792 baseline_ddcpe_ls_lmmse:93/9792 upair5g_lmmse:22/9792 perfect_csi_lmmse:0/9792
[EVAL] progress num_users=3 Eb/N0=0 dB batches=36/512 frame_err=baseline_ls_lmmse:126/10368 baseline_ls_2dlmmse_lmmse:7/10368 baseline_ddcpe_ls_lmmse:98/10368 upair5g_lmmse:24/10368 perfect_csi_lmmse:0/10368
[EVAL] progress num_users=3 Eb/N0=0 dB batches=38/512 frame_err=baseline_ls_lmmse:132/10944 baseline_ls_2dlmmse_lmmse:7/10944 baseline_ddcpe_ls_lmmse:104/10944 upair5g_lmmse:24/10944 perfect_csi_lmmse:0/10944
[EVAL] progress num_users=3 Eb/N0=0 dB batches=40/512 frame_err=baseline_ls_lmmse:146/11520 baseline_ls_2dlmmse_lmmse:7/11520 baseline_ddcpe_ls_lmmse:115/11520 upair5g_lmmse:27/11520 perfect_csi_lmmse:0/11520
[EVAL] progress num_users=3 Eb/N0=0 dB batches=42/512 frame_err=baseline_ls_lmmse:154/12096 baseline_ls_2dlmmse_lmmse:7/12096 baseline_ddcpe_ls_lmmse:119/12096 upair5g_lmmse:27/12096 perfect_csi_lmmse:0/12096
[EVAL] progress num_users=3 Eb/N0=0 dB batches=44/512 frame_err=baseline_ls_lmmse:162/12672 baseline_ls_2dlmmse_lmmse:7/12672 baseline_ddcpe_ls_lmmse:126/12672 upair5g_lmmse:28/12672 perfect_csi_lmmse:0/12672
[EVAL] progress num_users=3 Eb/N0=0 dB batches=46/512 frame_err=baseline_ls_lmmse:170/13248 baseline_ls_2dlmmse_lmmse:8/13248 baseline_ddcpe_ls_lmmse:133/13248 upair5g_lmmse:29/13248 perfect_csi_lmmse:0/13248
[EVAL] progress num_users=3 Eb/N0=0 dB batches=48/512 frame_err=baseline_ls_lmmse:177/13824 baseline_ls_2dlmmse_lmmse:8/13824 baseline_ddcpe_ls_lmmse:139/13824 upair5g_lmmse:31/13824 perfect_csi_lmmse:0/13824
[EVAL] progress num_users=3 Eb/N0=0 dB batches=50/512 frame_err=baseline_ls_lmmse:188/14400 baseline_ls_2dlmmse_lmmse:8/14400 baseline_ddcpe_ls_lmmse:148/14400 upair5g_lmmse:33/14400 perfect_csi_lmmse:0/14400
[EVAL] progress num_users=3 Eb/N0=0 dB batches=52/512 frame_err=baseline_ls_lmmse:193/14976 baseline_ls_2dlmmse_lmmse:8/14976 baseline_ddcpe_ls_lmmse:151/14976 upair5g_lmmse:33/14976 perfect_csi_lmmse:0/14976
[EVAL] progress num_users=3 Eb/N0=0 dB batches=54/512 frame_err=baseline_ls_lmmse:197/15552 baseline_ls_2dlmmse_lmmse:8/15552 baseline_ddcpe_ls_lmmse:154/15552 upair5g_lmmse:33/15552 perfect_csi_lmmse:0/15552
[EVAL] progress num_users=3 Eb/N0=0 dB batches=56/512 frame_err=baseline_ls_lmmse:201/16128 baseline_ls_2dlmmse_lmmse:9/16128 baseline_ddcpe_ls_lmmse:158/16128 upair5g_lmmse:34/16128 perfect_csi_lmmse:0/16128
[EVAL] progress num_users=3 Eb/N0=0 dB batches=58/512 frame_err=baseline_ls_lmmse:206/16704 baseline_ls_2dlmmse_lmmse:9/16704 baseline_ddcpe_ls_lmmse:162/16704 upair5g_lmmse:36/16704 perfect_csi_lmmse:0/16704
[EVAL] progress num_users=3 Eb/N0=0 dB batches=60/512 frame_err=baseline_ls_lmmse:209/17280 baseline_ls_2dlmmse_lmmse:9/17280 baseline_ddcpe_ls_lmmse:164/17280 upair5g_lmmse:36/17280 perfect_csi_lmmse:0/17280
[EVAL] progress num_users=3 Eb/N0=0 dB batches=62/512 frame_err=baseline_ls_lmmse:220/17856 baseline_ls_2dlmmse_lmmse:9/17856 baseline_ddcpe_ls_lmmse:174/17856 upair5g_lmmse:38/17856 perfect_csi_lmmse:0/17856
[EVAL] progress num_users=3 Eb/N0=0 dB batches=64/512 frame_err=baseline_ls_lmmse:225/18432 baseline_ls_2dlmmse_lmmse:9/18432 baseline_ddcpe_ls_lmmse:178/18432 upair5g_lmmse:39/18432 perfect_csi_lmmse:0/18432
[EVAL] progress num_users=3 Eb/N0=0 dB batches=66/512 frame_err=baseline_ls_lmmse:231/19008 baseline_ls_2dlmmse_lmmse:9/19008 baseline_ddcpe_ls_lmmse:182/19008 upair5g_lmmse:41/19008 perfect_csi_lmmse:0/19008
[EVAL] progress num_users=3 Eb/N0=0 dB batches=68/512 frame_err=baseline_ls_lmmse:237/19584 baseline_ls_2dlmmse_lmmse:9/19584 baseline_ddcpe_ls_lmmse:188/19584 upair5g_lmmse:42/19584 perfect_csi_lmmse:0/19584
[EVAL] progress num_users=3 Eb/N0=0 dB batches=70/512 frame_err=baseline_ls_lmmse:246/20160 baseline_ls_2dlmmse_lmmse:9/20160 baseline_ddcpe_ls_lmmse:196/20160 upair5g_lmmse:42/20160 perfect_csi_lmmse:0/20160
[EVAL] progress num_users=3 Eb/N0=0 dB batches=72/512 frame_err=baseline_ls_lmmse:250/20736 baseline_ls_2dlmmse_lmmse:9/20736 baseline_ddcpe_ls_lmmse:198/20736 upair5g_lmmse:42/20736 perfect_csi_lmmse:0/20736
[EVAL] progress num_users=3 Eb/N0=0 dB batches=74/512 frame_err=baseline_ls_lmmse:253/21312 baseline_ls_2dlmmse_lmmse:9/21312 baseline_ddcpe_ls_lmmse:201/21312 upair5g_lmmse:43/21312 perfect_csi_lmmse:0/21312
[EVAL] progress num_users=3 Eb/N0=0 dB batches=76/512 frame_err=baseline_ls_lmmse:261/21888 baseline_ls_2dlmmse_lmmse:9/21888 baseline_ddcpe_ls_lmmse:206/21888 upair5g_lmmse:46/21888 perfect_csi_lmmse:0/21888
[EVAL] progress num_users=3 Eb/N0=0 dB batches=78/512 frame_err=baseline_ls_lmmse:269/22464 baseline_ls_2dlmmse_lmmse:10/22464 baseline_ddcpe_ls_lmmse:210/22464 upair5g_lmmse:48/22464 perfect_csi_lmmse:0/22464
[EVAL] progress num_users=3 Eb/N0=0 dB batches=80/512 frame_err=baseline_ls_lmmse:278/23040 baseline_ls_2dlmmse_lmmse:10/23040 baseline_ddcpe_ls_lmmse:216/23040 upair5g_lmmse:48/23040 perfect_csi_lmmse:0/23040
[EVAL] progress num_users=3 Eb/N0=0 dB batches=82/512 frame_err=baseline_ls_lmmse:288/23616 baseline_ls_2dlmmse_lmmse:10/23616 baseline_ddcpe_ls_lmmse:223/23616 upair5g_lmmse:48/23616 perfect_csi_lmmse:0/23616
[EVAL] progress num_users=3 Eb/N0=0 dB batches=84/512 frame_err=baseline_ls_lmmse:290/24192 baseline_ls_2dlmmse_lmmse:10/24192 baseline_ddcpe_ls_lmmse:224/24192 upair5g_lmmse:48/24192 perfect_csi_lmmse:0/24192
[EVAL] progress num_users=3 Eb/N0=0 dB batches=86/512 frame_err=baseline_ls_lmmse:300/24768 baseline_ls_2dlmmse_lmmse:10/24768 baseline_ddcpe_ls_lmmse:230/24768 upair5g_lmmse:48/24768 perfect_csi_lmmse:0/24768
[EVAL] progress num_users=3 Eb/N0=0 dB batches=88/512 frame_err=baseline_ls_lmmse:305/25344 baseline_ls_2dlmmse_lmmse:10/25344 baseline_ddcpe_ls_lmmse:232/25344 upair5g_lmmse:48/25344 perfect_csi_lmmse:0/25344
[EVAL] progress num_users=3 Eb/N0=0 dB batches=90/512 frame_err=baseline_ls_lmmse:310/25920 baseline_ls_2dlmmse_lmmse:11/25920 baseline_ddcpe_ls_lmmse:236/25920 upair5g_lmmse:49/25920 perfect_csi_lmmse:0/25920
[EVAL] progress num_users=3 Eb/N0=0 dB batches=92/512 frame_err=baseline_ls_lmmse:313/26496 baseline_ls_2dlmmse_lmmse:13/26496 baseline_ddcpe_ls_lmmse:239/26496 upair5g_lmmse:52/26496 perfect_csi_lmmse:0/26496
[EVAL] progress num_users=3 Eb/N0=0 dB batches=94/512 frame_err=baseline_ls_lmmse:323/27072 baseline_ls_2dlmmse_lmmse:14/27072 baseline_ddcpe_ls_lmmse:247/27072 upair5g_lmmse:55/27072 perfect_csi_lmmse:0/27072
[EVAL] progress num_users=3 Eb/N0=0 dB batches=96/512 frame_err=baseline_ls_lmmse:330/27648 baseline_ls_2dlmmse_lmmse:16/27648 baseline_ddcpe_ls_lmmse:254/27648 upair5g_lmmse:57/27648 perfect_csi_lmmse:0/27648
[EVAL] progress num_users=3 Eb/N0=0 dB batches=98/512 frame_err=baseline_ls_lmmse:337/28224 baseline_ls_2dlmmse_lmmse:16/28224 baseline_ddcpe_ls_lmmse:260/28224 upair5g_lmmse:58/28224 perfect_csi_lmmse:0/28224
[EVAL] progress num_users=3 Eb/N0=0 dB batches=100/512 frame_err=baseline_ls_lmmse:347/28800 baseline_ls_2dlmmse_lmmse:16/28800 baseline_ddcpe_ls_lmmse:269/28800 upair5g_lmmse:60/28800 perfect_csi_lmmse:0/28800
[EVAL] progress num_users=3 Eb/N0=0 dB batches=102/512 frame_err=baseline_ls_lmmse:349/29376 baseline_ls_2dlmmse_lmmse:16/29376 baseline_ddcpe_ls_lmmse:271/29376 upair5g_lmmse:60/29376 perfect_csi_lmmse:0/29376
[EVAL] progress num_users=3 Eb/N0=0 dB batches=104/512 frame_err=baseline_ls_lmmse:357/29952 baseline_ls_2dlmmse_lmmse:17/29952 baseline_ddcpe_ls_lmmse:277/29952 upair5g_lmmse:65/29952 perfect_csi_lmmse:0/29952
[EVAL] progress num_users=3 Eb/N0=0 dB batches=106/512 frame_err=baseline_ls_lmmse:363/30528 baseline_ls_2dlmmse_lmmse:17/30528 baseline_ddcpe_ls_lmmse:282/30528 upair5g_lmmse:65/30528 perfect_csi_lmmse:0/30528
[EVAL] progress num_users=3 Eb/N0=0 dB batches=108/512 frame_err=baseline_ls_lmmse:372/31104 baseline_ls_2dlmmse_lmmse:19/31104 baseline_ddcpe_ls_lmmse:288/31104 upair5g_lmmse:68/31104 perfect_csi_lmmse:0/31104
[EVAL] progress num_users=3 Eb/N0=0 dB batches=110/512 frame_err=baseline_ls_lmmse:379/31680 baseline_ls_2dlmmse_lmmse:21/31680 baseline_ddcpe_ls_lmmse:293/31680 upair5g_lmmse:72/31680 perfect_csi_lmmse:0/31680
[EVAL] progress num_users=3 Eb/N0=0 dB batches=112/512 frame_err=baseline_ls_lmmse:382/32256 baseline_ls_2dlmmse_lmmse:21/32256 baseline_ddcpe_ls_lmmse:295/32256 upair5g_lmmse:72/32256 perfect_csi_lmmse:0/32256
[EVAL] progress num_users=3 Eb/N0=0 dB batches=114/512 frame_err=baseline_ls_lmmse:388/32832 baseline_ls_2dlmmse_lmmse:21/32832 baseline_ddcpe_ls_lmmse:300/32832 upair5g_lmmse:74/32832 perfect_csi_lmmse:0/32832
[EVAL] progress num_users=3 Eb/N0=0 dB batches=116/512 frame_err=baseline_ls_lmmse:389/33408 baseline_ls_2dlmmse_lmmse:21/33408 baseline_ddcpe_ls_lmmse:300/33408 upair5g_lmmse:74/33408 perfect_csi_lmmse:0/33408
[EVAL] progress num_users=3 Eb/N0=0 dB batches=118/512 frame_err=baseline_ls_lmmse:400/33984 baseline_ls_2dlmmse_lmmse:21/33984 baseline_ddcpe_ls_lmmse:308/33984 upair5g_lmmse:74/33984 perfect_csi_lmmse:0/33984
[EVAL] progress num_users=3 Eb/N0=0 dB batches=120/512 frame_err=baseline_ls_lmmse:411/34560 baseline_ls_2dlmmse_lmmse:23/34560 baseline_ddcpe_ls_lmmse:316/34560 upair5g_lmmse:79/34560 perfect_csi_lmmse:0/34560
[EVAL] progress num_users=3 Eb/N0=0 dB batches=122/512 frame_err=baseline_ls_lmmse:418/35136 baseline_ls_2dlmmse_lmmse:23/35136 baseline_ddcpe_ls_lmmse:321/35136 upair5g_lmmse:79/35136 perfect_csi_lmmse:0/35136
[EVAL] progress num_users=3 Eb/N0=0 dB batches=124/512 frame_err=baseline_ls_lmmse:424/35712 baseline_ls_2dlmmse_lmmse:24/35712 baseline_ddcpe_ls_lmmse:325/35712 upair5g_lmmse:80/35712 perfect_csi_lmmse:0/35712
[EVAL] progress num_users=3 Eb/N0=0 dB batches=126/512 frame_err=baseline_ls_lmmse:425/36288 baseline_ls_2dlmmse_lmmse:24/36288 baseline_ddcpe_ls_lmmse:326/36288 upair5g_lmmse:80/36288 perfect_csi_lmmse:0/36288
[EVAL] progress num_users=3 Eb/N0=0 dB batches=128/512 frame_err=baseline_ls_lmmse:431/36864 baseline_ls_2dlmmse_lmmse:24/36864 baseline_ddcpe_ls_lmmse:331/36864 upair5g_lmmse:82/36864 perfect_csi_lmmse:0/36864
[EVAL] progress num_users=3 Eb/N0=0 dB batches=130/512 frame_err=baseline_ls_lmmse:435/37440 baseline_ls_2dlmmse_lmmse:24/37440 baseline_ddcpe_ls_lmmse:334/37440 upair5g_lmmse:82/37440 perfect_csi_lmmse:0/37440
[EVAL] progress num_users=3 Eb/N0=0 dB batches=132/512 frame_err=baseline_ls_lmmse:447/38016 baseline_ls_2dlmmse_lmmse:24/38016 baseline_ddcpe_ls_lmmse:342/38016 upair5g_lmmse:84/38016 perfect_csi_lmmse:0/38016
[EVAL] progress num_users=3 Eb/N0=0 dB batches=134/512 frame_err=baseline_ls_lmmse:450/38592 baseline_ls_2dlmmse_lmmse:25/38592 baseline_ddcpe_ls_lmmse:345/38592 upair5g_lmmse:85/38592 perfect_csi_lmmse:0/38592
[EVAL] progress num_users=3 Eb/N0=0 dB batches=136/512 frame_err=baseline_ls_lmmse:458/39168 baseline_ls_2dlmmse_lmmse:25/39168 baseline_ddcpe_ls_lmmse:353/39168 upair5g_lmmse:85/39168 perfect_csi_lmmse:0/39168
[EVAL] progress num_users=3 Eb/N0=0 dB batches=138/512 frame_err=baseline_ls_lmmse:463/39744 baseline_ls_2dlmmse_lmmse:25/39744 baseline_ddcpe_ls_lmmse:357/39744 upair5g_lmmse:86/39744 perfect_csi_lmmse:0/39744
[EVAL] progress num_users=3 Eb/N0=0 dB batches=140/512 frame_err=baseline_ls_lmmse:466/40320 baseline_ls_2dlmmse_lmmse:25/40320 baseline_ddcpe_ls_lmmse:359/40320 upair5g_lmmse:87/40320 perfect_csi_lmmse:0/40320
[EVAL] progress num_users=3 Eb/N0=0 dB batches=142/512 frame_err=baseline_ls_lmmse:472/40896 baseline_ls_2dlmmse_lmmse:25/40896 baseline_ddcpe_ls_lmmse:362/40896 upair5g_lmmse:88/40896 perfect_csi_lmmse:0/40896
[EVAL] progress num_users=3 Eb/N0=0 dB batches=144/512 frame_err=baseline_ls_lmmse:481/41472 baseline_ls_2dlmmse_lmmse:25/41472 baseline_ddcpe_ls_lmmse:369/41472 upair5g_lmmse:91/41472 perfect_csi_lmmse:0/41472
[EVAL] progress num_users=3 Eb/N0=0 dB batches=146/512 frame_err=baseline_ls_lmmse:488/42048 baseline_ls_2dlmmse_lmmse:25/42048 baseline_ddcpe_ls_lmmse:374/42048 upair5g_lmmse:93/42048 perfect_csi_lmmse:0/42048
[EVAL] progress num_users=3 Eb/N0=0 dB batches=148/512 frame_err=baseline_ls_lmmse:499/42624 baseline_ls_2dlmmse_lmmse:25/42624 baseline_ddcpe_ls_lmmse:383/42624 upair5g_lmmse:93/42624 perfect_csi_lmmse:0/42624
[EVAL] progress num_users=3 Eb/N0=0 dB batches=150/512 frame_err=baseline_ls_lmmse:507/43200 baseline_ls_2dlmmse_lmmse:25/43200 baseline_ddcpe_ls_lmmse:388/43200 upair5g_lmmse:93/43200 perfect_csi_lmmse:0/43200
[EVAL] received signal 15; will save completed Eb/N0 points and stop after current batch.
[EVAL] progress num_users=3 Eb/N0=0 dB batches=152/512 frame_err=baseline_ls_lmmse:517/43776 baseline_ls_2dlmmse_lmmse:26/43776 baseline_ddcpe_ls_lmmse:398/43776 upair5g_lmmse:97/43776 perfect_csi_lmmse:0/43776
[EVAL] stopped before completing current Eb/N0; resubmit to resume from completed points.
