2026-05-04 22:30:03.757514: E external/local_xla/xla/stream_executor/cuda/cuda_fft.cc:467] Unable to register cuFFT factory: Attempting to register factory for plugin cuFFT when one has already been registered
WARNING: All log messages before absl::InitializeLog() is called are written to STDERR
E0000 00:00:1777948203.773196 3011616 cuda_dnn.cc:8579] Unable to register cuDNN factory: Attempting to register factory for plugin cuDNN when one has already been registered
E0000 00:00:1777948203.777905 3011616 cuda_blas.cc:1407] Unable to register cuBLAS factory: Attempting to register factory for plugin cuBLAS when one has already been registered
W0000 00:00:1777948203.792743 3011616 computation_placer.cc:177] computation placer already registered. Please check linkage and avoid linking the same target more than once.
W0000 00:00:1777948203.792774 3011616 computation_placer.cc:177] computation placer already registered. Please check linkage and avoid linking the same target more than once.
W0000 00:00:1777948203.792787 3011616 computation_placer.cc:177] computation placer already registered. Please check linkage and avoid linking the same target more than once.
W0000 00:00:1777948203.792799 3011616 computation_placer.cc:177] computation placer already registered. Please check linkage and avoid linking the same target more than once.
Traceback (most recent call last):
  File "/lustre07/scratch/rsadve1/Universal_Receiver_NEW-main_Narval/scripts/run_comprehensive_mu32_ablation.py", line 367, in <module>
    main()
  File "/lustre07/scratch/rsadve1/Universal_Receiver_NEW-main_Narval/scripts/run_comprehensive_mu32_ablation.py", line 324, in main
    result = evaluate_model(cfg_eval, checkpoint_path=str(checkpoint_path), num_users=num_users)
             ^^^^^^^^^^^^^^^^^^^^^^^^^^^^^^^^^^^^^^^^^^^^^^^^^^^^^^^^^^^^^^^^^^^^^^^^^^^^^^^^^^^
  File "/lustre07/scratch/rsadve1/Universal_Receiver_NEW-main_Narval/src/upair5g/evaluation.py", line 267, in evaluate_model
    tx, _ = build_pusch_transmitter(cfg, num_users=eval_num_users)
            ^^^^^^^^^^^^^^^^^^^^^^^^^^^^^^^^^^^^^^^^^^^^^^^^^^^^^^
  File "/lustre07/scratch/rsadve1/Universal_Receiver_NEW-main_Narval/src/upair5g/builders.py", line 167, in build_pusch_transmitter
    build_pusch_config(cfg, dmrs_port_set=port_sets[i])
  File "/lustre07/scratch/rsadve1/Universal_Receiver_NEW-main_Narval/src/upair5g/builders.py", line 140, in build_pusch_config
    _validate_runtime_mcs(tb, pusch_cfg)
  File "/lustre07/scratch/rsadve1/Universal_Receiver_NEW-main_Narval/src/upair5g/builders.py", line 84, in _validate_runtime_mcs
    actual_qm = first_present_attr(tb, ["num_bits_per_symbol", "_num_bits_per_symbol"], None)
                ^^^^^^^^^^^^^^^^^^^^^^^^^^^^^^^^^^^^^^^^^^^^^^^^^^^^^^^^^^^^^^^^^^^^^^^^^^^^^
  File "/lustre07/scratch/rsadve1/Universal_Receiver_NEW-main_Narval/src/upair5g/compat.py", line 79, in first_present_attr
    if hasattr(obj, name):
       ^^^^^^^^^^^^^^^^^^
  File "/home/rsadve1/scratch/.venvGRAND/lib/python3.12/site-packages/sionna/phy/nr/tb_config.py", line 383, in num_bits_per_symbol
    m, _ = decode_mcs_index(self._mcs_index,
           ^^^^^^^^^^^^^^^^^^^^^^^^^^^^^^^^^
  File "/home/rsadve1/scratch/.venvGRAND/lib/python3.12/site-packages/sionna/phy/nr/utils.py", line 134, in decode_mcs_index
    mcs_index = tf.cast(mcs_index, tf.int32)
                ^^^^^^^^^^^^^^^^^^^^^^^^^^^^
  File "/home/rsadve1/scratch/.venvGRAND/lib/python3.12/site-packages/tensorflow/python/util/traceback_utils.py", line 153, in error_handler
    raise e.with_traceback(filtered_tb) from None
  File "/home/rsadve1/scratch/.venvGRAND/lib/python3.12/site-packages/tensorflow/python/eager/context.py", line 726, in ensure_initialized
    context_handle = pywrap_tfe.TFE_NewContext(opts)
    ^^^^^^^^^^^^^^^^^^^^^^^^^^^^^^^^^^^^^^^^^
tensorflow.python.framework.errors_impl.InternalError: cudaSetDevice() on GPU:0 failed. Status: CUDA-capable device(s) is/are busy or unavailable
