2026-05-03 02:14:25.252494: E external/local_xla/xla/stream_executor/cuda/cuda_dnn.cc:9261] Unable to register cuDNN factory: Attempting to register factory for plugin cuDNN when one has already been registered
2026-05-03 02:14:25.253609: E external/local_xla/xla/stream_executor/cuda/cuda_fft.cc:607] Unable to register cuFFT factory: Attempting to register factory for plugin cuFFT when one has already been registered
2026-05-03 02:14:25.342411: E external/local_xla/xla/stream_executor/cuda/cuda_blas.cc:1515] Unable to register cuBLAS factory: Attempting to register factory for plugin cuBLAS when one has already been registered
2026-05-03 02:17:12.444043: W tensorflow/core/common_runtime/gpu/gpu_bfc_allocator.cc:47] Overriding orig_value setting because the TF_FORCE_GPU_ALLOW_GROWTH environment variable is set. Original config value was 0.
WARNING:tensorflow:Model's `__init__()` arguments contain non-serializable objects. Please implement a `get_config()` method in the subclassed Model for proper saving and loading. Defaulting to empty config.
WARNING:tensorflow:Model's `__init__()` arguments contain non-serializable objects. Please implement a `get_config()` method in the subclassed Model for proper saving and loading. Defaulting to empty config.
2026-05-03 02:18:18.738737: W tensorflow/core/framework/op_kernel.cc:1839] OP_REQUIRES failed at transpose_op.cc:142 : INVALID_ARGUMENT: transpose expects a vector of size 0. But input(1) is a vector of size 7
2026-05-03 02:18:22.592560: W tensorflow/core/framework/op_kernel.cc:1839] OP_REQUIRES failed at transpose_op.cc:142 : INVALID_ARGUMENT: transpose expects a vector of size 0. But input(1) is a vector of size 7
2026-05-03 02:18:26.471849: W tensorflow/core/framework/op_kernel.cc:1839] OP_REQUIRES failed at transpose_op.cc:142 : INVALID_ARGUMENT: transpose expects a vector of size 0. But input(1) is a vector of size 7
2026-05-03 02:18:30.346653: W tensorflow/core/framework/op_kernel.cc:1839] OP_REQUIRES failed at transpose_op.cc:142 : INVALID_ARGUMENT: transpose expects a vector of size 0. But input(1) is a vector of size 7
2026-05-03 02:18:34.207428: W tensorflow/core/framework/op_kernel.cc:1839] OP_REQUIRES failed at transpose_op.cc:142 : INVALID_ARGUMENT: transpose expects a vector of size 0. But input(1) is a vector of size 7
2026-05-03 02:18:38.054180: W tensorflow/core/framework/op_kernel.cc:1839] OP_REQUIRES failed at transpose_op.cc:142 : INVALID_ARGUMENT: transpose expects a vector of size 0. But input(1) is a vector of size 7
2026-05-03 02:18:41.877363: W tensorflow/core/framework/op_kernel.cc:1839] OP_REQUIRES failed at transpose_op.cc:142 : INVALID_ARGUMENT: transpose expects a vector of size 0. But input(1) is a vector of size 7
2026-05-03 02:18:45.727647: W tensorflow/core/framework/op_kernel.cc:1839] OP_REQUIRES failed at transpose_op.cc:142 : INVALID_ARGUMENT: transpose expects a vector of size 0. But input(1) is a vector of size 7
2026-05-03 02:18:49.561965: W tensorflow/core/framework/op_kernel.cc:1839] OP_REQUIRES failed at transpose_op.cc:142 : INVALID_ARGUMENT: transpose expects a vector of size 0. But input(1) is a vector of size 7
2026-05-03 02:18:53.396240: W tensorflow/core/framework/op_kernel.cc:1839] OP_REQUIRES failed at transpose_op.cc:142 : INVALID_ARGUMENT: transpose expects a vector of size 0. But input(1) is a vector of size 7
2026-05-03 02:18:57.218253: W tensorflow/core/framework/op_kernel.cc:1839] OP_REQUIRES failed at transpose_op.cc:142 : INVALID_ARGUMENT: transpose expects a vector of size 0. But input(1) is a vector of size 7
2026-05-03 02:19:01.055024: W tensorflow/core/framework/op_kernel.cc:1839] OP_REQUIRES failed at transpose_op.cc:142 : INVALID_ARGUMENT: transpose expects a vector of size 0. But input(1) is a vector of size 7
2026-05-03 02:19:04.873530: W tensorflow/core/framework/op_kernel.cc:1839] OP_REQUIRES failed at transpose_op.cc:142 : INVALID_ARGUMENT: transpose expects a vector of size 0. But input(1) is a vector of size 7
2026-05-03 02:19:08.698200: W tensorflow/core/framework/op_kernel.cc:1839] OP_REQUIRES failed at transpose_op.cc:142 : INVALID_ARGUMENT: transpose expects a vector of size 0. But input(1) is a vector of size 7
2026-05-03 02:19:12.525591: W tensorflow/core/framework/op_kernel.cc:1839] OP_REQUIRES failed at transpose_op.cc:142 : INVALID_ARGUMENT: transpose expects a vector of size 0. But input(1) is a vector of size 7
2026-05-03 02:19:16.350234: W tensorflow/core/framework/op_kernel.cc:1839] OP_REQUIRES failed at transpose_op.cc:142 : INVALID_ARGUMENT: transpose expects a vector of size 0. But input(1) is a vector of size 7
2026-05-03 02:19:20.172396: W tensorflow/core/framework/op_kernel.cc:1839] OP_REQUIRES failed at transpose_op.cc:142 : INVALID_ARGUMENT: transpose expects a vector of size 0. But input(1) is a vector of size 7
2026-05-03 02:19:23.979930: W tensorflow/core/framework/op_kernel.cc:1839] OP_REQUIRES failed at transpose_op.cc:142 : INVALID_ARGUMENT: transpose expects a vector of size 0. But input(1) is a vector of size 7
2026-05-03 02:19:27.811961: W tensorflow/core/framework/op_kernel.cc:1839] OP_REQUIRES failed at transpose_op.cc:142 : INVALID_ARGUMENT: transpose expects a vector of size 0. But input(1) is a vector of size 7
2026-05-03 02:19:31.625628: W tensorflow/core/framework/op_kernel.cc:1839] OP_REQUIRES failed at transpose_op.cc:142 : INVALID_ARGUMENT: transpose expects a vector of size 0. But input(1) is a vector of size 7
2026-05-03 02:19:35.455297: W tensorflow/core/framework/op_kernel.cc:1839] OP_REQUIRES failed at transpose_op.cc:142 : INVALID_ARGUMENT: transpose expects a vector of size 0. But input(1) is a vector of size 7
2026-05-03 02:19:39.300266: W tensorflow/core/framework/op_kernel.cc:1839] OP_REQUIRES failed at transpose_op.cc:142 : INVALID_ARGUMENT: transpose expects a vector of size 0. But input(1) is a vector of size 7
2026-05-03 02:19:43.125061: W tensorflow/core/framework/op_kernel.cc:1839] OP_REQUIRES failed at transpose_op.cc:142 : INVALID_ARGUMENT: transpose expects a vector of size 0. But input(1) is a vector of size 7
2026-05-03 02:19:46.953795: W tensorflow/core/framework/op_kernel.cc:1839] OP_REQUIRES failed at transpose_op.cc:142 : INVALID_ARGUMENT: transpose expects a vector of size 0. But input(1) is a vector of size 7
2026-05-03 02:19:50.807383: W tensorflow/core/framework/op_kernel.cc:1839] OP_REQUIRES failed at transpose_op.cc:142 : INVALID_ARGUMENT: transpose expects a vector of size 0. But input(1) is a vector of size 7
2026-05-03 02:19:54.660406: W tensorflow/core/framework/op_kernel.cc:1839] OP_REQUIRES failed at transpose_op.cc:142 : INVALID_ARGUMENT: transpose expects a vector of size 0. But input(1) is a vector of size 7
2026-05-03 02:19:58.501175: W tensorflow/core/framework/op_kernel.cc:1839] OP_REQUIRES failed at transpose_op.cc:142 : INVALID_ARGUMENT: transpose expects a vector of size 0. But input(1) is a vector of size 7
2026-05-03 02:20:02.339666: W tensorflow/core/framework/op_kernel.cc:1839] OP_REQUIRES failed at transpose_op.cc:142 : INVALID_ARGUMENT: transpose expects a vector of size 0. But input(1) is a vector of size 7
2026-05-03 02:20:03.368237: E external/local_xla/xla/stream_executor/gpu/gpu_cudamallocasync_allocator.cc:306] gpu_async_0 cuMemAllocAsync failed to allocate 1056964608 bytes: CUDA error: out of memory (CUDA_ERROR_OUT_OF_MEMORY)
 Reported by CUDA: Free memory/Total memory: 86310912/42406903808
2026-05-03 02:20:03.368383: E external/local_xla/xla/stream_executor/gpu/gpu_cudamallocasync_allocator.cc:311] Stats: Limit:                     40353726464
InUse:                     37081377402
MaxInUse:                  38132836986
NumAllocs:                      388620
MaxAllocSize:               1068003328
Reserved:                            0
PeakReserved:                        0
LargestFreeBlock:                    0

2026-05-03 02:20:03.368457: E external/local_xla/xla/stream_executor/gpu/gpu_cudamallocasync_allocator.cc:63] Histogram of current allocation: (allocation_size_in_bytes, nb_allocation_of_that_sizes), ...;
2026-05-03 02:20:03.368481: E external/local_xla/xla/stream_executor/gpu/gpu_cudamallocasync_allocator.cc:66] 1, 6
2026-05-03 02:20:03.368518: E external/local_xla/xla/stream_executor/gpu/gpu_cudamallocasync_allocator.cc:66] 4, 104
2026-05-03 02:20:03.368531: E external/local_xla/xla/stream_executor/gpu/gpu_cudamallocasync_allocator.cc:66] 8, 13
2026-05-03 02:20:03.368543: E external/local_xla/xla/stream_executor/gpu/gpu_cudamallocasync_allocator.cc:66] 12, 5
2026-05-03 02:20:03.368555: E external/local_xla/xla/stream_executor/gpu/gpu_cudamallocasync_allocator.cc:66] 16, 4
2026-05-03 02:20:03.368567: E external/local_xla/xla/stream_executor/gpu/gpu_cudamallocasync_allocator.cc:66] 20, 1
2026-05-03 02:20:03.368579: E external/local_xla/xla/stream_executor/gpu/gpu_cudamallocasync_allocator.cc:66] 24, 4
2026-05-03 02:20:03.368590: E external/local_xla/xla/stream_executor/gpu/gpu_cudamallocasync_allocator.cc:66] 28, 6
2026-05-03 02:20:03.368602: E external/local_xla/xla/stream_executor/gpu/gpu_cudamallocasync_allocator.cc:66] 64, 1
2026-05-03 02:20:03.368614: E external/local_xla/xla/stream_executor/gpu/gpu_cudamallocasync_allocator.cc:66] 96, 2
2026-05-03 02:20:03.368626: E external/local_xla/xla/stream_executor/gpu/gpu_cudamallocasync_allocator.cc:66] 112, 9
2026-05-03 02:20:03.368638: E external/local_xla/xla/stream_executor/gpu/gpu_cudamallocasync_allocator.cc:66] 128, 17
2026-05-03 02:20:03.368650: E external/local_xla/xla/stream_executor/gpu/gpu_cudamallocasync_allocator.cc:66] 192, 2
2026-05-03 02:20:03.368662: E external/local_xla/xla/stream_executor/gpu/gpu_cudamallocasync_allocator.cc:66] 256, 6
2026-05-03 02:20:03.368673: E external/local_xla/xla/stream_executor/gpu/gpu_cudamallocasync_allocator.cc:66] 384, 79
2026-05-03 02:20:03.368685: E external/local_xla/xla/stream_executor/gpu/gpu_cudamallocasync_allocator.cc:66] 512, 1
2026-05-03 02:20:03.368697: E external/local_xla/xla/stream_executor/gpu/gpu_cudamallocasync_allocator.cc:66] 768, 14
2026-05-03 02:20:03.368709: E external/local_xla/xla/stream_executor/gpu/gpu_cudamallocasync_allocator.cc:66] 1028, 1
2026-05-03 02:20:03.368721: E external/local_xla/xla/stream_executor/gpu/gpu_cudamallocasync_allocator.cc:66] 1536, 5
2026-05-03 02:20:03.368733: E external/local_xla/xla/stream_executor/gpu/gpu_cudamallocasync_allocator.cc:66] 1568, 1
2026-05-03 02:20:03.368745: E external/local_xla/xla/stream_executor/gpu/gpu_cudamallocasync_allocator.cc:66] 1920, 5
2026-05-03 02:20:03.368757: E external/local_xla/xla/stream_executor/gpu/gpu_cudamallocasync_allocator.cc:66] 2048, 1
2026-05-03 02:20:03.368769: E external/local_xla/xla/stream_executor/gpu/gpu_cudamallocasync_allocator.cc:66] 3072, 1
2026-05-03 02:20:03.368781: E external/local_xla/xla/stream_executor/gpu/gpu_cudamallocasync_allocator.cc:66] 3456, 4
2026-05-03 02:20:03.368792: E external/local_xla/xla/stream_executor/gpu/gpu_cudamallocasync_allocator.cc:66] 6144, 2
2026-05-03 02:20:03.368804: E external/local_xla/xla/stream_executor/gpu/gpu_cudamallocasync_allocator.cc:66] 9984, 5
2026-05-03 02:20:03.368816: E external/local_xla/xla/stream_executor/gpu/gpu_cudamallocasync_allocator.cc:66] 10752, 9
2026-05-03 02:20:03.368828: E external/local_xla/xla/stream_executor/gpu/gpu_cudamallocasync_allocator.cc:66] 18080, 5
2026-05-03 02:20:03.368840: E external/local_xla/xla/stream_executor/gpu/gpu_cudamallocasync_allocator.cc:66] 21504, 7
2026-05-03 02:20:03.368854: E external/local_xla/xla/stream_executor/gpu/gpu_cudamallocasync_allocator.cc:66] 24576, 1
2026-05-03 02:20:03.368868: E external/local_xla/xla/stream_executor/gpu/gpu_cudamallocasync_allocator.cc:66] 27648, 1
2026-05-03 02:20:03.368883: E external/local_xla/xla/stream_executor/gpu/gpu_cudamallocasync_allocator.cc:66] 36864, 38
2026-05-03 02:20:03.368897: E external/local_xla/xla/stream_executor/gpu/gpu_cudamallocasync_allocator.cc:66] 39936, 3
2026-05-03 02:20:03.368911: E external/local_xla/xla/stream_executor/gpu/gpu_cudamallocasync_allocator.cc:66] 43424, 5
2026-05-03 02:20:03.368925: E external/local_xla/xla/stream_executor/gpu/gpu_cudamallocasync_allocator.cc:66] 49152, 1
2026-05-03 02:20:03.368939: E external/local_xla/xla/stream_executor/gpu/gpu_cudamallocasync_allocator.cc:66] 53760, 3
2026-05-03 02:20:03.368961: E external/local_xla/xla/stream_executor/gpu/gpu_cudamallocasync_allocator.cc:66] 62592, 1
2026-05-03 02:20:03.368975: E external/local_xla/xla/stream_executor/gpu/gpu_cudamallocasync_allocator.cc:66] 73728, 12
2026-05-03 02:20:03.368989: E external/local_xla/xla/stream_executor/gpu/gpu_cudamallocasync_allocator.cc:66] 78336, 1
2026-05-03 02:20:03.369003: E external/local_xla/xla/stream_executor/gpu/gpu_cudamallocasync_allocator.cc:66] 79872, 1
2026-05-03 02:20:03.369015: E external/local_xla/xla/stream_executor/gpu/gpu_cudamallocasync_allocator.cc:66] 96768, 1
2026-05-03 02:20:03.369027: E external/local_xla/xla/stream_executor/gpu/gpu_cudamallocasync_allocator.cc:66] 186464, 10
2026-05-03 02:20:03.369039: E external/local_xla/xla/stream_executor/gpu/gpu_cudamallocasync_allocator.cc:66] 294912, 1
2026-05-03 02:20:03.369051: E external/local_xla/xla/stream_executor/gpu/gpu_cudamallocasync_allocator.cc:66] 301056, 1
2026-05-03 02:20:03.369062: E external/local_xla/xla/stream_executor/gpu/gpu_cudamallocasync_allocator.cc:66] 344064, 1
2026-05-03 02:20:03.369074: E external/local_xla/xla/stream_executor/gpu/gpu_cudamallocasync_allocator.cc:66] 372928, 15
2026-05-03 02:20:03.369086: E external/local_xla/xla/stream_executor/gpu/gpu_cudamallocasync_allocator.cc:66] 385024, 5
2026-05-03 02:20:03.369098: E external/local_xla/xla/stream_executor/gpu/gpu_cudamallocasync_allocator.cc:66] 387072, 1
2026-05-03 02:20:03.369110: E external/local_xla/xla/stream_executor/gpu/gpu_cudamallocasync_allocator.cc:66] 393216, 2
2026-05-03 02:20:03.369122: E external/local_xla/xla/stream_executor/gpu/gpu_cudamallocasync_allocator.cc:66] 458752, 1
2026-05-03 02:20:03.369133: E external/local_xla/xla/stream_executor/gpu/gpu_cudamallocasync_allocator.cc:66] 577536, 1
2026-05-03 02:20:03.369145: E external/local_xla/xla/stream_executor/gpu/gpu_cudamallocasync_allocator.cc:66] 1376256, 1
2026-05-03 02:20:03.369157: E external/local_xla/xla/stream_executor/gpu/gpu_cudamallocasync_allocator.cc:66] 2752512, 5
2026-05-03 02:20:03.369169: E external/local_xla/xla/stream_executor/gpu/gpu_cudamallocasync_allocator.cc:66] 3440640, 1
2026-05-03 02:20:03.369181: E external/local_xla/xla/stream_executor/gpu/gpu_cudamallocasync_allocator.cc:66] 4128768, 2
2026-05-03 02:20:03.369193: E external/local_xla/xla/stream_executor/gpu/gpu_cudamallocasync_allocator.cc:66] 5505024, 22
2026-05-03 02:20:03.369204: E external/local_xla/xla/stream_executor/gpu/gpu_cudamallocasync_allocator.cc:66] 9633792, 232
2026-05-03 02:20:03.369216: E external/local_xla/xla/stream_executor/gpu/gpu_cudamallocasync_allocator.cc:66] 11010048, 4
2026-05-03 02:20:03.369228: E external/local_xla/xla/stream_executor/gpu/gpu_cudamallocasync_allocator.cc:66] 16515072, 1
2026-05-03 02:20:03.369240: E external/local_xla/xla/stream_executor/gpu/gpu_cudamallocasync_allocator.cc:66] 22020096, 3
2026-05-03 02:20:03.369252: E external/local_xla/xla/stream_executor/gpu/gpu_cudamallocasync_allocator.cc:66] 28041216, 1
2026-05-03 02:20:03.369264: E external/local_xla/xla/stream_executor/gpu/gpu_cudamallocasync_allocator.cc:66] 117440512, 3
2026-05-03 02:20:03.369276: E external/local_xla/xla/stream_executor/gpu/gpu_cudamallocasync_allocator.cc:66] 132120576, 232
2026-05-03 02:20:03.369288: E external/local_xla/xla/stream_executor/gpu/gpu_cudamallocasync_allocator.cc:66] 352321536, 1
2026-05-03 02:20:03.369299: E external/local_xla/xla/stream_executor/gpu/gpu_cudamallocasync_allocator.cc:66] 1056964608, 3
2026-05-03 02:20:03.369313: E external/local_xla/xla/stream_executor/gpu/gpu_cudamallocasync_allocator.cc:97] CU_MEMPOOL_ATTR_RESERVED_MEM_CURRENT: 41808822272
2026-05-03 02:20:03.369342: E external/local_xla/xla/stream_executor/gpu/gpu_cudamallocasync_allocator.cc:99] CU_MEMPOOL_ATTR_USED_MEM_CURRENT: 37081377402
2026-05-03 02:20:03.369365: E external/local_xla/xla/stream_executor/gpu/gpu_cudamallocasync_allocator.cc:100] CU_MEMPOOL_ATTR_RESERVED_MEM_HIGH: 41875931136
2026-05-03 02:20:03.369388: E external/local_xla/xla/stream_executor/gpu/gpu_cudamallocasync_allocator.cc:101] CU_MEMPOOL_ATTR_USED_MEM_HIGH: 38132836986
2026-05-03 02:20:03.369425: W tensorflow/core/framework/op_kernel.cc:1839] OP_REQUIRES failed at transpose_op.cc:184 : RESOURCE_EXHAUSTED: OOM when allocating tensor with shape[16,1,16,1,1,14,192,192] and type complex64 on /job:localhost/replica:0/task:0/device:GPU:0 by allocator gpu_async_0
Traceback (most recent call last):
  File "/lustre07/scratch/rsadve1/Universal_Receiver_NEW-main_Narval/scripts/run_comprehensive_mu32_ablation.py", line 307, in <module>
    main()
  File "/lustre07/scratch/rsadve1/Universal_Receiver_NEW-main_Narval/scripts/run_comprehensive_mu32_ablation.py", line 269, in main
    result = evaluate_model(cfg_eval, checkpoint_path=str(checkpoint_path), num_users=num_users)
             ^^^^^^^^^^^^^^^^^^^^^^^^^^^^^^^^^^^^^^^^^^^^^^^^^^^^^^^^^^^^^^^^^^^^^^^^^^^^^^^^^^^
  File "/lustre07/scratch/rsadve1/Universal_Receiver_NEW-main_Narval/src/upair5g/evaluation.py", line 297, in evaluate_model
    h_hat_base, _ = _call_channel_estimator(estimator_block, batch["y"], batch["no"])
                    ^^^^^^^^^^^^^^^^^^^^^^^^^^^^^^^^^^^^^^^^^^^^^^^^^^^^^^^^^^^^^^^^^
  File "/lustre07/scratch/rsadve1/Universal_Receiver_NEW-main_Narval/src/upair5g/evaluation.py", line 36, in _call_channel_estimator
    out = safe_call_variants(estimator, y, no)
          ^^^^^^^^^^^^^^^^^^^^^^^^^^^^^^^^^^^^
  File "/lustre07/scratch/rsadve1/Universal_Receiver_NEW-main_Narval/src/upair5g/compat.py", line 55, in safe_call_variants
    return attempt()
           ^^^^^^^^^
  File "/lustre07/scratch/rsadve1/Universal_Receiver_NEW-main_Narval/src/upair5g/compat.py", line 47, in <lambda>
    attempts.append(lambda: fn(*args))
                            ^^^^^^^^^
  File "/home/rsadve1/scratch/.venvUPAIR/lib/python3.11/site-packages/sionna/phy/block.py", line 155, in __call__
    return self.call(*args, **kwargs)
           ^^^^^^^^^^^^^^^^^^^^^^^^^^
  File "/home/rsadve1/scratch/.venvUPAIR/lib/python3.11/site-packages/sionna/phy/ofdm/channel_estimation.py", line 170, in call
    h_hat, err_var = self._interpol(h_hat, err_var)
                     ^^^^^^^^^^^^^^^^^^^^^^^^^^^^^^
  File "/home/rsadve1/scratch/.venvUPAIR/lib/python3.11/site-packages/sionna/phy/ofdm/channel_estimation.py", line 1820, in __call__
    h_hat, err_var = interp(h_hat, err_var)
                     ^^^^^^^^^^^^^^^^^^^^^^
  File "/home/rsadve1/scratch/.venvUPAIR/lib/python3.11/site-packages/sionna/phy/ofdm/channel_estimation.py", line 1132, in __call__
    h_hat_var_2 = tf.transpose(h_hat_var_2, [0, 1, 2, 3, 4, 5, 7, 6])
                  ^^^^^^^^^^^^^^^^^^^^^^^^^^^^^^^^^^^^^^^^^^^^^^^^^^^
  File "/home/rsadve1/scratch/.venvUPAIR/lib/python3.11/site-packages/tensorflow/python/ops/weak_tensor_ops.py", line 88, in wrapper
    return op(*args, **kwargs)
           ^^^^^^^^^^^^^^^^^^^
  File "/home/rsadve1/scratch/.venvUPAIR/lib/python3.11/site-packages/tensorflow/python/util/traceback_utils.py", line 153, in error_handler
    raise e.with_traceback(filtered_tb) from None
  File "/home/rsadve1/scratch/.venvUPAIR/lib/python3.11/site-packages/tensorflow/python/eager/execute.py", line 53, in quick_execute
    tensors = pywrap_tfe.TFE_Py_Execute(ctx._handle, device_name, op_name,
  ^^^^^^^^^^^^^^^^^^^^^^^^^^^^^^^^^^^^^^^^^^^^^^^^^^^^^^^^^^^^^^^^^^^^^^^^
tensorflow.python.framework.errors_impl.ResourceExhaustedError: {{function_node __wrapped__Transpose_device_/job:localhost/replica:0/task:0/device:GPU:0}} OOM when allocating tensor with shape[16,1,16,1,1,14,192,192] and type complex64 on /job:localhost/replica:0/task:0/device:GPU:0 by allocator gpu_async_0 [Op:Transpose]
