[SLURM] task=2/12 seed=7 dmrs_case=1dmrs variant=deep_d96_b6_r2
Mon May  4 18:31:55 2026       
+-----------------------------------------------------------------------------------------+
| NVIDIA-SMI 570.211.01             Driver Version: 570.211.01     CUDA Version: 12.8     |
|-----------------------------------------+------------------------+----------------------+
| GPU  Name                 Persistence-M | Bus-Id          Disp.A | Volatile Uncorr. ECC |
| Fan  Temp   Perf          Pwr:Usage/Cap |           Memory-Usage | GPU-Util  Compute M. |
|                                         |                        |               MIG M. |
|=========================================+========================+======================|
|   0  NVIDIA A100-SXM4-40GB          Off |   00000000:01:00.0 Off |                    0 |
| N/A   29C    P0             55W /  400W |       0MiB /  40960MiB |      0%      Default |
|                                         |                        |             Disabled |
+-----------------------------------------+------------------------+----------------------+
                                                                                         
+-----------------------------------------------------------------------------------------+
| Processes:                                                                              |
|  GPU   GI   CI              PID   Type   Process name                        GPU Memory |
|        ID   ID                                                               Usage      |
|=========================================================================================|
|  No running processes found                                                             |
+-----------------------------------------------------------------------------------------+
[TRAIN] resumed from /lustre07/scratch/rsadve1/Universal_Receiver_NEW-main_Narval/TWC_plots_comprehensive/runs_rx16/seed7/1dmrs/deep_d96_b6_r2/checkpoints/training_state/ckpt-4526 at completed_step=4526 best_val=0.0145652
[TRAIN] step=04600 loss=-4.40667 nmse_prop=0.00590 nmse_ls=0.01804 gpu_mem=0.16GiB peak=21.80GiB
[TRAIN] saved resumable state at step=4600 reason=periodic: /lustre07/scratch/rsadve1/Universal_Receiver_NEW-main_Narval/TWC_plots_comprehensive/runs_rx16/seed7/1dmrs/deep_d96_b6_r2/checkpoints/training_state/ckpt-4600
[TRAIN] step=04700 loss=-2.59218 nmse_prop=0.02544 nmse_ls=0.04554 gpu_mem=0.16GiB peak=21.80GiB
[TRAIN] saved resumable state at step=4700 reason=periodic: /lustre07/scratch/rsadve1/Universal_Receiver_NEW-main_Narval/TWC_plots_comprehensive/runs_rx16/seed7/1dmrs/deep_d96_b6_r2/checkpoints/training_state/ckpt-4700
[TRAIN] step=04800 loss=-2.67113 nmse_prop=0.02464 nmse_ls=0.03978 gpu_mem=0.16GiB peak=21.80GiB
[TRAIN] saved resumable state at step=4800 reason=periodic: /lustre07/scratch/rsadve1/Universal_Receiver_NEW-main_Narval/TWC_plots_comprehensive/runs_rx16/seed7/1dmrs/deep_d96_b6_r2/checkpoints/training_state/ckpt-4800
[TRAIN] step=04900 loss=-3.93272 nmse_prop=0.00797 nmse_ls=0.01963 gpu_mem=0.16GiB peak=21.80GiB
[TRAIN] saved resumable state at step=4900 reason=periodic: /lustre07/scratch/rsadve1/Universal_Receiver_NEW-main_Narval/TWC_plots_comprehensive/runs_rx16/seed7/1dmrs/deep_d96_b6_r2/checkpoints/training_state/ckpt-4900
[TRAIN] saved new best weights at step=5000 val_nmse=0.0136598
[TRAIN] step=05000 loss=-3.96256 nmse_prop=0.00753 nmse_ls=0.02043 gpu_mem=0.37GiB peak=21.80GiB
[TRAIN] saved resumable state at step=5000 reason=periodic: /lustre07/scratch/rsadve1/Universal_Receiver_NEW-main_Narval/TWC_plots_comprehensive/runs_rx16/seed7/1dmrs/deep_d96_b6_r2/checkpoints/training_state/ckpt-5000
[TRAIN] step=05100 loss=-4.56289 nmse_prop=0.00469 nmse_ls=0.01647 gpu_mem=0.37GiB peak=22.00GiB
[TRAIN] saved resumable state at step=5100 reason=periodic: /lustre07/scratch/rsadve1/Universal_Receiver_NEW-main_Narval/TWC_plots_comprehensive/runs_rx16/seed7/1dmrs/deep_d96_b6_r2/checkpoints/training_state/ckpt-5100
[TRAIN] step=05200 loss=-3.29770 nmse_prop=0.01371 nmse_ls=0.02951 gpu_mem=0.37GiB peak=22.00GiB
[TRAIN] saved resumable state at step=5200 reason=periodic: /lustre07/scratch/rsadve1/Universal_Receiver_NEW-main_Narval/TWC_plots_comprehensive/runs_rx16/seed7/1dmrs/deep_d96_b6_r2/checkpoints/training_state/ckpt-5200
[TRAIN] step=05300 loss=-2.94798 nmse_prop=0.01895 nmse_ls=0.03461 gpu_mem=0.37GiB peak=22.00GiB
[TRAIN] saved resumable state at step=5300 reason=periodic: /lustre07/scratch/rsadve1/Universal_Receiver_NEW-main_Narval/TWC_plots_comprehensive/runs_rx16/seed7/1dmrs/deep_d96_b6_r2/checkpoints/training_state/ckpt-5300
[TRAIN] step=05400 loss=-3.38925 nmse_prop=0.01262 nmse_ls=0.02718 gpu_mem=0.37GiB peak=22.00GiB
[TRAIN] saved resumable state at step=5400 reason=periodic: /lustre07/scratch/rsadve1/Universal_Receiver_NEW-main_Narval/TWC_plots_comprehensive/runs_rx16/seed7/1dmrs/deep_d96_b6_r2/checkpoints/training_state/ckpt-5400
[TRAIN] saved new best weights at step=5500 val_nmse=0.0135343
[TRAIN] step=05500 loss=-2.00890 nmse_prop=0.04472 nmse_ls=0.07005 gpu_mem=0.37GiB peak=22.00GiB
[TRAIN] saved resumable state at step=5500 reason=periodic: /lustre07/scratch/rsadve1/Universal_Receiver_NEW-main_Narval/TWC_plots_comprehensive/runs_rx16/seed7/1dmrs/deep_d96_b6_r2/checkpoints/training_state/ckpt-5500
[TRAIN] step=05600 loss=-2.72750 nmse_prop=0.02336 nmse_ls=0.04089 gpu_mem=0.37GiB peak=22.00GiB
[TRAIN] saved resumable state at step=5600 reason=periodic: /lustre07/scratch/rsadve1/Universal_Receiver_NEW-main_Narval/TWC_plots_comprehensive/runs_rx16/seed7/1dmrs/deep_d96_b6_r2/checkpoints/training_state/ckpt-5600
[TRAIN] step=05700 loss=-4.35078 nmse_prop=0.00543 nmse_ls=0.01740 gpu_mem=0.37GiB peak=22.00GiB
[TRAIN] saved resumable state at step=5700 reason=periodic: /lustre07/scratch/rsadve1/Universal_Receiver_NEW-main_Narval/TWC_plots_comprehensive/runs_rx16/seed7/1dmrs/deep_d96_b6_r2/checkpoints/training_state/ckpt-5700
[TRAIN] step=05800 loss=-4.46242 nmse_prop=0.00513 nmse_ls=0.01693 gpu_mem=0.37GiB peak=22.00GiB
[TRAIN] saved resumable state at step=5800 reason=periodic: /lustre07/scratch/rsadve1/Universal_Receiver_NEW-main_Narval/TWC_plots_comprehensive/runs_rx16/seed7/1dmrs/deep_d96_b6_r2/checkpoints/training_state/ckpt-5800
[TRAIN] step=05900 loss=-3.80064 nmse_prop=0.00872 nmse_ls=0.02283 gpu_mem=0.37GiB peak=22.00GiB
[TRAIN] saved resumable state at step=5900 reason=periodic: /lustre07/scratch/rsadve1/Universal_Receiver_NEW-main_Narval/TWC_plots_comprehensive/runs_rx16/seed7/1dmrs/deep_d96_b6_r2/checkpoints/training_state/ckpt-5900
[TRAIN] step=06000 loss=-4.53574 nmse_prop=0.00487 nmse_ls=0.01918 gpu_mem=0.37GiB peak=22.00GiB
[TRAIN] saved resumable state at step=6000 reason=periodic: /lustre07/scratch/rsadve1/Universal_Receiver_NEW-main_Narval/TWC_plots_comprehensive/runs_rx16/seed7/1dmrs/deep_d96_b6_r2/checkpoints/training_state/ckpt-6000
[TRAIN] step=06100 loss=-2.26812 nmse_prop=0.03555 nmse_ls=0.05380 gpu_mem=0.37GiB peak=22.00GiB
[TRAIN] saved resumable state at step=6100 reason=periodic: /lustre07/scratch/rsadve1/Universal_Receiver_NEW-main_Narval/TWC_plots_comprehensive/runs_rx16/seed7/1dmrs/deep_d96_b6_r2/checkpoints/training_state/ckpt-6100
[TRAIN] step=06200 loss=-2.51652 nmse_prop=0.02777 nmse_ls=0.04857 gpu_mem=0.37GiB peak=22.00GiB
[TRAIN] saved resumable state at step=6200 reason=periodic: /lustre07/scratch/rsadve1/Universal_Receiver_NEW-main_Narval/TWC_plots_comprehensive/runs_rx16/seed7/1dmrs/deep_d96_b6_r2/checkpoints/training_state/ckpt-6200
[TRAIN] step=06300 loss=-3.56359 nmse_prop=0.01097 nmse_ls=0.02414 gpu_mem=0.37GiB peak=22.00GiB
[TRAIN] saved resumable state at step=6300 reason=periodic: /lustre07/scratch/rsadve1/Universal_Receiver_NEW-main_Narval/TWC_plots_comprehensive/runs_rx16/seed7/1dmrs/deep_d96_b6_r2/checkpoints/training_state/ckpt-6300
[TRAIN] step=06400 loss=-3.82991 nmse_prop=0.00881 nmse_ls=0.02279 gpu_mem=0.37GiB peak=22.00GiB
[TRAIN] saved resumable state at step=6400 reason=periodic: /lustre07/scratch/rsadve1/Universal_Receiver_NEW-main_Narval/TWC_plots_comprehensive/runs_rx16/seed7/1dmrs/deep_d96_b6_r2/checkpoints/training_state/ckpt-6400
[TRAIN] saved new best weights at step=6500 val_nmse=0.0131754
[TRAIN] step=06500 loss=-3.88988 nmse_prop=0.00806 nmse_ls=0.02287 gpu_mem=0.37GiB peak=22.00GiB
[TRAIN] saved resumable state at step=6500 reason=periodic: /lustre07/scratch/rsadve1/Universal_Receiver_NEW-main_Narval/TWC_plots_comprehensive/runs_rx16/seed7/1dmrs/deep_d96_b6_r2/checkpoints/training_state/ckpt-6500
[TRAIN] step=06600 loss=-4.42931 nmse_prop=0.00537 nmse_ls=0.01893 gpu_mem=0.37GiB peak=22.00GiB
[TRAIN] saved resumable state at step=6600 reason=periodic: /lustre07/scratch/rsadve1/Universal_Receiver_NEW-main_Narval/TWC_plots_comprehensive/runs_rx16/seed7/1dmrs/deep_d96_b6_r2/checkpoints/training_state/ckpt-6600
[TRAIN] step=06700 loss=-4.41392 nmse_prop=0.00520 nmse_ls=0.01952 gpu_mem=0.37GiB peak=22.00GiB
[TRAIN] saved resumable state at step=6700 reason=periodic: /lustre07/scratch/rsadve1/Universal_Receiver_NEW-main_Narval/TWC_plots_comprehensive/runs_rx16/seed7/1dmrs/deep_d96_b6_r2/checkpoints/training_state/ckpt-6700
[TRAIN] step=06800 loss=-2.94494 nmse_prop=0.01745 nmse_ls=0.03726 gpu_mem=0.37GiB peak=22.00GiB
[TRAIN] saved resumable state at step=6800 reason=periodic: /lustre07/scratch/rsadve1/Universal_Receiver_NEW-main_Narval/TWC_plots_comprehensive/runs_rx16/seed7/1dmrs/deep_d96_b6_r2/checkpoints/training_state/ckpt-6800
[TRAIN] step=06900 loss=-3.81143 nmse_prop=0.00874 nmse_ls=0.02509 gpu_mem=0.37GiB peak=22.00GiB
[TRAIN] saved resumable state at step=6900 reason=periodic: /lustre07/scratch/rsadve1/Universal_Receiver_NEW-main_Narval/TWC_plots_comprehensive/runs_rx16/seed7/1dmrs/deep_d96_b6_r2/checkpoints/training_state/ckpt-6900
[TRAIN] saved new best weights at step=7000 val_nmse=0.0127583
[TRAIN] step=07000 loss=-4.33741 nmse_prop=0.00534 nmse_ls=0.01805 gpu_mem=0.37GiB peak=22.00GiB
[TRAIN] saved resumable state at step=7000 reason=periodic: /lustre07/scratch/rsadve1/Universal_Receiver_NEW-main_Narval/TWC_plots_comprehensive/runs_rx16/seed7/1dmrs/deep_d96_b6_r2/checkpoints/training_state/ckpt-7000
[TRAIN] step=07100 loss=-2.23101 nmse_prop=0.03532 nmse_ls=0.05879 gpu_mem=0.37GiB peak=22.00GiB
[TRAIN] saved resumable state at step=7100 reason=periodic: /lustre07/scratch/rsadve1/Universal_Receiver_NEW-main_Narval/TWC_plots_comprehensive/runs_rx16/seed7/1dmrs/deep_d96_b6_r2/checkpoints/training_state/ckpt-7100
[TRAIN] step=07200 loss=-2.05460 nmse_prop=0.03905 nmse_ls=0.07333 gpu_mem=0.37GiB peak=22.00GiB
[TRAIN] saved resumable state at step=7200 reason=periodic: /lustre07/scratch/rsadve1/Universal_Receiver_NEW-main_Narval/TWC_plots_comprehensive/runs_rx16/seed7/1dmrs/deep_d96_b6_r2/checkpoints/training_state/ckpt-7200
[TRAIN] step=07300 loss=-3.01841 nmse_prop=0.01704 nmse_ls=0.03550 gpu_mem=0.37GiB peak=22.00GiB
[TRAIN] saved resumable state at step=7300 reason=periodic: /lustre07/scratch/rsadve1/Universal_Receiver_NEW-main_Narval/TWC_plots_comprehensive/runs_rx16/seed7/1dmrs/deep_d96_b6_r2/checkpoints/training_state/ckpt-7300
[TRAIN] step=07400 loss=-3.47992 nmse_prop=0.01144 nmse_ls=0.02529 gpu_mem=0.37GiB peak=22.00GiB
[TRAIN] saved resumable state at step=7400 reason=periodic: /lustre07/scratch/rsadve1/Universal_Receiver_NEW-main_Narval/TWC_plots_comprehensive/runs_rx16/seed7/1dmrs/deep_d96_b6_r2/checkpoints/training_state/ckpt-7400
[TRAIN] saved new best weights at step=7500 val_nmse=0.0124359
[TRAIN] step=07500 loss=-2.40484 nmse_prop=0.03044 nmse_ls=0.05353 gpu_mem=0.37GiB peak=22.00GiB
[TRAIN] saved resumable state at step=7500 reason=periodic: /lustre07/scratch/rsadve1/Universal_Receiver_NEW-main_Narval/TWC_plots_comprehensive/runs_rx16/seed7/1dmrs/deep_d96_b6_r2/checkpoints/training_state/ckpt-7500
[TRAIN] step=07600 loss=-4.13582 nmse_prop=0.00716 nmse_ls=0.02045 gpu_mem=0.37GiB peak=22.00GiB
[TRAIN] saved resumable state at step=7600 reason=periodic: /lustre07/scratch/rsadve1/Universal_Receiver_NEW-main_Narval/TWC_plots_comprehensive/runs_rx16/seed7/1dmrs/deep_d96_b6_r2/checkpoints/training_state/ckpt-7600
[TRAIN] step=07700 loss=-3.86379 nmse_prop=0.00806 nmse_ls=0.02174 gpu_mem=0.37GiB peak=22.00GiB
[TRAIN] saved resumable state at step=7700 reason=periodic: /lustre07/scratch/rsadve1/Universal_Receiver_NEW-main_Narval/TWC_plots_comprehensive/runs_rx16/seed7/1dmrs/deep_d96_b6_r2/checkpoints/training_state/ckpt-7700
[TRAIN] step=07800 loss=-3.53289 nmse_prop=0.01070 nmse_ls=0.02507 gpu_mem=0.37GiB peak=22.00GiB
[TRAIN] saved resumable state at step=7800 reason=periodic: /lustre07/scratch/rsadve1/Universal_Receiver_NEW-main_Narval/TWC_plots_comprehensive/runs_rx16/seed7/1dmrs/deep_d96_b6_r2/checkpoints/training_state/ckpt-7800
[TRAIN] step=07900 loss=-3.16897 nmse_prop=0.01526 nmse_ls=0.03069 gpu_mem=0.37GiB peak=22.00GiB
[TRAIN] saved resumable state at step=7900 reason=periodic: /lustre07/scratch/rsadve1/Universal_Receiver_NEW-main_Narval/TWC_plots_comprehensive/runs_rx16/seed7/1dmrs/deep_d96_b6_r2/checkpoints/training_state/ckpt-7900
[TRAIN] step=08000 loss=-3.43798 nmse_prop=0.01175 nmse_ls=0.02863 gpu_mem=0.37GiB peak=22.00GiB
[TRAIN] saved resumable state at step=8000 reason=periodic: /lustre07/scratch/rsadve1/Universal_Receiver_NEW-main_Narval/TWC_plots_comprehensive/runs_rx16/seed7/1dmrs/deep_d96_b6_r2/checkpoints/training_state/ckpt-8000
[TRAIN] step=08100 loss=-4.18868 nmse_prop=0.00599 nmse_ls=0.02203 gpu_mem=0.37GiB peak=22.00GiB
[TRAIN] saved resumable state at step=8100 reason=periodic: /lustre07/scratch/rsadve1/Universal_Receiver_NEW-main_Narval/TWC_plots_comprehensive/runs_rx16/seed7/1dmrs/deep_d96_b6_r2/checkpoints/training_state/ckpt-8100
[TRAIN] step=08200 loss=-4.05823 nmse_prop=0.00680 nmse_ls=0.02112 gpu_mem=0.37GiB peak=22.00GiB
[TRAIN] saved resumable state at step=8200 reason=periodic: /lustre07/scratch/rsadve1/Universal_Receiver_NEW-main_Narval/TWC_plots_comprehensive/runs_rx16/seed7/1dmrs/deep_d96_b6_r2/checkpoints/training_state/ckpt-8200
[TRAIN] step=08300 loss=-4.46923 nmse_prop=0.00516 nmse_ls=0.02154 gpu_mem=0.37GiB peak=22.00GiB
[TRAIN] saved resumable state at step=8300 reason=periodic: /lustre07/scratch/rsadve1/Universal_Receiver_NEW-main_Narval/TWC_plots_comprehensive/runs_rx16/seed7/1dmrs/deep_d96_b6_r2/checkpoints/training_state/ckpt-8300
[TRAIN] step=08400 loss=-2.41194 nmse_prop=0.03066 nmse_ls=0.04936 gpu_mem=0.37GiB peak=22.00GiB
[TRAIN] saved resumable state at step=8400 reason=periodic: /lustre07/scratch/rsadve1/Universal_Receiver_NEW-main_Narval/TWC_plots_comprehensive/runs_rx16/seed7/1dmrs/deep_d96_b6_r2/checkpoints/training_state/ckpt-8400
[TRAIN] saved new best weights at step=8500 val_nmse=0.0121222
[TRAIN] step=08500 loss=-2.36385 nmse_prop=0.02846 nmse_ls=0.05958 gpu_mem=0.37GiB peak=22.00GiB
[TRAIN] saved resumable state at step=8500 reason=periodic: /lustre07/scratch/rsadve1/Universal_Receiver_NEW-main_Narval/TWC_plots_comprehensive/runs_rx16/seed7/1dmrs/deep_d96_b6_r2/checkpoints/training_state/ckpt-8500
[TRAIN] step=08600 loss=-3.84818 nmse_prop=0.00818 nmse_ls=0.02070 gpu_mem=0.37GiB peak=22.00GiB
[TRAIN] saved resumable state at step=8600 reason=periodic: /lustre07/scratch/rsadve1/Universal_Receiver_NEW-main_Narval/TWC_plots_comprehensive/runs_rx16/seed7/1dmrs/deep_d96_b6_r2/checkpoints/training_state/ckpt-8600
[TRAIN] step=08700 loss=-4.03373 nmse_prop=0.00687 nmse_ls=0.02067 gpu_mem=0.37GiB peak=22.00GiB
[TRAIN] saved resumable state at step=8700 reason=periodic: /lustre07/scratch/rsadve1/Universal_Receiver_NEW-main_Narval/TWC_plots_comprehensive/runs_rx16/seed7/1dmrs/deep_d96_b6_r2/checkpoints/training_state/ckpt-8700
[TRAIN] step=08800 loss=-2.18579 nmse_prop=0.03725 nmse_ls=0.06185 gpu_mem=0.37GiB peak=22.00GiB
[TRAIN] saved resumable state at step=8800 reason=periodic: /lustre07/scratch/rsadve1/Universal_Receiver_NEW-main_Narval/TWC_plots_comprehensive/runs_rx16/seed7/1dmrs/deep_d96_b6_r2/checkpoints/training_state/ckpt-8800
[TRAIN] step=08900 loss=-3.89623 nmse_prop=0.00785 nmse_ls=0.02257 gpu_mem=0.37GiB peak=22.00GiB
[TRAIN] saved resumable state at step=8900 reason=periodic: /lustre07/scratch/rsadve1/Universal_Receiver_NEW-main_Narval/TWC_plots_comprehensive/runs_rx16/seed7/1dmrs/deep_d96_b6_r2/checkpoints/training_state/ckpt-8900
[TRAIN] saved new best weights at step=9000 val_nmse=0.0118892
[TRAIN] step=09000 loss=-2.08966 nmse_prop=0.04187 nmse_ls=0.06572 gpu_mem=0.37GiB peak=22.00GiB
[TRAIN] saved resumable state at step=9000 reason=periodic: /lustre07/scratch/rsadve1/Universal_Receiver_NEW-main_Narval/TWC_plots_comprehensive/runs_rx16/seed7/1dmrs/deep_d96_b6_r2/checkpoints/training_state/ckpt-9000
[TRAIN] step=09100 loss=-4.15595 nmse_prop=0.00601 nmse_ls=0.01988 gpu_mem=0.37GiB peak=22.00GiB
[TRAIN] saved resumable state at step=9100 reason=periodic: /lustre07/scratch/rsadve1/Universal_Receiver_NEW-main_Narval/TWC_plots_comprehensive/runs_rx16/seed7/1dmrs/deep_d96_b6_r2/checkpoints/training_state/ckpt-9100
[TRAIN] step=09200 loss=-4.24627 nmse_prop=0.00573 nmse_ls=0.02134 gpu_mem=0.37GiB peak=22.00GiB
[TRAIN] saved resumable state at step=9200 reason=periodic: /lustre07/scratch/rsadve1/Universal_Receiver_NEW-main_Narval/TWC_plots_comprehensive/runs_rx16/seed7/1dmrs/deep_d96_b6_r2/checkpoints/training_state/ckpt-9200
[TRAIN] step=09300 loss=-3.91698 nmse_prop=0.00773 nmse_ls=0.02329 gpu_mem=0.37GiB peak=22.00GiB
[TRAIN] saved resumable state at step=9300 reason=periodic: /lustre07/scratch/rsadve1/Universal_Receiver_NEW-main_Narval/TWC_plots_comprehensive/runs_rx16/seed7/1dmrs/deep_d96_b6_r2/checkpoints/training_state/ckpt-9300
[TRAIN] step=09400 loss=-2.53332 nmse_prop=0.02741 nmse_ls=0.04665 gpu_mem=0.37GiB peak=22.00GiB
[TRAIN] saved resumable state at step=9400 reason=periodic: /lustre07/scratch/rsadve1/Universal_Receiver_NEW-main_Narval/TWC_plots_comprehensive/runs_rx16/seed7/1dmrs/deep_d96_b6_r2/checkpoints/training_state/ckpt-9400
[TRAIN] saved new best weights at step=9500 val_nmse=0.0117226
[TRAIN] step=09500 loss=-3.16386 nmse_prop=0.01504 nmse_ls=0.03089 gpu_mem=0.37GiB peak=22.00GiB
[TRAIN] saved resumable state at step=9500 reason=periodic: /lustre07/scratch/rsadve1/Universal_Receiver_NEW-main_Narval/TWC_plots_comprehensive/runs_rx16/seed7/1dmrs/deep_d96_b6_r2/checkpoints/training_state/ckpt-9500
[TRAIN] step=09600 loss=-4.13228 nmse_prop=0.00607 nmse_ls=0.02241 gpu_mem=0.37GiB peak=22.00GiB
[TRAIN] saved resumable state at step=9600 reason=periodic: /lustre07/scratch/rsadve1/Universal_Receiver_NEW-main_Narval/TWC_plots_comprehensive/runs_rx16/seed7/1dmrs/deep_d96_b6_r2/checkpoints/training_state/ckpt-9600
[TRAIN] step=09700 loss=-4.03289 nmse_prop=0.00682 nmse_ls=0.02035 gpu_mem=0.37GiB peak=22.00GiB
[TRAIN] saved resumable state at step=9700 reason=periodic: /lustre07/scratch/rsadve1/Universal_Receiver_NEW-main_Narval/TWC_plots_comprehensive/runs_rx16/seed7/1dmrs/deep_d96_b6_r2/checkpoints/training_state/ckpt-9700
[TRAIN] step=09800 loss=-3.45293 nmse_prop=0.01135 nmse_ls=0.02672 gpu_mem=0.37GiB peak=22.00GiB
[TRAIN] saved resumable state at step=9800 reason=periodic: /lustre07/scratch/rsadve1/Universal_Receiver_NEW-main_Narval/TWC_plots_comprehensive/runs_rx16/seed7/1dmrs/deep_d96_b6_r2/checkpoints/training_state/ckpt-9800
[TRAIN] step=09900 loss=-3.51877 nmse_prop=0.01084 nmse_ls=0.02651 gpu_mem=0.37GiB peak=22.00GiB
[TRAIN] saved resumable state at step=9900 reason=periodic: /lustre07/scratch/rsadve1/Universal_Receiver_NEW-main_Narval/TWC_plots_comprehensive/runs_rx16/seed7/1dmrs/deep_d96_b6_r2/checkpoints/training_state/ckpt-9900
[TRAIN] saved new best weights at step=10000 val_nmse=0.0115846
[TRAIN] step=10000 loss=-4.03357 nmse_prop=0.00754 nmse_ls=0.01972 gpu_mem=0.37GiB peak=22.00GiB
[TRAIN] saved resumable state at step=10000 reason=periodic: /lustre07/scratch/rsadve1/Universal_Receiver_NEW-main_Narval/TWC_plots_comprehensive/runs_rx16/seed7/1dmrs/deep_d96_b6_r2/checkpoints/training_state/ckpt-10000
[TRAIN] saved resumable state at step=10000 reason=final: /lustre07/scratch/rsadve1/Universal_Receiver_NEW-main_Narval/TWC_plots_comprehensive/runs_rx16/seed7/1dmrs/deep_d96_b6_r2/checkpoints/training_state/ckpt-10000
[COMPREHENSIVE] cleared TensorFlow state before evaluation seed=7 1dmrs/deep_d96_b6_r2/u1: gpu_mem=0.01GiB peak=22.00GiB
[EVAL] receiver microbatching enabled: batch_size_eval=128 receiver_microbatch_size=4
[BASELINES] Estimating empirical LMMSE covariances with num_batches=32 batch_size=32 mode=clean-channel
[EVAL] received signal 15; will save completed Eb/N0 points and stop after current batch.
[EVAL] stopped before completing current Eb/N0; resubmit to resume from completed points.
