[SLURM] task=0/12 seed=7 dmrs_case=1dmrs variant=main_d96_b4_r2
Mon May  4 19:24:54 2026       
+-----------------------------------------------------------------------------------------+
| NVIDIA-SMI 570.211.01             Driver Version: 570.211.01     CUDA Version: 12.8     |
|-----------------------------------------+------------------------+----------------------+
| GPU  Name                 Persistence-M | Bus-Id          Disp.A | Volatile Uncorr. ECC |
| Fan  Temp   Perf          Pwr:Usage/Cap |           Memory-Usage | GPU-Util  Compute M. |
|                                         |                        |               MIG M. |
|=========================================+========================+======================|
|   0  NVIDIA A100-SXM4-40GB          Off |   00000000:41:00.0 Off |                    0 |
| N/A   30C    P0             53W /  400W |       0MiB /  40960MiB |      0%      Default |
|                                         |                        |             Disabled |
+-----------------------------------------+------------------------+----------------------+
                                                                                         
+-----------------------------------------------------------------------------------------+
| Processes:                                                                              |
|  GPU   GI   CI              PID   Type   Process name                        GPU Memory |
|        ID   ID                                                               Usage      |
|=========================================================================================|
|  No running processes found                                                             |
+-----------------------------------------------------------------------------------------+
[TRAIN] resumed from /lustre07/scratch/rsadve1/Universal_Receiver_NEW-main_Narval/TWC_plots_comprehensive/runs_rx16/seed7/1dmrs/main_d96_b4_r2/checkpoints/training_state/ckpt-7800 at completed_step=7800 best_val=0.0130462
[TRAIN] step=07900 loss=-3.58705 nmse_prop=0.01058 nmse_ls=0.02541 gpu_mem=0.13GiB peak=11.10GiB
[TRAIN] saved resumable state at step=7900 reason=periodic: /lustre07/scratch/rsadve1/Universal_Receiver_NEW-main_Narval/TWC_plots_comprehensive/runs_rx16/seed7/1dmrs/main_d96_b4_r2/checkpoints/training_state/ckpt-7900
[TRAIN] step=08000 loss=-3.84689 nmse_prop=0.00862 nmse_ls=0.02399 gpu_mem=0.33GiB peak=11.10GiB
[TRAIN] saved resumable state at step=8000 reason=periodic: /lustre07/scratch/rsadve1/Universal_Receiver_NEW-main_Narval/TWC_plots_comprehensive/runs_rx16/seed7/1dmrs/main_d96_b4_r2/checkpoints/training_state/ckpt-8000
[TRAIN] step=08100 loss=-3.54302 nmse_prop=0.01108 nmse_ls=0.02715 gpu_mem=0.33GiB peak=11.31GiB
[TRAIN] saved resumable state at step=8100 reason=periodic: /lustre07/scratch/rsadve1/Universal_Receiver_NEW-main_Narval/TWC_plots_comprehensive/runs_rx16/seed7/1dmrs/main_d96_b4_r2/checkpoints/training_state/ckpt-8100
[TRAIN] step=08200 loss=-3.11997 nmse_prop=0.01575 nmse_ls=0.03211 gpu_mem=0.33GiB peak=11.31GiB
[TRAIN] saved resumable state at step=8200 reason=periodic: /lustre07/scratch/rsadve1/Universal_Receiver_NEW-main_Narval/TWC_plots_comprehensive/runs_rx16/seed7/1dmrs/main_d96_b4_r2/checkpoints/training_state/ckpt-8200
[TRAIN] step=08300 loss=-3.68532 nmse_prop=0.01001 nmse_ls=0.02172 gpu_mem=0.33GiB peak=11.31GiB
[TRAIN] saved resumable state at step=8300 reason=periodic: /lustre07/scratch/rsadve1/Universal_Receiver_NEW-main_Narval/TWC_plots_comprehensive/runs_rx16/seed7/1dmrs/main_d96_b4_r2/checkpoints/training_state/ckpt-8300
[TRAIN] step=08400 loss=-3.68337 nmse_prop=0.00955 nmse_ls=0.02562 gpu_mem=0.33GiB peak=11.31GiB
[TRAIN] saved resumable state at step=8400 reason=periodic: /lustre07/scratch/rsadve1/Universal_Receiver_NEW-main_Narval/TWC_plots_comprehensive/runs_rx16/seed7/1dmrs/main_d96_b4_r2/checkpoints/training_state/ckpt-8400
[TRAIN] received signal 15; will save and stop after current step.
[TRAIN] saved resumable state at step=8454 reason=signal: /lustre07/scratch/rsadve1/Universal_Receiver_NEW-main_Narval/TWC_plots_comprehensive/runs_rx16/seed7/1dmrs/main_d96_b4_r2/checkpoints/training_state/ckpt-8454
[TRAIN] stopped early after saving resumable state; resubmit the Slurm task to continue.
[TRAIN] saved resumable state at step=8454 reason=incomplete: /lustre07/scratch/rsadve1/Universal_Receiver_NEW-main_Narval/TWC_plots_comprehensive/runs_rx16/seed7/1dmrs/main_d96_b4_r2/checkpoints/training_state/ckpt-8454
