[SLURM] task=3/12 seed=7 dmrs_case=1dmrs variant=narrow_d64_b4_r2
Wed May  6 07:57:35 2026       
+-----------------------------------------------------------------------------------------+
| NVIDIA-SMI 570.211.01             Driver Version: 570.211.01     CUDA Version: 12.8     |
|-----------------------------------------+------------------------+----------------------+
| GPU  Name                 Persistence-M | Bus-Id          Disp.A | Volatile Uncorr. ECC |
| Fan  Temp   Perf          Pwr:Usage/Cap |           Memory-Usage | GPU-Util  Compute M. |
|                                         |                        |               MIG M. |
|=========================================+========================+======================|
|   0  NVIDIA A100-SXM4-40GB          Off |   00000000:01:00.0 Off |                    0 |
| N/A   32C    P0             53W /  400W |       0MiB /  40960MiB |      0%      Default |
|                                         |                        |             Disabled |
+-----------------------------------------+------------------------+----------------------+
                                                                                         
+-----------------------------------------------------------------------------------------+
| Processes:                                                                              |
|  GPU   GI   CI              PID   Type   Process name                        GPU Memory |
|        ID   ID                                                               Usage      |
|=========================================================================================|
|  No running processes found                                                             |
+-----------------------------------------------------------------------------------------+
[TRAIN] starting from scratch
[TRAIN] step=00001 loss=-3.03161 nmse_prop=0.01738 nmse_ls=0.01738 gpu_mem=0.05GiB peak=8.65GiB
[TRAIN] step=00100 loss=-2.97145 nmse_prop=0.01882 nmse_ls=0.01928 gpu_mem=0.17GiB peak=8.82GiB
[TRAIN] saved resumable state at step=100 reason=periodic: /lustre07/scratch/rsadve1/Universal_Receiver_NEW-main_Narval/TWC_plots_comprehensive/runs_rx16/seed7/1dmrs/narrow_d64_b4_r2/checkpoints/training_state/ckpt-100
[TRAIN] step=00200 loss=-2.86574 nmse_prop=0.02283 nmse_ls=0.02322 gpu_mem=0.16GiB peak=8.82GiB
[TRAIN] saved resumable state at step=200 reason=periodic: /lustre07/scratch/rsadve1/Universal_Receiver_NEW-main_Narval/TWC_plots_comprehensive/runs_rx16/seed7/1dmrs/narrow_d64_b4_r2/checkpoints/training_state/ckpt-200
[TRAIN] step=00300 loss=-2.74150 nmse_prop=0.02591 nmse_ls=0.02660 gpu_mem=0.17GiB peak=8.82GiB
[TRAIN] saved resumable state at step=300 reason=periodic: /lustre07/scratch/rsadve1/Universal_Receiver_NEW-main_Narval/TWC_plots_comprehensive/runs_rx16/seed7/1dmrs/narrow_d64_b4_r2/checkpoints/training_state/ckpt-300
[TRAIN] step=00400 loss=-2.14841 nmse_prop=0.04364 nmse_ls=0.04488 gpu_mem=0.17GiB peak=8.82GiB
[TRAIN] saved resumable state at step=400 reason=periodic: /lustre07/scratch/rsadve1/Universal_Receiver_NEW-main_Narval/TWC_plots_comprehensive/runs_rx16/seed7/1dmrs/narrow_d64_b4_r2/checkpoints/training_state/ckpt-400
[TRAIN] saved new best weights at step=500 val_nmse=0.0525206
[TRAIN] step=00500 loss=-3.08475 nmse_prop=0.01998 nmse_ls=0.02180 gpu_mem=0.31GiB peak=8.82GiB
[TRAIN] saved resumable state at step=500 reason=periodic: /lustre07/scratch/rsadve1/Universal_Receiver_NEW-main_Narval/TWC_plots_comprehensive/runs_rx16/seed7/1dmrs/narrow_d64_b4_r2/checkpoints/training_state/ckpt-500
[TRAIN] step=00600 loss=-2.96947 nmse_prop=0.02182 nmse_ls=0.02466 gpu_mem=0.29GiB peak=8.98GiB
[TRAIN] saved resumable state at step=600 reason=periodic: /lustre07/scratch/rsadve1/Universal_Receiver_NEW-main_Narval/TWC_plots_comprehensive/runs_rx16/seed7/1dmrs/narrow_d64_b4_r2/checkpoints/training_state/ckpt-600
[TRAIN] step=00700 loss=-2.34243 nmse_prop=0.03720 nmse_ls=0.03979 gpu_mem=0.33GiB peak=8.98GiB
[TRAIN] saved resumable state at step=700 reason=periodic: /lustre07/scratch/rsadve1/Universal_Receiver_NEW-main_Narval/TWC_plots_comprehensive/runs_rx16/seed7/1dmrs/narrow_d64_b4_r2/checkpoints/training_state/ckpt-700
[TRAIN] step=00800 loss=-2.47778 nmse_prop=0.03258 nmse_ls=0.03561 gpu_mem=0.31GiB peak=8.98GiB
[TRAIN] saved resumable state at step=800 reason=periodic: /lustre07/scratch/rsadve1/Universal_Receiver_NEW-main_Narval/TWC_plots_comprehensive/runs_rx16/seed7/1dmrs/narrow_d64_b4_r2/checkpoints/training_state/ckpt-800
[TRAIN] step=00900 loss=-3.17597 nmse_prop=0.01982 nmse_ls=0.02295 gpu_mem=0.31GiB peak=8.98GiB
[TRAIN] saved resumable state at step=900 reason=periodic: /lustre07/scratch/rsadve1/Universal_Receiver_NEW-main_Narval/TWC_plots_comprehensive/runs_rx16/seed7/1dmrs/narrow_d64_b4_r2/checkpoints/training_state/ckpt-900
[TRAIN] saved new best weights at step=1000 val_nmse=0.0514135
[TRAIN] step=01000 loss=-3.45544 nmse_prop=0.01521 nmse_ls=0.01794 gpu_mem=0.33GiB peak=8.98GiB
[TRAIN] saved resumable state at step=1000 reason=periodic: /lustre07/scratch/rsadve1/Universal_Receiver_NEW-main_Narval/TWC_plots_comprehensive/runs_rx16/seed7/1dmrs/narrow_d64_b4_r2/checkpoints/training_state/ckpt-1000
[TRAIN] step=01100 loss=-3.31413 nmse_prop=0.01671 nmse_ls=0.01957 gpu_mem=0.33GiB peak=8.98GiB
[TRAIN] saved resumable state at step=1100 reason=periodic: /lustre07/scratch/rsadve1/Universal_Receiver_NEW-main_Narval/TWC_plots_comprehensive/runs_rx16/seed7/1dmrs/narrow_d64_b4_r2/checkpoints/training_state/ckpt-1100
[TRAIN] step=01200 loss=-2.84242 nmse_prop=0.02447 nmse_ls=0.02818 gpu_mem=0.29GiB peak=8.98GiB
[TRAIN] saved resumable state at step=1200 reason=periodic: /lustre07/scratch/rsadve1/Universal_Receiver_NEW-main_Narval/TWC_plots_comprehensive/runs_rx16/seed7/1dmrs/narrow_d64_b4_r2/checkpoints/training_state/ckpt-1200
[TRAIN] step=01300 loss=-3.24235 nmse_prop=0.01800 nmse_ls=0.02109 gpu_mem=0.33GiB peak=8.98GiB
[TRAIN] saved resumable state at step=1300 reason=periodic: /lustre07/scratch/rsadve1/Universal_Receiver_NEW-main_Narval/TWC_plots_comprehensive/runs_rx16/seed7/1dmrs/narrow_d64_b4_r2/checkpoints/training_state/ckpt-1300
[TRAIN] step=01400 loss=-2.68699 nmse_prop=0.02731 nmse_ls=0.03125 gpu_mem=0.29GiB peak=8.98GiB
[TRAIN] saved resumable state at step=1400 reason=periodic: /lustre07/scratch/rsadve1/Universal_Receiver_NEW-main_Narval/TWC_plots_comprehensive/runs_rx16/seed7/1dmrs/narrow_d64_b4_r2/checkpoints/training_state/ckpt-1400
[TRAIN] saved new best weights at step=1500 val_nmse=0.0511117
[TRAIN] step=01500 loss=-3.65921 nmse_prop=0.01359 nmse_ls=0.01682 gpu_mem=0.28GiB peak=8.98GiB
[TRAIN] saved resumable state at step=1500 reason=periodic: /lustre07/scratch/rsadve1/Universal_Receiver_NEW-main_Narval/TWC_plots_comprehensive/runs_rx16/seed7/1dmrs/narrow_d64_b4_r2/checkpoints/training_state/ckpt-1500
[TRAIN] step=01600 loss=-3.42668 nmse_prop=0.01567 nmse_ls=0.01869 gpu_mem=0.33GiB peak=8.98GiB
[TRAIN] saved resumable state at step=1600 reason=periodic: /lustre07/scratch/rsadve1/Universal_Receiver_NEW-main_Narval/TWC_plots_comprehensive/runs_rx16/seed7/1dmrs/narrow_d64_b4_r2/checkpoints/training_state/ckpt-1600
[TRAIN] step=01700 loss=-3.61682 nmse_prop=0.01417 nmse_ls=0.01748 gpu_mem=0.33GiB peak=8.98GiB
[TRAIN] saved resumable state at step=1700 reason=periodic: /lustre07/scratch/rsadve1/Universal_Receiver_NEW-main_Narval/TWC_plots_comprehensive/runs_rx16/seed7/1dmrs/narrow_d64_b4_r2/checkpoints/training_state/ckpt-1700
[TRAIN] step=01800 loss=-3.62472 nmse_prop=0.01409 nmse_ls=0.01753 gpu_mem=0.28GiB peak=8.98GiB
[TRAIN] saved resumable state at step=1800 reason=periodic: /lustre07/scratch/rsadve1/Universal_Receiver_NEW-main_Narval/TWC_plots_comprehensive/runs_rx16/seed7/1dmrs/narrow_d64_b4_r2/checkpoints/training_state/ckpt-1800
[TRAIN] step=01900 loss=-2.51330 nmse_prop=0.03120 nmse_ls=0.03531 gpu_mem=0.29GiB peak=8.98GiB
[TRAIN] saved resumable state at step=1900 reason=periodic: /lustre07/scratch/rsadve1/Universal_Receiver_NEW-main_Narval/TWC_plots_comprehensive/runs_rx16/seed7/1dmrs/narrow_d64_b4_r2/checkpoints/training_state/ckpt-1900
[TRAIN] saved new best weights at step=2000 val_nmse=0.050578
[TRAIN] step=02000 loss=-3.14975 nmse_prop=0.01922 nmse_ls=0.02261 gpu_mem=0.33GiB peak=8.98GiB
[TRAIN] saved resumable state at step=2000 reason=periodic: /lustre07/scratch/rsadve1/Universal_Receiver_NEW-main_Narval/TWC_plots_comprehensive/runs_rx16/seed7/1dmrs/narrow_d64_b4_r2/checkpoints/training_state/ckpt-2000
[TRAIN] step=02100 loss=-1.78502 nmse_prop=0.06151 nmse_ls=0.06549 gpu_mem=0.28GiB peak=8.98GiB
[TRAIN] saved resumable state at step=2100 reason=periodic: /lustre07/scratch/rsadve1/Universal_Receiver_NEW-main_Narval/TWC_plots_comprehensive/runs_rx16/seed7/1dmrs/narrow_d64_b4_r2/checkpoints/training_state/ckpt-2100
[TRAIN] step=02200 loss=-1.66200 nmse_prop=0.06924 nmse_ls=0.07336 gpu_mem=0.31GiB peak=8.98GiB
[TRAIN] saved resumable state at step=2200 reason=periodic: /lustre07/scratch/rsadve1/Universal_Receiver_NEW-main_Narval/TWC_plots_comprehensive/runs_rx16/seed7/1dmrs/narrow_d64_b4_r2/checkpoints/training_state/ckpt-2200
[TRAIN] step=02300 loss=-3.58887 nmse_prop=0.01473 nmse_ls=0.01920 gpu_mem=0.29GiB peak=8.98GiB
[TRAIN] saved resumable state at step=2300 reason=periodic: /lustre07/scratch/rsadve1/Universal_Receiver_NEW-main_Narval/TWC_plots_comprehensive/runs_rx16/seed7/1dmrs/narrow_d64_b4_r2/checkpoints/training_state/ckpt-2300
[TRAIN] step=02400 loss=-2.22827 nmse_prop=0.04069 nmse_ls=0.04428 gpu_mem=0.33GiB peak=8.98GiB
[TRAIN] saved resumable state at step=2400 reason=periodic: /lustre07/scratch/rsadve1/Universal_Receiver_NEW-main_Narval/TWC_plots_comprehensive/runs_rx16/seed7/1dmrs/narrow_d64_b4_r2/checkpoints/training_state/ckpt-2400
[TRAIN] saved new best weights at step=2500 val_nmse=0.0502269
[TRAIN] step=02500 loss=-2.76473 nmse_prop=0.02529 nmse_ls=0.02906 gpu_mem=0.33GiB peak=8.98GiB
[TRAIN] saved resumable state at step=2500 reason=periodic: /lustre07/scratch/rsadve1/Universal_Receiver_NEW-main_Narval/TWC_plots_comprehensive/runs_rx16/seed7/1dmrs/narrow_d64_b4_r2/checkpoints/training_state/ckpt-2500
[TRAIN] step=02600 loss=-2.51002 nmse_prop=0.03189 nmse_ls=0.03573 gpu_mem=0.31GiB peak=8.98GiB
[TRAIN] saved resumable state at step=2600 reason=periodic: /lustre07/scratch/rsadve1/Universal_Receiver_NEW-main_Narval/TWC_plots_comprehensive/runs_rx16/seed7/1dmrs/narrow_d64_b4_r2/checkpoints/training_state/ckpt-2600
[TRAIN] step=02700 loss=-3.40851 nmse_prop=0.01635 nmse_ls=0.02053 gpu_mem=0.29GiB peak=8.98GiB
[TRAIN] saved resumable state at step=2700 reason=periodic: /lustre07/scratch/rsadve1/Universal_Receiver_NEW-main_Narval/TWC_plots_comprehensive/runs_rx16/seed7/1dmrs/narrow_d64_b4_r2/checkpoints/training_state/ckpt-2700
[TRAIN] step=02800 loss=-3.32639 nmse_prop=0.01737 nmse_ls=0.02101 gpu_mem=0.33GiB peak=8.98GiB
[TRAIN] saved resumable state at step=2800 reason=periodic: /lustre07/scratch/rsadve1/Universal_Receiver_NEW-main_Narval/TWC_plots_comprehensive/runs_rx16/seed7/1dmrs/narrow_d64_b4_r2/checkpoints/training_state/ckpt-2800
[TRAIN] step=02900 loss=-3.62475 nmse_prop=0.01357 nmse_ls=0.01730 gpu_mem=0.31GiB peak=8.98GiB
[TRAIN] saved resumable state at step=2900 reason=periodic: /lustre07/scratch/rsadve1/Universal_Receiver_NEW-main_Narval/TWC_plots_comprehensive/runs_rx16/seed7/1dmrs/narrow_d64_b4_r2/checkpoints/training_state/ckpt-2900
[TRAIN] saved new best weights at step=3000 val_nmse=0.0500604
[TRAIN] step=03000 loss=-2.81109 nmse_prop=0.02461 nmse_ls=0.02836 gpu_mem=0.33GiB peak=8.98GiB
[TRAIN] saved resumable state at step=3000 reason=periodic: /lustre07/scratch/rsadve1/Universal_Receiver_NEW-main_Narval/TWC_plots_comprehensive/runs_rx16/seed7/1dmrs/narrow_d64_b4_r2/checkpoints/training_state/ckpt-3000
[TRAIN] step=03100 loss=-1.62393 nmse_prop=0.07181 nmse_ls=0.07679 gpu_mem=0.31GiB peak=8.98GiB
[TRAIN] saved resumable state at step=3100 reason=periodic: /lustre07/scratch/rsadve1/Universal_Receiver_NEW-main_Narval/TWC_plots_comprehensive/runs_rx16/seed7/1dmrs/narrow_d64_b4_r2/checkpoints/training_state/ckpt-3100
[TRAIN] step=03200 loss=-1.69539 nmse_prop=0.06700 nmse_ls=0.07203 gpu_mem=0.33GiB peak=8.98GiB
[TRAIN] saved resumable state at step=3200 reason=periodic: /lustre07/scratch/rsadve1/Universal_Receiver_NEW-main_Narval/TWC_plots_comprehensive/runs_rx16/seed7/1dmrs/narrow_d64_b4_r2/checkpoints/training_state/ckpt-3200
[TRAIN] step=03300 loss=-3.60064 nmse_prop=0.01531 nmse_ls=0.01947 gpu_mem=0.28GiB peak=8.98GiB
[TRAIN] saved resumable state at step=3300 reason=periodic: /lustre07/scratch/rsadve1/Universal_Receiver_NEW-main_Narval/TWC_plots_comprehensive/runs_rx16/seed7/1dmrs/narrow_d64_b4_r2/checkpoints/training_state/ckpt-3300
[TRAIN] step=03400 loss=-3.52559 nmse_prop=0.01531 nmse_ls=0.01918 gpu_mem=0.33GiB peak=8.98GiB
[TRAIN] saved resumable state at step=3400 reason=periodic: /lustre07/scratch/rsadve1/Universal_Receiver_NEW-main_Narval/TWC_plots_comprehensive/runs_rx16/seed7/1dmrs/narrow_d64_b4_r2/checkpoints/training_state/ckpt-3400
[TRAIN] saved new best weights at step=3500 val_nmse=0.0491126
[TRAIN] step=03500 loss=-2.64476 nmse_prop=0.02876 nmse_ls=0.03284 gpu_mem=0.31GiB peak=8.98GiB
[TRAIN] saved resumable state at step=3500 reason=periodic: /lustre07/scratch/rsadve1/Universal_Receiver_NEW-main_Narval/TWC_plots_comprehensive/runs_rx16/seed7/1dmrs/narrow_d64_b4_r2/checkpoints/training_state/ckpt-3500
[TRAIN] step=03600 loss=-3.50842 nmse_prop=0.01578 nmse_ls=0.01987 gpu_mem=0.29GiB peak=8.98GiB
[TRAIN] saved resumable state at step=3600 reason=periodic: /lustre07/scratch/rsadve1/Universal_Receiver_NEW-main_Narval/TWC_plots_comprehensive/runs_rx16/seed7/1dmrs/narrow_d64_b4_r2/checkpoints/training_state/ckpt-3600
[TRAIN] step=03700 loss=-3.57320 nmse_prop=0.01584 nmse_ls=0.01954 gpu_mem=0.31GiB peak=8.98GiB
[TRAIN] saved resumable state at step=3700 reason=periodic: /lustre07/scratch/rsadve1/Universal_Receiver_NEW-main_Narval/TWC_plots_comprehensive/runs_rx16/seed7/1dmrs/narrow_d64_b4_r2/checkpoints/training_state/ckpt-3700
[TRAIN] step=03800 loss=-2.42814 nmse_prop=0.03404 nmse_ls=0.03863 gpu_mem=0.31GiB peak=8.98GiB
[TRAIN] saved resumable state at step=3800 reason=periodic: /lustre07/scratch/rsadve1/Universal_Receiver_NEW-main_Narval/TWC_plots_comprehensive/runs_rx16/seed7/1dmrs/narrow_d64_b4_r2/checkpoints/training_state/ckpt-3800
[TRAIN] step=03900 loss=-3.80895 nmse_prop=0.01293 nmse_ls=0.01732 gpu_mem=0.29GiB peak=8.98GiB
[TRAIN] saved resumable state at step=3900 reason=periodic: /lustre07/scratch/rsadve1/Universal_Receiver_NEW-main_Narval/TWC_plots_comprehensive/runs_rx16/seed7/1dmrs/narrow_d64_b4_r2/checkpoints/training_state/ckpt-3900
[TRAIN] saved new best weights at step=4000 val_nmse=0.0486339
[TRAIN] step=04000 loss=-2.12610 nmse_prop=0.04418 nmse_ls=0.04942 gpu_mem=0.31GiB peak=8.98GiB
[TRAIN] saved resumable state at step=4000 reason=periodic: /lustre07/scratch/rsadve1/Universal_Receiver_NEW-main_Narval/TWC_plots_comprehensive/runs_rx16/seed7/1dmrs/narrow_d64_b4_r2/checkpoints/training_state/ckpt-4000
[TRAIN] step=04100 loss=-2.62582 nmse_prop=0.02799 nmse_ls=0.03282 gpu_mem=0.31GiB peak=8.98GiB
[TRAIN] saved resumable state at step=4100 reason=periodic: /lustre07/scratch/rsadve1/Universal_Receiver_NEW-main_Narval/TWC_plots_comprehensive/runs_rx16/seed7/1dmrs/narrow_d64_b4_r2/checkpoints/training_state/ckpt-4100
[TRAIN] step=04200 loss=-1.91714 nmse_prop=0.05257 nmse_ls=0.06308 gpu_mem=0.28GiB peak=8.98GiB
[TRAIN] saved resumable state at step=4200 reason=periodic: /lustre07/scratch/rsadve1/Universal_Receiver_NEW-main_Narval/TWC_plots_comprehensive/runs_rx16/seed7/1dmrs/narrow_d64_b4_r2/checkpoints/training_state/ckpt-4200
[TRAIN] step=04300 loss=-1.92363 nmse_prop=0.05376 nmse_ls=0.06202 gpu_mem=0.29GiB peak=8.98GiB
[TRAIN] saved resumable state at step=4300 reason=periodic: /lustre07/scratch/rsadve1/Universal_Receiver_NEW-main_Narval/TWC_plots_comprehensive/runs_rx16/seed7/1dmrs/narrow_d64_b4_r2/checkpoints/training_state/ckpt-4300
[TRAIN] step=04400 loss=-3.61957 nmse_prop=0.01495 nmse_ls=0.01908 gpu_mem=0.33GiB peak=8.98GiB
[TRAIN] saved resumable state at step=4400 reason=periodic: /lustre07/scratch/rsadve1/Universal_Receiver_NEW-main_Narval/TWC_plots_comprehensive/runs_rx16/seed7/1dmrs/narrow_d64_b4_r2/checkpoints/training_state/ckpt-4400
[TRAIN] saved new best weights at step=4500 val_nmse=0.0477467
[TRAIN] step=04500 loss=-3.24992 nmse_prop=0.01831 nmse_ls=0.02263 gpu_mem=0.33GiB peak=8.98GiB
[TRAIN] saved resumable state at step=4500 reason=periodic: /lustre07/scratch/rsadve1/Universal_Receiver_NEW-main_Narval/TWC_plots_comprehensive/runs_rx16/seed7/1dmrs/narrow_d64_b4_r2/checkpoints/training_state/ckpt-4500
[TRAIN] step=04600 loss=-3.49764 nmse_prop=0.01572 nmse_ls=0.02070 gpu_mem=0.29GiB peak=8.98GiB
[TRAIN] saved resumable state at step=4600 reason=periodic: /lustre07/scratch/rsadve1/Universal_Receiver_NEW-main_Narval/TWC_plots_comprehensive/runs_rx16/seed7/1dmrs/narrow_d64_b4_r2/checkpoints/training_state/ckpt-4600
[TRAIN] step=04700 loss=-2.71642 nmse_prop=0.02693 nmse_ls=0.03154 gpu_mem=0.33GiB peak=8.98GiB
[TRAIN] saved resumable state at step=4700 reason=periodic: /lustre07/scratch/rsadve1/Universal_Receiver_NEW-main_Narval/TWC_plots_comprehensive/runs_rx16/seed7/1dmrs/narrow_d64_b4_r2/checkpoints/training_state/ckpt-4700
[TRAIN] step=04800 loss=-3.32917 nmse_prop=0.01732 nmse_ls=0.02151 gpu_mem=0.33GiB peak=8.98GiB
[TRAIN] saved resumable state at step=4800 reason=periodic: /lustre07/scratch/rsadve1/Universal_Receiver_NEW-main_Narval/TWC_plots_comprehensive/runs_rx16/seed7/1dmrs/narrow_d64_b4_r2/checkpoints/training_state/ckpt-4800
[TRAIN] step=04900 loss=-2.55783 nmse_prop=0.03068 nmse_ls=0.03770 gpu_mem=0.29GiB peak=8.98GiB
[TRAIN] saved resumable state at step=4900 reason=periodic: /lustre07/scratch/rsadve1/Universal_Receiver_NEW-main_Narval/TWC_plots_comprehensive/runs_rx16/seed7/1dmrs/narrow_d64_b4_r2/checkpoints/training_state/ckpt-4900
[TRAIN] saved new best weights at step=5000 val_nmse=0.0468775
[TRAIN] step=05000 loss=-3.43342 nmse_prop=0.01610 nmse_ls=0.01999 gpu_mem=0.33GiB peak=8.98GiB
[TRAIN] saved resumable state at step=5000 reason=periodic: /lustre07/scratch/rsadve1/Universal_Receiver_NEW-main_Narval/TWC_plots_comprehensive/runs_rx16/seed7/1dmrs/narrow_d64_b4_r2/checkpoints/training_state/ckpt-5000
[TRAIN] step=05100 loss=-3.41284 nmse_prop=0.01685 nmse_ls=0.02098 gpu_mem=0.33GiB peak=8.98GiB
[TRAIN] saved resumable state at step=5100 reason=periodic: /lustre07/scratch/rsadve1/Universal_Receiver_NEW-main_Narval/TWC_plots_comprehensive/runs_rx16/seed7/1dmrs/narrow_d64_b4_r2/checkpoints/training_state/ckpt-5100
[TRAIN] step=05200 loss=-1.84555 nmse_prop=0.05705 nmse_ls=0.06742 gpu_mem=0.29GiB peak=8.98GiB
[TRAIN] saved resumable state at step=5200 reason=periodic: /lustre07/scratch/rsadve1/Universal_Receiver_NEW-main_Narval/TWC_plots_comprehensive/runs_rx16/seed7/1dmrs/narrow_d64_b4_r2/checkpoints/training_state/ckpt-5200
[TRAIN] step=05300 loss=-2.91859 nmse_prop=0.02350 nmse_ls=0.02952 gpu_mem=0.29GiB peak=8.98GiB
[TRAIN] saved resumable state at step=5300 reason=periodic: /lustre07/scratch/rsadve1/Universal_Receiver_NEW-main_Narval/TWC_plots_comprehensive/runs_rx16/seed7/1dmrs/narrow_d64_b4_r2/checkpoints/training_state/ckpt-5300
[TRAIN] step=05400 loss=-3.72110 nmse_prop=0.01383 nmse_ls=0.01768 gpu_mem=0.31GiB peak=8.98GiB
[TRAIN] saved resumable state at step=5400 reason=periodic: /lustre07/scratch/rsadve1/Universal_Receiver_NEW-main_Narval/TWC_plots_comprehensive/runs_rx16/seed7/1dmrs/narrow_d64_b4_r2/checkpoints/training_state/ckpt-5400
[TRAIN] saved new best weights at step=5500 val_nmse=0.0463259
[TRAIN] step=05500 loss=-2.94769 nmse_prop=0.02272 nmse_ls=0.02744 gpu_mem=0.31GiB peak=8.98GiB
[TRAIN] saved resumable state at step=5500 reason=periodic: /lustre07/scratch/rsadve1/Universal_Receiver_NEW-main_Narval/TWC_plots_comprehensive/runs_rx16/seed7/1dmrs/narrow_d64_b4_r2/checkpoints/training_state/ckpt-5500
[TRAIN] step=05600 loss=-3.31786 nmse_prop=0.01682 nmse_ls=0.02105 gpu_mem=0.33GiB peak=8.98GiB
[TRAIN] saved resumable state at step=5600 reason=periodic: /lustre07/scratch/rsadve1/Universal_Receiver_NEW-main_Narval/TWC_plots_comprehensive/runs_rx16/seed7/1dmrs/narrow_d64_b4_r2/checkpoints/training_state/ckpt-5600
[TRAIN] step=05700 loss=-3.52980 nmse_prop=0.01503 nmse_ls=0.01984 gpu_mem=0.29GiB peak=8.98GiB
[TRAIN] saved resumable state at step=5700 reason=periodic: /lustre07/scratch/rsadve1/Universal_Receiver_NEW-main_Narval/TWC_plots_comprehensive/runs_rx16/seed7/1dmrs/narrow_d64_b4_r2/checkpoints/training_state/ckpt-5700
[TRAIN] step=05800 loss=-2.92768 nmse_prop=0.02290 nmse_ls=0.02733 gpu_mem=0.33GiB peak=8.98GiB
[TRAIN] saved resumable state at step=5800 reason=periodic: /lustre07/scratch/rsadve1/Universal_Receiver_NEW-main_Narval/TWC_plots_comprehensive/runs_rx16/seed7/1dmrs/narrow_d64_b4_r2/checkpoints/training_state/ckpt-5800
[TRAIN] step=05900 loss=-2.95712 nmse_prop=0.02239 nmse_ls=0.02831 gpu_mem=0.29GiB peak=8.98GiB
[TRAIN] saved resumable state at step=5900 reason=periodic: /lustre07/scratch/rsadve1/Universal_Receiver_NEW-main_Narval/TWC_plots_comprehensive/runs_rx16/seed7/1dmrs/narrow_d64_b4_r2/checkpoints/training_state/ckpt-5900
[TRAIN] saved new best weights at step=6000 val_nmse=0.0455143
[TRAIN] step=06000 loss=-3.39012 nmse_prop=0.01677 nmse_ls=0.02112 gpu_mem=0.33GiB peak=8.98GiB
[TRAIN] saved resumable state at step=6000 reason=periodic: /lustre07/scratch/rsadve1/Universal_Receiver_NEW-main_Narval/TWC_plots_comprehensive/runs_rx16/seed7/1dmrs/narrow_d64_b4_r2/checkpoints/training_state/ckpt-6000
[TRAIN] step=06100 loss=-2.42014 nmse_prop=0.03371 nmse_ls=0.03932 gpu_mem=0.33GiB peak=8.98GiB
[TRAIN] saved resumable state at step=6100 reason=periodic: /lustre07/scratch/rsadve1/Universal_Receiver_NEW-main_Narval/TWC_plots_comprehensive/runs_rx16/seed7/1dmrs/narrow_d64_b4_r2/checkpoints/training_state/ckpt-6100
[TRAIN] step=06200 loss=-3.05901 nmse_prop=0.01965 nmse_ls=0.02431 gpu_mem=0.33GiB peak=8.98GiB
[TRAIN] saved resumable state at step=6200 reason=periodic: /lustre07/scratch/rsadve1/Universal_Receiver_NEW-main_Narval/TWC_plots_comprehensive/runs_rx16/seed7/1dmrs/narrow_d64_b4_r2/checkpoints/training_state/ckpt-6200
[TRAIN] step=06300 loss=-2.94806 nmse_prop=0.02202 nmse_ls=0.02677 gpu_mem=0.33GiB peak=8.98GiB
[TRAIN] saved resumable state at step=6300 reason=periodic: /lustre07/scratch/rsadve1/Universal_Receiver_NEW-main_Narval/TWC_plots_comprehensive/runs_rx16/seed7/1dmrs/narrow_d64_b4_r2/checkpoints/training_state/ckpt-6300
[TRAIN] step=06400 loss=-3.46864 nmse_prop=0.01548 nmse_ls=0.01985 gpu_mem=0.31GiB peak=8.98GiB
[TRAIN] saved resumable state at step=6400 reason=periodic: /lustre07/scratch/rsadve1/Universal_Receiver_NEW-main_Narval/TWC_plots_comprehensive/runs_rx16/seed7/1dmrs/narrow_d64_b4_r2/checkpoints/training_state/ckpt-6400
[TRAIN] step=06500 loss=-3.13548 nmse_prop=0.01812 nmse_ls=0.02476 gpu_mem=0.28GiB peak=8.98GiB
[TRAIN] saved resumable state at step=6500 reason=periodic: /lustre07/scratch/rsadve1/Universal_Receiver_NEW-main_Narval/TWC_plots_comprehensive/runs_rx16/seed7/1dmrs/narrow_d64_b4_r2/checkpoints/training_state/ckpt-6500
[TRAIN] step=06600 loss=-3.36264 nmse_prop=0.01600 nmse_ls=0.02136 gpu_mem=0.28GiB peak=8.98GiB
[TRAIN] saved resumable state at step=6600 reason=periodic: /lustre07/scratch/rsadve1/Universal_Receiver_NEW-main_Narval/TWC_plots_comprehensive/runs_rx16/seed7/1dmrs/narrow_d64_b4_r2/checkpoints/training_state/ckpt-6600
[TRAIN] step=06700 loss=-3.28282 nmse_prop=0.01738 nmse_ls=0.02230 gpu_mem=0.31GiB peak=8.98GiB
[TRAIN] saved resumable state at step=6700 reason=periodic: /lustre07/scratch/rsadve1/Universal_Receiver_NEW-main_Narval/TWC_plots_comprehensive/runs_rx16/seed7/1dmrs/narrow_d64_b4_r2/checkpoints/training_state/ckpt-6700
[TRAIN] step=06800 loss=-1.69167 nmse_prop=0.06661 nmse_ls=0.07555 gpu_mem=0.33GiB peak=8.98GiB
[TRAIN] saved resumable state at step=6800 reason=periodic: /lustre07/scratch/rsadve1/Universal_Receiver_NEW-main_Narval/TWC_plots_comprehensive/runs_rx16/seed7/1dmrs/narrow_d64_b4_r2/checkpoints/training_state/ckpt-6800
[TRAIN] step=06900 loss=-3.29488 nmse_prop=0.01601 nmse_ls=0.02179 gpu_mem=0.29GiB peak=8.98GiB
[TRAIN] saved resumable state at step=6900 reason=periodic: /lustre07/scratch/rsadve1/Universal_Receiver_NEW-main_Narval/TWC_plots_comprehensive/runs_rx16/seed7/1dmrs/narrow_d64_b4_r2/checkpoints/training_state/ckpt-6900
[TRAIN] saved new best weights at step=7000 val_nmse=0.0451838
[TRAIN] step=07000 loss=-2.87865 nmse_prop=0.02360 nmse_ls=0.02862 gpu_mem=0.31GiB peak=8.98GiB
[TRAIN] saved resumable state at step=7000 reason=periodic: /lustre07/scratch/rsadve1/Universal_Receiver_NEW-main_Narval/TWC_plots_comprehensive/runs_rx16/seed7/1dmrs/narrow_d64_b4_r2/checkpoints/training_state/ckpt-7000
[TRAIN] step=07100 loss=-2.50281 nmse_prop=0.03089 nmse_ls=0.03981 gpu_mem=0.29GiB peak=8.98GiB
[TRAIN] saved resumable state at step=7100 reason=periodic: /lustre07/scratch/rsadve1/Universal_Receiver_NEW-main_Narval/TWC_plots_comprehensive/runs_rx16/seed7/1dmrs/narrow_d64_b4_r2/checkpoints/training_state/ckpt-7100
[TRAIN] step=07200 loss=-3.47690 nmse_prop=0.01553 nmse_ls=0.01973 gpu_mem=0.31GiB peak=8.98GiB
[TRAIN] saved resumable state at step=7200 reason=periodic: /lustre07/scratch/rsadve1/Universal_Receiver_NEW-main_Narval/TWC_plots_comprehensive/runs_rx16/seed7/1dmrs/narrow_d64_b4_r2/checkpoints/training_state/ckpt-7200
[TRAIN] step=07300 loss=-2.54864 nmse_prop=0.03032 nmse_ls=0.03665 gpu_mem=0.31GiB peak=8.98GiB
[TRAIN] saved resumable state at step=7300 reason=periodic: /lustre07/scratch/rsadve1/Universal_Receiver_NEW-main_Narval/TWC_plots_comprehensive/runs_rx16/seed7/1dmrs/narrow_d64_b4_r2/checkpoints/training_state/ckpt-7300
[TRAIN] step=07400 loss=-3.81625 nmse_prop=0.01276 nmse_ls=0.01672 gpu_mem=0.31GiB peak=8.98GiB
[TRAIN] saved resumable state at step=7400 reason=periodic: /lustre07/scratch/rsadve1/Universal_Receiver_NEW-main_Narval/TWC_plots_comprehensive/runs_rx16/seed7/1dmrs/narrow_d64_b4_r2/checkpoints/training_state/ckpt-7400
[TRAIN] saved new best weights at step=7500 val_nmse=0.0441415
[TRAIN] step=07500 loss=-3.75986 nmse_prop=0.01255 nmse_ls=0.01704 gpu_mem=0.33GiB peak=8.98GiB
[TRAIN] saved resumable state at step=7500 reason=periodic: /lustre07/scratch/rsadve1/Universal_Receiver_NEW-main_Narval/TWC_plots_comprehensive/runs_rx16/seed7/1dmrs/narrow_d64_b4_r2/checkpoints/training_state/ckpt-7500
[TRAIN] step=07600 loss=-3.31244 nmse_prop=0.01706 nmse_ls=0.02165 gpu_mem=0.33GiB peak=8.98GiB
[TRAIN] saved resumable state at step=7600 reason=periodic: /lustre07/scratch/rsadve1/Universal_Receiver_NEW-main_Narval/TWC_plots_comprehensive/runs_rx16/seed7/1dmrs/narrow_d64_b4_r2/checkpoints/training_state/ckpt-7600
[TRAIN] step=07700 loss=-3.95278 nmse_prop=0.01175 nmse_ls=0.01586 gpu_mem=0.28GiB peak=8.98GiB
[TRAIN] saved resumable state at step=7700 reason=periodic: /lustre07/scratch/rsadve1/Universal_Receiver_NEW-main_Narval/TWC_plots_comprehensive/runs_rx16/seed7/1dmrs/narrow_d64_b4_r2/checkpoints/training_state/ckpt-7700
[TRAIN] step=07800 loss=-3.65383 nmse_prop=0.01550 nmse_ls=0.01975 gpu_mem=0.31GiB peak=8.98GiB
[TRAIN] saved resumable state at step=7800 reason=periodic: /lustre07/scratch/rsadve1/Universal_Receiver_NEW-main_Narval/TWC_plots_comprehensive/runs_rx16/seed7/1dmrs/narrow_d64_b4_r2/checkpoints/training_state/ckpt-7800
[TRAIN] step=07900 loss=-1.88581 nmse_prop=0.05502 nmse_ls=0.06386 gpu_mem=0.33GiB peak=8.98GiB
[TRAIN] saved resumable state at step=7900 reason=periodic: /lustre07/scratch/rsadve1/Universal_Receiver_NEW-main_Narval/TWC_plots_comprehensive/runs_rx16/seed7/1dmrs/narrow_d64_b4_r2/checkpoints/training_state/ckpt-7900
[TRAIN] step=08000 loss=-2.81246 nmse_prop=0.02469 nmse_ls=0.02976 gpu_mem=0.33GiB peak=8.98GiB
[TRAIN] saved resumable state at step=8000 reason=periodic: /lustre07/scratch/rsadve1/Universal_Receiver_NEW-main_Narval/TWC_plots_comprehensive/runs_rx16/seed7/1dmrs/narrow_d64_b4_r2/checkpoints/training_state/ckpt-8000
[TRAIN] step=08100 loss=-3.39947 nmse_prop=0.01512 nmse_ls=0.02008 gpu_mem=0.31GiB peak=8.98GiB
[TRAIN] saved resumable state at step=8100 reason=periodic: /lustre07/scratch/rsadve1/Universal_Receiver_NEW-main_Narval/TWC_plots_comprehensive/runs_rx16/seed7/1dmrs/narrow_d64_b4_r2/checkpoints/training_state/ckpt-8100
[TRAIN] step=08200 loss=-3.25129 nmse_prop=0.01832 nmse_ls=0.02282 gpu_mem=0.33GiB peak=8.98GiB
[TRAIN] saved resumable state at step=8200 reason=periodic: /lustre07/scratch/rsadve1/Universal_Receiver_NEW-main_Narval/TWC_plots_comprehensive/runs_rx16/seed7/1dmrs/narrow_d64_b4_r2/checkpoints/training_state/ckpt-8200
[TRAIN] step=08300 loss=-3.23276 nmse_prop=0.01806 nmse_ls=0.02490 gpu_mem=0.28GiB peak=8.98GiB
[TRAIN] saved resumable state at step=8300 reason=periodic: /lustre07/scratch/rsadve1/Universal_Receiver_NEW-main_Narval/TWC_plots_comprehensive/runs_rx16/seed7/1dmrs/narrow_d64_b4_r2/checkpoints/training_state/ckpt-8300
[TRAIN] step=08400 loss=-3.71593 nmse_prop=0.01381 nmse_ls=0.01840 gpu_mem=0.31GiB peak=8.98GiB
[TRAIN] saved resumable state at step=8400 reason=periodic: /lustre07/scratch/rsadve1/Universal_Receiver_NEW-main_Narval/TWC_plots_comprehensive/runs_rx16/seed7/1dmrs/narrow_d64_b4_r2/checkpoints/training_state/ckpt-8400
[TRAIN] saved new best weights at step=8500 val_nmse=0.0440199
[TRAIN] step=08500 loss=-3.35662 nmse_prop=0.01688 nmse_ls=0.02142 gpu_mem=0.33GiB peak=8.98GiB
[TRAIN] saved resumable state at step=8500 reason=periodic: /lustre07/scratch/rsadve1/Universal_Receiver_NEW-main_Narval/TWC_plots_comprehensive/runs_rx16/seed7/1dmrs/narrow_d64_b4_r2/checkpoints/training_state/ckpt-8500
[TRAIN] step=08600 loss=-3.34374 nmse_prop=0.01682 nmse_ls=0.02150 gpu_mem=0.31GiB peak=8.98GiB
[TRAIN] saved resumable state at step=8600 reason=periodic: /lustre07/scratch/rsadve1/Universal_Receiver_NEW-main_Narval/TWC_plots_comprehensive/runs_rx16/seed7/1dmrs/narrow_d64_b4_r2/checkpoints/training_state/ckpt-8600
[TRAIN] step=08700 loss=-2.17839 nmse_prop=0.04210 nmse_ls=0.04993 gpu_mem=0.33GiB peak=8.98GiB
[TRAIN] saved resumable state at step=8700 reason=periodic: /lustre07/scratch/rsadve1/Universal_Receiver_NEW-main_Narval/TWC_plots_comprehensive/runs_rx16/seed7/1dmrs/narrow_d64_b4_r2/checkpoints/training_state/ckpt-8700
[TRAIN] step=08800 loss=-3.13471 nmse_prop=0.02026 nmse_ls=0.02702 gpu_mem=0.28GiB peak=8.98GiB
[TRAIN] saved resumable state at step=8800 reason=periodic: /lustre07/scratch/rsadve1/Universal_Receiver_NEW-main_Narval/TWC_plots_comprehensive/runs_rx16/seed7/1dmrs/narrow_d64_b4_r2/checkpoints/training_state/ckpt-8800
[TRAIN] step=08900 loss=-3.34762 nmse_prop=0.01731 nmse_ls=0.02190 gpu_mem=0.33GiB peak=8.98GiB
[TRAIN] saved resumable state at step=8900 reason=periodic: /lustre07/scratch/rsadve1/Universal_Receiver_NEW-main_Narval/TWC_plots_comprehensive/runs_rx16/seed7/1dmrs/narrow_d64_b4_r2/checkpoints/training_state/ckpt-8900
[TRAIN] saved new best weights at step=9000 val_nmse=0.0428386
[TRAIN] step=09000 loss=-3.25852 nmse_prop=0.01802 nmse_ls=0.02267 gpu_mem=0.33GiB peak=8.98GiB
[TRAIN] saved resumable state at step=9000 reason=periodic: /lustre07/scratch/rsadve1/Universal_Receiver_NEW-main_Narval/TWC_plots_comprehensive/runs_rx16/seed7/1dmrs/narrow_d64_b4_r2/checkpoints/training_state/ckpt-9000
[TRAIN] step=09100 loss=-2.69203 nmse_prop=0.02597 nmse_ls=0.03713 gpu_mem=0.28GiB peak=8.98GiB
[TRAIN] saved resumable state at step=9100 reason=periodic: /lustre07/scratch/rsadve1/Universal_Receiver_NEW-main_Narval/TWC_plots_comprehensive/runs_rx16/seed7/1dmrs/narrow_d64_b4_r2/checkpoints/training_state/ckpt-9100
[TRAIN] step=09200 loss=-3.54325 nmse_prop=0.01494 nmse_ls=0.01943 gpu_mem=0.33GiB peak=8.98GiB
[TRAIN] saved resumable state at step=9200 reason=periodic: /lustre07/scratch/rsadve1/Universal_Receiver_NEW-main_Narval/TWC_plots_comprehensive/runs_rx16/seed7/1dmrs/narrow_d64_b4_r2/checkpoints/training_state/ckpt-9200
[TRAIN] step=09300 loss=-2.83310 nmse_prop=0.02405 nmse_ls=0.03344 gpu_mem=0.28GiB peak=8.98GiB
[TRAIN] saved resumable state at step=9300 reason=periodic: /lustre07/scratch/rsadve1/Universal_Receiver_NEW-main_Narval/TWC_plots_comprehensive/runs_rx16/seed7/1dmrs/narrow_d64_b4_r2/checkpoints/training_state/ckpt-9300
[TRAIN] step=09400 loss=-3.54452 nmse_prop=0.01508 nmse_ls=0.01947 gpu_mem=0.33GiB peak=8.98GiB
[TRAIN] saved resumable state at step=9400 reason=periodic: /lustre07/scratch/rsadve1/Universal_Receiver_NEW-main_Narval/TWC_plots_comprehensive/runs_rx16/seed7/1dmrs/narrow_d64_b4_r2/checkpoints/training_state/ckpt-9400
[TRAIN] saved new best weights at step=9500 val_nmse=0.0422533
[TRAIN] step=09500 loss=-3.59540 nmse_prop=0.01483 nmse_ls=0.02013 gpu_mem=0.29GiB peak=8.98GiB
[TRAIN] saved resumable state at step=9500 reason=periodic: /lustre07/scratch/rsadve1/Universal_Receiver_NEW-main_Narval/TWC_plots_comprehensive/runs_rx16/seed7/1dmrs/narrow_d64_b4_r2/checkpoints/training_state/ckpt-9500
[TRAIN] step=09600 loss=-2.54643 nmse_prop=0.02998 nmse_ls=0.03664 gpu_mem=0.33GiB peak=8.98GiB
[TRAIN] saved resumable state at step=9600 reason=periodic: /lustre07/scratch/rsadve1/Universal_Receiver_NEW-main_Narval/TWC_plots_comprehensive/runs_rx16/seed7/1dmrs/narrow_d64_b4_r2/checkpoints/training_state/ckpt-9600
[TRAIN] step=09700 loss=-2.46853 nmse_prop=0.03200 nmse_ls=0.04015 gpu_mem=0.31GiB peak=8.98GiB
[TRAIN] saved resumable state at step=9700 reason=periodic: /lustre07/scratch/rsadve1/Universal_Receiver_NEW-main_Narval/TWC_plots_comprehensive/runs_rx16/seed7/1dmrs/narrow_d64_b4_r2/checkpoints/training_state/ckpt-9700
[TRAIN] step=09800 loss=-2.20418 nmse_prop=0.03984 nmse_ls=0.05425 gpu_mem=0.29GiB peak=8.98GiB
[TRAIN] saved resumable state at step=9800 reason=periodic: /lustre07/scratch/rsadve1/Universal_Receiver_NEW-main_Narval/TWC_plots_comprehensive/runs_rx16/seed7/1dmrs/narrow_d64_b4_r2/checkpoints/training_state/ckpt-9800
[TRAIN] step=09900 loss=-3.43738 nmse_prop=0.01730 nmse_ls=0.02319 gpu_mem=0.28GiB peak=8.98GiB
[TRAIN] saved resumable state at step=9900 reason=periodic: /lustre07/scratch/rsadve1/Universal_Receiver_NEW-main_Narval/TWC_plots_comprehensive/runs_rx16/seed7/1dmrs/narrow_d64_b4_r2/checkpoints/training_state/ckpt-9900
[TRAIN] step=10000 loss=-3.17961 nmse_prop=0.01809 nmse_ls=0.02311 gpu_mem=0.33GiB peak=8.98GiB
[TRAIN] saved resumable state at step=10000 reason=periodic: /lustre07/scratch/rsadve1/Universal_Receiver_NEW-main_Narval/TWC_plots_comprehensive/runs_rx16/seed7/1dmrs/narrow_d64_b4_r2/checkpoints/training_state/ckpt-10000
[TRAIN] saved resumable state at step=10000 reason=final: /lustre07/scratch/rsadve1/Universal_Receiver_NEW-main_Narval/TWC_plots_comprehensive/runs_rx16/seed7/1dmrs/narrow_d64_b4_r2/checkpoints/training_state/ckpt-10000
[COMPREHENSIVE] cleared TensorFlow state before evaluation seed=7 1dmrs/narrow_d64_b4_r2/u3: gpu_mem=0.00GiB peak=8.98GiB
[EVAL] receiver microbatching enabled: batch_size_eval=96 receiver_microbatch_size=32
[BASELINES] Estimating empirical LMMSE covariances with num_batches=32 batch_size=32 mode=clean-channel
[EVAL] receiver=       baseline_ls_lmmse Eb/N0=-4.0 dB BER=5.86313e-02 BLER=8.19444e-01 NMSE=1.68104e-01 bit_err=101585/1732608  blk_err=  236/288    batches=   1
[EVAL] receiver=baseline_ls_2dlmmse_lmmse Eb/N0=-4.0 dB BER=1.13748e-02 BLER=1.90972e-01 NMSE=6.41482e-02 bit_err= 19708/1732608  blk_err=   55/288    batches=   1
[EVAL] receiver= baseline_ddcpe_ls_lmmse Eb/N0=-4.0 dB BER=5.67653e-02 BLER=8.19444e-01 NMSE=1.67128e-01 bit_err= 98352/1732608  blk_err=  236/288    batches=   1
[EVAL] receiver=           upair5g_lmmse Eb/N0=-4.0 dB BER=4.12009e-02 BLER=6.35417e-01 NMSE=1.40051e-01 bit_err= 71385/1732608  blk_err=  183/288    batches=   1
[EVAL] receiver=       perfect_csi_lmmse Eb/N0=-4.0 dB BER=1.47466e-03 BLER=3.12500e-02 NMSE=0.00000e+00 bit_err=  2555/1732608  blk_err=    9/288    batches=   1
[EVAL] progress num_users=3 Eb/N0=-2 dB batches=2/512 frame_err=baseline_ls_lmmse:85/576 baseline_ls_2dlmmse_lmmse:11/576 baseline_ddcpe_ls_lmmse:79/576 upair5g_lmmse:57/576 perfect_csi_lmmse:0/576
[EVAL] progress num_users=3 Eb/N0=-2 dB batches=4/512 frame_err=baseline_ls_lmmse:170/1152 baseline_ls_2dlmmse_lmmse:21/1152 baseline_ddcpe_ls_lmmse:151/1152 upair5g_lmmse:112/1152 perfect_csi_lmmse:0/1152
[EVAL] progress num_users=3 Eb/N0=-2 dB batches=6/512 frame_err=baseline_ls_lmmse:246/1728 baseline_ls_2dlmmse_lmmse:28/1728 baseline_ddcpe_ls_lmmse:216/1728 upair5g_lmmse:152/1728 perfect_csi_lmmse:0/1728
[EVAL] progress num_users=3 Eb/N0=-2 dB batches=8/512 frame_err=baseline_ls_lmmse:320/2304 baseline_ls_2dlmmse_lmmse:35/2304 baseline_ddcpe_ls_lmmse:283/2304 upair5g_lmmse:191/2304 perfect_csi_lmmse:0/2304
[EVAL] progress num_users=3 Eb/N0=-2 dB batches=10/512 frame_err=baseline_ls_lmmse:405/2880 baseline_ls_2dlmmse_lmmse:39/2880 baseline_ddcpe_ls_lmmse:356/2880 upair5g_lmmse:238/2880 perfect_csi_lmmse:0/2880
[EVAL] progress num_users=3 Eb/N0=-2 dB batches=12/512 frame_err=baseline_ls_lmmse:489/3456 baseline_ls_2dlmmse_lmmse:52/3456 baseline_ddcpe_ls_lmmse:433/3456 upair5g_lmmse:289/3456 perfect_csi_lmmse:0/3456
[EVAL] receiver=       baseline_ls_lmmse Eb/N0=-2.0 dB BER=7.57384e-03 BLER=1.41493e-01 NMSE=1.11830e-01 bit_err=157470/20791296 blk_err=  489/3456   batches=  12
[EVAL] receiver=baseline_ls_2dlmmse_lmmse Eb/N0=-2.0 dB BER=6.22232e-04 BLER=1.50463e-02 NMSE=4.83887e-02 bit_err= 12937/20791296 blk_err=   52/3456   batches=  12
[EVAL] receiver= baseline_ddcpe_ls_lmmse Eb/N0=-2.0 dB BER=6.64081e-03 BLER=1.25289e-01 NMSE=1.09105e-01 bit_err=138071/20791296 blk_err=  433/3456   batches=  12
[EVAL] receiver=           upair5g_lmmse Eb/N0=-2.0 dB BER=3.93939e-03 BLER=8.36227e-02 NMSE=9.11537e-02 bit_err= 81905/20791296 blk_err=  289/3456   batches=  12
[EVAL] receiver=       perfect_csi_lmmse Eb/N0=-2.0 dB BER=0.00000e+00 BLER=0.00000e+00 NMSE=0.00000e+00 bit_err=     0/20791296 blk_err=    0/3456   batches=  12
[EVAL] progress num_users=3 Eb/N0=0 dB batches=2/512 frame_err=baseline_ls_lmmse:7/576 baseline_ls_2dlmmse_lmmse:1/576 baseline_ddcpe_ls_lmmse:5/576 upair5g_lmmse:4/576 perfect_csi_lmmse:0/576
[EVAL] progress num_users=3 Eb/N0=0 dB batches=4/512 frame_err=baseline_ls_lmmse:16/1152 baseline_ls_2dlmmse_lmmse:3/1152 baseline_ddcpe_ls_lmmse:13/1152 upair5g_lmmse:8/1152 perfect_csi_lmmse:0/1152
[EVAL] progress num_users=3 Eb/N0=0 dB batches=6/512 frame_err=baseline_ls_lmmse:22/1728 baseline_ls_2dlmmse_lmmse:3/1728 baseline_ddcpe_ls_lmmse:19/1728 upair5g_lmmse:12/1728 perfect_csi_lmmse:0/1728
