[SLURM] task=2/12 seed=7 dmrs_case=1dmrs variant=deep_d96_b6_r2
Mon May  4 16:53:40 2026       
+-----------------------------------------------------------------------------------------+
| NVIDIA-SMI 570.211.01             Driver Version: 570.211.01     CUDA Version: 12.8     |
|-----------------------------------------+------------------------+----------------------+
| GPU  Name                 Persistence-M | Bus-Id          Disp.A | Volatile Uncorr. ECC |
| Fan  Temp   Perf          Pwr:Usage/Cap |           Memory-Usage | GPU-Util  Compute M. |
|                                         |                        |               MIG M. |
|=========================================+========================+======================|
|   0  NVIDIA A100-SXM4-40GB          Off |   00000000:41:00.0 Off |                    0 |
| N/A   28C    P0             52W /  400W |       0MiB /  40960MiB |      0%      Default |
|                                         |                        |             Disabled |
+-----------------------------------------+------------------------+----------------------+
                                                                                         
+-----------------------------------------------------------------------------------------+
| Processes:                                                                              |
|  GPU   GI   CI              PID   Type   Process name                        GPU Memory |
|        ID   ID                                                               Usage      |
|=========================================================================================|
|  No running processes found                                                             |
+-----------------------------------------------------------------------------------------+
[TRAIN] starting from scratch
[TRAIN] step=00001 loss=-2.32732 nmse_prop=0.03499 nmse_ls=0.03499 gpu_mem=0.09GiB peak=32.46GiB
[TRAIN] step=00100 loss=-2.80168 nmse_prop=0.02234 nmse_ls=0.02339 gpu_mem=0.23GiB peak=32.69GiB
[TRAIN] saved resumable state at step=100 reason=periodic: /lustre07/scratch/rsadve1/Universal_Receiver_NEW-main_Narval/TWC_plots_comprehensive/runs_rx16/seed7/1dmrs/deep_d96_b6_r2/checkpoints/training_state/ckpt-100
[TRAIN] step=00200 loss=-2.99289 nmse_prop=0.02154 nmse_ls=0.02398 gpu_mem=0.23GiB peak=32.69GiB
[TRAIN] saved resumable state at step=200 reason=periodic: /lustre07/scratch/rsadve1/Universal_Receiver_NEW-main_Narval/TWC_plots_comprehensive/runs_rx16/seed7/1dmrs/deep_d96_b6_r2/checkpoints/training_state/ckpt-200
[TRAIN] step=00300 loss=-3.41704 nmse_prop=0.01598 nmse_ls=0.01924 gpu_mem=0.23GiB peak=32.69GiB
[TRAIN] saved resumable state at step=300 reason=periodic: /lustre07/scratch/rsadve1/Universal_Receiver_NEW-main_Narval/TWC_plots_comprehensive/runs_rx16/seed7/1dmrs/deep_d96_b6_r2/checkpoints/training_state/ckpt-300
[TRAIN] step=00400 loss=-1.68006 nmse_prop=0.06725 nmse_ls=0.07176 gpu_mem=0.23GiB peak=32.69GiB
[TRAIN] saved resumable state at step=400 reason=periodic: /lustre07/scratch/rsadve1/Universal_Receiver_NEW-main_Narval/TWC_plots_comprehensive/runs_rx16/seed7/1dmrs/deep_d96_b6_r2/checkpoints/training_state/ckpt-400
[TRAIN] saved new best weights at step=500 val_nmse=0.0247636
[TRAIN] step=00500 loss=-2.18077 nmse_prop=0.04171 nmse_ls=0.04590 gpu_mem=0.44GiB peak=32.69GiB
[TRAIN] saved resumable state at step=500 reason=periodic: /lustre07/scratch/rsadve1/Universal_Receiver_NEW-main_Narval/TWC_plots_comprehensive/runs_rx16/seed7/1dmrs/deep_d96_b6_r2/checkpoints/training_state/ckpt-500
[TRAIN] step=00600 loss=-3.06504 nmse_prop=0.02036 nmse_ls=0.02420 gpu_mem=0.44GiB peak=32.89GiB
[TRAIN] saved resumable state at step=600 reason=periodic: /lustre07/scratch/rsadve1/Universal_Receiver_NEW-main_Narval/TWC_plots_comprehensive/runs_rx16/seed7/1dmrs/deep_d96_b6_r2/checkpoints/training_state/ckpt-600
[TRAIN] step=00700 loss=-3.30320 nmse_prop=0.01660 nmse_ls=0.02107 gpu_mem=0.44GiB peak=32.89GiB
[TRAIN] saved resumable state at step=700 reason=periodic: /lustre07/scratch/rsadve1/Universal_Receiver_NEW-main_Narval/TWC_plots_comprehensive/runs_rx16/seed7/1dmrs/deep_d96_b6_r2/checkpoints/training_state/ckpt-700
[TRAIN] step=00800 loss=-2.96126 nmse_prop=0.02162 nmse_ls=0.02661 gpu_mem=0.44GiB peak=32.89GiB
[TRAIN] saved resumable state at step=800 reason=periodic: /lustre07/scratch/rsadve1/Universal_Receiver_NEW-main_Narval/TWC_plots_comprehensive/runs_rx16/seed7/1dmrs/deep_d96_b6_r2/checkpoints/training_state/ckpt-800
[TRAIN] step=00900 loss=-2.06937 nmse_prop=0.04685 nmse_ls=0.05259 gpu_mem=0.44GiB peak=32.89GiB
[TRAIN] saved resumable state at step=900 reason=periodic: /lustre07/scratch/rsadve1/Universal_Receiver_NEW-main_Narval/TWC_plots_comprehensive/runs_rx16/seed7/1dmrs/deep_d96_b6_r2/checkpoints/training_state/ckpt-900
[TRAIN] saved new best weights at step=1000 val_nmse=0.0236567
[TRAIN] step=01000 loss=-3.20625 nmse_prop=0.01721 nmse_ls=0.02216 gpu_mem=0.44GiB peak=32.89GiB
[TRAIN] saved resumable state at step=1000 reason=periodic: /lustre07/scratch/rsadve1/Universal_Receiver_NEW-main_Narval/TWC_plots_comprehensive/runs_rx16/seed7/1dmrs/deep_d96_b6_r2/checkpoints/training_state/ckpt-1000
[TRAIN] step=01100 loss=-3.67916 nmse_prop=0.01467 nmse_ls=0.01979 gpu_mem=0.44GiB peak=32.89GiB
[TRAIN] saved resumable state at step=1100 reason=periodic: /lustre07/scratch/rsadve1/Universal_Receiver_NEW-main_Narval/TWC_plots_comprehensive/runs_rx16/seed7/1dmrs/deep_d96_b6_r2/checkpoints/training_state/ckpt-1100
[TRAIN] step=01200 loss=-3.57386 nmse_prop=0.01481 nmse_ls=0.01985 gpu_mem=0.44GiB peak=32.89GiB
[TRAIN] saved resumable state at step=1200 reason=periodic: /lustre07/scratch/rsadve1/Universal_Receiver_NEW-main_Narval/TWC_plots_comprehensive/runs_rx16/seed7/1dmrs/deep_d96_b6_r2/checkpoints/training_state/ckpt-1200
[TRAIN] step=01300 loss=-3.76065 nmse_prop=0.01369 nmse_ls=0.01876 gpu_mem=0.44GiB peak=32.89GiB
[TRAIN] saved resumable state at step=1300 reason=periodic: /lustre07/scratch/rsadve1/Universal_Receiver_NEW-main_Narval/TWC_plots_comprehensive/runs_rx16/seed7/1dmrs/deep_d96_b6_r2/checkpoints/training_state/ckpt-1300
[TRAIN] step=01400 loss=-2.83157 nmse_prop=0.02380 nmse_ls=0.03048 gpu_mem=0.44GiB peak=32.89GiB
[TRAIN] saved resumable state at step=1400 reason=periodic: /lustre07/scratch/rsadve1/Universal_Receiver_NEW-main_Narval/TWC_plots_comprehensive/runs_rx16/seed7/1dmrs/deep_d96_b6_r2/checkpoints/training_state/ckpt-1400
[TRAIN] saved new best weights at step=1500 val_nmse=0.0220073
[TRAIN] step=01500 loss=-2.74879 nmse_prop=0.02505 nmse_ls=0.03177 gpu_mem=0.44GiB peak=32.89GiB
[TRAIN] saved resumable state at step=1500 reason=periodic: /lustre07/scratch/rsadve1/Universal_Receiver_NEW-main_Narval/TWC_plots_comprehensive/runs_rx16/seed7/1dmrs/deep_d96_b6_r2/checkpoints/training_state/ckpt-1500
[TRAIN] step=01600 loss=-3.87499 nmse_prop=0.01079 nmse_ls=0.01757 gpu_mem=0.44GiB peak=32.89GiB
[TRAIN] saved resumable state at step=1600 reason=periodic: /lustre07/scratch/rsadve1/Universal_Receiver_NEW-main_Narval/TWC_plots_comprehensive/runs_rx16/seed7/1dmrs/deep_d96_b6_r2/checkpoints/training_state/ckpt-1600
[TRAIN] step=01700 loss=-3.67838 nmse_prop=0.01264 nmse_ls=0.01993 gpu_mem=0.44GiB peak=32.89GiB
[TRAIN] saved resumable state at step=1700 reason=periodic: /lustre07/scratch/rsadve1/Universal_Receiver_NEW-main_Narval/TWC_plots_comprehensive/runs_rx16/seed7/1dmrs/deep_d96_b6_r2/checkpoints/training_state/ckpt-1700
[TRAIN] step=01800 loss=-2.62425 nmse_prop=0.02766 nmse_ls=0.03443 gpu_mem=0.44GiB peak=32.89GiB
[TRAIN] saved resumable state at step=1800 reason=periodic: /lustre07/scratch/rsadve1/Universal_Receiver_NEW-main_Narval/TWC_plots_comprehensive/runs_rx16/seed7/1dmrs/deep_d96_b6_r2/checkpoints/training_state/ckpt-1800
[TRAIN] step=01900 loss=-2.19638 nmse_prop=0.04042 nmse_ls=0.05164 gpu_mem=0.44GiB peak=32.89GiB
[TRAIN] saved resumable state at step=1900 reason=periodic: /lustre07/scratch/rsadve1/Universal_Receiver_NEW-main_Narval/TWC_plots_comprehensive/runs_rx16/seed7/1dmrs/deep_d96_b6_r2/checkpoints/training_state/ckpt-1900
[TRAIN] saved new best weights at step=2000 val_nmse=0.0188785
[TRAIN] step=02000 loss=-4.04336 nmse_prop=0.01010 nmse_ls=0.02077 gpu_mem=0.44GiB peak=32.89GiB
[TRAIN] saved resumable state at step=2000 reason=periodic: /lustre07/scratch/rsadve1/Universal_Receiver_NEW-main_Narval/TWC_plots_comprehensive/runs_rx16/seed7/1dmrs/deep_d96_b6_r2/checkpoints/training_state/ckpt-2000
[TRAIN] step=02100 loss=-3.29876 nmse_prop=0.01582 nmse_ls=0.02314 gpu_mem=0.44GiB peak=32.89GiB
[TRAIN] saved resumable state at step=2100 reason=periodic: /lustre07/scratch/rsadve1/Universal_Receiver_NEW-main_Narval/TWC_plots_comprehensive/runs_rx16/seed7/1dmrs/deep_d96_b6_r2/checkpoints/training_state/ckpt-2100
[TRAIN] step=02200 loss=-3.22832 nmse_prop=0.01620 nmse_ls=0.02635 gpu_mem=0.44GiB peak=32.89GiB
[TRAIN] saved resumable state at step=2200 reason=periodic: /lustre07/scratch/rsadve1/Universal_Receiver_NEW-main_Narval/TWC_plots_comprehensive/runs_rx16/seed7/1dmrs/deep_d96_b6_r2/checkpoints/training_state/ckpt-2200
[TRAIN] step=02300 loss=-3.86836 nmse_prop=0.00988 nmse_ls=0.01985 gpu_mem=0.44GiB peak=32.89GiB
[TRAIN] saved resumable state at step=2300 reason=periodic: /lustre07/scratch/rsadve1/Universal_Receiver_NEW-main_Narval/TWC_plots_comprehensive/runs_rx16/seed7/1dmrs/deep_d96_b6_r2/checkpoints/training_state/ckpt-2300
[TRAIN] step=02400 loss=-3.21859 nmse_prop=0.01620 nmse_ls=0.02590 gpu_mem=0.44GiB peak=32.89GiB
[TRAIN] saved resumable state at step=2400 reason=periodic: /lustre07/scratch/rsadve1/Universal_Receiver_NEW-main_Narval/TWC_plots_comprehensive/runs_rx16/seed7/1dmrs/deep_d96_b6_r2/checkpoints/training_state/ckpt-2400
[TRAIN] saved new best weights at step=2500 val_nmse=0.017557
[TRAIN] step=02500 loss=-2.00437 nmse_prop=0.04846 nmse_ls=0.06220 gpu_mem=0.44GiB peak=32.89GiB
[TRAIN] saved resumable state at step=2500 reason=periodic: /lustre07/scratch/rsadve1/Universal_Receiver_NEW-main_Narval/TWC_plots_comprehensive/runs_rx16/seed7/1dmrs/deep_d96_b6_r2/checkpoints/training_state/ckpt-2500
[TRAIN] step=02600 loss=-4.10986 nmse_prop=0.00799 nmse_ls=0.01783 gpu_mem=0.44GiB peak=32.89GiB
[TRAIN] saved resumable state at step=2600 reason=periodic: /lustre07/scratch/rsadve1/Universal_Receiver_NEW-main_Narval/TWC_plots_comprehensive/runs_rx16/seed7/1dmrs/deep_d96_b6_r2/checkpoints/training_state/ckpt-2600
[TRAIN] step=02700 loss=-3.34188 nmse_prop=0.01411 nmse_ls=0.02681 gpu_mem=0.44GiB peak=32.89GiB
[TRAIN] saved resumable state at step=2700 reason=periodic: /lustre07/scratch/rsadve1/Universal_Receiver_NEW-main_Narval/TWC_plots_comprehensive/runs_rx16/seed7/1dmrs/deep_d96_b6_r2/checkpoints/training_state/ckpt-2700
[TRAIN] step=02800 loss=-1.97461 nmse_prop=0.04941 nmse_ls=0.06416 gpu_mem=0.44GiB peak=32.89GiB
[TRAIN] saved resumable state at step=2800 reason=periodic: /lustre07/scratch/rsadve1/Universal_Receiver_NEW-main_Narval/TWC_plots_comprehensive/runs_rx16/seed7/1dmrs/deep_d96_b6_r2/checkpoints/training_state/ckpt-2800
[TRAIN] step=02900 loss=-2.26271 nmse_prop=0.03733 nmse_ls=0.05325 gpu_mem=0.44GiB peak=32.89GiB
[TRAIN] saved resumable state at step=2900 reason=periodic: /lustre07/scratch/rsadve1/Universal_Receiver_NEW-main_Narval/TWC_plots_comprehensive/runs_rx16/seed7/1dmrs/deep_d96_b6_r2/checkpoints/training_state/ckpt-2900
[TRAIN] saved new best weights at step=3000 val_nmse=0.0161118
[TRAIN] step=03000 loss=-4.09410 nmse_prop=0.00787 nmse_ls=0.01899 gpu_mem=0.44GiB peak=32.89GiB
[TRAIN] saved resumable state at step=3000 reason=periodic: /lustre07/scratch/rsadve1/Universal_Receiver_NEW-main_Narval/TWC_plots_comprehensive/runs_rx16/seed7/1dmrs/deep_d96_b6_r2/checkpoints/training_state/ckpt-3000
[TRAIN] step=03100 loss=-4.32307 nmse_prop=0.00663 nmse_ls=0.01707 gpu_mem=0.44GiB peak=32.89GiB
[TRAIN] saved resumable state at step=3100 reason=periodic: /lustre07/scratch/rsadve1/Universal_Receiver_NEW-main_Narval/TWC_plots_comprehensive/runs_rx16/seed7/1dmrs/deep_d96_b6_r2/checkpoints/training_state/ckpt-3100
[TRAIN] step=03200 loss=-1.93240 nmse_prop=0.05115 nmse_ls=0.06696 gpu_mem=0.44GiB peak=32.89GiB
[TRAIN] saved resumable state at step=3200 reason=periodic: /lustre07/scratch/rsadve1/Universal_Receiver_NEW-main_Narval/TWC_plots_comprehensive/runs_rx16/seed7/1dmrs/deep_d96_b6_r2/checkpoints/training_state/ckpt-3200
[TRAIN] step=03300 loss=-3.69364 nmse_prop=0.01123 nmse_ls=0.02210 gpu_mem=0.44GiB peak=32.89GiB
[TRAIN] saved resumable state at step=3300 reason=periodic: /lustre07/scratch/rsadve1/Universal_Receiver_NEW-main_Narval/TWC_plots_comprehensive/runs_rx16/seed7/1dmrs/deep_d96_b6_r2/checkpoints/training_state/ckpt-3300
[TRAIN] step=03400 loss=-2.67698 nmse_prop=0.02483 nmse_ls=0.03848 gpu_mem=0.44GiB peak=32.89GiB
[TRAIN] saved resumable state at step=3400 reason=periodic: /lustre07/scratch/rsadve1/Universal_Receiver_NEW-main_Narval/TWC_plots_comprehensive/runs_rx16/seed7/1dmrs/deep_d96_b6_r2/checkpoints/training_state/ckpt-3400
[TRAIN] saved new best weights at step=3500 val_nmse=0.0153661
[TRAIN] step=03500 loss=-4.32411 nmse_prop=0.00632 nmse_ls=0.01817 gpu_mem=0.44GiB peak=32.89GiB
[TRAIN] saved resumable state at step=3500 reason=periodic: /lustre07/scratch/rsadve1/Universal_Receiver_NEW-main_Narval/TWC_plots_comprehensive/runs_rx16/seed7/1dmrs/deep_d96_b6_r2/checkpoints/training_state/ckpt-3500
[TRAIN] step=03600 loss=-2.79416 nmse_prop=0.02224 nmse_ls=0.03663 gpu_mem=0.44GiB peak=32.89GiB
[TRAIN] saved resumable state at step=3600 reason=periodic: /lustre07/scratch/rsadve1/Universal_Receiver_NEW-main_Narval/TWC_plots_comprehensive/runs_rx16/seed7/1dmrs/deep_d96_b6_r2/checkpoints/training_state/ckpt-3600
[TRAIN] step=03700 loss=-3.73217 nmse_prop=0.01007 nmse_ls=0.02053 gpu_mem=0.44GiB peak=32.89GiB
[TRAIN] saved resumable state at step=3700 reason=periodic: /lustre07/scratch/rsadve1/Universal_Receiver_NEW-main_Narval/TWC_plots_comprehensive/runs_rx16/seed7/1dmrs/deep_d96_b6_r2/checkpoints/training_state/ckpt-3700
[TRAIN] step=03800 loss=-3.85143 nmse_prop=0.00911 nmse_ls=0.02257 gpu_mem=0.44GiB peak=32.89GiB
[TRAIN] saved resumable state at step=3800 reason=periodic: /lustre07/scratch/rsadve1/Universal_Receiver_NEW-main_Narval/TWC_plots_comprehensive/runs_rx16/seed7/1dmrs/deep_d96_b6_r2/checkpoints/training_state/ckpt-3800
[TRAIN] step=03900 loss=-3.46875 nmse_prop=0.01207 nmse_ls=0.02555 gpu_mem=0.44GiB peak=32.89GiB
[TRAIN] saved resumable state at step=3900 reason=periodic: /lustre07/scratch/rsadve1/Universal_Receiver_NEW-main_Narval/TWC_plots_comprehensive/runs_rx16/seed7/1dmrs/deep_d96_b6_r2/checkpoints/training_state/ckpt-3900
[TRAIN] saved new best weights at step=4000 val_nmse=0.0145652
[TRAIN] step=04000 loss=-4.36604 nmse_prop=0.00583 nmse_ls=0.01782 gpu_mem=0.44GiB peak=32.89GiB
[TRAIN] saved resumable state at step=4000 reason=periodic: /lustre07/scratch/rsadve1/Universal_Receiver_NEW-main_Narval/TWC_plots_comprehensive/runs_rx16/seed7/1dmrs/deep_d96_b6_r2/checkpoints/training_state/ckpt-4000
[TRAIN] step=04100 loss=-3.81261 nmse_prop=0.00917 nmse_ls=0.02288 gpu_mem=0.44GiB peak=32.89GiB
[TRAIN] saved resumable state at step=4100 reason=periodic: /lustre07/scratch/rsadve1/Universal_Receiver_NEW-main_Narval/TWC_plots_comprehensive/runs_rx16/seed7/1dmrs/deep_d96_b6_r2/checkpoints/training_state/ckpt-4100
[TRAIN] step=04200 loss=-4.30576 nmse_prop=0.00627 nmse_ls=0.01698 gpu_mem=0.44GiB peak=32.89GiB
[TRAIN] saved resumable state at step=4200 reason=periodic: /lustre07/scratch/rsadve1/Universal_Receiver_NEW-main_Narval/TWC_plots_comprehensive/runs_rx16/seed7/1dmrs/deep_d96_b6_r2/checkpoints/training_state/ckpt-4200
[TRAIN] step=04300 loss=-4.37220 nmse_prop=0.00566 nmse_ls=0.01867 gpu_mem=0.44GiB peak=32.89GiB
[TRAIN] saved resumable state at step=4300 reason=periodic: /lustre07/scratch/rsadve1/Universal_Receiver_NEW-main_Narval/TWC_plots_comprehensive/runs_rx16/seed7/1dmrs/deep_d96_b6_r2/checkpoints/training_state/ckpt-4300
[TRAIN] step=04400 loss=-4.07756 nmse_prop=0.00714 nmse_ls=0.02032 gpu_mem=0.44GiB peak=32.89GiB
[TRAIN] saved resumable state at step=4400 reason=periodic: /lustre07/scratch/rsadve1/Universal_Receiver_NEW-main_Narval/TWC_plots_comprehensive/runs_rx16/seed7/1dmrs/deep_d96_b6_r2/checkpoints/training_state/ckpt-4400
[TRAIN] step=04500 loss=-3.39686 nmse_prop=0.01256 nmse_ls=0.02639 gpu_mem=0.44GiB peak=32.89GiB
[TRAIN] saved resumable state at step=4500 reason=periodic: /lustre07/scratch/rsadve1/Universal_Receiver_NEW-main_Narval/TWC_plots_comprehensive/runs_rx16/seed7/1dmrs/deep_d96_b6_r2/checkpoints/training_state/ckpt-4500
[TRAIN] saved resumable state at step=4526 reason=resource_exhausted: /lustre07/scratch/rsadve1/Universal_Receiver_NEW-main_Narval/TWC_plots_comprehensive/runs_rx16/seed7/1dmrs/deep_d96_b6_r2/checkpoints/training_state/ckpt-4526
