2026-05-04 17:49:21.411779: E external/local_xla/xla/stream_executor/cuda/cuda_fft.cc:467] Unable to register cuFFT factory: Attempting to register factory for plugin cuFFT when one has already been registered
WARNING: All log messages before absl::InitializeLog() is called are written to STDERR
E0000 00:00:1777931361.427914 2699388 cuda_dnn.cc:8579] Unable to register cuDNN factory: Attempting to register factory for plugin cuDNN when one has already been registered
E0000 00:00:1777931361.432667 2699388 cuda_blas.cc:1407] Unable to register cuBLAS factory: Attempting to register factory for plugin cuBLAS when one has already been registered
W0000 00:00:1777931361.447803 2699388 computation_placer.cc:177] computation placer already registered. Please check linkage and avoid linking the same target more than once.
W0000 00:00:1777931361.447838 2699388 computation_placer.cc:177] computation placer already registered. Please check linkage and avoid linking the same target more than once.
W0000 00:00:1777931361.447851 2699388 computation_placer.cc:177] computation placer already registered. Please check linkage and avoid linking the same target more than once.
W0000 00:00:1777931361.447863 2699388 computation_placer.cc:177] computation placer already registered. Please check linkage and avoid linking the same target more than once.
2026-05-04 17:49:26.164839: W tensorflow/core/common_runtime/gpu/gpu_bfc_allocator.cc:47] Overriding orig_value setting because the TF_FORCE_GPU_ALLOW_GROWTH environment variable is set. Original config value was 0.
I0000 00:00:1777931366.855888 2699388 gpu_process_state.cc:208] Using CUDA malloc Async allocator for GPU: 0
I0000 00:00:1777931366.857459 2699388 gpu_device.cc:2019] Created device /job:localhost/replica:0/task:0/device:GPU:0 with 38484 MB memory:  -> device: 0, name: NVIDIA A100-SXM4-40GB, pci bus id: 0000:81:00.0, compute capability: 8.0
E0000 00:00:1777931385.723477 2699388 meta_optimizer.cc:967] layout failed: INVALID_ARGUMENT: Size of values 0 does not match size of permutation 4 @ fanin shape inaxial_block_0_1/dropout_5/stateless_dropout/SelectV2-2-TransposeNHWCToNCHW-LayoutOptimizer
2026-05-04 18:07:37.283501: E external/local_xla/xla/stream_executor/gpu/gpu_cudamallocasync_allocator.cc:359] gpu_async_0 cuMemAllocAsync failed to allocate 132120576 bytes: RESOURCE_EXHAUSTED: : CUDA_ERROR_OUT_OF_MEMORY: out of memory
 Reported by CUDA: Free memory/Total memory: 73728000/42406903808
2026-05-04 18:07:37.324429: E external/local_xla/xla/stream_executor/gpu/gpu_cudamallocasync_allocator.cc:364] Stats: Limit:                     40353726464
InUse:                     28894859155
MaxInUse:                  29026979731
NumAllocs:                     4515789
MaxAllocSize:               1207959552
Reserved:                            0
PeakReserved:                        0
LargestFreeBlock:                    0

2026-05-04 18:07:37.324598: E external/local_xla/xla/stream_executor/gpu/gpu_cudamallocasync_allocator.cc:68] Histogram of current allocation: (allocation_size_in_bytes, nb_allocation_of_that_sizes), ...;
2026-05-04 18:07:37.324629: E external/local_xla/xla/stream_executor/gpu/gpu_cudamallocasync_allocator.cc:71] 1, 15
2026-05-04 18:07:37.324655: E external/local_xla/xla/stream_executor/gpu/gpu_cudamallocasync_allocator.cc:71] 4, 3644
2026-05-04 18:07:37.324679: E external/local_xla/xla/stream_executor/gpu/gpu_cudamallocasync_allocator.cc:71] 8, 56
2026-05-04 18:07:37.324703: E external/local_xla/xla/stream_executor/gpu/gpu_cudamallocasync_allocator.cc:71] 12, 20
2026-05-04 18:07:37.324726: E external/local_xla/xla/stream_executor/gpu/gpu_cudamallocasync_allocator.cc:71] 16, 21
2026-05-04 18:07:37.324750: E external/local_xla/xla/stream_executor/gpu/gpu_cudamallocasync_allocator.cc:71] 24, 6
2026-05-04 18:07:37.324773: E external/local_xla/xla/stream_executor/gpu/gpu_cudamallocasync_allocator.cc:71] 28, 8
2026-05-04 18:07:37.324797: E external/local_xla/xla/stream_executor/gpu/gpu_cudamallocasync_allocator.cc:71] 32, 1
2026-05-04 18:07:37.324976: E external/local_xla/xla/stream_executor/gpu/gpu_cudamallocasync_allocator.cc:71] 64, 4
2026-05-04 18:07:37.325026: E external/local_xla/xla/stream_executor/gpu/gpu_cudamallocasync_allocator.cc:71] 96, 8
2026-05-04 18:07:37.325052: E external/local_xla/xla/stream_executor/gpu/gpu_cudamallocasync_allocator.cc:71] 112, 6
2026-05-04 18:07:37.325089: E external/local_xla/xla/stream_executor/gpu/gpu_cudamallocasync_allocator.cc:71] 128, 4
2026-05-04 18:07:37.325114: E external/local_xla/xla/stream_executor/gpu/gpu_cudamallocasync_allocator.cc:71] 192, 8
2026-05-04 18:07:37.325140: E external/local_xla/xla/stream_executor/gpu/gpu_cudamallocasync_allocator.cc:71] 224, 2
2026-05-04 18:07:37.325168: E external/local_xla/xla/stream_executor/gpu/gpu_cudamallocasync_allocator.cc:71] 256, 3
2026-05-04 18:07:37.325196: E external/local_xla/xla/stream_executor/gpu/gpu_cudamallocasync_allocator.cc:71] 336, 2
2026-05-04 18:07:37.325224: E external/local_xla/xla/stream_executor/gpu/gpu_cudamallocasync_allocator.cc:71] 384, 1
2026-05-04 18:07:37.325253: E external/local_xla/xla/stream_executor/gpu/gpu_cudamallocasync_allocator.cc:71] 448, 2
2026-05-04 18:07:37.325280: E external/local_xla/xla/stream_executor/gpu/gpu_cudamallocasync_allocator.cc:71] 512, 256
2026-05-04 18:07:37.325297: E external/local_xla/xla/stream_executor/gpu/gpu_cudamallocasync_allocator.cc:71] 768, 4
2026-05-04 18:07:37.325311: E external/local_xla/xla/stream_executor/gpu/gpu_cudamallocasync_allocator.cc:71] 1024, 24
2026-05-04 18:07:37.325325: E external/local_xla/xla/stream_executor/gpu/gpu_cudamallocasync_allocator.cc:71] 1028, 1
2026-05-04 18:07:37.325338: E external/local_xla/xla/stream_executor/gpu/gpu_cudamallocasync_allocator.cc:71] 1536, 5
2026-05-04 18:07:37.325350: E external/local_xla/xla/stream_executor/gpu/gpu_cudamallocasync_allocator.cc:71] 1920, 20
2026-05-04 18:07:37.325361: E external/local_xla/xla/stream_executor/gpu/gpu_cudamallocasync_allocator.cc:71] 3072, 2
2026-05-04 18:07:37.325373: E external/local_xla/xla/stream_executor/gpu/gpu_cudamallocasync_allocator.cc:71] 4608, 17
2026-05-04 18:07:37.325385: E external/local_xla/xla/stream_executor/gpu/gpu_cudamallocasync_allocator.cc:71] 6144, 2
2026-05-04 18:07:37.325397: E external/local_xla/xla/stream_executor/gpu/gpu_cudamallocasync_allocator.cc:71] 10752, 6
2026-05-04 18:07:37.325408: E external/local_xla/xla/stream_executor/gpu/gpu_cudamallocasync_allocator.cc:71] 12288, 1
2026-05-04 18:07:37.325420: E external/local_xla/xla/stream_executor/gpu/gpu_cudamallocasync_allocator.cc:71] 18432, 1
2026-05-04 18:07:37.325432: E external/local_xla/xla/stream_executor/gpu/gpu_cudamallocasync_allocator.cc:71] 21504, 3
2026-05-04 18:07:37.325444: E external/local_xla/xla/stream_executor/gpu/gpu_cudamallocasync_allocator.cc:71] 24576, 1
2026-05-04 18:07:37.325456: E external/local_xla/xla/stream_executor/gpu/gpu_cudamallocasync_allocator.cc:71] 27648, 4
2026-05-04 18:07:37.325467: E external/local_xla/xla/stream_executor/gpu/gpu_cudamallocasync_allocator.cc:71] 32256, 1
2026-05-04 18:07:37.325479: E external/local_xla/xla/stream_executor/gpu/gpu_cudamallocasync_allocator.cc:71] 32768, 4
2026-05-04 18:07:37.325491: E external/local_xla/xla/stream_executor/gpu/gpu_cudamallocasync_allocator.cc:71] 39936, 9
2026-05-04 18:07:37.325503: E external/local_xla/xla/stream_executor/gpu/gpu_cudamallocasync_allocator.cc:71] 43008, 3
2026-05-04 18:07:37.325515: E external/local_xla/xla/stream_executor/gpu/gpu_cudamallocasync_allocator.cc:71] 49152, 22
2026-05-04 18:07:37.325526: E external/local_xla/xla/stream_executor/gpu/gpu_cudamallocasync_allocator.cc:71] 64512, 2
2026-05-04 18:07:37.325538: E external/local_xla/xla/stream_executor/gpu/gpu_cudamallocasync_allocator.cc:71] 65536, 156
2026-05-04 18:07:37.325550: E external/local_xla/xla/stream_executor/gpu/gpu_cudamallocasync_allocator.cc:71] 78336, 4
2026-05-04 18:07:37.325562: E external/local_xla/xla/stream_executor/gpu/gpu_cudamallocasync_allocator.cc:71] 79872, 2
2026-05-04 18:07:37.325574: E external/local_xla/xla/stream_executor/gpu/gpu_cudamallocasync_allocator.cc:71] 83456, 3
2026-05-04 18:07:37.325585: E external/local_xla/xla/stream_executor/gpu/gpu_cudamallocasync_allocator.cc:71] 86016, 2
2026-05-04 18:07:37.325604: E external/local_xla/xla/stream_executor/gpu/gpu_cudamallocasync_allocator.cc:71] 96768, 4
2026-05-04 18:07:37.325616: E external/local_xla/xla/stream_executor/gpu/gpu_cudamallocasync_allocator.cc:71] 119808, 1
2026-05-04 18:07:37.325628: E external/local_xla/xla/stream_executor/gpu/gpu_cudamallocasync_allocator.cc:71] 131072, 48
2026-05-04 18:07:37.325640: E external/local_xla/xla/stream_executor/gpu/gpu_cudamallocasync_allocator.cc:71] 159744, 2
2026-05-04 18:07:37.325652: E external/local_xla/xla/stream_executor/gpu/gpu_cudamallocasync_allocator.cc:71] 239616, 1
2026-05-04 18:07:37.325664: E external/local_xla/xla/stream_executor/gpu/gpu_cudamallocasync_allocator.cc:71] 319488, 1
2026-05-04 18:07:37.325675: E external/local_xla/xla/stream_executor/gpu/gpu_cudamallocasync_allocator.cc:71] 387072, 4
2026-05-04 18:07:37.325687: E external/local_xla/xla/stream_executor/gpu/gpu_cudamallocasync_allocator.cc:71] 577536, 4
2026-05-04 18:07:37.325699: E external/local_xla/xla/stream_executor/gpu/gpu_cudamallocasync_allocator.cc:71] 1032192, 49
2026-05-04 18:07:37.325711: E external/local_xla/xla/stream_executor/gpu/gpu_cudamallocasync_allocator.cc:71] 14450688, 4
2026-05-04 18:07:37.325723: E external/local_xla/xla/stream_executor/gpu/gpu_cudamallocasync_allocator.cc:71] 16515072, 1
2026-05-04 18:07:37.325734: E external/local_xla/xla/stream_executor/gpu/gpu_cudamallocasync_allocator.cc:71] 22020096, 1
2026-05-04 18:07:37.325746: E external/local_xla/xla/stream_executor/gpu/gpu_cudamallocasync_allocator.cc:71] 33030144, 19
2026-05-04 18:07:37.325758: E external/local_xla/xla/stream_executor/gpu/gpu_cudamallocasync_allocator.cc:71] 44040192, 1
2026-05-04 18:07:37.325770: E external/local_xla/xla/stream_executor/gpu/gpu_cudamallocasync_allocator.cc:71] 49545216, 1
2026-05-04 18:07:37.325781: E external/local_xla/xla/stream_executor/gpu/gpu_cudamallocasync_allocator.cc:71] 57802752, 8
2026-05-04 18:07:37.325793: E external/local_xla/xla/stream_executor/gpu/gpu_cudamallocasync_allocator.cc:71] 66060288, 13
2026-05-04 18:07:37.325805: E external/local_xla/xla/stream_executor/gpu/gpu_cudamallocasync_allocator.cc:71] 88080384, 1
2026-05-04 18:07:37.325817: E external/local_xla/xla/stream_executor/gpu/gpu_cudamallocasync_allocator.cc:71] 132120576, 114
2026-05-04 18:07:37.325829: E external/local_xla/xla/stream_executor/gpu/gpu_cudamallocasync_allocator.cc:71] 168247296, 1
2026-05-04 18:07:37.325840: E external/local_xla/xla/stream_executor/gpu/gpu_cudamallocasync_allocator.cc:71] 198180864, 4
2026-05-04 18:07:37.325852: E external/local_xla/xla/stream_executor/gpu/gpu_cudamallocasync_allocator.cc:71] 264241152, 16
2026-05-04 18:07:37.325864: E external/local_xla/xla/stream_executor/gpu/gpu_cudamallocasync_allocator.cc:71] 792723456, 8
2026-05-04 18:07:37.325877: E external/local_xla/xla/stream_executor/gpu/gpu_cudamallocasync_allocator.cc:104] CU_MEMPOOL_ATTR_RESERVED_MEM_CURRENT: 41875931136
2026-05-04 18:07:37.325890: E external/local_xla/xla/stream_executor/gpu/gpu_cudamallocasync_allocator.cc:106] CU_MEMPOOL_ATTR_USED_MEM_CURRENT: 28894859155
2026-05-04 18:07:37.325902: E external/local_xla/xla/stream_executor/gpu/gpu_cudamallocasync_allocator.cc:107] CU_MEMPOOL_ATTR_RESERVED_MEM_HIGH: 41943040000
2026-05-04 18:07:37.325914: E external/local_xla/xla/stream_executor/gpu/gpu_cudamallocasync_allocator.cc:108] CU_MEMPOOL_ATTR_USED_MEM_HIGH: 29026979731
2026-05-04 18:07:37.325931: W tensorflow/core/framework/op_kernel.cc:1844] RESOURCE_EXHAUSTED: failed to allocate memory
Traceback (most recent call last):
  File "/lustre07/scratch/rsadve1/Universal_Receiver_NEW-main_Narval/scripts/run_comprehensive_mu32_ablation.py", line 367, in <module>
    main()
  File "/lustre07/scratch/rsadve1/Universal_Receiver_NEW-main_Narval/scripts/run_comprehensive_mu32_ablation.py", line 286, in main
    train_result = train_model(train_cfg)
                   ^^^^^^^^^^^^^^^^^^^^^^
  File "/lustre07/scratch/rsadve1/Universal_Receiver_NEW-main_Narval/src/upair5g/training.py", line 436, in train_model
    metrics = _train_step(
              ^^^^^^^^^^^^
  File "/home/rsadve1/scratch/.venvGRAND/lib/python3.12/site-packages/tensorflow/python/util/traceback_utils.py", line 153, in error_handler
    raise e.with_traceback(filtered_tb) from None
  File "/home/rsadve1/scratch/.venvGRAND/lib/python3.12/site-packages/tensorflow/python/eager/execute.py", line 53, in quick_execute
    tensors = pywrap_tfe.TFE_Py_Execute(ctx._handle, device_name, op_name,
  ^^^^^^^^^^^^^^^^^^^^^^^^^^^^^^^^^^^^^^^^^^^^^^^^^^^^^^^^^^^^^^^^^^^^^^^^
tensorflow.python.framework.errors_impl.ResourceExhaustedError: Graph execution error:

Detected at node gradient_tape/Real_4/Complex defined at (most recent call last):
  File "/lustre07/scratch/rsadve1/Universal_Receiver_NEW-main_Narval/scripts/run_comprehensive_mu32_ablation.py", line 367, in <module>

  File "/lustre07/scratch/rsadve1/Universal_Receiver_NEW-main_Narval/scripts/run_comprehensive_mu32_ablation.py", line 286, in main

  File "/lustre07/scratch/rsadve1/Universal_Receiver_NEW-main_Narval/src/upair5g/training.py", line 436, in train_model

  File "/lustre07/scratch/rsadve1/Universal_Receiver_NEW-main_Narval/src/upair5g/training.py", line 163, in _train_step

failed to allocate memory
	 [[{{node gradient_tape/Real_4/Complex}}]]
Hint: If you want to see a list of allocated tensors when OOM happens, add report_tensor_allocations_upon_oom to RunOptions for current allocation info. This isn't available when running in Eager mode.
 [Op:__inference__train_step_58521]
