[SLURM] task=1/12 seed=7 dmrs_case=1dmrs variant=shallow_d96_b2_r2
Mon May  4 19:17:57 2026       
+-----------------------------------------------------------------------------------------+
| NVIDIA-SMI 570.211.01             Driver Version: 570.211.01     CUDA Version: 12.8     |
|-----------------------------------------+------------------------+----------------------+
| GPU  Name                 Persistence-M | Bus-Id          Disp.A | Volatile Uncorr. ECC |
| Fan  Temp   Perf          Pwr:Usage/Cap |           Memory-Usage | GPU-Util  Compute M. |
|                                         |                        |               MIG M. |
|=========================================+========================+======================|
|   0  NVIDIA A100-SXM4-40GB          Off |   00000000:41:00.0 Off |                    0 |
| N/A   31C    P0             53W /  400W |       0MiB /  40960MiB |      0%      Default |
|                                         |                        |             Disabled |
+-----------------------------------------+------------------------+----------------------+
                                                                                         
+-----------------------------------------------------------------------------------------+
| Processes:                                                                              |
|  GPU   GI   CI              PID   Type   Process name                        GPU Memory |
|        ID   ID                                                               Usage      |
|=========================================================================================|
|  No running processes found                                                             |
+-----------------------------------------------------------------------------------------+
[TRAIN] resumed from /lustre07/scratch/rsadve1/Universal_Receiver_NEW-main_Narval/TWC_plots_comprehensive/runs_rx16/seed7/1dmrs/shallow_d96_b2_r2/checkpoints/training_state/ckpt-10000 at completed_step=10000 best_val=0.0126665
[TRAIN] saved resumable state at step=10000 reason=final: /lustre07/scratch/rsadve1/Universal_Receiver_NEW-main_Narval/TWC_plots_comprehensive/runs_rx16/seed7/1dmrs/shallow_d96_b2_r2/checkpoints/training_state/ckpt-10000
[COMPREHENSIVE] cleared TensorFlow state before evaluation seed=7 1dmrs/shallow_d96_b2_r2/u1: gpu_mem=0.00GiB peak=0.09GiB
[EVAL] receiver microbatching enabled: batch_size_eval=128 receiver_microbatch_size=4
[EVAL] ignoring unreadable partial curves /lustre07/scratch/rsadve1/Universal_Receiver_NEW-main_Narval/TWC_plots_comprehensive/eval_runs_rx16/seed7/1dmrs/shallow_d96_b2_r2_u1/metrics/curves.csv: EmptyDataError('No columns to parse from file')
[EVAL] received signal 15; will save completed Eb/N0 points and stop after current batch.
[EVAL] stopped before completing current Eb/N0; resubmit to resume from completed points.
