[SLURM] task=2/12 seed=7 dmrs_case=1dmrs variant=deep_d96_b6_r2
Tue May  5 08:33:02 2026       
+-----------------------------------------------------------------------------------------+
| NVIDIA-SMI 570.211.01             Driver Version: 570.211.01     CUDA Version: 12.8     |
|-----------------------------------------+------------------------+----------------------+
| GPU  Name                 Persistence-M | Bus-Id          Disp.A | Volatile Uncorr. ECC |
| Fan  Temp   Perf          Pwr:Usage/Cap |           Memory-Usage | GPU-Util  Compute M. |
|                                         |                        |               MIG M. |
|=========================================+========================+======================|
|   0  NVIDIA A100-SXM4-40GB          Off |   00000000:41:00.0 Off |                    0 |
| N/A   29C    P0             52W /  400W |       0MiB /  40960MiB |      0%      Default |
|                                         |                        |             Disabled |
+-----------------------------------------+------------------------+----------------------+
                                                                                         
+-----------------------------------------------------------------------------------------+
| Processes:                                                                              |
|  GPU   GI   CI              PID   Type   Process name                        GPU Memory |
|        ID   ID                                                               Usage      |
|=========================================================================================|
|  No running processes found                                                             |
+-----------------------------------------------------------------------------------------+
[COMPREHENSIVE] cleared TensorFlow state before evaluation seed=7 1dmrs/deep_d96_b6_r2/u3: gpu_mem=0.00GiB peak=0.00GiB
[EVAL] receiver microbatching enabled: batch_size_eval=96 receiver_microbatch_size=32
[BASELINES] Estimating empirical LMMSE covariances with num_batches=32 batch_size=32 mode=clean-channel
[EVAL] receiver=       baseline_ls_lmmse Eb/N0=-4.0 dB BER=3.50446e-01 BLER=1.00000e+00 NMSE=5.03380e-01 bit_err=607185/1732608  blk_err=  288/288    batches=   1
[EVAL] receiver=baseline_ls_2dlmmse_lmmse Eb/N0=-4.0 dB BER=3.49831e-01 BLER=1.00000e+00 NMSE=1.92689e-01 bit_err=606120/1732608  blk_err=  288/288    batches=   1
[EVAL] receiver= baseline_ddcpe_ls_lmmse Eb/N0=-4.0 dB BER=3.50439e-01 BLER=1.00000e+00 NMSE=5.03872e-01 bit_err=607174/1732608  blk_err=  288/288    batches=   1
[EVAL] receiver=           upair5g_lmmse Eb/N0=-4.0 dB BER=3.48397e-01 BLER=1.00000e+00 NMSE=3.38232e-01 bit_err=603636/1732608  blk_err=  288/288    batches=   1
[EVAL] receiver=       perfect_csi_lmmse Eb/N0=-4.0 dB BER=4.42496e-01 BLER=3.33333e-01 NMSE=0.00000e+00 bit_err=766672/1732608  blk_err=   96/288    batches=   1
[EVAL] receiver=       baseline_ls_lmmse Eb/N0=-2.0 dB BER=3.48632e-01 BLER=1.00000e+00 NMSE=3.36904e-01 bit_err=604043/1732608  blk_err=  288/288    batches=   1
[EVAL] receiver=baseline_ls_2dlmmse_lmmse Eb/N0=-2.0 dB BER=3.50209e-01 BLER=1.00000e+00 NMSE=1.47426e-01 bit_err=606775/1732608  blk_err=  288/288    batches=   1
[EVAL] receiver= baseline_ddcpe_ls_lmmse Eb/N0=-2.0 dB BER=3.48649e-01 BLER=1.00000e+00 NMSE=3.37768e-01 bit_err=604072/1732608  blk_err=  288/288    batches=   1
[EVAL] receiver=           upair5g_lmmse Eb/N0=-2.0 dB BER=3.46482e-01 BLER=1.00000e+00 NMSE=2.12514e-01 bit_err=600318/1732608  blk_err=  288/288    batches=   1
[EVAL] receiver=       perfect_csi_lmmse Eb/N0=-2.0 dB BER=4.42737e-01 BLER=3.33333e-01 NMSE=0.00000e+00 bit_err=767090/1732608  blk_err=   96/288    batches=   1
[EVAL] receiver=       baseline_ls_lmmse Eb/N0= 0.0 dB BER=3.47480e-01 BLER=1.00000e+00 NMSE=2.32054e-01 bit_err=602047/1732608  blk_err=  288/288    batches=   1
[EVAL] receiver=baseline_ls_2dlmmse_lmmse Eb/N0= 0.0 dB BER=3.49127e-01 BLER=1.00000e+00 NMSE=1.13657e-01 bit_err=604900/1732608  blk_err=  288/288    batches=   1
[EVAL] receiver= baseline_ddcpe_ls_lmmse Eb/N0= 0.0 dB BER=3.47653e-01 BLER=1.00000e+00 NMSE=2.32212e-01 bit_err=602347/1732608  blk_err=  288/288    batches=   1
[EVAL] receiver=           upair5g_lmmse Eb/N0= 0.0 dB BER=3.45107e-01 BLER=1.00000e+00 NMSE=1.36712e-01 bit_err=597935/1732608  blk_err=  288/288    batches=   1
[EVAL] receiver=       perfect_csi_lmmse Eb/N0= 0.0 dB BER=4.44327e-01 BLER=3.33333e-01 NMSE=0.00000e+00 bit_err=769844/1732608  blk_err=   96/288    batches=   1
[EVAL] receiver=       baseline_ls_lmmse Eb/N0= 2.0 dB BER=3.47327e-01 BLER=1.00000e+00 NMSE=1.62841e-01 bit_err=601782/1732608  blk_err=  288/288    batches=   1
[EVAL] receiver=baseline_ls_2dlmmse_lmmse Eb/N0= 2.0 dB BER=3.48176e-01 BLER=1.00000e+00 NMSE=8.72925e-02 bit_err=603252/1732608  blk_err=  288/288    batches=   1
[EVAL] receiver= baseline_ddcpe_ls_lmmse Eb/N0= 2.0 dB BER=3.47332e-01 BLER=1.00000e+00 NMSE=1.62980e-01 bit_err=601791/1732608  blk_err=  288/288    batches=   1
[EVAL] receiver=           upair5g_lmmse Eb/N0= 2.0 dB BER=3.44694e-01 BLER=1.00000e+00 NMSE=8.87980e-02 bit_err=597220/1732608  blk_err=  288/288    batches=   1
[EVAL] receiver=       perfect_csi_lmmse Eb/N0= 2.0 dB BER=4.46602e-01 BLER=3.33333e-01 NMSE=0.00000e+00 bit_err=773787/1732608  blk_err=   96/288    batches=   1
[EVAL] receiver=       baseline_ls_lmmse Eb/N0= 4.0 dB BER=3.48121e-01 BLER=1.00000e+00 NMSE=1.17298e-01 bit_err=603157/1732608  blk_err=  288/288    batches=   1
[EVAL] receiver=baseline_ls_2dlmmse_lmmse Eb/N0= 4.0 dB BER=3.48159e-01 BLER=1.00000e+00 NMSE=6.57426e-02 bit_err=603223/1732608  blk_err=  288/288    batches=   1
[EVAL] receiver= baseline_ddcpe_ls_lmmse Eb/N0= 4.0 dB BER=3.48187e-01 BLER=1.00000e+00 NMSE=1.18395e-01 bit_err=603271/1732608  blk_err=  288/288    batches=   1
[EVAL] receiver=           upair5g_lmmse Eb/N0= 4.0 dB BER=3.44708e-01 BLER=1.00000e+00 NMSE=5.91277e-02 bit_err=597243/1732608  blk_err=  288/288    batches=   1
[EVAL] receiver=       perfect_csi_lmmse Eb/N0= 4.0 dB BER=4.46421e-01 BLER=3.33333e-01 NMSE=0.00000e+00 bit_err=773472/1732608  blk_err=   96/288    batches=   1
[COMPREHENSIVE] skipped shared combined CSV/manifest writes for parallel worker mode
