[SLURM] task=4/12 seed=7 dmrs_case=1dmrs variant=wide_d128_b4_r2
Tue May  5 08:36:39 2026       
+-----------------------------------------------------------------------------------------+
| NVIDIA-SMI 570.211.01             Driver Version: 570.211.01     CUDA Version: 12.8     |
|-----------------------------------------+------------------------+----------------------+
| GPU  Name                 Persistence-M | Bus-Id          Disp.A | Volatile Uncorr. ECC |
| Fan  Temp   Perf          Pwr:Usage/Cap |           Memory-Usage | GPU-Util  Compute M. |
|                                         |                        |               MIG M. |
|=========================================+========================+======================|
|   0  NVIDIA A100-SXM4-40GB          Off |   00000000:C1:00.0 Off |                    0 |
| N/A   28C    P0             54W /  400W |       0MiB /  40960MiB |      0%      Default |
|                                         |                        |             Disabled |
+-----------------------------------------+------------------------+----------------------+
                                                                                         
+-----------------------------------------------------------------------------------------+
| Processes:                                                                              |
|  GPU   GI   CI              PID   Type   Process name                        GPU Memory |
|        ID   ID                                                               Usage      |
|=========================================================================================|
|  No running processes found                                                             |
+-----------------------------------------------------------------------------------------+
[COMPREHENSIVE] cleared TensorFlow state before evaluation seed=7 1dmrs/wide_d128_b4_r2/u3: gpu_mem=0.00GiB peak=0.00GiB
[EVAL] receiver microbatching enabled: batch_size_eval=96 receiver_microbatch_size=32
[BASELINES] Estimating empirical LMMSE covariances with num_batches=32 batch_size=32 mode=clean-channel
[EVAL] receiver=       baseline_ls_lmmse Eb/N0=-4.0 dB BER=3.50151e-01 BLER=1.00000e+00 NMSE=5.01318e-01 bit_err=606674/1732608  blk_err=  288/288    batches=   1
[EVAL] receiver=baseline_ls_2dlmmse_lmmse Eb/N0=-4.0 dB BER=3.50022e-01 BLER=1.00000e+00 NMSE=1.89581e-01 bit_err=606451/1732608  blk_err=  288/288    batches=   1
[EVAL] receiver= baseline_ddcpe_ls_lmmse Eb/N0=-4.0 dB BER=3.50285e-01 BLER=1.00000e+00 NMSE=5.02038e-01 bit_err=606907/1732608  blk_err=  288/288    batches=   1
[EVAL] receiver=           upair5g_lmmse Eb/N0=-4.0 dB BER=3.46767e-01 BLER=1.00000e+00 NMSE=2.67391e-01 bit_err=600812/1732608  blk_err=  288/288    batches=   1
[EVAL] receiver=       perfect_csi_lmmse Eb/N0=-4.0 dB BER=4.42721e-01 BLER=3.33333e-01 NMSE=0.00000e+00 bit_err=767062/1732608  blk_err=   96/288    batches=   1
[EVAL] receiver=       baseline_ls_lmmse Eb/N0=-2.0 dB BER=3.48626e-01 BLER=1.00000e+00 NMSE=3.33676e-01 bit_err=604033/1732608  blk_err=  288/288    batches=   1
[EVAL] receiver=baseline_ls_2dlmmse_lmmse Eb/N0=-2.0 dB BER=3.50059e-01 BLER=1.00000e+00 NMSE=1.42091e-01 bit_err=606515/1732608  blk_err=  288/288    batches=   1
[EVAL] receiver= baseline_ddcpe_ls_lmmse Eb/N0=-2.0 dB BER=3.48724e-01 BLER=1.00000e+00 NMSE=3.33559e-01 bit_err=604202/1732608  blk_err=  288/288    batches=   1
[EVAL] receiver=           upair5g_lmmse Eb/N0=-2.0 dB BER=3.44902e-01 BLER=1.00000e+00 NMSE=1.66228e-01 bit_err=597580/1732608  blk_err=  288/288    batches=   1
[EVAL] receiver=       perfect_csi_lmmse Eb/N0=-2.0 dB BER=4.42509e-01 BLER=3.33333e-01 NMSE=0.00000e+00 bit_err=766695/1732608  blk_err=   96/288    batches=   1
[EVAL] receiver=       baseline_ls_lmmse Eb/N0= 0.0 dB BER=3.46981e-01 BLER=1.00000e+00 NMSE=2.30495e-01 bit_err=601182/1732608  blk_err=  288/288    batches=   1
[EVAL] receiver=baseline_ls_2dlmmse_lmmse Eb/N0= 0.0 dB BER=3.49188e-01 BLER=1.00000e+00 NMSE=1.12611e-01 bit_err=605006/1732608  blk_err=  288/288    batches=   1
[EVAL] receiver= baseline_ddcpe_ls_lmmse Eb/N0= 0.0 dB BER=3.47074e-01 BLER=1.00000e+00 NMSE=2.31063e-01 bit_err=601344/1732608  blk_err=  288/288    batches=   1
[EVAL] receiver=           upair5g_lmmse Eb/N0= 0.0 dB BER=3.43198e-01 BLER=1.00000e+00 NMSE=1.11025e-01 bit_err=594627/1732608  blk_err=  288/288    batches=   1
[EVAL] receiver=       perfect_csi_lmmse Eb/N0= 0.0 dB BER=4.44758e-01 BLER=3.33333e-01 NMSE=0.00000e+00 bit_err=770591/1732608  blk_err=   96/288    batches=   1
[EVAL] receiver=       baseline_ls_lmmse Eb/N0= 2.0 dB BER=3.46984e-01 BLER=1.00000e+00 NMSE=1.64814e-01 bit_err=601188/1732608  blk_err=  288/288    batches=   1
[EVAL] receiver=baseline_ls_2dlmmse_lmmse Eb/N0= 2.0 dB BER=3.48371e-01 BLER=1.00000e+00 NMSE=8.96707e-02 bit_err=603590/1732608  blk_err=  288/288    batches=   1
[EVAL] receiver= baseline_ddcpe_ls_lmmse Eb/N0= 2.0 dB BER=3.47134e-01 BLER=1.00000e+00 NMSE=1.65690e-01 bit_err=601448/1732608  blk_err=  288/288    batches=   1
[EVAL] receiver=           upair5g_lmmse Eb/N0= 2.0 dB BER=3.42439e-01 BLER=1.00000e+00 NMSE=7.40313e-02 bit_err=593313/1732608  blk_err=  288/288    batches=   1
[EVAL] receiver=       perfect_csi_lmmse Eb/N0= 2.0 dB BER=4.46720e-01 BLER=3.33333e-01 NMSE=0.00000e+00 bit_err=773990/1732608  blk_err=   96/288    batches=   1
[EVAL] receiver=       baseline_ls_lmmse Eb/N0= 4.0 dB BER=3.46979e-01 BLER=1.00000e+00 NMSE=1.20062e-01 bit_err=601178/1732608  blk_err=  288/288    batches=   1
[EVAL] receiver=baseline_ls_2dlmmse_lmmse Eb/N0= 4.0 dB BER=3.47416e-01 BLER=1.00000e+00 NMSE=6.93810e-02 bit_err=601935/1732608  blk_err=  288/288    batches=   1
[EVAL] receiver= baseline_ddcpe_ls_lmmse Eb/N0= 4.0 dB BER=3.46938e-01 BLER=1.00000e+00 NMSE=1.20770e-01 bit_err=601107/1732608  blk_err=  288/288    batches=   1
[EVAL] receiver=           upair5g_lmmse Eb/N0= 4.0 dB BER=3.42742e-01 BLER=1.00000e+00 NMSE=5.27580e-02 bit_err=593837/1732608  blk_err=  288/288    batches=   1
[EVAL] receiver=       perfect_csi_lmmse Eb/N0= 4.0 dB BER=4.46947e-01 BLER=3.33333e-01 NMSE=0.00000e+00 bit_err=774384/1732608  blk_err=   96/288    batches=   1
[COMPREHENSIVE] skipped shared combined CSV/manifest writes for parallel worker mode
