[SLURM] task=0/12 seed=7 dmrs_case=1dmrs variant=main_d96_b4_r2
Tue May  5 08:33:02 2026       
+-----------------------------------------------------------------------------------------+
| NVIDIA-SMI 570.211.01             Driver Version: 570.211.01     CUDA Version: 12.8     |
|-----------------------------------------+------------------------+----------------------+
| GPU  Name                 Persistence-M | Bus-Id          Disp.A | Volatile Uncorr. ECC |
| Fan  Temp   Perf          Pwr:Usage/Cap |           Memory-Usage | GPU-Util  Compute M. |
|                                         |                        |               MIG M. |
|=========================================+========================+======================|
|   0  NVIDIA A100-SXM4-40GB          Off |   00000000:01:00.0 Off |                    0 |
| N/A   33C    P0             54W /  400W |       0MiB /  40960MiB |      0%      Default |
|                                         |                        |             Disabled |
+-----------------------------------------+------------------------+----------------------+
                                                                                         
+-----------------------------------------------------------------------------------------+
| Processes:                                                                              |
|  GPU   GI   CI              PID   Type   Process name                        GPU Memory |
|        ID   ID                                                               Usage      |
|=========================================================================================|
|  No running processes found                                                             |
+-----------------------------------------------------------------------------------------+
[COMPREHENSIVE] cleared TensorFlow state before evaluation seed=7 1dmrs/main_d96_b4_r2/u3: gpu_mem=0.00GiB peak=0.00GiB
[EVAL] receiver microbatching enabled: batch_size_eval=96 receiver_microbatch_size=32
[BASELINES] Estimating empirical LMMSE covariances with num_batches=32 batch_size=32 mode=clean-channel
[EVAL] receiver=       baseline_ls_lmmse Eb/N0=-4.0 dB BER=3.50137e-01 BLER=1.00000e+00 NMSE=5.01332e-01 bit_err=606650/1732608  blk_err=  288/288    batches=   1
[EVAL] receiver=baseline_ls_2dlmmse_lmmse Eb/N0=-4.0 dB BER=3.50157e-01 BLER=1.00000e+00 NMSE=1.89912e-01 bit_err=606684/1732608  blk_err=  288/288    batches=   1
[EVAL] receiver= baseline_ddcpe_ls_lmmse Eb/N0=-4.0 dB BER=3.50306e-01 BLER=1.00000e+00 NMSE=5.01299e-01 bit_err=606943/1732608  blk_err=  288/288    batches=   1
[EVAL] receiver=           upair5g_lmmse Eb/N0=-4.0 dB BER=3.48159e-01 BLER=1.00000e+00 NMSE=3.39640e-01 bit_err=603223/1732608  blk_err=  288/288    batches=   1
[EVAL] receiver=       perfect_csi_lmmse Eb/N0=-4.0 dB BER=4.41742e-01 BLER=3.33333e-01 NMSE=0.00000e+00 bit_err=765366/1732608  blk_err=   96/288    batches=   1
[EVAL] receiver=       baseline_ls_lmmse Eb/N0=-2.0 dB BER=3.48620e-01 BLER=1.00000e+00 NMSE=3.37355e-01 bit_err=604021/1732608  blk_err=  288/288    batches=   1
[EVAL] receiver=baseline_ls_2dlmmse_lmmse Eb/N0=-2.0 dB BER=3.50203e-01 BLER=1.00000e+00 NMSE=1.46584e-01 bit_err=606764/1732608  blk_err=  288/288    batches=   1
[EVAL] receiver= baseline_ddcpe_ls_lmmse Eb/N0=-2.0 dB BER=3.48725e-01 BLER=1.00000e+00 NMSE=3.38754e-01 bit_err=604204/1732608  blk_err=  288/288    batches=   1
[EVAL] receiver=           upair5g_lmmse Eb/N0=-2.0 dB BER=3.46176e-01 BLER=1.00000e+00 NMSE=2.11838e-01 bit_err=599788/1732608  blk_err=  288/288    batches=   1
[EVAL] receiver=       perfect_csi_lmmse Eb/N0=-2.0 dB BER=4.43037e-01 BLER=3.33333e-01 NMSE=0.00000e+00 bit_err=767609/1732608  blk_err=   96/288    batches=   1
[EVAL] receiver=       baseline_ls_lmmse Eb/N0= 0.0 dB BER=3.47007e-01 BLER=1.00000e+00 NMSE=2.37060e-01 bit_err=601227/1732608  blk_err=  288/288    batches=   1
[EVAL] receiver=baseline_ls_2dlmmse_lmmse Eb/N0= 0.0 dB BER=3.48708e-01 BLER=1.00000e+00 NMSE=1.17892e-01 bit_err=604174/1732608  blk_err=  288/288    batches=   1
[EVAL] receiver= baseline_ddcpe_ls_lmmse Eb/N0= 0.0 dB BER=3.47011e-01 BLER=1.00000e+00 NMSE=2.37133e-01 bit_err=601234/1732608  blk_err=  288/288    batches=   1
[EVAL] receiver=           upair5g_lmmse Eb/N0= 0.0 dB BER=3.44915e-01 BLER=1.00000e+00 NMSE=1.38636e-01 bit_err=597602/1732608  blk_err=  288/288    batches=   1
[EVAL] receiver=       perfect_csi_lmmse Eb/N0= 0.0 dB BER=4.44462e-01 BLER=3.33333e-01 NMSE=0.00000e+00 bit_err=770078/1732608  blk_err=   96/288    batches=   1
[EVAL] receiver=       baseline_ls_lmmse Eb/N0= 2.0 dB BER=3.46098e-01 BLER=1.00000e+00 NMSE=1.60176e-01 bit_err=599653/1732608  blk_err=  288/288    batches=   1
[EVAL] receiver=baseline_ls_2dlmmse_lmmse Eb/N0= 2.0 dB BER=3.48407e-01 BLER=1.00000e+00 NMSE=8.48688e-02 bit_err=603653/1732608  blk_err=  288/288    batches=   1
[EVAL] receiver= baseline_ddcpe_ls_lmmse Eb/N0= 2.0 dB BER=3.46270e-01 BLER=1.00000e+00 NMSE=1.61104e-01 bit_err=599950/1732608  blk_err=  288/288    batches=   1
[EVAL] receiver=           upair5g_lmmse Eb/N0= 2.0 dB BER=3.44213e-01 BLER=1.00000e+00 NMSE=8.90189e-02 bit_err=596386/1732608  blk_err=  288/288    batches=   1
[EVAL] receiver=       perfect_csi_lmmse Eb/N0= 2.0 dB BER=4.46873e-01 BLER=3.33333e-01 NMSE=0.00000e+00 bit_err=774256/1732608  blk_err=   96/288    batches=   1
[EVAL] receiver=       baseline_ls_lmmse Eb/N0= 4.0 dB BER=3.47799e-01 BLER=1.00000e+00 NMSE=1.24526e-01 bit_err=602600/1732608  blk_err=  288/288    batches=   1
[EVAL] receiver=baseline_ls_2dlmmse_lmmse Eb/N0= 4.0 dB BER=3.48327e-01 BLER=1.00000e+00 NMSE=7.48129e-02 bit_err=603514/1732608  blk_err=  288/288    batches=   1
[EVAL] receiver= baseline_ddcpe_ls_lmmse Eb/N0= 4.0 dB BER=3.48065e-01 BLER=1.00000e+00 NMSE=1.24643e-01 bit_err=603061/1732608  blk_err=  288/288    batches=   1
[EVAL] receiver=           upair5g_lmmse Eb/N0= 4.0 dB BER=3.44858e-01 BLER=1.00000e+00 NMSE=6.04643e-02 bit_err=597503/1732608  blk_err=  288/288    batches=   1
[EVAL] receiver=       perfect_csi_lmmse Eb/N0= 4.0 dB BER=4.46839e-01 BLER=3.33333e-01 NMSE=0.00000e+00 bit_err=774196/1732608  blk_err=   96/288    batches=   1
[COMPREHENSIVE] skipped shared combined CSV/manifest writes for parallel worker mode
