2026-05-04 21:40:06.601654: E external/local_xla/xla/stream_executor/cuda/cuda_fft.cc:467] Unable to register cuFFT factory: Attempting to register factory for plugin cuFFT when one has already been registered
WARNING: All log messages before absl::InitializeLog() is called are written to STDERR
E0000 00:00:1777945207.743432 2797532 cuda_dnn.cc:8579] Unable to register cuDNN factory: Attempting to register factory for plugin cuDNN when one has already been registered
E0000 00:00:1777945207.927106 2797532 cuda_blas.cc:1407] Unable to register cuBLAS factory: Attempting to register factory for plugin cuBLAS when one has already been registered
W0000 00:00:1777945209.110376 2797532 computation_placer.cc:177] computation placer already registered. Please check linkage and avoid linking the same target more than once.
W0000 00:00:1777945209.110413 2797532 computation_placer.cc:177] computation placer already registered. Please check linkage and avoid linking the same target more than once.
W0000 00:00:1777945209.110426 2797532 computation_placer.cc:177] computation placer already registered. Please check linkage and avoid linking the same target more than once.
W0000 00:00:1777945209.110437 2797532 computation_placer.cc:177] computation placer already registered. Please check linkage and avoid linking the same target more than once.
2026-05-04 21:41:23.242651: W tensorflow/core/common_runtime/gpu/gpu_bfc_allocator.cc:47] Overriding orig_value setting because the TF_FORCE_GPU_ALLOW_GROWTH environment variable is set. Original config value was 0.
I0000 00:00:1777945283.242716 2797532 gpu_process_state.cc:208] Using CUDA malloc Async allocator for GPU: 0
I0000 00:00:1777945283.247055 2797532 gpu_device.cc:2019] Created device /job:localhost/replica:0/task:0/device:GPU:0 with 38484 MB memory:  -> device: 0, name: NVIDIA A100-SXM4-40GB, pci bus id: 0000:01:00.0, compute capability: 8.0
WARNING: All log messages before absl::InitializeLog() is called are written to STDERR
I0000 00:00:1777945308.405895 2797532 cuda_solvers.cc:175] Creating GpuSolver handles for stream 0x9101e00
I0000 00:00:1777945350.879694 2797532 cuda_dnn.cc:529] Loaded cuDNN version 91000
2026-05-04 21:43:20.646740: W tensorflow/core/framework/op_kernel.cc:1857] OP_REQUIRES failed at transpose_op.cc:142 : INVALID_ARGUMENT: transpose expects a vector of size 0. But input(1) is a vector of size 7
2026-05-04 21:43:21.181728: W tensorflow/core/framework/op_kernel.cc:1857] OP_REQUIRES failed at transpose_op.cc:142 : INVALID_ARGUMENT: transpose expects a vector of size 0. But input(1) is a vector of size 7
2026-05-04 21:43:21.713977: W tensorflow/core/framework/op_kernel.cc:1857] OP_REQUIRES failed at transpose_op.cc:142 : INVALID_ARGUMENT: transpose expects a vector of size 0. But input(1) is a vector of size 7
2026-05-04 21:43:22.243351: W tensorflow/core/framework/op_kernel.cc:1857] OP_REQUIRES failed at transpose_op.cc:142 : INVALID_ARGUMENT: transpose expects a vector of size 0. But input(1) is a vector of size 7
2026-05-04 21:43:22.776312: W tensorflow/core/framework/op_kernel.cc:1857] OP_REQUIRES failed at transpose_op.cc:142 : INVALID_ARGUMENT: transpose expects a vector of size 0. But input(1) is a vector of size 7
2026-05-04 21:43:23.311585: W tensorflow/core/framework/op_kernel.cc:1857] OP_REQUIRES failed at transpose_op.cc:142 : INVALID_ARGUMENT: transpose expects a vector of size 0. But input(1) is a vector of size 7
2026-05-04 21:43:23.846339: W tensorflow/core/framework/op_kernel.cc:1857] OP_REQUIRES failed at transpose_op.cc:142 : INVALID_ARGUMENT: transpose expects a vector of size 0. But input(1) is a vector of size 7
2026-05-04 21:43:24.382683: W tensorflow/core/framework/op_kernel.cc:1857] OP_REQUIRES failed at transpose_op.cc:142 : INVALID_ARGUMENT: transpose expects a vector of size 0. But input(1) is a vector of size 7
2026-05-04 21:43:24.917747: W tensorflow/core/framework/op_kernel.cc:1857] OP_REQUIRES failed at transpose_op.cc:142 : INVALID_ARGUMENT: transpose expects a vector of size 0. But input(1) is a vector of size 7
2026-05-04 21:43:25.453628: W tensorflow/core/framework/op_kernel.cc:1857] OP_REQUIRES failed at transpose_op.cc:142 : INVALID_ARGUMENT: transpose expects a vector of size 0. But input(1) is a vector of size 7
2026-05-04 21:43:25.987935: W tensorflow/core/framework/op_kernel.cc:1857] OP_REQUIRES failed at transpose_op.cc:142 : INVALID_ARGUMENT: transpose expects a vector of size 0. But input(1) is a vector of size 7
2026-05-04 21:43:26.520186: W tensorflow/core/framework/op_kernel.cc:1857] OP_REQUIRES failed at transpose_op.cc:142 : INVALID_ARGUMENT: transpose expects a vector of size 0. But input(1) is a vector of size 7
2026-05-04 21:43:27.051503: W tensorflow/core/framework/op_kernel.cc:1857] OP_REQUIRES failed at transpose_op.cc:142 : INVALID_ARGUMENT: transpose expects a vector of size 0. But input(1) is a vector of size 7
2026-05-04 21:43:27.581907: W tensorflow/core/framework/op_kernel.cc:1857] OP_REQUIRES failed at transpose_op.cc:142 : INVALID_ARGUMENT: transpose expects a vector of size 0. But input(1) is a vector of size 7
2026-05-04 21:43:28.112086: W tensorflow/core/framework/op_kernel.cc:1857] OP_REQUIRES failed at transpose_op.cc:142 : INVALID_ARGUMENT: transpose expects a vector of size 0. But input(1) is a vector of size 7
2026-05-04 21:43:28.642265: W tensorflow/core/framework/op_kernel.cc:1857] OP_REQUIRES failed at transpose_op.cc:142 : INVALID_ARGUMENT: transpose expects a vector of size 0. But input(1) is a vector of size 7
2026-05-04 21:43:29.172969: W tensorflow/core/framework/op_kernel.cc:1857] OP_REQUIRES failed at transpose_op.cc:142 : INVALID_ARGUMENT: transpose expects a vector of size 0. But input(1) is a vector of size 7
2026-05-04 21:43:29.705666: W tensorflow/core/framework/op_kernel.cc:1857] OP_REQUIRES failed at transpose_op.cc:142 : INVALID_ARGUMENT: transpose expects a vector of size 0. But input(1) is a vector of size 7
2026-05-04 21:43:30.235840: W tensorflow/core/framework/op_kernel.cc:1857] OP_REQUIRES failed at transpose_op.cc:142 : INVALID_ARGUMENT: transpose expects a vector of size 0. But input(1) is a vector of size 7
2026-05-04 21:43:30.767851: W tensorflow/core/framework/op_kernel.cc:1857] OP_REQUIRES failed at transpose_op.cc:142 : INVALID_ARGUMENT: transpose expects a vector of size 0. But input(1) is a vector of size 7
2026-05-04 21:43:31.303124: W tensorflow/core/framework/op_kernel.cc:1857] OP_REQUIRES failed at transpose_op.cc:142 : INVALID_ARGUMENT: transpose expects a vector of size 0. But input(1) is a vector of size 7
2026-05-04 21:43:31.834901: W tensorflow/core/framework/op_kernel.cc:1857] OP_REQUIRES failed at transpose_op.cc:142 : INVALID_ARGUMENT: transpose expects a vector of size 0. But input(1) is a vector of size 7
2026-05-04 21:43:32.369970: W tensorflow/core/framework/op_kernel.cc:1857] OP_REQUIRES failed at transpose_op.cc:142 : INVALID_ARGUMENT: transpose expects a vector of size 0. But input(1) is a vector of size 7
2026-05-04 21:43:32.901398: W tensorflow/core/framework/op_kernel.cc:1857] OP_REQUIRES failed at transpose_op.cc:142 : INVALID_ARGUMENT: transpose expects a vector of size 0. But input(1) is a vector of size 7
2026-05-04 21:43:33.434025: W tensorflow/core/framework/op_kernel.cc:1857] OP_REQUIRES failed at transpose_op.cc:142 : INVALID_ARGUMENT: transpose expects a vector of size 0. But input(1) is a vector of size 7
2026-05-04 21:43:33.963695: W tensorflow/core/framework/op_kernel.cc:1857] OP_REQUIRES failed at transpose_op.cc:142 : INVALID_ARGUMENT: transpose expects a vector of size 0. But input(1) is a vector of size 7
2026-05-04 21:43:34.491024: W tensorflow/core/framework/op_kernel.cc:1857] OP_REQUIRES failed at transpose_op.cc:142 : INVALID_ARGUMENT: transpose expects a vector of size 0. But input(1) is a vector of size 7
2026-05-04 21:43:35.020578: W tensorflow/core/framework/op_kernel.cc:1857] OP_REQUIRES failed at transpose_op.cc:142 : INVALID_ARGUMENT: transpose expects a vector of size 0. But input(1) is a vector of size 7
2026-05-04 21:43:35.556030: W tensorflow/core/framework/op_kernel.cc:1857] OP_REQUIRES failed at transpose_op.cc:142 : INVALID_ARGUMENT: transpose expects a vector of size 0. But input(1) is a vector of size 7
2026-05-04 21:43:36.087466: W tensorflow/core/framework/op_kernel.cc:1857] OP_REQUIRES failed at transpose_op.cc:142 : INVALID_ARGUMENT: transpose expects a vector of size 0. But input(1) is a vector of size 7
2026-05-04 21:43:36.623781: W tensorflow/core/framework/op_kernel.cc:1857] OP_REQUIRES failed at transpose_op.cc:142 : INVALID_ARGUMENT: transpose expects a vector of size 0. But input(1) is a vector of size 7
2026-05-04 21:43:37.158056: W tensorflow/core/framework/op_kernel.cc:1857] OP_REQUIRES failed at transpose_op.cc:142 : INVALID_ARGUMENT: transpose expects a vector of size 0. But input(1) is a vector of size 7
2026-05-04 21:45:05.984792: W tensorflow/core/framework/op_kernel.cc:1857] OP_REQUIRES failed at transpose_op.cc:142 : INVALID_ARGUMENT: transpose expects a vector of size 0. But input(1) is a vector of size 7
2026-05-04 21:45:06.513015: W tensorflow/core/framework/op_kernel.cc:1857] OP_REQUIRES failed at transpose_op.cc:142 : INVALID_ARGUMENT: transpose expects a vector of size 0. But input(1) is a vector of size 7
2026-05-04 21:45:07.039231: W tensorflow/core/framework/op_kernel.cc:1857] OP_REQUIRES failed at transpose_op.cc:142 : INVALID_ARGUMENT: transpose expects a vector of size 0. But input(1) is a vector of size 7
2026-05-04 21:45:07.566956: W tensorflow/core/framework/op_kernel.cc:1857] OP_REQUIRES failed at transpose_op.cc:142 : INVALID_ARGUMENT: transpose expects a vector of size 0. But input(1) is a vector of size 7
2026-05-04 21:45:08.092879: W tensorflow/core/framework/op_kernel.cc:1857] OP_REQUIRES failed at transpose_op.cc:142 : INVALID_ARGUMENT: transpose expects a vector of size 0. But input(1) is a vector of size 7
2026-05-04 21:45:08.621262: W tensorflow/core/framework/op_kernel.cc:1857] OP_REQUIRES failed at transpose_op.cc:142 : INVALID_ARGUMENT: transpose expects a vector of size 0. But input(1) is a vector of size 7
2026-05-04 21:45:09.147545: W tensorflow/core/framework/op_kernel.cc:1857] OP_REQUIRES failed at transpose_op.cc:142 : INVALID_ARGUMENT: transpose expects a vector of size 0. But input(1) is a vector of size 7
2026-05-04 21:45:09.674752: W tensorflow/core/framework/op_kernel.cc:1857] OP_REQUIRES failed at transpose_op.cc:142 : INVALID_ARGUMENT: transpose expects a vector of size 0. But input(1) is a vector of size 7
2026-05-04 21:45:10.205999: W tensorflow/core/framework/op_kernel.cc:1857] OP_REQUIRES failed at transpose_op.cc:142 : INVALID_ARGUMENT: transpose expects a vector of size 0. But input(1) is a vector of size 7
2026-05-04 21:45:10.732028: W tensorflow/core/framework/op_kernel.cc:1857] OP_REQUIRES failed at transpose_op.cc:142 : INVALID_ARGUMENT: transpose expects a vector of size 0. But input(1) is a vector of size 7
2026-05-04 21:45:11.263782: W tensorflow/core/framework/op_kernel.cc:1857] OP_REQUIRES failed at transpose_op.cc:142 : INVALID_ARGUMENT: transpose expects a vector of size 0. But input(1) is a vector of size 7
2026-05-04 21:45:11.794114: W tensorflow/core/framework/op_kernel.cc:1857] OP_REQUIRES failed at transpose_op.cc:142 : INVALID_ARGUMENT: transpose expects a vector of size 0. But input(1) is a vector of size 7
2026-05-04 21:45:12.327341: W tensorflow/core/framework/op_kernel.cc:1857] OP_REQUIRES failed at transpose_op.cc:142 : INVALID_ARGUMENT: transpose expects a vector of size 0. But input(1) is a vector of size 7
2026-05-04 21:45:12.860161: W tensorflow/core/framework/op_kernel.cc:1857] OP_REQUIRES failed at transpose_op.cc:142 : INVALID_ARGUMENT: transpose expects a vector of size 0. But input(1) is a vector of size 7
2026-05-04 21:45:13.388778: W tensorflow/core/framework/op_kernel.cc:1857] OP_REQUIRES failed at transpose_op.cc:142 : INVALID_ARGUMENT: transpose expects a vector of size 0. But input(1) is a vector of size 7
2026-05-04 21:45:13.916292: W tensorflow/core/framework/op_kernel.cc:1857] OP_REQUIRES failed at transpose_op.cc:142 : INVALID_ARGUMENT: transpose expects a vector of size 0. But input(1) is a vector of size 7
2026-05-04 21:45:14.446990: W tensorflow/core/framework/op_kernel.cc:1857] OP_REQUIRES failed at transpose_op.cc:142 : INVALID_ARGUMENT: transpose expects a vector of size 0. But input(1) is a vector of size 7
2026-05-04 21:45:14.982519: W tensorflow/core/framework/op_kernel.cc:1857] OP_REQUIRES failed at transpose_op.cc:142 : INVALID_ARGUMENT: transpose expects a vector of size 0. But input(1) is a vector of size 7
2026-05-04 21:45:15.514752: W tensorflow/core/framework/op_kernel.cc:1857] OP_REQUIRES failed at transpose_op.cc:142 : INVALID_ARGUMENT: transpose expects a vector of size 0. But input(1) is a vector of size 7
2026-05-04 21:45:16.048205: W tensorflow/core/framework/op_kernel.cc:1857] OP_REQUIRES failed at transpose_op.cc:142 : INVALID_ARGUMENT: transpose expects a vector of size 0. But input(1) is a vector of size 7
2026-05-04 21:45:16.583241: W tensorflow/core/framework/op_kernel.cc:1857] OP_REQUIRES failed at transpose_op.cc:142 : INVALID_ARGUMENT: transpose expects a vector of size 0. But input(1) is a vector of size 7
2026-05-04 21:45:17.118030: W tensorflow/core/framework/op_kernel.cc:1857] OP_REQUIRES failed at transpose_op.cc:142 : INVALID_ARGUMENT: transpose expects a vector of size 0. But input(1) is a vector of size 7
2026-05-04 21:45:17.652969: W tensorflow/core/framework/op_kernel.cc:1857] OP_REQUIRES failed at transpose_op.cc:142 : INVALID_ARGUMENT: transpose expects a vector of size 0. But input(1) is a vector of size 7
2026-05-04 21:45:18.182813: W tensorflow/core/framework/op_kernel.cc:1857] OP_REQUIRES failed at transpose_op.cc:142 : INVALID_ARGUMENT: transpose expects a vector of size 0. But input(1) is a vector of size 7
2026-05-04 21:45:18.713439: W tensorflow/core/framework/op_kernel.cc:1857] OP_REQUIRES failed at transpose_op.cc:142 : INVALID_ARGUMENT: transpose expects a vector of size 0. But input(1) is a vector of size 7
2026-05-04 21:45:19.245828: W tensorflow/core/framework/op_kernel.cc:1857] OP_REQUIRES failed at transpose_op.cc:142 : INVALID_ARGUMENT: transpose expects a vector of size 0. But input(1) is a vector of size 7
2026-05-04 21:45:19.770511: W tensorflow/core/framework/op_kernel.cc:1857] OP_REQUIRES failed at transpose_op.cc:142 : INVALID_ARGUMENT: transpose expects a vector of size 0. But input(1) is a vector of size 7
2026-05-04 21:45:20.296952: W tensorflow/core/framework/op_kernel.cc:1857] OP_REQUIRES failed at transpose_op.cc:142 : INVALID_ARGUMENT: transpose expects a vector of size 0. But input(1) is a vector of size 7
2026-05-04 21:45:20.822799: W tensorflow/core/framework/op_kernel.cc:1857] OP_REQUIRES failed at transpose_op.cc:142 : INVALID_ARGUMENT: transpose expects a vector of size 0. But input(1) is a vector of size 7
2026-05-04 21:45:21.347875: W tensorflow/core/framework/op_kernel.cc:1857] OP_REQUIRES failed at transpose_op.cc:142 : INVALID_ARGUMENT: transpose expects a vector of size 0. But input(1) is a vector of size 7
2026-05-04 21:45:21.874867: W tensorflow/core/framework/op_kernel.cc:1857] OP_REQUIRES failed at transpose_op.cc:142 : INVALID_ARGUMENT: transpose expects a vector of size 0. But input(1) is a vector of size 7
2026-05-04 21:45:22.399869: W tensorflow/core/framework/op_kernel.cc:1857] OP_REQUIRES failed at transpose_op.cc:142 : INVALID_ARGUMENT: transpose expects a vector of size 0. But input(1) is a vector of size 7
2026-05-04 21:46:51.214925: W tensorflow/core/framework/op_kernel.cc:1857] OP_REQUIRES failed at transpose_op.cc:142 : INVALID_ARGUMENT: transpose expects a vector of size 0. But input(1) is a vector of size 7
2026-05-04 21:46:51.750180: W tensorflow/core/framework/op_kernel.cc:1857] OP_REQUIRES failed at transpose_op.cc:142 : INVALID_ARGUMENT: transpose expects a vector of size 0. But input(1) is a vector of size 7
2026-05-04 21:46:52.282069: W tensorflow/core/framework/op_kernel.cc:1857] OP_REQUIRES failed at transpose_op.cc:142 : INVALID_ARGUMENT: transpose expects a vector of size 0. But input(1) is a vector of size 7
2026-05-04 21:46:52.816702: W tensorflow/core/framework/op_kernel.cc:1857] OP_REQUIRES failed at transpose_op.cc:142 : INVALID_ARGUMENT: transpose expects a vector of size 0. But input(1) is a vector of size 7
2026-05-04 21:46:53.345829: W tensorflow/core/framework/op_kernel.cc:1857] OP_REQUIRES failed at transpose_op.cc:142 : INVALID_ARGUMENT: transpose expects a vector of size 0. But input(1) is a vector of size 7
2026-05-04 21:46:53.880173: W tensorflow/core/framework/op_kernel.cc:1857] OP_REQUIRES failed at transpose_op.cc:142 : INVALID_ARGUMENT: transpose expects a vector of size 0. But input(1) is a vector of size 7
2026-05-04 21:46:54.416316: W tensorflow/core/framework/op_kernel.cc:1857] OP_REQUIRES failed at transpose_op.cc:142 : INVALID_ARGUMENT: transpose expects a vector of size 0. But input(1) is a vector of size 7
2026-05-04 21:46:54.950248: W tensorflow/core/framework/op_kernel.cc:1857] OP_REQUIRES failed at transpose_op.cc:142 : INVALID_ARGUMENT: transpose expects a vector of size 0. But input(1) is a vector of size 7
2026-05-04 21:46:55.479260: W tensorflow/core/framework/op_kernel.cc:1857] OP_REQUIRES failed at transpose_op.cc:142 : INVALID_ARGUMENT: transpose expects a vector of size 0. But input(1) is a vector of size 7
2026-05-04 21:46:56.009330: W tensorflow/core/framework/op_kernel.cc:1857] OP_REQUIRES failed at transpose_op.cc:142 : INVALID_ARGUMENT: transpose expects a vector of size 0. But input(1) is a vector of size 7
2026-05-04 21:46:56.539269: W tensorflow/core/framework/op_kernel.cc:1857] OP_REQUIRES failed at transpose_op.cc:142 : INVALID_ARGUMENT: transpose expects a vector of size 0. But input(1) is a vector of size 7
2026-05-04 21:46:57.073315: W tensorflow/core/framework/op_kernel.cc:1857] OP_REQUIRES failed at transpose_op.cc:142 : INVALID_ARGUMENT: transpose expects a vector of size 0. But input(1) is a vector of size 7
2026-05-04 21:46:57.603133: W tensorflow/core/framework/op_kernel.cc:1857] OP_REQUIRES failed at transpose_op.cc:142 : INVALID_ARGUMENT: transpose expects a vector of size 0. But input(1) is a vector of size 7
2026-05-04 21:46:58.132816: W tensorflow/core/framework/op_kernel.cc:1857] OP_REQUIRES failed at transpose_op.cc:142 : INVALID_ARGUMENT: transpose expects a vector of size 0. But input(1) is a vector of size 7
2026-05-04 21:46:58.657946: W tensorflow/core/framework/op_kernel.cc:1857] OP_REQUIRES failed at transpose_op.cc:142 : INVALID_ARGUMENT: transpose expects a vector of size 0. But input(1) is a vector of size 7
2026-05-04 21:46:59.182417: W tensorflow/core/framework/op_kernel.cc:1857] OP_REQUIRES failed at transpose_op.cc:142 : INVALID_ARGUMENT: transpose expects a vector of size 0. But input(1) is a vector of size 7
2026-05-04 21:46:59.706438: W tensorflow/core/framework/op_kernel.cc:1857] OP_REQUIRES failed at transpose_op.cc:142 : INVALID_ARGUMENT: transpose expects a vector of size 0. But input(1) is a vector of size 7
2026-05-04 21:47:00.231028: W tensorflow/core/framework/op_kernel.cc:1857] OP_REQUIRES failed at transpose_op.cc:142 : INVALID_ARGUMENT: transpose expects a vector of size 0. But input(1) is a vector of size 7
2026-05-04 21:47:00.759316: W tensorflow/core/framework/op_kernel.cc:1857] OP_REQUIRES failed at transpose_op.cc:142 : INVALID_ARGUMENT: transpose expects a vector of size 0. But input(1) is a vector of size 7
2026-05-04 21:47:01.287211: W tensorflow/core/framework/op_kernel.cc:1857] OP_REQUIRES failed at transpose_op.cc:142 : INVALID_ARGUMENT: transpose expects a vector of size 0. But input(1) is a vector of size 7
2026-05-04 21:47:01.815781: W tensorflow/core/framework/op_kernel.cc:1857] OP_REQUIRES failed at transpose_op.cc:142 : INVALID_ARGUMENT: transpose expects a vector of size 0. But input(1) is a vector of size 7
2026-05-04 21:47:02.344510: W tensorflow/core/framework/op_kernel.cc:1857] OP_REQUIRES failed at transpose_op.cc:142 : INVALID_ARGUMENT: transpose expects a vector of size 0. But input(1) is a vector of size 7
2026-05-04 21:47:02.873077: W tensorflow/core/framework/op_kernel.cc:1857] OP_REQUIRES failed at transpose_op.cc:142 : INVALID_ARGUMENT: transpose expects a vector of size 0. But input(1) is a vector of size 7
2026-05-04 21:47:03.400777: W tensorflow/core/framework/op_kernel.cc:1857] OP_REQUIRES failed at transpose_op.cc:142 : INVALID_ARGUMENT: transpose expects a vector of size 0. But input(1) is a vector of size 7
2026-05-04 21:47:03.932180: W tensorflow/core/framework/op_kernel.cc:1857] OP_REQUIRES failed at transpose_op.cc:142 : INVALID_ARGUMENT: transpose expects a vector of size 0. But input(1) is a vector of size 7
2026-05-04 21:47:04.461238: W tensorflow/core/framework/op_kernel.cc:1857] OP_REQUIRES failed at transpose_op.cc:142 : INVALID_ARGUMENT: transpose expects a vector of size 0. But input(1) is a vector of size 7
2026-05-04 21:47:04.988867: W tensorflow/core/framework/op_kernel.cc:1857] OP_REQUIRES failed at transpose_op.cc:142 : INVALID_ARGUMENT: transpose expects a vector of size 0. But input(1) is a vector of size 7
2026-05-04 21:47:05.518338: W tensorflow/core/framework/op_kernel.cc:1857] OP_REQUIRES failed at transpose_op.cc:142 : INVALID_ARGUMENT: transpose expects a vector of size 0. But input(1) is a vector of size 7
2026-05-04 21:47:06.045840: W tensorflow/core/framework/op_kernel.cc:1857] OP_REQUIRES failed at transpose_op.cc:142 : INVALID_ARGUMENT: transpose expects a vector of size 0. But input(1) is a vector of size 7
2026-05-04 21:47:06.573645: W tensorflow/core/framework/op_kernel.cc:1857] OP_REQUIRES failed at transpose_op.cc:142 : INVALID_ARGUMENT: transpose expects a vector of size 0. But input(1) is a vector of size 7
2026-05-04 21:47:07.101120: W tensorflow/core/framework/op_kernel.cc:1857] OP_REQUIRES failed at transpose_op.cc:142 : INVALID_ARGUMENT: transpose expects a vector of size 0. But input(1) is a vector of size 7
2026-05-04 21:47:07.628269: W tensorflow/core/framework/op_kernel.cc:1857] OP_REQUIRES failed at transpose_op.cc:142 : INVALID_ARGUMENT: transpose expects a vector of size 0. But input(1) is a vector of size 7
slurmstepd: error: *** JOB 60396576 ON ng10404 CANCELLED AT 2026-05-05T01:48:12 ***
[SLURM] received pre-timeout signal; forwarding TERM to Python worker 2797532
2026-05-04 21:48:36.294325: W tensorflow/core/framework/op_kernel.cc:1857] OP_REQUIRES failed at transpose_op.cc:142 : INVALID_ARGUMENT: transpose expects a vector of size 0. But input(1) is a vector of size 7
2026-05-04 21:48:36.824907: W tensorflow/core/framework/op_kernel.cc:1857] OP_REQUIRES failed at transpose_op.cc:142 : INVALID_ARGUMENT: transpose expects a vector of size 0. But input(1) is a vector of size 7
2026-05-04 21:48:37.360689: W tensorflow/core/framework/op_kernel.cc:1857] OP_REQUIRES failed at transpose_op.cc:142 : INVALID_ARGUMENT: transpose expects a vector of size 0. But input(1) is a vector of size 7
2026-05-04 21:48:37.895026: W tensorflow/core/framework/op_kernel.cc:1857] OP_REQUIRES failed at transpose_op.cc:142 : INVALID_ARGUMENT: transpose expects a vector of size 0. But input(1) is a vector of size 7
2026-05-04 21:48:38.430313: W tensorflow/core/framework/op_kernel.cc:1857] OP_REQUIRES failed at transpose_op.cc:142 : INVALID_ARGUMENT: transpose expects a vector of size 0. But input(1) is a vector of size 7
2026-05-04 21:48:38.964495: W tensorflow/core/framework/op_kernel.cc:1857] OP_REQUIRES failed at transpose_op.cc:142 : INVALID_ARGUMENT: transpose expects a vector of size 0. But input(1) is a vector of size 7
2026-05-04 21:48:39.499222: W tensorflow/core/framework/op_kernel.cc:1857] OP_REQUIRES failed at transpose_op.cc:142 : INVALID_ARGUMENT: transpose expects a vector of size 0. But input(1) is a vector of size 7
2026-05-04 21:48:40.034381: W tensorflow/core/framework/op_kernel.cc:1857] OP_REQUIRES failed at transpose_op.cc:142 : INVALID_ARGUMENT: transpose expects a vector of size 0. But input(1) is a vector of size 7
2026-05-04 21:48:40.571002: W tensorflow/core/framework/op_kernel.cc:1857] OP_REQUIRES failed at transpose_op.cc:142 : INVALID_ARGUMENT: transpose expects a vector of size 0. But input(1) is a vector of size 7
2026-05-04 21:48:41.106407: W tensorflow/core/framework/op_kernel.cc:1857] OP_REQUIRES failed at transpose_op.cc:142 : INVALID_ARGUMENT: transpose expects a vector of size 0. But input(1) is a vector of size 7
2026-05-04 21:48:41.640383: W tensorflow/core/framework/op_kernel.cc:1857] OP_REQUIRES failed at transpose_op.cc:142 : INVALID_ARGUMENT: transpose expects a vector of size 0. But input(1) is a vector of size 7
2026-05-04 21:48:42.173785: W tensorflow/core/framework/op_kernel.cc:1857] OP_REQUIRES failed at transpose_op.cc:142 : INVALID_ARGUMENT: transpose expects a vector of size 0. But input(1) is a vector of size 7
2026-05-04 21:48:42.707762: W tensorflow/core/framework/op_kernel.cc:1857] OP_REQUIRES failed at transpose_op.cc:142 : INVALID_ARGUMENT: transpose expects a vector of size 0. But input(1) is a vector of size 7
2026-05-04 21:48:43.237453: W tensorflow/core/framework/op_kernel.cc:1857] OP_REQUIRES failed at transpose_op.cc:142 : INVALID_ARGUMENT: transpose expects a vector of size 0. But input(1) is a vector of size 7
2026-05-04 21:48:43.766763: W tensorflow/core/framework/op_kernel.cc:1857] OP_REQUIRES failed at transpose_op.cc:142 : INVALID_ARGUMENT: transpose expects a vector of size 0. But input(1) is a vector of size 7
2026-05-04 21:48:44.295222: W tensorflow/core/framework/op_kernel.cc:1857] OP_REQUIRES failed at transpose_op.cc:142 : INVALID_ARGUMENT: transpose expects a vector of size 0. But input(1) is a vector of size 7
2026-05-04 21:48:44.823438: W tensorflow/core/framework/op_kernel.cc:1857] OP_REQUIRES failed at transpose_op.cc:142 : INVALID_ARGUMENT: transpose expects a vector of size 0. But input(1) is a vector of size 7
2026-05-04 21:48:45.350830: W tensorflow/core/framework/op_kernel.cc:1857] OP_REQUIRES failed at transpose_op.cc:142 : INVALID_ARGUMENT: transpose expects a vector of size 0. But input(1) is a vector of size 7
2026-05-04 21:48:45.879296: W tensorflow/core/framework/op_kernel.cc:1857] OP_REQUIRES failed at transpose_op.cc:142 : INVALID_ARGUMENT: transpose expects a vector of size 0. But input(1) is a vector of size 7
2026-05-04 21:48:46.407816: W tensorflow/core/framework/op_kernel.cc:1857] OP_REQUIRES failed at transpose_op.cc:142 : INVALID_ARGUMENT: transpose expects a vector of size 0. But input(1) is a vector of size 7
2026-05-04 21:48:46.936116: W tensorflow/core/framework/op_kernel.cc:1857] OP_REQUIRES failed at transpose_op.cc:142 : INVALID_ARGUMENT: transpose expects a vector of size 0. But input(1) is a vector of size 7
2026-05-04 21:48:47.465687: W tensorflow/core/framework/op_kernel.cc:1857] OP_REQUIRES failed at transpose_op.cc:142 : INVALID_ARGUMENT: transpose expects a vector of size 0. But input(1) is a vector of size 7
2026-05-04 21:48:48.000576: W tensorflow/core/framework/op_kernel.cc:1857] OP_REQUIRES failed at transpose_op.cc:142 : INVALID_ARGUMENT: transpose expects a vector of size 0. But input(1) is a vector of size 7
2026-05-04 21:48:48.534154: W tensorflow/core/framework/op_kernel.cc:1857] OP_REQUIRES failed at transpose_op.cc:142 : INVALID_ARGUMENT: transpose expects a vector of size 0. But input(1) is a vector of size 7
2026-05-04 21:48:49.068585: W tensorflow/core/framework/op_kernel.cc:1857] OP_REQUIRES failed at transpose_op.cc:142 : INVALID_ARGUMENT: transpose expects a vector of size 0. But input(1) is a vector of size 7
2026-05-04 21:48:49.601075: W tensorflow/core/framework/op_kernel.cc:1857] OP_REQUIRES failed at transpose_op.cc:142 : INVALID_ARGUMENT: transpose expects a vector of size 0. But input(1) is a vector of size 7
2026-05-04 21:48:50.133447: W tensorflow/core/framework/op_kernel.cc:1857] OP_REQUIRES failed at transpose_op.cc:142 : INVALID_ARGUMENT: transpose expects a vector of size 0. But input(1) is a vector of size 7
2026-05-04 21:48:50.666498: W tensorflow/core/framework/op_kernel.cc:1857] OP_REQUIRES failed at transpose_op.cc:142 : INVALID_ARGUMENT: transpose expects a vector of size 0. But input(1) is a vector of size 7
2026-05-04 21:48:51.200495: W tensorflow/core/framework/op_kernel.cc:1857] OP_REQUIRES failed at transpose_op.cc:142 : INVALID_ARGUMENT: transpose expects a vector of size 0. But input(1) is a vector of size 7
2026-05-04 21:48:51.733379: W tensorflow/core/framework/op_kernel.cc:1857] OP_REQUIRES failed at transpose_op.cc:142 : INVALID_ARGUMENT: transpose expects a vector of size 0. But input(1) is a vector of size 7
2026-05-04 21:48:52.262673: W tensorflow/core/framework/op_kernel.cc:1857] OP_REQUIRES failed at transpose_op.cc:142 : INVALID_ARGUMENT: transpose expects a vector of size 0. But input(1) is a vector of size 7
2026-05-04 21:48:52.797724: W tensorflow/core/framework/op_kernel.cc:1857] OP_REQUIRES failed at transpose_op.cc:142 : INVALID_ARGUMENT: transpose expects a vector of size 0. But input(1) is a vector of size 7
Evaluation stopped after saving resumable state. Resubmit the same Slurm array task to continue from the saved evaluation state.
