2026-05-04 18:07:18.667889: E external/local_xla/xla/stream_executor/cuda/cuda_fft.cc:467] Unable to register cuFFT factory: Attempting to register factory for plugin cuFFT when one has already been registered
WARNING: All log messages before absl::InitializeLog() is called are written to STDERR
E0000 00:00:1777932438.918640 2774462 cuda_dnn.cc:8579] Unable to register cuDNN factory: Attempting to register factory for plugin cuDNN when one has already been registered
E0000 00:00:1777932439.106185 2774462 cuda_blas.cc:1407] Unable to register cuBLAS factory: Attempting to register factory for plugin cuBLAS when one has already been registered
W0000 00:00:1777932440.453072 2774462 computation_placer.cc:177] computation placer already registered. Please check linkage and avoid linking the same target more than once.
W0000 00:00:1777932440.453162 2774462 computation_placer.cc:177] computation placer already registered. Please check linkage and avoid linking the same target more than once.
W0000 00:00:1777932440.453176 2774462 computation_placer.cc:177] computation placer already registered. Please check linkage and avoid linking the same target more than once.
W0000 00:00:1777932440.453187 2774462 computation_placer.cc:177] computation placer already registered. Please check linkage and avoid linking the same target more than once.
2026-05-04 18:08:31.716344: W tensorflow/core/common_runtime/gpu/gpu_bfc_allocator.cc:47] Overriding orig_value setting because the TF_FORCE_GPU_ALLOW_GROWTH environment variable is set. Original config value was 0.
I0000 00:00:1777932511.716448 2774462 gpu_process_state.cc:208] Using CUDA malloc Async allocator for GPU: 0
I0000 00:00:1777932511.718144 2774462 gpu_device.cc:2019] Created device /job:localhost/replica:0/task:0/device:GPU:0 with 38484 MB memory:  -> device: 0, name: NVIDIA A100-SXM4-40GB, pci bus id: 0000:c1:00.0, compute capability: 8.0
E0000 00:00:1777932537.438585 2774462 meta_optimizer.cc:967] layout failed: INVALID_ARGUMENT: Size of values 0 does not match size of permutation 4 @ fanin shape inaxial_block_0_1/dropout_5/stateless_dropout/SelectV2-2-TransposeNHWCToNCHW-LayoutOptimizer
2026-05-04 18:49:35.494374: E external/local_xla/xla/stream_executor/gpu/gpu_cudamallocasync_allocator.cc:359] gpu_async_0 cuMemAllocAsync failed to allocate 66060288 bytes: RESOURCE_EXHAUSTED: : CUDA_ERROR_OUT_OF_MEMORY: out of memory
 Reported by CUDA: Free memory/Total memory: 6619136/42406903808
2026-05-04 18:49:35.494700: E external/local_xla/xla/stream_executor/gpu/gpu_cudamallocasync_allocator.cc:364] Stats: Limit:                     40353726464
InUse:                     15797375047
MaxInUse:                  16100223907
NumAllocs:                    14571509
MaxAllocSize:               1056964608
Reserved:                            0
PeakReserved:                        0
LargestFreeBlock:                    0

2026-05-04 18:49:35.494834: E external/local_xla/xla/stream_executor/gpu/gpu_cudamallocasync_allocator.cc:68] Histogram of current allocation: (allocation_size_in_bytes, nb_allocation_of_that_sizes), ...;
2026-05-04 18:49:35.494851: E external/local_xla/xla/stream_executor/gpu/gpu_cudamallocasync_allocator.cc:71] 1, 15
2026-05-04 18:49:35.494863: E external/local_xla/xla/stream_executor/gpu/gpu_cudamallocasync_allocator.cc:71] 4, 10745
2026-05-04 18:49:35.494875: E external/local_xla/xla/stream_executor/gpu/gpu_cudamallocasync_allocator.cc:71] 8, 80
2026-05-04 18:49:35.494887: E external/local_xla/xla/stream_executor/gpu/gpu_cudamallocasync_allocator.cc:71] 12, 20
2026-05-04 18:49:35.494899: E external/local_xla/xla/stream_executor/gpu/gpu_cudamallocasync_allocator.cc:71] 16, 21
2026-05-04 18:49:35.494910: E external/local_xla/xla/stream_executor/gpu/gpu_cudamallocasync_allocator.cc:71] 24, 6
2026-05-04 18:49:35.494922: E external/local_xla/xla/stream_executor/gpu/gpu_cudamallocasync_allocator.cc:71] 28, 8
2026-05-04 18:49:35.494934: E external/local_xla/xla/stream_executor/gpu/gpu_cudamallocasync_allocator.cc:71] 32, 1
2026-05-04 18:49:35.494945: E external/local_xla/xla/stream_executor/gpu/gpu_cudamallocasync_allocator.cc:71] 64, 4
2026-05-04 18:49:35.494988: E external/local_xla/xla/stream_executor/gpu/gpu_cudamallocasync_allocator.cc:71] 96, 8
2026-05-04 18:49:35.495001: E external/local_xla/xla/stream_executor/gpu/gpu_cudamallocasync_allocator.cc:71] 112, 6
2026-05-04 18:49:35.495012: E external/local_xla/xla/stream_executor/gpu/gpu_cudamallocasync_allocator.cc:71] 128, 4
2026-05-04 18:49:35.495024: E external/local_xla/xla/stream_executor/gpu/gpu_cudamallocasync_allocator.cc:71] 192, 8
2026-05-04 18:49:35.495036: E external/local_xla/xla/stream_executor/gpu/gpu_cudamallocasync_allocator.cc:71] 224, 2
2026-05-04 18:49:35.495047: E external/local_xla/xla/stream_executor/gpu/gpu_cudamallocasync_allocator.cc:71] 256, 5
2026-05-04 18:49:35.495059: E external/local_xla/xla/stream_executor/gpu/gpu_cudamallocasync_allocator.cc:71] 336, 2
2026-05-04 18:49:35.495071: E external/local_xla/xla/stream_executor/gpu/gpu_cudamallocasync_allocator.cc:71] 384, 254
2026-05-04 18:49:35.495082: E external/local_xla/xla/stream_executor/gpu/gpu_cudamallocasync_allocator.cc:71] 448, 2
2026-05-04 18:49:35.495094: E external/local_xla/xla/stream_executor/gpu/gpu_cudamallocasync_allocator.cc:71] 512, 4
2026-05-04 18:49:35.495105: E external/local_xla/xla/stream_executor/gpu/gpu_cudamallocasync_allocator.cc:71] 768, 28
2026-05-04 18:49:35.495117: E external/local_xla/xla/stream_executor/gpu/gpu_cudamallocasync_allocator.cc:71] 1028, 1
2026-05-04 18:49:35.495129: E external/local_xla/xla/stream_executor/gpu/gpu_cudamallocasync_allocator.cc:71] 1536, 5
2026-05-04 18:49:35.495140: E external/local_xla/xla/stream_executor/gpu/gpu_cudamallocasync_allocator.cc:71] 1920, 20
2026-05-04 18:49:35.495152: E external/local_xla/xla/stream_executor/gpu/gpu_cudamallocasync_allocator.cc:71] 3072, 2
2026-05-04 18:49:35.495163: E external/local_xla/xla/stream_executor/gpu/gpu_cudamallocasync_allocator.cc:71] 3456, 16
2026-05-04 18:49:35.495175: E external/local_xla/xla/stream_executor/gpu/gpu_cudamallocasync_allocator.cc:71] 4608, 1
2026-05-04 18:49:35.495187: E external/local_xla/xla/stream_executor/gpu/gpu_cudamallocasync_allocator.cc:71] 6144, 2
2026-05-04 18:49:35.495198: E external/local_xla/xla/stream_executor/gpu/gpu_cudamallocasync_allocator.cc:71] 10752, 6
2026-05-04 18:49:35.495210: E external/local_xla/xla/stream_executor/gpu/gpu_cudamallocasync_allocator.cc:71] 12288, 1
2026-05-04 18:49:35.495221: E external/local_xla/xla/stream_executor/gpu/gpu_cudamallocasync_allocator.cc:71] 18432, 1
2026-05-04 18:49:35.495233: E external/local_xla/xla/stream_executor/gpu/gpu_cudamallocasync_allocator.cc:71] 21504, 3
2026-05-04 18:49:35.495244: E external/local_xla/xla/stream_executor/gpu/gpu_cudamallocasync_allocator.cc:71] 24576, 27
2026-05-04 18:49:35.495256: E external/local_xla/xla/stream_executor/gpu/gpu_cudamallocasync_allocator.cc:71] 27648, 4
2026-05-04 18:49:35.495268: E external/local_xla/xla/stream_executor/gpu/gpu_cudamallocasync_allocator.cc:71] 32256, 1
2026-05-04 18:49:35.495279: E external/local_xla/xla/stream_executor/gpu/gpu_cudamallocasync_allocator.cc:71] 36864, 152
2026-05-04 18:49:35.495291: E external/local_xla/xla/stream_executor/gpu/gpu_cudamallocasync_allocator.cc:71] 39936, 9
2026-05-04 18:49:35.495303: E external/local_xla/xla/stream_executor/gpu/gpu_cudamallocasync_allocator.cc:71] 43008, 3
2026-05-04 18:49:35.495314: E external/local_xla/xla/stream_executor/gpu/gpu_cudamallocasync_allocator.cc:71] 49152, 4
2026-05-04 18:49:35.495326: E external/local_xla/xla/stream_executor/gpu/gpu_cudamallocasync_allocator.cc:71] 62592, 3
2026-05-04 18:49:35.495338: E external/local_xla/xla/stream_executor/gpu/gpu_cudamallocasync_allocator.cc:71] 64512, 2
2026-05-04 18:49:35.495349: E external/local_xla/xla/stream_executor/gpu/gpu_cudamallocasync_allocator.cc:71] 73728, 47
2026-05-04 18:49:35.495361: E external/local_xla/xla/stream_executor/gpu/gpu_cudamallocasync_allocator.cc:71] 78336, 4
2026-05-04 18:49:35.495372: E external/local_xla/xla/stream_executor/gpu/gpu_cudamallocasync_allocator.cc:71] 79872, 2
2026-05-04 18:49:35.495384: E external/local_xla/xla/stream_executor/gpu/gpu_cudamallocasync_allocator.cc:71] 86016, 2
2026-05-04 18:49:35.495403: E external/local_xla/xla/stream_executor/gpu/gpu_cudamallocasync_allocator.cc:71] 96768, 4
2026-05-04 18:49:35.495415: E external/local_xla/xla/stream_executor/gpu/gpu_cudamallocasync_allocator.cc:71] 119808, 1
2026-05-04 18:49:35.495427: E external/local_xla/xla/stream_executor/gpu/gpu_cudamallocasync_allocator.cc:71] 159744, 2
2026-05-04 18:49:35.495438: E external/local_xla/xla/stream_executor/gpu/gpu_cudamallocasync_allocator.cc:71] 239616, 1
2026-05-04 18:49:35.495450: E external/local_xla/xla/stream_executor/gpu/gpu_cudamallocasync_allocator.cc:71] 319488, 1
2026-05-04 18:49:35.495461: E external/local_xla/xla/stream_executor/gpu/gpu_cudamallocasync_allocator.cc:71] 387072, 4
2026-05-04 18:49:35.495473: E external/local_xla/xla/stream_executor/gpu/gpu_cudamallocasync_allocator.cc:71] 577536, 4
2026-05-04 18:49:35.495485: E external/local_xla/xla/stream_executor/gpu/gpu_cudamallocasync_allocator.cc:71] 688128, 49
2026-05-04 18:49:35.495496: E external/local_xla/xla/stream_executor/gpu/gpu_cudamallocasync_allocator.cc:71] 9633792, 4
2026-05-04 18:49:35.495508: E external/local_xla/xla/stream_executor/gpu/gpu_cudamallocasync_allocator.cc:71] 11010048, 1
2026-05-04 18:49:35.495520: E external/local_xla/xla/stream_executor/gpu/gpu_cudamallocasync_allocator.cc:71] 16515072, 15
2026-05-04 18:49:35.495532: E external/local_xla/xla/stream_executor/gpu/gpu_cudamallocasync_allocator.cc:71] 22020096, 4
2026-05-04 18:49:35.495543: E external/local_xla/xla/stream_executor/gpu/gpu_cudamallocasync_allocator.cc:71] 33030144, 5
2026-05-04 18:49:35.495555: E external/local_xla/xla/stream_executor/gpu/gpu_cudamallocasync_allocator.cc:71] 38535168, 8
2026-05-04 18:49:35.495576: E external/local_xla/xla/stream_executor/gpu/gpu_cudamallocasync_allocator.cc:71] 44040192, 2
2026-05-04 18:49:35.495588: E external/local_xla/xla/stream_executor/gpu/gpu_cudamallocasync_allocator.cc:71] 66060288, 115
2026-05-04 18:49:35.495600: E external/local_xla/xla/stream_executor/gpu/gpu_cudamallocasync_allocator.cc:71] 88080384, 1
2026-05-04 18:49:35.495612: E external/local_xla/xla/stream_executor/gpu/gpu_cudamallocasync_allocator.cc:71] 112164864, 1
2026-05-04 18:49:35.495624: E external/local_xla/xla/stream_executor/gpu/gpu_cudamallocasync_allocator.cc:71] 132120576, 21
2026-05-04 18:49:35.495635: E external/local_xla/xla/stream_executor/gpu/gpu_cudamallocasync_allocator.cc:71] 528482304, 8
2026-05-04 18:49:35.495648: E external/local_xla/xla/stream_executor/gpu/gpu_cudamallocasync_allocator.cc:104] CU_MEMPOOL_ATTR_RESERVED_MEM_CURRENT: 41943040000
2026-05-04 18:49:35.495661: E external/local_xla/xla/stream_executor/gpu/gpu_cudamallocasync_allocator.cc:106] CU_MEMPOOL_ATTR_USED_MEM_CURRENT: 15797375047
2026-05-04 18:49:35.495673: E external/local_xla/xla/stream_executor/gpu/gpu_cudamallocasync_allocator.cc:107] CU_MEMPOOL_ATTR_RESERVED_MEM_HIGH: 41943040000
2026-05-04 18:49:35.495684: E external/local_xla/xla/stream_executor/gpu/gpu_cudamallocasync_allocator.cc:108] CU_MEMPOOL_ATTR_USED_MEM_HIGH: 16100223907
2026-05-04 18:49:35.495703: W tensorflow/core/framework/op_kernel.cc:1857] OP_REQUIRES failed at matmul_op_impl.h:959 : RESOURCE_EXHAUSTED: OOM when allocating tensor with shape[64,14,192,96] and type float on /job:localhost/replica:0/task:0/device:GPU:0 by allocator gpu_async_0
Traceback (most recent call last):
  File "/lustre07/scratch/rsadve1/Universal_Receiver_NEW-main_Narval/scripts/run_comprehensive_mu32_ablation.py", line 367, in <module>
    main()
  File "/lustre07/scratch/rsadve1/Universal_Receiver_NEW-main_Narval/scripts/run_comprehensive_mu32_ablation.py", line 286, in main
    train_result = train_model(train_cfg)
                   ^^^^^^^^^^^^^^^^^^^^^^
  File "/lustre07/scratch/rsadve1/Universal_Receiver_NEW-main_Narval/src/upair5g/training.py", line 436, in train_model
    metrics = _train_step(
              ^^^^^^^^^^^^
  File "/home/rsadve1/scratch/.venvGRAND/lib/python3.12/site-packages/tensorflow/python/util/traceback_utils.py", line 153, in error_handler
    raise e.with_traceback(filtered_tb) from None
  File "/home/rsadve1/scratch/.venvGRAND/lib/python3.12/site-packages/tensorflow/python/eager/execute.py", line 53, in quick_execute
    tensors = pywrap_tfe.TFE_Py_Execute(ctx._handle, device_name, op_name,
  ^^^^^^^^^^^^^^^^^^^^^^^^^^^^^^^^^^^^^^^^^^^^^^^^^^^^^^^^^^^^^^^^^^^^^^^^
tensorflow.python.framework.errors_impl.ResourceExhaustedError: Graph execution error:

Detected at node gradient_tape/axial_block_3_1/dense_12_1/MatMul/MatMul_1 defined at (most recent call last):
  File "/lustre07/scratch/rsadve1/Universal_Receiver_NEW-main_Narval/scripts/run_comprehensive_mu32_ablation.py", line 367, in <module>

  File "/lustre07/scratch/rsadve1/Universal_Receiver_NEW-main_Narval/scripts/run_comprehensive_mu32_ablation.py", line 286, in main

  File "/lustre07/scratch/rsadve1/Universal_Receiver_NEW-main_Narval/src/upair5g/training.py", line 436, in train_model

  File "/lustre07/scratch/rsadve1/Universal_Receiver_NEW-main_Narval/src/upair5g/training.py", line 163, in _train_step

OOM when allocating tensor with shape[64,14,192,96] and type float on /job:localhost/replica:0/task:0/device:GPU:0 by allocator gpu_async_0
	 [[{{node gradient_tape/axial_block_3_1/dense_12_1/MatMul/MatMul_1}}]]
Hint: If you want to see a list of allocated tensors when OOM happens, add report_tensor_allocations_upon_oom to RunOptions for current allocation info. This isn't available when running in Eager mode.
 [Op:__inference__train_step_75220]
