[SLURM] task=1/12 seed=7 dmrs_case=1dmrs variant=shallow_d96_b2_r2
Mon May  4 16:46:41 2026       
+-----------------------------------------------------------------------------------------+
| NVIDIA-SMI 570.211.01             Driver Version: 570.211.01     CUDA Version: 12.8     |
|-----------------------------------------+------------------------+----------------------+
| GPU  Name                 Persistence-M | Bus-Id          Disp.A | Volatile Uncorr. ECC |
| Fan  Temp   Perf          Pwr:Usage/Cap |           Memory-Usage | GPU-Util  Compute M. |
|                                         |                        |               MIG M. |
|=========================================+========================+======================|
|   0  NVIDIA A100-SXM4-40GB          Off |   00000000:41:00.0 Off |                    0 |
| N/A   28C    P0             53W /  400W |       0MiB /  40960MiB |      0%      Default |
|                                         |                        |             Disabled |
+-----------------------------------------+------------------------+----------------------+
                                                                                         
+-----------------------------------------------------------------------------------------+
| Processes:                                                                              |
|  GPU   GI   CI              PID   Type   Process name                        GPU Memory |
|        ID   ID                                                               Usage      |
|=========================================================================================|
|  No running processes found                                                             |
+-----------------------------------------------------------------------------------------+
[TRAIN] starting from scratch
[TRAIN] step=00001 loss=-2.36790 nmse_prop=0.03323 nmse_ls=0.03323 gpu_mem=0.09GiB peak=11.43GiB
[TRAIN] step=00100 loss=-2.75578 nmse_prop=0.02346 nmse_ls=0.02486 gpu_mem=0.23GiB peak=11.66GiB
[TRAIN] saved resumable state at step=100 reason=periodic: /lustre07/scratch/rsadve1/Universal_Receiver_NEW-main_Narval/TWC_plots_comprehensive/runs_rx16/seed7/1dmrs/shallow_d96_b2_r2/checkpoints/training_state/ckpt-100
[TRAIN] step=00200 loss=-3.01934 nmse_prop=0.01969 nmse_ls=0.02181 gpu_mem=0.23GiB peak=11.66GiB
[TRAIN] saved resumable state at step=200 reason=periodic: /lustre07/scratch/rsadve1/Universal_Receiver_NEW-main_Narval/TWC_plots_comprehensive/runs_rx16/seed7/1dmrs/shallow_d96_b2_r2/checkpoints/training_state/ckpt-200
[TRAIN] step=00300 loss=-3.34491 nmse_prop=0.01621 nmse_ls=0.01892 gpu_mem=0.23GiB peak=11.66GiB
[TRAIN] saved resumable state at step=300 reason=periodic: /lustre07/scratch/rsadve1/Universal_Receiver_NEW-main_Narval/TWC_plots_comprehensive/runs_rx16/seed7/1dmrs/shallow_d96_b2_r2/checkpoints/training_state/ckpt-300
[TRAIN] step=00400 loss=-1.66121 nmse_prop=0.06881 nmse_ls=0.07329 gpu_mem=0.23GiB peak=11.66GiB
[TRAIN] saved resumable state at step=400 reason=periodic: /lustre07/scratch/rsadve1/Universal_Receiver_NEW-main_Narval/TWC_plots_comprehensive/runs_rx16/seed7/1dmrs/shallow_d96_b2_r2/checkpoints/training_state/ckpt-400
[TRAIN] saved new best weights at step=500 val_nmse=0.025065
[TRAIN] step=00500 loss=-2.14888 nmse_prop=0.04334 nmse_ls=0.04765 gpu_mem=0.43GiB peak=11.66GiB
[TRAIN] saved resumable state at step=500 reason=periodic: /lustre07/scratch/rsadve1/Universal_Receiver_NEW-main_Narval/TWC_plots_comprehensive/runs_rx16/seed7/1dmrs/shallow_d96_b2_r2/checkpoints/training_state/ckpt-500
[TRAIN] step=00600 loss=-3.01827 nmse_prop=0.02048 nmse_ls=0.02467 gpu_mem=0.43GiB peak=11.87GiB
[TRAIN] saved resumable state at step=600 reason=periodic: /lustre07/scratch/rsadve1/Universal_Receiver_NEW-main_Narval/TWC_plots_comprehensive/runs_rx16/seed7/1dmrs/shallow_d96_b2_r2/checkpoints/training_state/ckpt-600
[TRAIN] step=00700 loss=-3.14290 nmse_prop=0.01932 nmse_ls=0.02358 gpu_mem=0.43GiB peak=11.87GiB
[TRAIN] saved resumable state at step=700 reason=periodic: /lustre07/scratch/rsadve1/Universal_Receiver_NEW-main_Narval/TWC_plots_comprehensive/runs_rx16/seed7/1dmrs/shallow_d96_b2_r2/checkpoints/training_state/ckpt-700
[TRAIN] step=00800 loss=-2.85221 nmse_prop=0.02380 nmse_ls=0.02787 gpu_mem=0.43GiB peak=11.87GiB
[TRAIN] saved resumable state at step=800 reason=periodic: /lustre07/scratch/rsadve1/Universal_Receiver_NEW-main_Narval/TWC_plots_comprehensive/runs_rx16/seed7/1dmrs/shallow_d96_b2_r2/checkpoints/training_state/ckpt-800
[TRAIN] step=00900 loss=-2.04884 nmse_prop=0.04766 nmse_ls=0.05285 gpu_mem=0.43GiB peak=11.87GiB
[TRAIN] saved resumable state at step=900 reason=periodic: /lustre07/scratch/rsadve1/Universal_Receiver_NEW-main_Narval/TWC_plots_comprehensive/runs_rx16/seed7/1dmrs/shallow_d96_b2_r2/checkpoints/training_state/ckpt-900
[TRAIN] saved new best weights at step=1000 val_nmse=0.0239904
[TRAIN] step=01000 loss=-3.05551 nmse_prop=0.02005 nmse_ls=0.02463 gpu_mem=0.43GiB peak=11.87GiB
[TRAIN] saved resumable state at step=1000 reason=periodic: /lustre07/scratch/rsadve1/Universal_Receiver_NEW-main_Narval/TWC_plots_comprehensive/runs_rx16/seed7/1dmrs/shallow_d96_b2_r2/checkpoints/training_state/ckpt-1000
[TRAIN] step=01100 loss=-3.66535 nmse_prop=0.01322 nmse_ls=0.01699 gpu_mem=0.43GiB peak=11.87GiB
[TRAIN] saved resumable state at step=1100 reason=periodic: /lustre07/scratch/rsadve1/Universal_Receiver_NEW-main_Narval/TWC_plots_comprehensive/runs_rx16/seed7/1dmrs/shallow_d96_b2_r2/checkpoints/training_state/ckpt-1100
[TRAIN] step=01200 loss=-3.38190 nmse_prop=0.01671 nmse_ls=0.02133 gpu_mem=0.43GiB peak=11.87GiB
[TRAIN] saved resumable state at step=1200 reason=periodic: /lustre07/scratch/rsadve1/Universal_Receiver_NEW-main_Narval/TWC_plots_comprehensive/runs_rx16/seed7/1dmrs/shallow_d96_b2_r2/checkpoints/training_state/ckpt-1200
[TRAIN] step=01300 loss=-3.73784 nmse_prop=0.01251 nmse_ls=0.01660 gpu_mem=0.43GiB peak=11.87GiB
[TRAIN] saved resumable state at step=1300 reason=periodic: /lustre07/scratch/rsadve1/Universal_Receiver_NEW-main_Narval/TWC_plots_comprehensive/runs_rx16/seed7/1dmrs/shallow_d96_b2_r2/checkpoints/training_state/ckpt-1300
[TRAIN] step=01400 loss=-2.79176 nmse_prop=0.02428 nmse_ls=0.03043 gpu_mem=0.43GiB peak=11.87GiB
[TRAIN] saved resumable state at step=1400 reason=periodic: /lustre07/scratch/rsadve1/Universal_Receiver_NEW-main_Narval/TWC_plots_comprehensive/runs_rx16/seed7/1dmrs/shallow_d96_b2_r2/checkpoints/training_state/ckpt-1400
[TRAIN] saved new best weights at step=1500 val_nmse=0.0237003
[TRAIN] step=01500 loss=-2.71589 nmse_prop=0.02542 nmse_ls=0.03061 gpu_mem=0.43GiB peak=11.87GiB
[TRAIN] saved resumable state at step=1500 reason=periodic: /lustre07/scratch/rsadve1/Universal_Receiver_NEW-main_Narval/TWC_plots_comprehensive/runs_rx16/seed7/1dmrs/shallow_d96_b2_r2/checkpoints/training_state/ckpt-1500
[TRAIN] step=01600 loss=-3.55624 nmse_prop=0.01479 nmse_ls=0.01941 gpu_mem=0.43GiB peak=11.87GiB
[TRAIN] saved resumable state at step=1600 reason=periodic: /lustre07/scratch/rsadve1/Universal_Receiver_NEW-main_Narval/TWC_plots_comprehensive/runs_rx16/seed7/1dmrs/shallow_d96_b2_r2/checkpoints/training_state/ckpt-1600
[TRAIN] step=01700 loss=-3.46018 nmse_prop=0.01521 nmse_ls=0.01973 gpu_mem=0.43GiB peak=11.87GiB
[TRAIN] saved resumable state at step=1700 reason=periodic: /lustre07/scratch/rsadve1/Universal_Receiver_NEW-main_Narval/TWC_plots_comprehensive/runs_rx16/seed7/1dmrs/shallow_d96_b2_r2/checkpoints/training_state/ckpt-1700
[TRAIN] step=01800 loss=-2.59236 nmse_prop=0.02880 nmse_ls=0.03501 gpu_mem=0.43GiB peak=11.87GiB
[TRAIN] saved resumable state at step=1800 reason=periodic: /lustre07/scratch/rsadve1/Universal_Receiver_NEW-main_Narval/TWC_plots_comprehensive/runs_rx16/seed7/1dmrs/shallow_d96_b2_r2/checkpoints/training_state/ckpt-1800
[TRAIN] step=01900 loss=-2.12102 nmse_prop=0.04410 nmse_ls=0.05198 gpu_mem=0.43GiB peak=11.87GiB
[TRAIN] saved resumable state at step=1900 reason=periodic: /lustre07/scratch/rsadve1/Universal_Receiver_NEW-main_Narval/TWC_plots_comprehensive/runs_rx16/seed7/1dmrs/shallow_d96_b2_r2/checkpoints/training_state/ckpt-1900
[TRAIN] saved new best weights at step=2000 val_nmse=0.0227077
[TRAIN] step=02000 loss=-3.70910 nmse_prop=0.01428 nmse_ls=0.01922 gpu_mem=0.43GiB peak=11.87GiB
[TRAIN] saved resumable state at step=2000 reason=periodic: /lustre07/scratch/rsadve1/Universal_Receiver_NEW-main_Narval/TWC_plots_comprehensive/runs_rx16/seed7/1dmrs/shallow_d96_b2_r2/checkpoints/training_state/ckpt-2000
[TRAIN] step=02100 loss=-3.17719 nmse_prop=0.01814 nmse_ls=0.02352 gpu_mem=0.43GiB peak=11.87GiB
[TRAIN] saved resumable state at step=2100 reason=periodic: /lustre07/scratch/rsadve1/Universal_Receiver_NEW-main_Narval/TWC_plots_comprehensive/runs_rx16/seed7/1dmrs/shallow_d96_b2_r2/checkpoints/training_state/ckpt-2100
[TRAIN] step=02200 loss=-3.03409 nmse_prop=0.01995 nmse_ls=0.02554 gpu_mem=0.43GiB peak=11.87GiB
[TRAIN] saved resumable state at step=2200 reason=periodic: /lustre07/scratch/rsadve1/Universal_Receiver_NEW-main_Narval/TWC_plots_comprehensive/runs_rx16/seed7/1dmrs/shallow_d96_b2_r2/checkpoints/training_state/ckpt-2200
[TRAIN] step=02300 loss=-3.48147 nmse_prop=0.01585 nmse_ls=0.02119 gpu_mem=0.43GiB peak=11.87GiB
[TRAIN] saved resumable state at step=2300 reason=periodic: /lustre07/scratch/rsadve1/Universal_Receiver_NEW-main_Narval/TWC_plots_comprehensive/runs_rx16/seed7/1dmrs/shallow_d96_b2_r2/checkpoints/training_state/ckpt-2300
[TRAIN] step=02400 loss=-3.07250 nmse_prop=0.01901 nmse_ls=0.02514 gpu_mem=0.43GiB peak=11.87GiB
[TRAIN] saved resumable state at step=2400 reason=periodic: /lustre07/scratch/rsadve1/Universal_Receiver_NEW-main_Narval/TWC_plots_comprehensive/runs_rx16/seed7/1dmrs/shallow_d96_b2_r2/checkpoints/training_state/ckpt-2400
[TRAIN] saved new best weights at step=2500 val_nmse=0.0218472
[TRAIN] step=02500 loss=-1.94611 nmse_prop=0.05218 nmse_ls=0.06180 gpu_mem=0.43GiB peak=11.87GiB
[TRAIN] saved resumable state at step=2500 reason=periodic: /lustre07/scratch/rsadve1/Universal_Receiver_NEW-main_Narval/TWC_plots_comprehensive/runs_rx16/seed7/1dmrs/shallow_d96_b2_r2/checkpoints/training_state/ckpt-2500
[TRAIN] step=02600 loss=-3.72699 nmse_prop=0.01265 nmse_ls=0.01897 gpu_mem=0.43GiB peak=11.87GiB
[TRAIN] saved resumable state at step=2600 reason=periodic: /lustre07/scratch/rsadve1/Universal_Receiver_NEW-main_Narval/TWC_plots_comprehensive/runs_rx16/seed7/1dmrs/shallow_d96_b2_r2/checkpoints/training_state/ckpt-2600
[TRAIN] step=02700 loss=-3.14673 nmse_prop=0.01790 nmse_ls=0.02542 gpu_mem=0.43GiB peak=11.87GiB
[TRAIN] saved resumable state at step=2700 reason=periodic: /lustre07/scratch/rsadve1/Universal_Receiver_NEW-main_Narval/TWC_plots_comprehensive/runs_rx16/seed7/1dmrs/shallow_d96_b2_r2/checkpoints/training_state/ckpt-2700
[TRAIN] step=02800 loss=-1.91016 nmse_prop=0.05372 nmse_ls=0.06472 gpu_mem=0.43GiB peak=11.87GiB
[TRAIN] saved resumable state at step=2800 reason=periodic: /lustre07/scratch/rsadve1/Universal_Receiver_NEW-main_Narval/TWC_plots_comprehensive/runs_rx16/seed7/1dmrs/shallow_d96_b2_r2/checkpoints/training_state/ckpt-2800
[TRAIN] step=02900 loss=-2.19301 nmse_prop=0.04091 nmse_ls=0.05198 gpu_mem=0.43GiB peak=11.87GiB
[TRAIN] saved resumable state at step=2900 reason=periodic: /lustre07/scratch/rsadve1/Universal_Receiver_NEW-main_Narval/TWC_plots_comprehensive/runs_rx16/seed7/1dmrs/shallow_d96_b2_r2/checkpoints/training_state/ckpt-2900
[TRAIN] saved new best weights at step=3000 val_nmse=0.0203526
[TRAIN] step=03000 loss=-3.83812 nmse_prop=0.01072 nmse_ls=0.01805 gpu_mem=0.43GiB peak=11.87GiB
[TRAIN] saved resumable state at step=3000 reason=periodic: /lustre07/scratch/rsadve1/Universal_Receiver_NEW-main_Narval/TWC_plots_comprehensive/runs_rx16/seed7/1dmrs/shallow_d96_b2_r2/checkpoints/training_state/ckpt-3000
[TRAIN] step=03100 loss=-3.91157 nmse_prop=0.01109 nmse_ls=0.01835 gpu_mem=0.43GiB peak=11.87GiB
[TRAIN] saved resumable state at step=3100 reason=periodic: /lustre07/scratch/rsadve1/Universal_Receiver_NEW-main_Narval/TWC_plots_comprehensive/runs_rx16/seed7/1dmrs/shallow_d96_b2_r2/checkpoints/training_state/ckpt-3100
[TRAIN] step=03200 loss=-1.88168 nmse_prop=0.05470 nmse_ls=0.06645 gpu_mem=0.43GiB peak=11.87GiB
[TRAIN] saved resumable state at step=3200 reason=periodic: /lustre07/scratch/rsadve1/Universal_Receiver_NEW-main_Narval/TWC_plots_comprehensive/runs_rx16/seed7/1dmrs/shallow_d96_b2_r2/checkpoints/training_state/ckpt-3200
[TRAIN] step=03300 loss=-3.55917 nmse_prop=0.01286 nmse_ls=0.01908 gpu_mem=0.43GiB peak=11.87GiB
[TRAIN] saved resumable state at step=3300 reason=periodic: /lustre07/scratch/rsadve1/Universal_Receiver_NEW-main_Narval/TWC_plots_comprehensive/runs_rx16/seed7/1dmrs/shallow_d96_b2_r2/checkpoints/training_state/ckpt-3300
[TRAIN] step=03400 loss=-2.56203 nmse_prop=0.02908 nmse_ls=0.03913 gpu_mem=0.43GiB peak=11.87GiB
[TRAIN] saved resumable state at step=3400 reason=periodic: /lustre07/scratch/rsadve1/Universal_Receiver_NEW-main_Narval/TWC_plots_comprehensive/runs_rx16/seed7/1dmrs/shallow_d96_b2_r2/checkpoints/training_state/ckpt-3400
[TRAIN] saved new best weights at step=3500 val_nmse=0.0190983
[TRAIN] step=03500 loss=-4.05060 nmse_prop=0.00925 nmse_ls=0.01760 gpu_mem=0.43GiB peak=11.87GiB
[TRAIN] saved resumable state at step=3500 reason=periodic: /lustre07/scratch/rsadve1/Universal_Receiver_NEW-main_Narval/TWC_plots_comprehensive/runs_rx16/seed7/1dmrs/shallow_d96_b2_r2/checkpoints/training_state/ckpt-3500
[TRAIN] step=03600 loss=-2.70835 nmse_prop=0.02498 nmse_ls=0.03577 gpu_mem=0.43GiB peak=11.87GiB
[TRAIN] saved resumable state at step=3600 reason=periodic: /lustre07/scratch/rsadve1/Universal_Receiver_NEW-main_Narval/TWC_plots_comprehensive/runs_rx16/seed7/1dmrs/shallow_d96_b2_r2/checkpoints/training_state/ckpt-3600
[TRAIN] step=03700 loss=-3.58610 nmse_prop=0.01266 nmse_ls=0.02249 gpu_mem=0.43GiB peak=11.87GiB
[TRAIN] saved resumable state at step=3700 reason=periodic: /lustre07/scratch/rsadve1/Universal_Receiver_NEW-main_Narval/TWC_plots_comprehensive/runs_rx16/seed7/1dmrs/shallow_d96_b2_r2/checkpoints/training_state/ckpt-3700
[TRAIN] step=03800 loss=-3.67107 nmse_prop=0.01181 nmse_ls=0.02149 gpu_mem=0.43GiB peak=11.87GiB
[TRAIN] saved resumable state at step=3800 reason=periodic: /lustre07/scratch/rsadve1/Universal_Receiver_NEW-main_Narval/TWC_plots_comprehensive/runs_rx16/seed7/1dmrs/shallow_d96_b2_r2/checkpoints/training_state/ckpt-3800
[TRAIN] step=03900 loss=-3.27671 nmse_prop=0.01574 nmse_ls=0.02611 gpu_mem=0.43GiB peak=11.87GiB
[TRAIN] saved resumable state at step=3900 reason=periodic: /lustre07/scratch/rsadve1/Universal_Receiver_NEW-main_Narval/TWC_plots_comprehensive/runs_rx16/seed7/1dmrs/shallow_d96_b2_r2/checkpoints/training_state/ckpt-3900
[TRAIN] saved new best weights at step=4000 val_nmse=0.0181558
[TRAIN] step=04000 loss=-4.08083 nmse_prop=0.00907 nmse_ls=0.01836 gpu_mem=0.43GiB peak=11.87GiB
[TRAIN] saved resumable state at step=4000 reason=periodic: /lustre07/scratch/rsadve1/Universal_Receiver_NEW-main_Narval/TWC_plots_comprehensive/runs_rx16/seed7/1dmrs/shallow_d96_b2_r2/checkpoints/training_state/ckpt-4000
[TRAIN] step=04100 loss=-3.61706 nmse_prop=0.01200 nmse_ls=0.02133 gpu_mem=0.43GiB peak=11.87GiB
[TRAIN] saved resumable state at step=4100 reason=periodic: /lustre07/scratch/rsadve1/Universal_Receiver_NEW-main_Narval/TWC_plots_comprehensive/runs_rx16/seed7/1dmrs/shallow_d96_b2_r2/checkpoints/training_state/ckpt-4100
[TRAIN] step=04200 loss=-3.87501 nmse_prop=0.01059 nmse_ls=0.01938 gpu_mem=0.43GiB peak=11.87GiB
[TRAIN] saved resumable state at step=4200 reason=periodic: /lustre07/scratch/rsadve1/Universal_Receiver_NEW-main_Narval/TWC_plots_comprehensive/runs_rx16/seed7/1dmrs/shallow_d96_b2_r2/checkpoints/training_state/ckpt-4200
[TRAIN] step=04300 loss=-4.02731 nmse_prop=0.00889 nmse_ls=0.01827 gpu_mem=0.43GiB peak=11.87GiB
[TRAIN] saved resumable state at step=4300 reason=periodic: /lustre07/scratch/rsadve1/Universal_Receiver_NEW-main_Narval/TWC_plots_comprehensive/runs_rx16/seed7/1dmrs/shallow_d96_b2_r2/checkpoints/training_state/ckpt-4300
[TRAIN] step=04400 loss=-3.87958 nmse_prop=0.00940 nmse_ls=0.01875 gpu_mem=0.43GiB peak=11.87GiB
[TRAIN] saved resumable state at step=4400 reason=periodic: /lustre07/scratch/rsadve1/Universal_Receiver_NEW-main_Narval/TWC_plots_comprehensive/runs_rx16/seed7/1dmrs/shallow_d96_b2_r2/checkpoints/training_state/ckpt-4400
[TRAIN] saved new best weights at step=4500 val_nmse=0.0172576
[TRAIN] step=04500 loss=-3.19378 nmse_prop=0.01685 nmse_ls=0.02942 gpu_mem=0.43GiB peak=11.87GiB
[TRAIN] saved resumable state at step=4500 reason=periodic: /lustre07/scratch/rsadve1/Universal_Receiver_NEW-main_Narval/TWC_plots_comprehensive/runs_rx16/seed7/1dmrs/shallow_d96_b2_r2/checkpoints/training_state/ckpt-4500
[TRAIN] step=04600 loss=-4.06236 nmse_prop=0.00875 nmse_ls=0.01764 gpu_mem=0.43GiB peak=11.87GiB
[TRAIN] saved resumable state at step=4600 reason=periodic: /lustre07/scratch/rsadve1/Universal_Receiver_NEW-main_Narval/TWC_plots_comprehensive/runs_rx16/seed7/1dmrs/shallow_d96_b2_r2/checkpoints/training_state/ckpt-4600
[TRAIN] step=04700 loss=-4.06113 nmse_prop=0.00853 nmse_ls=0.01866 gpu_mem=0.43GiB peak=11.87GiB
[TRAIN] saved resumable state at step=4700 reason=periodic: /lustre07/scratch/rsadve1/Universal_Receiver_NEW-main_Narval/TWC_plots_comprehensive/runs_rx16/seed7/1dmrs/shallow_d96_b2_r2/checkpoints/training_state/ckpt-4700
[TRAIN] step=04800 loss=-3.77239 nmse_prop=0.01011 nmse_ls=0.02039 gpu_mem=0.43GiB peak=11.87GiB
[TRAIN] saved resumable state at step=4800 reason=periodic: /lustre07/scratch/rsadve1/Universal_Receiver_NEW-main_Narval/TWC_plots_comprehensive/runs_rx16/seed7/1dmrs/shallow_d96_b2_r2/checkpoints/training_state/ckpt-4800
[TRAIN] step=04900 loss=-3.50079 nmse_prop=0.01289 nmse_ls=0.02325 gpu_mem=0.43GiB peak=11.87GiB
[TRAIN] saved resumable state at step=4900 reason=periodic: /lustre07/scratch/rsadve1/Universal_Receiver_NEW-main_Narval/TWC_plots_comprehensive/runs_rx16/seed7/1dmrs/shallow_d96_b2_r2/checkpoints/training_state/ckpt-4900
[TRAIN] saved new best weights at step=5000 val_nmse=0.0165141
[TRAIN] step=05000 loss=-1.99856 nmse_prop=0.04775 nmse_ls=0.06487 gpu_mem=0.43GiB peak=11.87GiB
[TRAIN] saved resumable state at step=5000 reason=periodic: /lustre07/scratch/rsadve1/Universal_Receiver_NEW-main_Narval/TWC_plots_comprehensive/runs_rx16/seed7/1dmrs/shallow_d96_b2_r2/checkpoints/training_state/ckpt-5000
[TRAIN] step=05100 loss=-3.18124 nmse_prop=0.01608 nmse_ls=0.02887 gpu_mem=0.43GiB peak=11.87GiB
[TRAIN] saved resumable state at step=5100 reason=periodic: /lustre07/scratch/rsadve1/Universal_Receiver_NEW-main_Narval/TWC_plots_comprehensive/runs_rx16/seed7/1dmrs/shallow_d96_b2_r2/checkpoints/training_state/ckpt-5100
[TRAIN] step=05200 loss=-3.80898 nmse_prop=0.01013 nmse_ls=0.02098 gpu_mem=0.43GiB peak=11.87GiB
[TRAIN] saved resumable state at step=5200 reason=periodic: /lustre07/scratch/rsadve1/Universal_Receiver_NEW-main_Narval/TWC_plots_comprehensive/runs_rx16/seed7/1dmrs/shallow_d96_b2_r2/checkpoints/training_state/ckpt-5200
[TRAIN] step=05300 loss=-3.02246 nmse_prop=0.01828 nmse_ls=0.03095 gpu_mem=0.43GiB peak=11.87GiB
[TRAIN] saved resumable state at step=5300 reason=periodic: /lustre07/scratch/rsadve1/Universal_Receiver_NEW-main_Narval/TWC_plots_comprehensive/runs_rx16/seed7/1dmrs/shallow_d96_b2_r2/checkpoints/training_state/ckpt-5300
[TRAIN] step=05400 loss=-1.85923 nmse_prop=0.05329 nmse_ls=0.07574 gpu_mem=0.43GiB peak=11.87GiB
[TRAIN] saved resumable state at step=5400 reason=periodic: /lustre07/scratch/rsadve1/Universal_Receiver_NEW-main_Narval/TWC_plots_comprehensive/runs_rx16/seed7/1dmrs/shallow_d96_b2_r2/checkpoints/training_state/ckpt-5400
[TRAIN] saved new best weights at step=5500 val_nmse=0.0156711
[TRAIN] step=05500 loss=-2.38819 nmse_prop=0.03237 nmse_ls=0.05007 gpu_mem=0.43GiB peak=11.87GiB
[TRAIN] saved resumable state at step=5500 reason=periodic: /lustre07/scratch/rsadve1/Universal_Receiver_NEW-main_Narval/TWC_plots_comprehensive/runs_rx16/seed7/1dmrs/shallow_d96_b2_r2/checkpoints/training_state/ckpt-5500
[TRAIN] step=05600 loss=-4.15564 nmse_prop=0.00726 nmse_ls=0.01786 gpu_mem=0.43GiB peak=11.87GiB
[TRAIN] saved resumable state at step=5600 reason=periodic: /lustre07/scratch/rsadve1/Universal_Receiver_NEW-main_Narval/TWC_plots_comprehensive/runs_rx16/seed7/1dmrs/shallow_d96_b2_r2/checkpoints/training_state/ckpt-5600
[TRAIN] step=05700 loss=-3.23283 nmse_prop=0.01548 nmse_ls=0.02858 gpu_mem=0.43GiB peak=11.87GiB
[TRAIN] saved resumable state at step=5700 reason=periodic: /lustre07/scratch/rsadve1/Universal_Receiver_NEW-main_Narval/TWC_plots_comprehensive/runs_rx16/seed7/1dmrs/shallow_d96_b2_r2/checkpoints/training_state/ckpt-5700
[TRAIN] step=05800 loss=-2.22176 nmse_prop=0.03807 nmse_ls=0.05490 gpu_mem=0.43GiB peak=11.87GiB
[TRAIN] saved resumable state at step=5800 reason=periodic: /lustre07/scratch/rsadve1/Universal_Receiver_NEW-main_Narval/TWC_plots_comprehensive/runs_rx16/seed7/1dmrs/shallow_d96_b2_r2/checkpoints/training_state/ckpt-5800
[TRAIN] step=05900 loss=-1.91136 nmse_prop=0.04979 nmse_ls=0.07404 gpu_mem=0.43GiB peak=11.87GiB
[TRAIN] saved resumable state at step=5900 reason=periodic: /lustre07/scratch/rsadve1/Universal_Receiver_NEW-main_Narval/TWC_plots_comprehensive/runs_rx16/seed7/1dmrs/shallow_d96_b2_r2/checkpoints/training_state/ckpt-5900
[TRAIN] saved new best weights at step=6000 val_nmse=0.0150563
[TRAIN] step=06000 loss=-3.86342 nmse_prop=0.00903 nmse_ls=0.01958 gpu_mem=0.43GiB peak=11.87GiB
[TRAIN] saved resumable state at step=6000 reason=periodic: /lustre07/scratch/rsadve1/Universal_Receiver_NEW-main_Narval/TWC_plots_comprehensive/runs_rx16/seed7/1dmrs/shallow_d96_b2_r2/checkpoints/training_state/ckpt-6000
[TRAIN] step=06100 loss=-2.98471 nmse_prop=0.01870 nmse_ls=0.03216 gpu_mem=0.43GiB peak=11.87GiB
[TRAIN] saved resumable state at step=6100 reason=periodic: /lustre07/scratch/rsadve1/Universal_Receiver_NEW-main_Narval/TWC_plots_comprehensive/runs_rx16/seed7/1dmrs/shallow_d96_b2_r2/checkpoints/training_state/ckpt-6100
[TRAIN] step=06200 loss=-3.80932 nmse_prop=0.00951 nmse_ls=0.02050 gpu_mem=0.43GiB peak=11.87GiB
[TRAIN] saved resumable state at step=6200 reason=periodic: /lustre07/scratch/rsadve1/Universal_Receiver_NEW-main_Narval/TWC_plots_comprehensive/runs_rx16/seed7/1dmrs/shallow_d96_b2_r2/checkpoints/training_state/ckpt-6200
[TRAIN] step=06300 loss=-2.89704 nmse_prop=0.02021 nmse_ls=0.03295 gpu_mem=0.43GiB peak=11.87GiB
[TRAIN] saved resumable state at step=6300 reason=periodic: /lustre07/scratch/rsadve1/Universal_Receiver_NEW-main_Narval/TWC_plots_comprehensive/runs_rx16/seed7/1dmrs/shallow_d96_b2_r2/checkpoints/training_state/ckpt-6300
[TRAIN] step=06400 loss=-4.00832 nmse_prop=0.00802 nmse_ls=0.01926 gpu_mem=0.43GiB peak=11.87GiB
[TRAIN] saved resumable state at step=6400 reason=periodic: /lustre07/scratch/rsadve1/Universal_Receiver_NEW-main_Narval/TWC_plots_comprehensive/runs_rx16/seed7/1dmrs/shallow_d96_b2_r2/checkpoints/training_state/ckpt-6400
[TRAIN] saved new best weights at step=6500 val_nmse=0.0148754
[TRAIN] step=06500 loss=-3.74483 nmse_prop=0.01038 nmse_ls=0.02040 gpu_mem=0.43GiB peak=11.87GiB
[TRAIN] saved resumable state at step=6500 reason=periodic: /lustre07/scratch/rsadve1/Universal_Receiver_NEW-main_Narval/TWC_plots_comprehensive/runs_rx16/seed7/1dmrs/shallow_d96_b2_r2/checkpoints/training_state/ckpt-6500
[TRAIN] step=06600 loss=-3.68159 nmse_prop=0.01120 nmse_ls=0.02218 gpu_mem=0.43GiB peak=11.87GiB
[TRAIN] saved resumable state at step=6600 reason=periodic: /lustre07/scratch/rsadve1/Universal_Receiver_NEW-main_Narval/TWC_plots_comprehensive/runs_rx16/seed7/1dmrs/shallow_d96_b2_r2/checkpoints/training_state/ckpt-6600
[TRAIN] step=06700 loss=-2.07337 nmse_prop=0.04252 nmse_ls=0.06527 gpu_mem=0.43GiB peak=11.87GiB
[TRAIN] saved resumable state at step=6700 reason=periodic: /lustre07/scratch/rsadve1/Universal_Receiver_NEW-main_Narval/TWC_plots_comprehensive/runs_rx16/seed7/1dmrs/shallow_d96_b2_r2/checkpoints/training_state/ckpt-6700
[TRAIN] step=06800 loss=-4.18575 nmse_prop=0.00674 nmse_ls=0.01891 gpu_mem=0.43GiB peak=11.87GiB
[TRAIN] saved resumable state at step=6800 reason=periodic: /lustre07/scratch/rsadve1/Universal_Receiver_NEW-main_Narval/TWC_plots_comprehensive/runs_rx16/seed7/1dmrs/shallow_d96_b2_r2/checkpoints/training_state/ckpt-6800
[TRAIN] step=06900 loss=-3.69237 nmse_prop=0.01024 nmse_ls=0.02239 gpu_mem=0.43GiB peak=11.87GiB
[TRAIN] saved resumable state at step=6900 reason=periodic: /lustre07/scratch/rsadve1/Universal_Receiver_NEW-main_Narval/TWC_plots_comprehensive/runs_rx16/seed7/1dmrs/shallow_d96_b2_r2/checkpoints/training_state/ckpt-6900
[TRAIN] saved new best weights at step=7000 val_nmse=0.0140511
[TRAIN] step=07000 loss=-4.29007 nmse_prop=0.00625 nmse_ls=0.01816 gpu_mem=0.43GiB peak=11.87GiB
[TRAIN] saved resumable state at step=7000 reason=periodic: /lustre07/scratch/rsadve1/Universal_Receiver_NEW-main_Narval/TWC_plots_comprehensive/runs_rx16/seed7/1dmrs/shallow_d96_b2_r2/checkpoints/training_state/ckpt-7000
[TRAIN] step=07100 loss=-3.47455 nmse_prop=0.01233 nmse_ls=0.02555 gpu_mem=0.43GiB peak=11.87GiB
[TRAIN] saved resumable state at step=7100 reason=periodic: /lustre07/scratch/rsadve1/Universal_Receiver_NEW-main_Narval/TWC_plots_comprehensive/runs_rx16/seed7/1dmrs/shallow_d96_b2_r2/checkpoints/training_state/ckpt-7100
[TRAIN] step=07200 loss=-2.73139 nmse_prop=0.02283 nmse_ls=0.04194 gpu_mem=0.43GiB peak=11.87GiB
[TRAIN] saved resumable state at step=7200 reason=periodic: /lustre07/scratch/rsadve1/Universal_Receiver_NEW-main_Narval/TWC_plots_comprehensive/runs_rx16/seed7/1dmrs/shallow_d96_b2_r2/checkpoints/training_state/ckpt-7200
[TRAIN] step=07300 loss=-3.06688 nmse_prop=0.01695 nmse_ls=0.03186 gpu_mem=0.43GiB peak=11.87GiB
[TRAIN] saved resumable state at step=7300 reason=periodic: /lustre07/scratch/rsadve1/Universal_Receiver_NEW-main_Narval/TWC_plots_comprehensive/runs_rx16/seed7/1dmrs/shallow_d96_b2_r2/checkpoints/training_state/ckpt-7300
[TRAIN] step=07400 loss=-4.31175 nmse_prop=0.00617 nmse_ls=0.01905 gpu_mem=0.43GiB peak=11.87GiB
[TRAIN] saved resumable state at step=7400 reason=periodic: /lustre07/scratch/rsadve1/Universal_Receiver_NEW-main_Narval/TWC_plots_comprehensive/runs_rx16/seed7/1dmrs/shallow_d96_b2_r2/checkpoints/training_state/ckpt-7400
[TRAIN] saved new best weights at step=7500 val_nmse=0.0138833
[TRAIN] step=07500 loss=-4.10246 nmse_prop=0.00748 nmse_ls=0.01996 gpu_mem=0.43GiB peak=11.87GiB
[TRAIN] saved resumable state at step=7500 reason=periodic: /lustre07/scratch/rsadve1/Universal_Receiver_NEW-main_Narval/TWC_plots_comprehensive/runs_rx16/seed7/1dmrs/shallow_d96_b2_r2/checkpoints/training_state/ckpt-7500
[TRAIN] step=07600 loss=-4.29380 nmse_prop=0.00640 nmse_ls=0.01811 gpu_mem=0.43GiB peak=11.87GiB
[TRAIN] saved resumable state at step=7600 reason=periodic: /lustre07/scratch/rsadve1/Universal_Receiver_NEW-main_Narval/TWC_plots_comprehensive/runs_rx16/seed7/1dmrs/shallow_d96_b2_r2/checkpoints/training_state/ckpt-7600
[TRAIN] step=07700 loss=-3.96851 nmse_prop=0.00810 nmse_ls=0.01751 gpu_mem=0.43GiB peak=11.87GiB
[TRAIN] saved resumable state at step=7700 reason=periodic: /lustre07/scratch/rsadve1/Universal_Receiver_NEW-main_Narval/TWC_plots_comprehensive/runs_rx16/seed7/1dmrs/shallow_d96_b2_r2/checkpoints/training_state/ckpt-7700
[TRAIN] step=07800 loss=-4.04475 nmse_prop=0.00811 nmse_ls=0.01928 gpu_mem=0.43GiB peak=11.87GiB
[TRAIN] saved resumable state at step=7800 reason=periodic: /lustre07/scratch/rsadve1/Universal_Receiver_NEW-main_Narval/TWC_plots_comprehensive/runs_rx16/seed7/1dmrs/shallow_d96_b2_r2/checkpoints/training_state/ckpt-7800
[TRAIN] step=07900 loss=-3.71136 nmse_prop=0.00968 nmse_ls=0.02245 gpu_mem=0.43GiB peak=11.87GiB
[TRAIN] saved resumable state at step=7900 reason=periodic: /lustre07/scratch/rsadve1/Universal_Receiver_NEW-main_Narval/TWC_plots_comprehensive/runs_rx16/seed7/1dmrs/shallow_d96_b2_r2/checkpoints/training_state/ckpt-7900
[TRAIN] step=08000 loss=-3.18384 nmse_prop=0.01570 nmse_ls=0.02925 gpu_mem=0.43GiB peak=11.87GiB
[TRAIN] saved resumable state at step=8000 reason=periodic: /lustre07/scratch/rsadve1/Universal_Receiver_NEW-main_Narval/TWC_plots_comprehensive/runs_rx16/seed7/1dmrs/shallow_d96_b2_r2/checkpoints/training_state/ckpt-8000
[TRAIN] step=08100 loss=-4.38404 nmse_prop=0.00599 nmse_ls=0.01716 gpu_mem=0.43GiB peak=11.87GiB
[TRAIN] saved resumable state at step=8100 reason=periodic: /lustre07/scratch/rsadve1/Universal_Receiver_NEW-main_Narval/TWC_plots_comprehensive/runs_rx16/seed7/1dmrs/shallow_d96_b2_r2/checkpoints/training_state/ckpt-8100
[TRAIN] step=08200 loss=-3.44134 nmse_prop=0.01216 nmse_ls=0.02606 gpu_mem=0.43GiB peak=11.87GiB
[TRAIN] saved resumable state at step=8200 reason=periodic: /lustre07/scratch/rsadve1/Universal_Receiver_NEW-main_Narval/TWC_plots_comprehensive/runs_rx16/seed7/1dmrs/shallow_d96_b2_r2/checkpoints/training_state/ckpt-8200
[TRAIN] step=08300 loss=-4.00803 nmse_prop=0.00814 nmse_ls=0.01859 gpu_mem=0.43GiB peak=11.87GiB
[TRAIN] saved resumable state at step=8300 reason=periodic: /lustre07/scratch/rsadve1/Universal_Receiver_NEW-main_Narval/TWC_plots_comprehensive/runs_rx16/seed7/1dmrs/shallow_d96_b2_r2/checkpoints/training_state/ckpt-8300
[TRAIN] step=08400 loss=-2.69342 nmse_prop=0.02347 nmse_ls=0.04423 gpu_mem=0.43GiB peak=11.87GiB
[TRAIN] saved resumable state at step=8400 reason=periodic: /lustre07/scratch/rsadve1/Universal_Receiver_NEW-main_Narval/TWC_plots_comprehensive/runs_rx16/seed7/1dmrs/shallow_d96_b2_r2/checkpoints/training_state/ckpt-8400
[TRAIN] saved new best weights at step=8500 val_nmse=0.0133388
[TRAIN] step=08500 loss=-4.02269 nmse_prop=0.00777 nmse_ls=0.02161 gpu_mem=0.43GiB peak=11.87GiB
[TRAIN] saved resumable state at step=8500 reason=periodic: /lustre07/scratch/rsadve1/Universal_Receiver_NEW-main_Narval/TWC_plots_comprehensive/runs_rx16/seed7/1dmrs/shallow_d96_b2_r2/checkpoints/training_state/ckpt-8500
[TRAIN] step=08600 loss=-3.52488 nmse_prop=0.01136 nmse_ls=0.02134 gpu_mem=0.43GiB peak=11.87GiB
[TRAIN] saved resumable state at step=8600 reason=periodic: /lustre07/scratch/rsadve1/Universal_Receiver_NEW-main_Narval/TWC_plots_comprehensive/runs_rx16/seed7/1dmrs/shallow_d96_b2_r2/checkpoints/training_state/ckpt-8600
[TRAIN] step=08700 loss=-3.70596 nmse_prop=0.01008 nmse_ls=0.02440 gpu_mem=0.43GiB peak=11.87GiB
[TRAIN] saved resumable state at step=8700 reason=periodic: /lustre07/scratch/rsadve1/Universal_Receiver_NEW-main_Narval/TWC_plots_comprehensive/runs_rx16/seed7/1dmrs/shallow_d96_b2_r2/checkpoints/training_state/ckpt-8700
[TRAIN] step=08800 loss=-2.14219 nmse_prop=0.03428 nmse_ls=0.07054 gpu_mem=0.43GiB peak=11.87GiB
[TRAIN] saved resumable state at step=8800 reason=periodic: /lustre07/scratch/rsadve1/Universal_Receiver_NEW-main_Narval/TWC_plots_comprehensive/runs_rx16/seed7/1dmrs/shallow_d96_b2_r2/checkpoints/training_state/ckpt-8800
[TRAIN] step=08900 loss=-4.04789 nmse_prop=0.00747 nmse_ls=0.01956 gpu_mem=0.43GiB peak=11.87GiB
[TRAIN] saved resumable state at step=8900 reason=periodic: /lustre07/scratch/rsadve1/Universal_Receiver_NEW-main_Narval/TWC_plots_comprehensive/runs_rx16/seed7/1dmrs/shallow_d96_b2_r2/checkpoints/training_state/ckpt-8900
[TRAIN] step=09000 loss=-2.51694 nmse_prop=0.02818 nmse_ls=0.04622 gpu_mem=0.43GiB peak=11.87GiB
[TRAIN] saved resumable state at step=9000 reason=periodic: /lustre07/scratch/rsadve1/Universal_Receiver_NEW-main_Narval/TWC_plots_comprehensive/runs_rx16/seed7/1dmrs/shallow_d96_b2_r2/checkpoints/training_state/ckpt-9000
[TRAIN] step=09100 loss=-4.24033 nmse_prop=0.00667 nmse_ls=0.01688 gpu_mem=0.43GiB peak=11.87GiB
[TRAIN] saved resumable state at step=9100 reason=periodic: /lustre07/scratch/rsadve1/Universal_Receiver_NEW-main_Narval/TWC_plots_comprehensive/runs_rx16/seed7/1dmrs/shallow_d96_b2_r2/checkpoints/training_state/ckpt-9100
[TRAIN] step=09200 loss=-1.90610 nmse_prop=0.04996 nmse_ls=0.07514 gpu_mem=0.43GiB peak=11.87GiB
[TRAIN] saved resumable state at step=9200 reason=periodic: /lustre07/scratch/rsadve1/Universal_Receiver_NEW-main_Narval/TWC_plots_comprehensive/runs_rx16/seed7/1dmrs/shallow_d96_b2_r2/checkpoints/training_state/ckpt-9200
[TRAIN] step=09300 loss=-2.47957 nmse_prop=0.02541 nmse_ls=0.05515 gpu_mem=0.43GiB peak=11.87GiB
[TRAIN] saved resumable state at step=9300 reason=periodic: /lustre07/scratch/rsadve1/Universal_Receiver_NEW-main_Narval/TWC_plots_comprehensive/runs_rx16/seed7/1dmrs/shallow_d96_b2_r2/checkpoints/training_state/ckpt-9300
[TRAIN] step=09400 loss=-3.28181 nmse_prop=0.01400 nmse_ls=0.03070 gpu_mem=0.43GiB peak=11.87GiB
[TRAIN] saved resumable state at step=9400 reason=periodic: /lustre07/scratch/rsadve1/Universal_Receiver_NEW-main_Narval/TWC_plots_comprehensive/runs_rx16/seed7/1dmrs/shallow_d96_b2_r2/checkpoints/training_state/ckpt-9400
[TRAIN] saved new best weights at step=9500 val_nmse=0.0126665
[TRAIN] step=09500 loss=-4.15046 nmse_prop=0.00681 nmse_ls=0.01897 gpu_mem=0.43GiB peak=11.87GiB
[TRAIN] saved resumable state at step=9500 reason=periodic: /lustre07/scratch/rsadve1/Universal_Receiver_NEW-main_Narval/TWC_plots_comprehensive/runs_rx16/seed7/1dmrs/shallow_d96_b2_r2/checkpoints/training_state/ckpt-9500
[TRAIN] step=09600 loss=-3.89899 nmse_prop=0.00821 nmse_ls=0.02134 gpu_mem=0.43GiB peak=11.87GiB
[TRAIN] saved resumable state at step=9600 reason=periodic: /lustre07/scratch/rsadve1/Universal_Receiver_NEW-main_Narval/TWC_plots_comprehensive/runs_rx16/seed7/1dmrs/shallow_d96_b2_r2/checkpoints/training_state/ckpt-9600
[TRAIN] step=09700 loss=-3.58659 nmse_prop=0.01063 nmse_ls=0.02364 gpu_mem=0.43GiB peak=11.87GiB
[TRAIN] saved resumable state at step=9700 reason=periodic: /lustre07/scratch/rsadve1/Universal_Receiver_NEW-main_Narval/TWC_plots_comprehensive/runs_rx16/seed7/1dmrs/shallow_d96_b2_r2/checkpoints/training_state/ckpt-9700
[TRAIN] step=09800 loss=-3.97740 nmse_prop=0.00777 nmse_ls=0.02008 gpu_mem=0.43GiB peak=11.87GiB
[TRAIN] saved resumable state at step=9800 reason=periodic: /lustre07/scratch/rsadve1/Universal_Receiver_NEW-main_Narval/TWC_plots_comprehensive/runs_rx16/seed7/1dmrs/shallow_d96_b2_r2/checkpoints/training_state/ckpt-9800
[TRAIN] step=09900 loss=-3.89425 nmse_prop=0.00833 nmse_ls=0.02036 gpu_mem=0.43GiB peak=11.87GiB
[TRAIN] saved resumable state at step=9900 reason=periodic: /lustre07/scratch/rsadve1/Universal_Receiver_NEW-main_Narval/TWC_plots_comprehensive/runs_rx16/seed7/1dmrs/shallow_d96_b2_r2/checkpoints/training_state/ckpt-9900
[TRAIN] step=10000 loss=-2.07390 nmse_prop=0.04235 nmse_ls=0.06669 gpu_mem=0.43GiB peak=11.87GiB
[TRAIN] saved resumable state at step=10000 reason=periodic: /lustre07/scratch/rsadve1/Universal_Receiver_NEW-main_Narval/TWC_plots_comprehensive/runs_rx16/seed7/1dmrs/shallow_d96_b2_r2/checkpoints/training_state/ckpt-10000
[TRAIN] saved resumable state at step=10000 reason=final: /lustre07/scratch/rsadve1/Universal_Receiver_NEW-main_Narval/TWC_plots_comprehensive/runs_rx16/seed7/1dmrs/shallow_d96_b2_r2/checkpoints/training_state/ckpt-10000
[COMPREHENSIVE] cleared TensorFlow state before evaluation seed=7 1dmrs/shallow_d96_b2_r2/u1: gpu_mem=0.00GiB peak=11.87GiB
[EVAL] receiver microbatching enabled: batch_size_eval=128 receiver_microbatch_size=4
[BASELINES] Estimating empirical LMMSE covariances with num_batches=32 batch_size=32 mode=clean-channel
[EVAL] received signal 15; will save completed Eb/N0 points and stop after current batch.
[EVAL] stopped before completing current Eb/N0; resubmit to resume from completed points.
