[SLURM] task=1/12 seed=7 dmrs_case=1dmrs variant=shallow_d96_b2_r2
Tue May  5 08:33:02 2026       
+-----------------------------------------------------------------------------------------+
| NVIDIA-SMI 570.211.01             Driver Version: 570.211.01     CUDA Version: 12.8     |
|-----------------------------------------+------------------------+----------------------+
| GPU  Name                 Persistence-M | Bus-Id          Disp.A | Volatile Uncorr. ECC |
| Fan  Temp   Perf          Pwr:Usage/Cap |           Memory-Usage | GPU-Util  Compute M. |
|                                         |                        |               MIG M. |
|=========================================+========================+======================|
|   0  NVIDIA A100-SXM4-40GB          Off |   00000000:01:00.0 Off |                    0 |
| N/A   36C    P0             55W /  400W |       0MiB /  40960MiB |      0%      Default |
|                                         |                        |             Disabled |
+-----------------------------------------+------------------------+----------------------+
                                                                                         
+-----------------------------------------------------------------------------------------+
| Processes:                                                                              |
|  GPU   GI   CI              PID   Type   Process name                        GPU Memory |
|        ID   ID                                                               Usage      |
|=========================================================================================|
|  No running processes found                                                             |
+-----------------------------------------------------------------------------------------+
[COMPREHENSIVE] cleared TensorFlow state before evaluation seed=7 1dmrs/shallow_d96_b2_r2/u3: gpu_mem=0.00GiB peak=0.00GiB
[EVAL] receiver microbatching enabled: batch_size_eval=96 receiver_microbatch_size=32
[BASELINES] Estimating empirical LMMSE covariances with num_batches=32 batch_size=32 mode=clean-channel
[EVAL] receiver=       baseline_ls_lmmse Eb/N0=-4.0 dB BER=3.50413e-01 BLER=1.00000e+00 NMSE=5.04296e-01 bit_err=607128/1732608  blk_err=  288/288    batches=   1
[EVAL] receiver=baseline_ls_2dlmmse_lmmse Eb/N0=-4.0 dB BER=3.50412e-01 BLER=1.00000e+00 NMSE=1.91117e-01 bit_err=607126/1732608  blk_err=  288/288    batches=   1
[EVAL] receiver= baseline_ddcpe_ls_lmmse Eb/N0=-4.0 dB BER=3.50595e-01 BLER=1.00000e+00 NMSE=5.05096e-01 bit_err=607444/1732608  blk_err=  288/288    batches=   1
[EVAL] receiver=           upair5g_lmmse Eb/N0=-4.0 dB BER=3.47872e-01 BLER=1.00000e+00 NMSE=3.35773e-01 bit_err=602726/1732608  blk_err=  288/288    batches=   1
[EVAL] receiver=       perfect_csi_lmmse Eb/N0=-4.0 dB BER=4.42658e-01 BLER=3.33333e-01 NMSE=0.00000e+00 bit_err=766953/1732608  blk_err=   96/288    batches=   1
[EVAL] receiver=       baseline_ls_lmmse Eb/N0=-2.0 dB BER=3.48286e-01 BLER=1.00000e+00 NMSE=3.39715e-01 bit_err=603443/1732608  blk_err=  288/288    batches=   1
[EVAL] receiver=baseline_ls_2dlmmse_lmmse Eb/N0=-2.0 dB BER=3.49207e-01 BLER=1.00000e+00 NMSE=1.47871e-01 bit_err=605038/1732608  blk_err=  288/288    batches=   1
[EVAL] receiver= baseline_ddcpe_ls_lmmse Eb/N0=-2.0 dB BER=3.48226e-01 BLER=1.00000e+00 NMSE=3.39746e-01 bit_err=603339/1732608  blk_err=  288/288    batches=   1
[EVAL] receiver=           upair5g_lmmse Eb/N0=-2.0 dB BER=3.46063e-01 BLER=1.00000e+00 NMSE=2.11635e-01 bit_err=599591/1732608  blk_err=  288/288    batches=   1
[EVAL] receiver=       perfect_csi_lmmse Eb/N0=-2.0 dB BER=4.42916e-01 BLER=3.33333e-01 NMSE=0.00000e+00 bit_err=767400/1732608  blk_err=   96/288    batches=   1
[EVAL] receiver=       baseline_ls_lmmse Eb/N0= 0.0 dB BER=3.47463e-01 BLER=1.00000e+00 NMSE=2.28728e-01 bit_err=602018/1732608  blk_err=  288/288    batches=   1
[EVAL] receiver=baseline_ls_2dlmmse_lmmse Eb/N0= 0.0 dB BER=3.49430e-01 BLER=1.00000e+00 NMSE=1.09915e-01 bit_err=605425/1732608  blk_err=  288/288    batches=   1
[EVAL] receiver= baseline_ddcpe_ls_lmmse Eb/N0= 0.0 dB BER=3.47408e-01 BLER=1.00000e+00 NMSE=2.29315e-01 bit_err=601922/1732608  blk_err=  288/288    batches=   1
[EVAL] receiver=           upair5g_lmmse Eb/N0= 0.0 dB BER=3.45468e-01 BLER=1.00000e+00 NMSE=1.37110e-01 bit_err=598561/1732608  blk_err=  288/288    batches=   1
[EVAL] receiver=       perfect_csi_lmmse Eb/N0= 0.0 dB BER=4.44883e-01 BLER=3.33333e-01 NMSE=0.00000e+00 bit_err=770808/1732608  blk_err=   96/288    batches=   1
[EVAL] receiver=       baseline_ls_lmmse Eb/N0= 2.0 dB BER=3.47275e-01 BLER=1.00000e+00 NMSE=1.65617e-01 bit_err=601691/1732608  blk_err=  288/288    batches=   1
[EVAL] receiver=baseline_ls_2dlmmse_lmmse Eb/N0= 2.0 dB BER=3.48786e-01 BLER=1.00000e+00 NMSE=8.99564e-02 bit_err=604309/1732608  blk_err=  288/288    batches=   1
[EVAL] receiver= baseline_ddcpe_ls_lmmse Eb/N0= 2.0 dB BER=3.47327e-01 BLER=1.00000e+00 NMSE=1.65909e-01 bit_err=601782/1732608  blk_err=  288/288    batches=   1
[EVAL] receiver=           upair5g_lmmse Eb/N0= 2.0 dB BER=3.44935e-01 BLER=1.00000e+00 NMSE=9.19471e-02 bit_err=597638/1732608  blk_err=  288/288    batches=   1
[EVAL] receiver=       perfect_csi_lmmse Eb/N0= 2.0 dB BER=4.46905e-01 BLER=3.33333e-01 NMSE=0.00000e+00 bit_err=774311/1732608  blk_err=   96/288    batches=   1
[EVAL] receiver=       baseline_ls_lmmse Eb/N0= 4.0 dB BER=3.47240e-01 BLER=1.00000e+00 NMSE=1.22067e-01 bit_err=601631/1732608  blk_err=  288/288    batches=   1
[EVAL] receiver=baseline_ls_2dlmmse_lmmse Eb/N0= 4.0 dB BER=3.47837e-01 BLER=1.00000e+00 NMSE=7.18773e-02 bit_err=602665/1732608  blk_err=  288/288    batches=   1
[EVAL] receiver= baseline_ddcpe_ls_lmmse Eb/N0= 4.0 dB BER=3.47219e-01 BLER=1.00000e+00 NMSE=1.22652e-01 bit_err=601595/1732608  blk_err=  288/288    batches=   1
[EVAL] receiver=           upair5g_lmmse Eb/N0= 4.0 dB BER=3.44391e-01 BLER=1.00000e+00 NMSE=6.35198e-02 bit_err=596694/1732608  blk_err=  288/288    batches=   1
[EVAL] receiver=       perfect_csi_lmmse Eb/N0= 4.0 dB BER=4.47303e-01 BLER=3.33333e-01 NMSE=0.00000e+00 bit_err=775001/1732608  blk_err=   96/288    batches=   1
[COMPREHENSIVE] skipped shared combined CSV/manifest writes for parallel worker mode
