[SLURM] task=3/12 seed=7 dmrs_case=1dmrs variant=narrow_d64_b4_r2
Mon May  4 17:35:25 2026       
+-----------------------------------------------------------------------------------------+
| NVIDIA-SMI 570.211.01             Driver Version: 570.211.01     CUDA Version: 12.8     |
|-----------------------------------------+------------------------+----------------------+
| GPU  Name                 Persistence-M | Bus-Id          Disp.A | Volatile Uncorr. ECC |
| Fan  Temp   Perf          Pwr:Usage/Cap |           Memory-Usage | GPU-Util  Compute M. |
|                                         |                        |               MIG M. |
|=========================================+========================+======================|
|   0  NVIDIA A100-SXM4-40GB          Off |   00000000:81:00.0 Off |                    0 |
| N/A   33C    P0             52W /  400W |       0MiB /  40960MiB |      0%      Default |
|                                         |                        |             Disabled |
+-----------------------------------------+------------------------+----------------------+
                                                                                         
+-----------------------------------------------------------------------------------------+
| Processes:                                                                              |
|  GPU   GI   CI              PID   Type   Process name                        GPU Memory |
|        ID   ID                                                               Usage      |
|=========================================================================================|
|  No running processes found                                                             |
+-----------------------------------------------------------------------------------------+
[TRAIN] starting from scratch
[TRAIN] step=00001 loss=-2.34457 nmse_prop=0.03424 nmse_ls=0.03424 gpu_mem=0.09GiB peak=17.29GiB
[TRAIN] step=00100 loss=-2.80473 nmse_prop=0.02223 nmse_ls=0.02333 gpu_mem=0.22GiB peak=17.53GiB
[TRAIN] saved resumable state at step=100 reason=periodic: /lustre07/scratch/rsadve1/Universal_Receiver_NEW-main_Narval/TWC_plots_comprehensive/runs_rx16/seed7/1dmrs/narrow_d64_b4_r2/checkpoints/training_state/ckpt-100
[TRAIN] step=00200 loss=-2.96820 nmse_prop=0.02068 nmse_ls=0.02250 gpu_mem=0.22GiB peak=17.53GiB
[TRAIN] saved resumable state at step=200 reason=periodic: /lustre07/scratch/rsadve1/Universal_Receiver_NEW-main_Narval/TWC_plots_comprehensive/runs_rx16/seed7/1dmrs/narrow_d64_b4_r2/checkpoints/training_state/ckpt-200
[TRAIN] step=00300 loss=-3.25640 nmse_prop=0.01652 nmse_ls=0.01949 gpu_mem=0.22GiB peak=17.53GiB
[TRAIN] saved resumable state at step=300 reason=periodic: /lustre07/scratch/rsadve1/Universal_Receiver_NEW-main_Narval/TWC_plots_comprehensive/runs_rx16/seed7/1dmrs/narrow_d64_b4_r2/checkpoints/training_state/ckpt-300
[TRAIN] step=00400 loss=-1.67985 nmse_prop=0.06677 nmse_ls=0.07024 gpu_mem=0.22GiB peak=17.53GiB
[TRAIN] saved resumable state at step=400 reason=periodic: /lustre07/scratch/rsadve1/Universal_Receiver_NEW-main_Narval/TWC_plots_comprehensive/runs_rx16/seed7/1dmrs/narrow_d64_b4_r2/checkpoints/training_state/ckpt-400
[TRAIN] saved new best weights at step=500 val_nmse=0.0254638
[TRAIN] step=00500 loss=-2.14610 nmse_prop=0.04345 nmse_ls=0.04664 gpu_mem=0.43GiB peak=17.53GiB
[TRAIN] saved resumable state at step=500 reason=periodic: /lustre07/scratch/rsadve1/Universal_Receiver_NEW-main_Narval/TWC_plots_comprehensive/runs_rx16/seed7/1dmrs/narrow_d64_b4_r2/checkpoints/training_state/ckpt-500
[TRAIN] step=00600 loss=-3.02393 nmse_prop=0.02085 nmse_ls=0.02403 gpu_mem=0.43GiB peak=17.73GiB
[TRAIN] saved resumable state at step=600 reason=periodic: /lustre07/scratch/rsadve1/Universal_Receiver_NEW-main_Narval/TWC_plots_comprehensive/runs_rx16/seed7/1dmrs/narrow_d64_b4_r2/checkpoints/training_state/ckpt-600
[TRAIN] step=00700 loss=-3.12750 nmse_prop=0.02025 nmse_ls=0.02367 gpu_mem=0.43GiB peak=17.73GiB
[TRAIN] saved resumable state at step=700 reason=periodic: /lustre07/scratch/rsadve1/Universal_Receiver_NEW-main_Narval/TWC_plots_comprehensive/runs_rx16/seed7/1dmrs/narrow_d64_b4_r2/checkpoints/training_state/ckpt-700
[TRAIN] step=00800 loss=-2.84034 nmse_prop=0.02481 nmse_ls=0.02841 gpu_mem=0.43GiB peak=17.73GiB
[TRAIN] saved resumable state at step=800 reason=periodic: /lustre07/scratch/rsadve1/Universal_Receiver_NEW-main_Narval/TWC_plots_comprehensive/runs_rx16/seed7/1dmrs/narrow_d64_b4_r2/checkpoints/training_state/ckpt-800
[TRAIN] step=00900 loss=-2.01580 nmse_prop=0.04977 nmse_ls=0.05408 gpu_mem=0.43GiB peak=17.73GiB
[TRAIN] saved resumable state at step=900 reason=periodic: /lustre07/scratch/rsadve1/Universal_Receiver_NEW-main_Narval/TWC_plots_comprehensive/runs_rx16/seed7/1dmrs/narrow_d64_b4_r2/checkpoints/training_state/ckpt-900
[TRAIN] saved new best weights at step=1000 val_nmse=0.0248512
[TRAIN] step=01000 loss=-3.15141 nmse_prop=0.01814 nmse_ls=0.02211 gpu_mem=0.43GiB peak=17.73GiB
[TRAIN] saved resumable state at step=1000 reason=periodic: /lustre07/scratch/rsadve1/Universal_Receiver_NEW-main_Narval/TWC_plots_comprehensive/runs_rx16/seed7/1dmrs/narrow_d64_b4_r2/checkpoints/training_state/ckpt-1000
[TRAIN] step=01100 loss=-3.67033 nmse_prop=0.01429 nmse_ls=0.01794 gpu_mem=0.43GiB peak=17.73GiB
[TRAIN] saved resumable state at step=1100 reason=periodic: /lustre07/scratch/rsadve1/Universal_Receiver_NEW-main_Narval/TWC_plots_comprehensive/runs_rx16/seed7/1dmrs/narrow_d64_b4_r2/checkpoints/training_state/ckpt-1100
[TRAIN] step=01200 loss=-3.50913 nmse_prop=0.01562 nmse_ls=0.01997 gpu_mem=0.43GiB peak=17.73GiB
[TRAIN] saved resumable state at step=1200 reason=periodic: /lustre07/scratch/rsadve1/Universal_Receiver_NEW-main_Narval/TWC_plots_comprehensive/runs_rx16/seed7/1dmrs/narrow_d64_b4_r2/checkpoints/training_state/ckpt-1200
[TRAIN] step=01300 loss=-3.76952 nmse_prop=0.01273 nmse_ls=0.01705 gpu_mem=0.43GiB peak=17.73GiB
[TRAIN] saved resumable state at step=1300 reason=periodic: /lustre07/scratch/rsadve1/Universal_Receiver_NEW-main_Narval/TWC_plots_comprehensive/runs_rx16/seed7/1dmrs/narrow_d64_b4_r2/checkpoints/training_state/ckpt-1300
[TRAIN] step=01400 loss=-2.75207 nmse_prop=0.02611 nmse_ls=0.03086 gpu_mem=0.43GiB peak=17.73GiB
[TRAIN] saved resumable state at step=1400 reason=periodic: /lustre07/scratch/rsadve1/Universal_Receiver_NEW-main_Narval/TWC_plots_comprehensive/runs_rx16/seed7/1dmrs/narrow_d64_b4_r2/checkpoints/training_state/ckpt-1400
[TRAIN] saved new best weights at step=1500 val_nmse=0.0241605
[TRAIN] step=01500 loss=-2.64797 nmse_prop=0.02795 nmse_ls=0.03132 gpu_mem=0.43GiB peak=17.73GiB
[TRAIN] saved resumable state at step=1500 reason=periodic: /lustre07/scratch/rsadve1/Universal_Receiver_NEW-main_Narval/TWC_plots_comprehensive/runs_rx16/seed7/1dmrs/narrow_d64_b4_r2/checkpoints/training_state/ckpt-1500
[TRAIN] step=01600 loss=-3.62664 nmse_prop=0.01456 nmse_ls=0.01910 gpu_mem=0.43GiB peak=17.73GiB
[TRAIN] saved resumable state at step=1600 reason=periodic: /lustre07/scratch/rsadve1/Universal_Receiver_NEW-main_Narval/TWC_plots_comprehensive/runs_rx16/seed7/1dmrs/narrow_d64_b4_r2/checkpoints/training_state/ckpt-1600
[TRAIN] step=01700 loss=-3.46023 nmse_prop=0.01634 nmse_ls=0.02048 gpu_mem=0.43GiB peak=17.73GiB
[TRAIN] saved resumable state at step=1700 reason=periodic: /lustre07/scratch/rsadve1/Universal_Receiver_NEW-main_Narval/TWC_plots_comprehensive/runs_rx16/seed7/1dmrs/narrow_d64_b4_r2/checkpoints/training_state/ckpt-1700
[TRAIN] step=01800 loss=-2.51937 nmse_prop=0.03149 nmse_ls=0.03605 gpu_mem=0.43GiB peak=17.73GiB
[TRAIN] saved resumable state at step=1800 reason=periodic: /lustre07/scratch/rsadve1/Universal_Receiver_NEW-main_Narval/TWC_plots_comprehensive/runs_rx16/seed7/1dmrs/narrow_d64_b4_r2/checkpoints/training_state/ckpt-1800
[TRAIN] step=01900 loss=-2.08804 nmse_prop=0.04605 nmse_ls=0.05160 gpu_mem=0.43GiB peak=17.73GiB
[TRAIN] saved resumable state at step=1900 reason=periodic: /lustre07/scratch/rsadve1/Universal_Receiver_NEW-main_Narval/TWC_plots_comprehensive/runs_rx16/seed7/1dmrs/narrow_d64_b4_r2/checkpoints/training_state/ckpt-1900
[TRAIN] saved new best weights at step=2000 val_nmse=0.0238167
[TRAIN] step=02000 loss=-3.83256 nmse_prop=0.01306 nmse_ls=0.01769 gpu_mem=0.43GiB peak=17.73GiB
[TRAIN] saved resumable state at step=2000 reason=periodic: /lustre07/scratch/rsadve1/Universal_Receiver_NEW-main_Narval/TWC_plots_comprehensive/runs_rx16/seed7/1dmrs/narrow_d64_b4_r2/checkpoints/training_state/ckpt-2000
[TRAIN] step=02100 loss=-3.11492 nmse_prop=0.02011 nmse_ls=0.02412 gpu_mem=0.43GiB peak=17.73GiB
[TRAIN] saved resumable state at step=2100 reason=periodic: /lustre07/scratch/rsadve1/Universal_Receiver_NEW-main_Narval/TWC_plots_comprehensive/runs_rx16/seed7/1dmrs/narrow_d64_b4_r2/checkpoints/training_state/ckpt-2100
[TRAIN] step=02200 loss=-2.94875 nmse_prop=0.02278 nmse_ls=0.02758 gpu_mem=0.43GiB peak=17.73GiB
[TRAIN] saved resumable state at step=2200 reason=periodic: /lustre07/scratch/rsadve1/Universal_Receiver_NEW-main_Narval/TWC_plots_comprehensive/runs_rx16/seed7/1dmrs/narrow_d64_b4_r2/checkpoints/training_state/ckpt-2200
[TRAIN] step=02300 loss=-3.63946 nmse_prop=0.01316 nmse_ls=0.01794 gpu_mem=0.43GiB peak=17.73GiB
[TRAIN] saved resumable state at step=2300 reason=periodic: /lustre07/scratch/rsadve1/Universal_Receiver_NEW-main_Narval/TWC_plots_comprehensive/runs_rx16/seed7/1dmrs/narrow_d64_b4_r2/checkpoints/training_state/ckpt-2300
[TRAIN] step=02400 loss=-2.98969 nmse_prop=0.02138 nmse_ls=0.02636 gpu_mem=0.43GiB peak=17.73GiB
[TRAIN] saved resumable state at step=2400 reason=periodic: /lustre07/scratch/rsadve1/Universal_Receiver_NEW-main_Narval/TWC_plots_comprehensive/runs_rx16/seed7/1dmrs/narrow_d64_b4_r2/checkpoints/training_state/ckpt-2400
[TRAIN] saved new best weights at step=2500 val_nmse=0.0233871
[TRAIN] step=02500 loss=-1.89983 nmse_prop=0.05506 nmse_ls=0.06135 gpu_mem=0.43GiB peak=17.73GiB
[TRAIN] saved resumable state at step=2500 reason=periodic: /lustre07/scratch/rsadve1/Universal_Receiver_NEW-main_Narval/TWC_plots_comprehensive/runs_rx16/seed7/1dmrs/narrow_d64_b4_r2/checkpoints/training_state/ckpt-2500
[TRAIN] step=02600 loss=-3.72018 nmse_prop=0.01349 nmse_ls=0.01878 gpu_mem=0.43GiB peak=17.73GiB
[TRAIN] saved resumable state at step=2600 reason=periodic: /lustre07/scratch/rsadve1/Universal_Receiver_NEW-main_Narval/TWC_plots_comprehensive/runs_rx16/seed7/1dmrs/narrow_d64_b4_r2/checkpoints/training_state/ckpt-2600
[TRAIN] step=02700 loss=-3.04808 nmse_prop=0.02093 nmse_ls=0.02674 gpu_mem=0.43GiB peak=17.73GiB
[TRAIN] saved resumable state at step=2700 reason=periodic: /lustre07/scratch/rsadve1/Universal_Receiver_NEW-main_Narval/TWC_plots_comprehensive/runs_rx16/seed7/1dmrs/narrow_d64_b4_r2/checkpoints/training_state/ckpt-2700
[TRAIN] step=02800 loss=-1.84105 nmse_prop=0.05830 nmse_ls=0.06496 gpu_mem=0.43GiB peak=17.73GiB
[TRAIN] saved resumable state at step=2800 reason=periodic: /lustre07/scratch/rsadve1/Universal_Receiver_NEW-main_Narval/TWC_plots_comprehensive/runs_rx16/seed7/1dmrs/narrow_d64_b4_r2/checkpoints/training_state/ckpt-2800
[TRAIN] step=02900 loss=-2.11929 nmse_prop=0.04448 nmse_ls=0.05151 gpu_mem=0.43GiB peak=17.73GiB
[TRAIN] saved resumable state at step=2900 reason=periodic: /lustre07/scratch/rsadve1/Universal_Receiver_NEW-main_Narval/TWC_plots_comprehensive/runs_rx16/seed7/1dmrs/narrow_d64_b4_r2/checkpoints/training_state/ckpt-2900
[TRAIN] saved new best weights at step=3000 val_nmse=0.0229766
[TRAIN] step=03000 loss=-3.59045 nmse_prop=0.01573 nmse_ls=0.02096 gpu_mem=0.43GiB peak=17.73GiB
[TRAIN] saved resumable state at step=3000 reason=periodic: /lustre07/scratch/rsadve1/Universal_Receiver_NEW-main_Narval/TWC_plots_comprehensive/runs_rx16/seed7/1dmrs/narrow_d64_b4_r2/checkpoints/training_state/ckpt-3000
[TRAIN] step=03100 loss=-3.80557 nmse_prop=0.01370 nmse_ls=0.01931 gpu_mem=0.43GiB peak=17.73GiB
[TRAIN] saved resumable state at step=3100 reason=periodic: /lustre07/scratch/rsadve1/Universal_Receiver_NEW-main_Narval/TWC_plots_comprehensive/runs_rx16/seed7/1dmrs/narrow_d64_b4_r2/checkpoints/training_state/ckpt-3100
[TRAIN] step=03200 loss=-1.80798 nmse_prop=0.05984 nmse_ls=0.06733 gpu_mem=0.43GiB peak=17.73GiB
[TRAIN] saved resumable state at step=3200 reason=periodic: /lustre07/scratch/rsadve1/Universal_Receiver_NEW-main_Narval/TWC_plots_comprehensive/runs_rx16/seed7/1dmrs/narrow_d64_b4_r2/checkpoints/training_state/ckpt-3200
[TRAIN] step=03300 loss=-3.34805 nmse_prop=0.01727 nmse_ls=0.02193 gpu_mem=0.43GiB peak=17.73GiB
[TRAIN] saved resumable state at step=3300 reason=periodic: /lustre07/scratch/rsadve1/Universal_Receiver_NEW-main_Narval/TWC_plots_comprehensive/runs_rx16/seed7/1dmrs/narrow_d64_b4_r2/checkpoints/training_state/ckpt-3300
[TRAIN] step=03400 loss=-2.48580 nmse_prop=0.03196 nmse_ls=0.03947 gpu_mem=0.43GiB peak=17.73GiB
[TRAIN] saved resumable state at step=3400 reason=periodic: /lustre07/scratch/rsadve1/Universal_Receiver_NEW-main_Narval/TWC_plots_comprehensive/runs_rx16/seed7/1dmrs/narrow_d64_b4_r2/checkpoints/training_state/ckpt-3400
[TRAIN] saved new best weights at step=3500 val_nmse=0.0211347
[TRAIN] step=03500 loss=-3.89364 nmse_prop=0.01283 nmse_ls=0.02031 gpu_mem=0.43GiB peak=17.73GiB
[TRAIN] saved resumable state at step=3500 reason=periodic: /lustre07/scratch/rsadve1/Universal_Receiver_NEW-main_Narval/TWC_plots_comprehensive/runs_rx16/seed7/1dmrs/narrow_d64_b4_r2/checkpoints/training_state/ckpt-3500
[TRAIN] step=03600 loss=-2.62228 nmse_prop=0.02777 nmse_ls=0.03487 gpu_mem=0.43GiB peak=17.73GiB
[TRAIN] saved resumable state at step=3600 reason=periodic: /lustre07/scratch/rsadve1/Universal_Receiver_NEW-main_Narval/TWC_plots_comprehensive/runs_rx16/seed7/1dmrs/narrow_d64_b4_r2/checkpoints/training_state/ckpt-3600
[TRAIN] step=03700 loss=-3.55228 nmse_prop=0.01354 nmse_ls=0.02144 gpu_mem=0.43GiB peak=17.73GiB
[TRAIN] saved resumable state at step=3700 reason=periodic: /lustre07/scratch/rsadve1/Universal_Receiver_NEW-main_Narval/TWC_plots_comprehensive/runs_rx16/seed7/1dmrs/narrow_d64_b4_r2/checkpoints/training_state/ckpt-3700
[TRAIN] step=03800 loss=-3.61707 nmse_prop=0.01280 nmse_ls=0.02081 gpu_mem=0.43GiB peak=17.73GiB
[TRAIN] saved resumable state at step=3800 reason=periodic: /lustre07/scratch/rsadve1/Universal_Receiver_NEW-main_Narval/TWC_plots_comprehensive/runs_rx16/seed7/1dmrs/narrow_d64_b4_r2/checkpoints/training_state/ckpt-3800
[TRAIN] step=03900 loss=-3.21967 nmse_prop=0.01650 nmse_ls=0.02388 gpu_mem=0.43GiB peak=17.73GiB
[TRAIN] saved resumable state at step=3900 reason=periodic: /lustre07/scratch/rsadve1/Universal_Receiver_NEW-main_Narval/TWC_plots_comprehensive/runs_rx16/seed7/1dmrs/narrow_d64_b4_r2/checkpoints/training_state/ckpt-3900
[TRAIN] saved new best weights at step=4000 val_nmse=0.0199783
[TRAIN] step=04000 loss=-3.87010 nmse_prop=0.01165 nmse_ls=0.01964 gpu_mem=0.43GiB peak=17.73GiB
[TRAIN] saved resumable state at step=4000 reason=periodic: /lustre07/scratch/rsadve1/Universal_Receiver_NEW-main_Narval/TWC_plots_comprehensive/runs_rx16/seed7/1dmrs/narrow_d64_b4_r2/checkpoints/training_state/ckpt-4000
[TRAIN] step=04100 loss=-3.63491 nmse_prop=0.01197 nmse_ls=0.02005 gpu_mem=0.43GiB peak=17.73GiB
[TRAIN] saved resumable state at step=4100 reason=periodic: /lustre07/scratch/rsadve1/Universal_Receiver_NEW-main_Narval/TWC_plots_comprehensive/runs_rx16/seed7/1dmrs/narrow_d64_b4_r2/checkpoints/training_state/ckpt-4100
[TRAIN] step=04200 loss=-3.93859 nmse_prop=0.01057 nmse_ls=0.01760 gpu_mem=0.43GiB peak=17.73GiB
[TRAIN] saved resumable state at step=4200 reason=periodic: /lustre07/scratch/rsadve1/Universal_Receiver_NEW-main_Narval/TWC_plots_comprehensive/runs_rx16/seed7/1dmrs/narrow_d64_b4_r2/checkpoints/training_state/ckpt-4200
[TRAIN] step=04300 loss=-4.01375 nmse_prop=0.00954 nmse_ls=0.01797 gpu_mem=0.43GiB peak=17.73GiB
[TRAIN] saved resumable state at step=4300 reason=periodic: /lustre07/scratch/rsadve1/Universal_Receiver_NEW-main_Narval/TWC_plots_comprehensive/runs_rx16/seed7/1dmrs/narrow_d64_b4_r2/checkpoints/training_state/ckpt-4300
[TRAIN] step=04400 loss=-3.77381 nmse_prop=0.01098 nmse_ls=0.01985 gpu_mem=0.43GiB peak=17.73GiB
[TRAIN] saved resumable state at step=4400 reason=periodic: /lustre07/scratch/rsadve1/Universal_Receiver_NEW-main_Narval/TWC_plots_comprehensive/runs_rx16/seed7/1dmrs/narrow_d64_b4_r2/checkpoints/training_state/ckpt-4400
[TRAIN] saved new best weights at step=4500 val_nmse=0.0189801
[TRAIN] step=04500 loss=-3.21108 nmse_prop=0.01630 nmse_ls=0.02547 gpu_mem=0.43GiB peak=17.73GiB
[TRAIN] saved resumable state at step=4500 reason=periodic: /lustre07/scratch/rsadve1/Universal_Receiver_NEW-main_Narval/TWC_plots_comprehensive/runs_rx16/seed7/1dmrs/narrow_d64_b4_r2/checkpoints/training_state/ckpt-4500
[TRAIN] step=04600 loss=-4.09583 nmse_prop=0.00903 nmse_ls=0.01806 gpu_mem=0.43GiB peak=17.73GiB
[TRAIN] saved resumable state at step=4600 reason=periodic: /lustre07/scratch/rsadve1/Universal_Receiver_NEW-main_Narval/TWC_plots_comprehensive/runs_rx16/seed7/1dmrs/narrow_d64_b4_r2/checkpoints/training_state/ckpt-4600
[TRAIN] step=04700 loss=-4.05645 nmse_prop=0.00946 nmse_ls=0.01841 gpu_mem=0.43GiB peak=17.73GiB
[TRAIN] saved resumable state at step=4700 reason=periodic: /lustre07/scratch/rsadve1/Universal_Receiver_NEW-main_Narval/TWC_plots_comprehensive/runs_rx16/seed7/1dmrs/narrow_d64_b4_r2/checkpoints/training_state/ckpt-4700
[TRAIN] step=04800 loss=-3.70440 nmse_prop=0.01126 nmse_ls=0.02022 gpu_mem=0.43GiB peak=17.73GiB
[TRAIN] saved resumable state at step=4800 reason=periodic: /lustre07/scratch/rsadve1/Universal_Receiver_NEW-main_Narval/TWC_plots_comprehensive/runs_rx16/seed7/1dmrs/narrow_d64_b4_r2/checkpoints/training_state/ckpt-4800
[TRAIN] step=04900 loss=-3.47138 nmse_prop=0.01370 nmse_ls=0.02263 gpu_mem=0.43GiB peak=17.73GiB
[TRAIN] saved resumable state at step=4900 reason=periodic: /lustre07/scratch/rsadve1/Universal_Receiver_NEW-main_Narval/TWC_plots_comprehensive/runs_rx16/seed7/1dmrs/narrow_d64_b4_r2/checkpoints/training_state/ckpt-4900
[TRAIN] saved new best weights at step=5000 val_nmse=0.0184903
[TRAIN] step=05000 loss=-1.92562 nmse_prop=0.05245 nmse_ls=0.06297 gpu_mem=0.43GiB peak=17.73GiB
[TRAIN] saved resumable state at step=5000 reason=periodic: /lustre07/scratch/rsadve1/Universal_Receiver_NEW-main_Narval/TWC_plots_comprehensive/runs_rx16/seed7/1dmrs/narrow_d64_b4_r2/checkpoints/training_state/ckpt-5000
[TRAIN] step=05100 loss=-3.07735 nmse_prop=0.01835 nmse_ls=0.02897 gpu_mem=0.43GiB peak=17.73GiB
[TRAIN] saved resumable state at step=5100 reason=periodic: /lustre07/scratch/rsadve1/Universal_Receiver_NEW-main_Narval/TWC_plots_comprehensive/runs_rx16/seed7/1dmrs/narrow_d64_b4_r2/checkpoints/training_state/ckpt-5100
[TRAIN] step=05200 loss=-3.69940 nmse_prop=0.01136 nmse_ls=0.02123 gpu_mem=0.43GiB peak=17.73GiB
[TRAIN] saved resumable state at step=5200 reason=periodic: /lustre07/scratch/rsadve1/Universal_Receiver_NEW-main_Narval/TWC_plots_comprehensive/runs_rx16/seed7/1dmrs/narrow_d64_b4_r2/checkpoints/training_state/ckpt-5200
[TRAIN] step=05300 loss=-2.91089 nmse_prop=0.02093 nmse_ls=0.03306 gpu_mem=0.43GiB peak=17.73GiB
[TRAIN] saved resumable state at step=5300 reason=periodic: /lustre07/scratch/rsadve1/Universal_Receiver_NEW-main_Narval/TWC_plots_comprehensive/runs_rx16/seed7/1dmrs/narrow_d64_b4_r2/checkpoints/training_state/ckpt-5300
[TRAIN] step=05400 loss=-1.75655 nmse_prop=0.06136 nmse_ls=0.07465 gpu_mem=0.43GiB peak=17.73GiB
[TRAIN] saved resumable state at step=5400 reason=periodic: /lustre07/scratch/rsadve1/Universal_Receiver_NEW-main_Narval/TWC_plots_comprehensive/runs_rx16/seed7/1dmrs/narrow_d64_b4_r2/checkpoints/training_state/ckpt-5400
[TRAIN] saved new best weights at step=5500 val_nmse=0.0178315
[TRAIN] step=05500 loss=-2.27938 nmse_prop=0.03727 nmse_ls=0.05034 gpu_mem=0.43GiB peak=17.73GiB
[TRAIN] saved resumable state at step=5500 reason=periodic: /lustre07/scratch/rsadve1/Universal_Receiver_NEW-main_Narval/TWC_plots_comprehensive/runs_rx16/seed7/1dmrs/narrow_d64_b4_r2/checkpoints/training_state/ckpt-5500
[TRAIN] step=05600 loss=-4.08517 nmse_prop=0.00846 nmse_ls=0.01919 gpu_mem=0.43GiB peak=17.73GiB
[TRAIN] saved resumable state at step=5600 reason=periodic: /lustre07/scratch/rsadve1/Universal_Receiver_NEW-main_Narval/TWC_plots_comprehensive/runs_rx16/seed7/1dmrs/narrow_d64_b4_r2/checkpoints/training_state/ckpt-5600
[TRAIN] step=05700 loss=-3.15280 nmse_prop=0.01675 nmse_ls=0.02843 gpu_mem=0.43GiB peak=17.73GiB
[TRAIN] saved resumable state at step=5700 reason=periodic: /lustre07/scratch/rsadve1/Universal_Receiver_NEW-main_Narval/TWC_plots_comprehensive/runs_rx16/seed7/1dmrs/narrow_d64_b4_r2/checkpoints/training_state/ckpt-5700
[TRAIN] step=05800 loss=-2.10230 nmse_prop=0.04442 nmse_ls=0.05714 gpu_mem=0.43GiB peak=17.73GiB
[TRAIN] saved resumable state at step=5800 reason=periodic: /lustre07/scratch/rsadve1/Universal_Receiver_NEW-main_Narval/TWC_plots_comprehensive/runs_rx16/seed7/1dmrs/narrow_d64_b4_r2/checkpoints/training_state/ckpt-5800
[TRAIN] step=05900 loss=-1.77058 nmse_prop=0.06063 nmse_ls=0.07579 gpu_mem=0.43GiB peak=17.73GiB
[TRAIN] saved resumable state at step=5900 reason=periodic: /lustre07/scratch/rsadve1/Universal_Receiver_NEW-main_Narval/TWC_plots_comprehensive/runs_rx16/seed7/1dmrs/narrow_d64_b4_r2/checkpoints/training_state/ckpt-5900
[TRAIN] saved new best weights at step=6000 val_nmse=0.0173007
[TRAIN] step=06000 loss=-3.85223 nmse_prop=0.00965 nmse_ls=0.02051 gpu_mem=0.43GiB peak=17.73GiB
[TRAIN] saved resumable state at step=6000 reason=periodic: /lustre07/scratch/rsadve1/Universal_Receiver_NEW-main_Narval/TWC_plots_comprehensive/runs_rx16/seed7/1dmrs/narrow_d64_b4_r2/checkpoints/training_state/ckpt-6000
[TRAIN] step=06100 loss=-2.90604 nmse_prop=0.02075 nmse_ls=0.03270 gpu_mem=0.43GiB peak=17.73GiB
[TRAIN] saved resumable state at step=6100 reason=periodic: /lustre07/scratch/rsadve1/Universal_Receiver_NEW-main_Narval/TWC_plots_comprehensive/runs_rx16/seed7/1dmrs/narrow_d64_b4_r2/checkpoints/training_state/ckpt-6100
[TRAIN] step=06200 loss=-3.74505 nmse_prop=0.01033 nmse_ls=0.02089 gpu_mem=0.43GiB peak=17.73GiB
[TRAIN] saved resumable state at step=6200 reason=periodic: /lustre07/scratch/rsadve1/Universal_Receiver_NEW-main_Narval/TWC_plots_comprehensive/runs_rx16/seed7/1dmrs/narrow_d64_b4_r2/checkpoints/training_state/ckpt-6200
[TRAIN] step=06300 loss=-2.80524 nmse_prop=0.02265 nmse_ls=0.03334 gpu_mem=0.43GiB peak=17.73GiB
[TRAIN] saved resumable state at step=6300 reason=periodic: /lustre07/scratch/rsadve1/Universal_Receiver_NEW-main_Narval/TWC_plots_comprehensive/runs_rx16/seed7/1dmrs/narrow_d64_b4_r2/checkpoints/training_state/ckpt-6300
[TRAIN] step=06400 loss=-3.98840 nmse_prop=0.00844 nmse_ls=0.01830 gpu_mem=0.43GiB peak=17.73GiB
[TRAIN] saved resumable state at step=6400 reason=periodic: /lustre07/scratch/rsadve1/Universal_Receiver_NEW-main_Narval/TWC_plots_comprehensive/runs_rx16/seed7/1dmrs/narrow_d64_b4_r2/checkpoints/training_state/ckpt-6400
[TRAIN] saved new best weights at step=6500 val_nmse=0.016989
[TRAIN] step=06500 loss=-3.71513 nmse_prop=0.01052 nmse_ls=0.01909 gpu_mem=0.43GiB peak=17.73GiB
[TRAIN] saved resumable state at step=6500 reason=periodic: /lustre07/scratch/rsadve1/Universal_Receiver_NEW-main_Narval/TWC_plots_comprehensive/runs_rx16/seed7/1dmrs/narrow_d64_b4_r2/checkpoints/training_state/ckpt-6500
[TRAIN] step=06600 loss=-3.75082 nmse_prop=0.01011 nmse_ls=0.02042 gpu_mem=0.43GiB peak=17.73GiB
[TRAIN] saved resumable state at step=6600 reason=periodic: /lustre07/scratch/rsadve1/Universal_Receiver_NEW-main_Narval/TWC_plots_comprehensive/runs_rx16/seed7/1dmrs/narrow_d64_b4_r2/checkpoints/training_state/ckpt-6600
[TRAIN] step=06700 loss=-1.94733 nmse_prop=0.05074 nmse_ls=0.06664 gpu_mem=0.43GiB peak=17.73GiB
[TRAIN] saved resumable state at step=6700 reason=periodic: /lustre07/scratch/rsadve1/Universal_Receiver_NEW-main_Narval/TWC_plots_comprehensive/runs_rx16/seed7/1dmrs/narrow_d64_b4_r2/checkpoints/training_state/ckpt-6700
[TRAIN] step=06800 loss=-4.13705 nmse_prop=0.00770 nmse_ls=0.01974 gpu_mem=0.43GiB peak=17.73GiB
[TRAIN] saved resumable state at step=6800 reason=periodic: /lustre07/scratch/rsadve1/Universal_Receiver_NEW-main_Narval/TWC_plots_comprehensive/runs_rx16/seed7/1dmrs/narrow_d64_b4_r2/checkpoints/training_state/ckpt-6800
[TRAIN] step=06900 loss=-3.59818 nmse_prop=0.01155 nmse_ls=0.02377 gpu_mem=0.43GiB peak=17.73GiB
[TRAIN] saved resumable state at step=6900 reason=periodic: /lustre07/scratch/rsadve1/Universal_Receiver_NEW-main_Narval/TWC_plots_comprehensive/runs_rx16/seed7/1dmrs/narrow_d64_b4_r2/checkpoints/training_state/ckpt-6900
[TRAIN] saved new best weights at step=7000 val_nmse=0.0164846
[TRAIN] step=07000 loss=-4.19815 nmse_prop=0.00745 nmse_ls=0.02001 gpu_mem=0.43GiB peak=17.73GiB
[TRAIN] saved resumable state at step=7000 reason=periodic: /lustre07/scratch/rsadve1/Universal_Receiver_NEW-main_Narval/TWC_plots_comprehensive/runs_rx16/seed7/1dmrs/narrow_d64_b4_r2/checkpoints/training_state/ckpt-7000
[TRAIN] step=07100 loss=-3.49538 nmse_prop=0.01202 nmse_ls=0.02375 gpu_mem=0.43GiB peak=17.73GiB
[TRAIN] saved resumable state at step=7100 reason=periodic: /lustre07/scratch/rsadve1/Universal_Receiver_NEW-main_Narval/TWC_plots_comprehensive/runs_rx16/seed7/1dmrs/narrow_d64_b4_r2/checkpoints/training_state/ckpt-7100
[TRAIN] step=07200 loss=-2.60485 nmse_prop=0.02692 nmse_ls=0.03956 gpu_mem=0.43GiB peak=17.73GiB
[TRAIN] saved resumable state at step=7200 reason=periodic: /lustre07/scratch/rsadve1/Universal_Receiver_NEW-main_Narval/TWC_plots_comprehensive/runs_rx16/seed7/1dmrs/narrow_d64_b4_r2/checkpoints/training_state/ckpt-7200
[TRAIN] step=07300 loss=-2.94856 nmse_prop=0.01961 nmse_ls=0.03119 gpu_mem=0.43GiB peak=17.73GiB
[TRAIN] saved resumable state at step=7300 reason=periodic: /lustre07/scratch/rsadve1/Universal_Receiver_NEW-main_Narval/TWC_plots_comprehensive/runs_rx16/seed7/1dmrs/narrow_d64_b4_r2/checkpoints/training_state/ckpt-7300
[TRAIN] step=07400 loss=-4.14015 nmse_prop=0.00800 nmse_ls=0.02055 gpu_mem=0.43GiB peak=17.73GiB
[TRAIN] saved resumable state at step=7400 reason=periodic: /lustre07/scratch/rsadve1/Universal_Receiver_NEW-main_Narval/TWC_plots_comprehensive/runs_rx16/seed7/1dmrs/narrow_d64_b4_r2/checkpoints/training_state/ckpt-7400
[TRAIN] saved new best weights at step=7500 val_nmse=0.0161815
[TRAIN] step=07500 loss=-4.19376 nmse_prop=0.00708 nmse_ls=0.01934 gpu_mem=0.43GiB peak=17.73GiB
[TRAIN] saved resumable state at step=7500 reason=periodic: /lustre07/scratch/rsadve1/Universal_Receiver_NEW-main_Narval/TWC_plots_comprehensive/runs_rx16/seed7/1dmrs/narrow_d64_b4_r2/checkpoints/training_state/ckpt-7500
[TRAIN] step=07600 loss=-4.41062 nmse_prop=0.00576 nmse_ls=0.01629 gpu_mem=0.43GiB peak=17.73GiB
[TRAIN] saved resumable state at step=7600 reason=periodic: /lustre07/scratch/rsadve1/Universal_Receiver_NEW-main_Narval/TWC_plots_comprehensive/runs_rx16/seed7/1dmrs/narrow_d64_b4_r2/checkpoints/training_state/ckpt-7600
[TRAIN] step=07700 loss=-3.86131 nmse_prop=0.00950 nmse_ls=0.02210 gpu_mem=0.43GiB peak=17.73GiB
[TRAIN] saved resumable state at step=7700 reason=periodic: /lustre07/scratch/rsadve1/Universal_Receiver_NEW-main_Narval/TWC_plots_comprehensive/runs_rx16/seed7/1dmrs/narrow_d64_b4_r2/checkpoints/training_state/ckpt-7700
[TRAIN] step=07800 loss=-3.80622 nmse_prop=0.00992 nmse_ls=0.01792 gpu_mem=0.43GiB peak=17.73GiB
[TRAIN] saved resumable state at step=7800 reason=periodic: /lustre07/scratch/rsadve1/Universal_Receiver_NEW-main_Narval/TWC_plots_comprehensive/runs_rx16/seed7/1dmrs/narrow_d64_b4_r2/checkpoints/training_state/ckpt-7800
[TRAIN] step=07900 loss=-3.62222 nmse_prop=0.01084 nmse_ls=0.02256 gpu_mem=0.43GiB peak=17.73GiB
[TRAIN] saved resumable state at step=7900 reason=periodic: /lustre07/scratch/rsadve1/Universal_Receiver_NEW-main_Narval/TWC_plots_comprehensive/runs_rx16/seed7/1dmrs/narrow_d64_b4_r2/checkpoints/training_state/ckpt-7900
[TRAIN] saved new best weights at step=8000 val_nmse=0.0159312
[TRAIN] step=08000 loss=-3.18026 nmse_prop=0.01574 nmse_ls=0.02642 gpu_mem=0.43GiB peak=17.73GiB
[TRAIN] saved resumable state at step=8000 reason=periodic: /lustre07/scratch/rsadve1/Universal_Receiver_NEW-main_Narval/TWC_plots_comprehensive/runs_rx16/seed7/1dmrs/narrow_d64_b4_r2/checkpoints/training_state/ckpt-8000
[TRAIN] step=08100 loss=-4.23964 nmse_prop=0.00706 nmse_ls=0.01882 gpu_mem=0.43GiB peak=17.73GiB
[TRAIN] saved resumable state at step=8100 reason=periodic: /lustre07/scratch/rsadve1/Universal_Receiver_NEW-main_Narval/TWC_plots_comprehensive/runs_rx16/seed7/1dmrs/narrow_d64_b4_r2/checkpoints/training_state/ckpt-8100
[TRAIN] step=08200 loss=-3.35155 nmse_prop=0.01344 nmse_ls=0.02414 gpu_mem=0.43GiB peak=17.73GiB
[TRAIN] saved resumable state at step=8200 reason=periodic: /lustre07/scratch/rsadve1/Universal_Receiver_NEW-main_Narval/TWC_plots_comprehensive/runs_rx16/seed7/1dmrs/narrow_d64_b4_r2/checkpoints/training_state/ckpt-8200
[TRAIN] step=08300 loss=-4.12294 nmse_prop=0.00716 nmse_ls=0.01570 gpu_mem=0.43GiB peak=17.73GiB
[TRAIN] saved resumable state at step=8300 reason=periodic: /lustre07/scratch/rsadve1/Universal_Receiver_NEW-main_Narval/TWC_plots_comprehensive/runs_rx16/seed7/1dmrs/narrow_d64_b4_r2/checkpoints/training_state/ckpt-8300
[TRAIN] step=08400 loss=-2.56072 nmse_prop=0.02802 nmse_ls=0.04244 gpu_mem=0.43GiB peak=17.73GiB
[TRAIN] saved resumable state at step=8400 reason=periodic: /lustre07/scratch/rsadve1/Universal_Receiver_NEW-main_Narval/TWC_plots_comprehensive/runs_rx16/seed7/1dmrs/narrow_d64_b4_r2/checkpoints/training_state/ckpt-8400
[TRAIN] saved new best weights at step=8500 val_nmse=0.015899
[TRAIN] step=08500 loss=-4.03941 nmse_prop=0.00795 nmse_ls=0.01846 gpu_mem=0.43GiB peak=17.73GiB
[TRAIN] saved resumable state at step=8500 reason=periodic: /lustre07/scratch/rsadve1/Universal_Receiver_NEW-main_Narval/TWC_plots_comprehensive/runs_rx16/seed7/1dmrs/narrow_d64_b4_r2/checkpoints/training_state/ckpt-8500
[TRAIN] step=08600 loss=-3.43641 nmse_prop=0.01252 nmse_ls=0.02478 gpu_mem=0.43GiB peak=17.73GiB
[TRAIN] saved resumable state at step=8600 reason=periodic: /lustre07/scratch/rsadve1/Universal_Receiver_NEW-main_Narval/TWC_plots_comprehensive/runs_rx16/seed7/1dmrs/narrow_d64_b4_r2/checkpoints/training_state/ckpt-8600
[TRAIN] step=08700 loss=-3.70897 nmse_prop=0.01001 nmse_ls=0.02356 gpu_mem=0.43GiB peak=17.73GiB
[TRAIN] saved resumable state at step=8700 reason=periodic: /lustre07/scratch/rsadve1/Universal_Receiver_NEW-main_Narval/TWC_plots_comprehensive/runs_rx16/seed7/1dmrs/narrow_d64_b4_r2/checkpoints/training_state/ckpt-8700
[TRAIN] step=08800 loss=-1.89718 nmse_prop=0.05212 nmse_ls=0.07050 gpu_mem=0.43GiB peak=17.73GiB
[TRAIN] saved resumable state at step=8800 reason=periodic: /lustre07/scratch/rsadve1/Universal_Receiver_NEW-main_Narval/TWC_plots_comprehensive/runs_rx16/seed7/1dmrs/narrow_d64_b4_r2/checkpoints/training_state/ckpt-8800
[TRAIN] step=08900 loss=-4.00446 nmse_prop=0.00774 nmse_ls=0.01963 gpu_mem=0.43GiB peak=17.73GiB
[TRAIN] saved resumable state at step=8900 reason=periodic: /lustre07/scratch/rsadve1/Universal_Receiver_NEW-main_Narval/TWC_plots_comprehensive/runs_rx16/seed7/1dmrs/narrow_d64_b4_r2/checkpoints/training_state/ckpt-8900
[TRAIN] saved new best weights at step=9000 val_nmse=0.0154602
[TRAIN] step=09000 loss=-2.40143 nmse_prop=0.03277 nmse_ls=0.04650 gpu_mem=0.43GiB peak=17.73GiB
[TRAIN] saved resumable state at step=9000 reason=periodic: /lustre07/scratch/rsadve1/Universal_Receiver_NEW-main_Narval/TWC_plots_comprehensive/runs_rx16/seed7/1dmrs/narrow_d64_b4_r2/checkpoints/training_state/ckpt-9000
[TRAIN] step=09100 loss=-4.29112 nmse_prop=0.00631 nmse_ls=0.01650 gpu_mem=0.43GiB peak=17.73GiB
[TRAIN] saved resumable state at step=9100 reason=periodic: /lustre07/scratch/rsadve1/Universal_Receiver_NEW-main_Narval/TWC_plots_comprehensive/runs_rx16/seed7/1dmrs/narrow_d64_b4_r2/checkpoints/training_state/ckpt-9100
[TRAIN] step=09200 loss=-1.77834 nmse_prop=0.05984 nmse_ls=0.07524 gpu_mem=0.43GiB peak=17.73GiB
[TRAIN] saved resumable state at step=9200 reason=periodic: /lustre07/scratch/rsadve1/Universal_Receiver_NEW-main_Narval/TWC_plots_comprehensive/runs_rx16/seed7/1dmrs/narrow_d64_b4_r2/checkpoints/training_state/ckpt-9200
[TRAIN] step=09300 loss=-2.24018 nmse_prop=0.03752 nmse_ls=0.05550 gpu_mem=0.43GiB peak=17.73GiB
[TRAIN] saved resumable state at step=9300 reason=periodic: /lustre07/scratch/rsadve1/Universal_Receiver_NEW-main_Narval/TWC_plots_comprehensive/runs_rx16/seed7/1dmrs/narrow_d64_b4_r2/checkpoints/training_state/ckpt-9300
[TRAIN] step=09400 loss=-3.19965 nmse_prop=0.01538 nmse_ls=0.02863 gpu_mem=0.43GiB peak=17.73GiB
[TRAIN] saved resumable state at step=9400 reason=periodic: /lustre07/scratch/rsadve1/Universal_Receiver_NEW-main_Narval/TWC_plots_comprehensive/runs_rx16/seed7/1dmrs/narrow_d64_b4_r2/checkpoints/training_state/ckpt-9400
[TRAIN] saved new best weights at step=9500 val_nmse=0.0152401
[TRAIN] step=09500 loss=-4.13445 nmse_prop=0.00699 nmse_ls=0.02024 gpu_mem=0.43GiB peak=17.73GiB
[TRAIN] saved resumable state at step=9500 reason=periodic: /lustre07/scratch/rsadve1/Universal_Receiver_NEW-main_Narval/TWC_plots_comprehensive/runs_rx16/seed7/1dmrs/narrow_d64_b4_r2/checkpoints/training_state/ckpt-9500
[TRAIN] step=09600 loss=-3.78514 nmse_prop=0.00949 nmse_ls=0.02229 gpu_mem=0.43GiB peak=17.73GiB
[TRAIN] saved resumable state at step=9600 reason=periodic: /lustre07/scratch/rsadve1/Universal_Receiver_NEW-main_Narval/TWC_plots_comprehensive/runs_rx16/seed7/1dmrs/narrow_d64_b4_r2/checkpoints/training_state/ckpt-9600
[TRAIN] step=09700 loss=-3.50323 nmse_prop=0.01163 nmse_ls=0.02389 gpu_mem=0.43GiB peak=17.73GiB
[TRAIN] saved resumable state at step=9700 reason=periodic: /lustre07/scratch/rsadve1/Universal_Receiver_NEW-main_Narval/TWC_plots_comprehensive/runs_rx16/seed7/1dmrs/narrow_d64_b4_r2/checkpoints/training_state/ckpt-9700
[TRAIN] step=09800 loss=-3.92132 nmse_prop=0.00813 nmse_ls=0.02028 gpu_mem=0.43GiB peak=17.73GiB
[TRAIN] saved resumable state at step=9800 reason=periodic: /lustre07/scratch/rsadve1/Universal_Receiver_NEW-main_Narval/TWC_plots_comprehensive/runs_rx16/seed7/1dmrs/narrow_d64_b4_r2/checkpoints/training_state/ckpt-9800
[TRAIN] step=09900 loss=-3.75285 nmse_prop=0.00995 nmse_ls=0.02070 gpu_mem=0.43GiB peak=17.73GiB
[TRAIN] saved resumable state at step=9900 reason=periodic: /lustre07/scratch/rsadve1/Universal_Receiver_NEW-main_Narval/TWC_plots_comprehensive/runs_rx16/seed7/1dmrs/narrow_d64_b4_r2/checkpoints/training_state/ckpt-9900
[TRAIN] saved new best weights at step=10000 val_nmse=0.0148288
[TRAIN] step=10000 loss=-1.96315 nmse_prop=0.04959 nmse_ls=0.06423 gpu_mem=0.43GiB peak=17.73GiB
[TRAIN] saved resumable state at step=10000 reason=periodic: /lustre07/scratch/rsadve1/Universal_Receiver_NEW-main_Narval/TWC_plots_comprehensive/runs_rx16/seed7/1dmrs/narrow_d64_b4_r2/checkpoints/training_state/ckpt-10000
[TRAIN] saved resumable state at step=10000 reason=final: /lustre07/scratch/rsadve1/Universal_Receiver_NEW-main_Narval/TWC_plots_comprehensive/runs_rx16/seed7/1dmrs/narrow_d64_b4_r2/checkpoints/training_state/ckpt-10000
[COMPREHENSIVE] cleared TensorFlow state before evaluation seed=7 1dmrs/narrow_d64_b4_r2/u1: gpu_mem=0.00GiB peak=17.73GiB
[EVAL] receiver microbatching enabled: batch_size_eval=128 receiver_microbatch_size=4
[BASELINES] Estimating empirical LMMSE covariances with num_batches=32 batch_size=32 mode=clean-channel
[EVAL] received signal 15; will save completed Eb/N0 points and stop after current batch.
[EVAL] stopped before completing current Eb/N0; resubmit to resume from completed points.
