[SLURM] task=0/12 seed=7 dmrs_case=1dmrs variant=main_d96_b4_r2
Mon May  4 19:17:57 2026       
+-----------------------------------------------------------------------------------------+
| NVIDIA-SMI 570.211.01             Driver Version: 570.211.01     CUDA Version: 12.8     |
|-----------------------------------------+------------------------+----------------------+
| GPU  Name                 Persistence-M | Bus-Id          Disp.A | Volatile Uncorr. ECC |
| Fan  Temp   Perf          Pwr:Usage/Cap |           Memory-Usage | GPU-Util  Compute M. |
|                                         |                        |               MIG M. |
|=========================================+========================+======================|
|   0  NVIDIA A100-SXM4-40GB          Off |   00000000:01:00.0 Off |                    0 |
| N/A   30C    P0             55W /  400W |       0MiB /  40960MiB |      0%      Default |
|                                         |                        |             Disabled |
+-----------------------------------------+------------------------+----------------------+
                                                                                         
+-----------------------------------------------------------------------------------------+
| Processes:                                                                              |
|  GPU   GI   CI              PID   Type   Process name                        GPU Memory |
|        ID   ID                                                               Usage      |
|=========================================================================================|
|  No running processes found                                                             |
+-----------------------------------------------------------------------------------------+
[TRAIN] resumed from /lustre07/scratch/rsadve1/Universal_Receiver_NEW-main_Narval/TWC_plots_comprehensive/runs_rx16/seed7/1dmrs/main_d96_b4_r2/checkpoints/training_state/ckpt-7278 at completed_step=7278 best_val=0.0134492
[TRAIN] step=07300 loss=-3.09407 nmse_prop=0.01653 nmse_ls=0.03127 gpu_mem=0.13GiB peak=11.10GiB
[TRAIN] saved resumable state at step=7300 reason=periodic: /lustre07/scratch/rsadve1/Universal_Receiver_NEW-main_Narval/TWC_plots_comprehensive/runs_rx16/seed7/1dmrs/main_d96_b4_r2/checkpoints/training_state/ckpt-7300
[TRAIN] step=07400 loss=-3.15991 nmse_prop=0.01518 nmse_ls=0.03259 gpu_mem=0.13GiB peak=11.10GiB
[TRAIN] saved resumable state at step=7400 reason=periodic: /lustre07/scratch/rsadve1/Universal_Receiver_NEW-main_Narval/TWC_plots_comprehensive/runs_rx16/seed7/1dmrs/main_d96_b4_r2/checkpoints/training_state/ckpt-7400
[TRAIN] saved new best weights at step=7500 val_nmse=0.0130462
[TRAIN] step=07500 loss=-4.41063 nmse_prop=0.00551 nmse_ls=0.01806 gpu_mem=0.33GiB peak=11.10GiB
[TRAIN] saved resumable state at step=7500 reason=periodic: /lustre07/scratch/rsadve1/Universal_Receiver_NEW-main_Narval/TWC_plots_comprehensive/runs_rx16/seed7/1dmrs/main_d96_b4_r2/checkpoints/training_state/ckpt-7500
[TRAIN] step=07600 loss=-2.96519 nmse_prop=0.01844 nmse_ls=0.03353 gpu_mem=0.33GiB peak=11.31GiB
[TRAIN] saved resumable state at step=7600 reason=periodic: /lustre07/scratch/rsadve1/Universal_Receiver_NEW-main_Narval/TWC_plots_comprehensive/runs_rx16/seed7/1dmrs/main_d96_b4_r2/checkpoints/training_state/ckpt-7600
[TRAIN] step=07700 loss=-3.79506 nmse_prop=0.00869 nmse_ls=0.02210 gpu_mem=0.33GiB peak=11.31GiB
[TRAIN] saved resumable state at step=7700 reason=periodic: /lustre07/scratch/rsadve1/Universal_Receiver_NEW-main_Narval/TWC_plots_comprehensive/runs_rx16/seed7/1dmrs/main_d96_b4_r2/checkpoints/training_state/ckpt-7700
[TRAIN] step=07800 loss=-3.27304 nmse_prop=0.01383 nmse_ls=0.03028 gpu_mem=0.33GiB peak=11.31GiB
[TRAIN] saved resumable state at step=7800 reason=periodic: /lustre07/scratch/rsadve1/Universal_Receiver_NEW-main_Narval/TWC_plots_comprehensive/runs_rx16/seed7/1dmrs/main_d96_b4_r2/checkpoints/training_state/ckpt-7800
[TRAIN] step=07900 loss=-2.13787 nmse_prop=0.04020 nmse_ls=0.06361 gpu_mem=0.33GiB peak=11.31GiB
[TRAIN] saved resumable state at step=7900 reason=periodic: /lustre07/scratch/rsadve1/Universal_Receiver_NEW-main_Narval/TWC_plots_comprehensive/runs_rx16/seed7/1dmrs/main_d96_b4_r2/checkpoints/training_state/ckpt-7900
[TRAIN] saved new best weights at step=8000 val_nmse=0.0127831
[TRAIN] step=08000 loss=-2.94260 nmse_prop=0.01848 nmse_ls=0.03605 gpu_mem=0.33GiB peak=11.31GiB
[TRAIN] saved resumable state at step=8000 reason=periodic: /lustre07/scratch/rsadve1/Universal_Receiver_NEW-main_Narval/TWC_plots_comprehensive/runs_rx16/seed7/1dmrs/main_d96_b4_r2/checkpoints/training_state/ckpt-8000
[TRAIN] step=08100 loss=-4.02416 nmse_prop=0.00719 nmse_ls=0.01987 gpu_mem=0.33GiB peak=11.31GiB
[TRAIN] saved resumable state at step=8100 reason=periodic: /lustre07/scratch/rsadve1/Universal_Receiver_NEW-main_Narval/TWC_plots_comprehensive/runs_rx16/seed7/1dmrs/main_d96_b4_r2/checkpoints/training_state/ckpt-8100
[TRAIN] step=08200 loss=-4.19327 nmse_prop=0.00605 nmse_ls=0.01666 gpu_mem=0.33GiB peak=11.31GiB
[TRAIN] saved resumable state at step=8200 reason=periodic: /lustre07/scratch/rsadve1/Universal_Receiver_NEW-main_Narval/TWC_plots_comprehensive/runs_rx16/seed7/1dmrs/main_d96_b4_r2/checkpoints/training_state/ckpt-8200
[TRAIN] step=08300 loss=-4.08217 nmse_prop=0.00717 nmse_ls=0.02319 gpu_mem=0.33GiB peak=11.31GiB
[TRAIN] saved resumable state at step=8300 reason=periodic: /lustre07/scratch/rsadve1/Universal_Receiver_NEW-main_Narval/TWC_plots_comprehensive/runs_rx16/seed7/1dmrs/main_d96_b4_r2/checkpoints/training_state/ckpt-8300
[TRAIN] step=08400 loss=-2.25213 nmse_prop=0.03480 nmse_ls=0.05792 gpu_mem=0.33GiB peak=11.31GiB
[TRAIN] saved resumable state at step=8400 reason=periodic: /lustre07/scratch/rsadve1/Universal_Receiver_NEW-main_Narval/TWC_plots_comprehensive/runs_rx16/seed7/1dmrs/main_d96_b4_r2/checkpoints/training_state/ckpt-8400
[TRAIN] step=08500 loss=-2.28898 nmse_prop=0.02996 nmse_ls=0.06256 gpu_mem=0.33GiB peak=11.31GiB
[TRAIN] saved resumable state at step=8500 reason=periodic: /lustre07/scratch/rsadve1/Universal_Receiver_NEW-main_Narval/TWC_plots_comprehensive/runs_rx16/seed7/1dmrs/main_d96_b4_r2/checkpoints/training_state/ckpt-8500
[TRAIN] step=08600 loss=-2.74440 nmse_prop=0.02251 nmse_ls=0.03891 gpu_mem=0.33GiB peak=11.31GiB
[TRAIN] saved resumable state at step=8600 reason=periodic: /lustre07/scratch/rsadve1/Universal_Receiver_NEW-main_Narval/TWC_plots_comprehensive/runs_rx16/seed7/1dmrs/main_d96_b4_r2/checkpoints/training_state/ckpt-8600
[TRAIN] step=08700 loss=-3.69192 nmse_prop=0.00953 nmse_ls=0.02366 gpu_mem=0.33GiB peak=11.31GiB
[TRAIN] saved resumable state at step=8700 reason=periodic: /lustre07/scratch/rsadve1/Universal_Receiver_NEW-main_Narval/TWC_plots_comprehensive/runs_rx16/seed7/1dmrs/main_d96_b4_r2/checkpoints/training_state/ckpt-8700
[TRAIN] step=08800 loss=-4.39476 nmse_prop=0.00529 nmse_ls=0.01658 gpu_mem=0.33GiB peak=11.31GiB
[TRAIN] saved resumable state at step=8800 reason=periodic: /lustre07/scratch/rsadve1/Universal_Receiver_NEW-main_Narval/TWC_plots_comprehensive/runs_rx16/seed7/1dmrs/main_d96_b4_r2/checkpoints/training_state/ckpt-8800
[TRAIN] step=08900 loss=-2.79034 nmse_prop=0.02086 nmse_ls=0.03943 gpu_mem=0.33GiB peak=11.31GiB
[TRAIN] saved resumable state at step=8900 reason=periodic: /lustre07/scratch/rsadve1/Universal_Receiver_NEW-main_Narval/TWC_plots_comprehensive/runs_rx16/seed7/1dmrs/main_d96_b4_r2/checkpoints/training_state/ckpt-8900
[TRAIN] saved new best weights at step=9000 val_nmse=0.0122546
[TRAIN] step=09000 loss=-3.31799 nmse_prop=0.01304 nmse_ls=0.03042 gpu_mem=0.33GiB peak=11.31GiB
[TRAIN] saved resumable state at step=9000 reason=periodic: /lustre07/scratch/rsadve1/Universal_Receiver_NEW-main_Narval/TWC_plots_comprehensive/runs_rx16/seed7/1dmrs/main_d96_b4_r2/checkpoints/training_state/ckpt-9000
[TRAIN] step=09100 loss=-2.26039 nmse_prop=0.03485 nmse_ls=0.06089 gpu_mem=0.33GiB peak=11.31GiB
[TRAIN] saved resumable state at step=9100 reason=periodic: /lustre07/scratch/rsadve1/Universal_Receiver_NEW-main_Narval/TWC_plots_comprehensive/runs_rx16/seed7/1dmrs/main_d96_b4_r2/checkpoints/training_state/ckpt-9100
[TRAIN] step=09200 loss=-4.65212 nmse_prop=0.00423 nmse_ls=0.01735 gpu_mem=0.33GiB peak=11.31GiB
[TRAIN] saved resumable state at step=9200 reason=periodic: /lustre07/scratch/rsadve1/Universal_Receiver_NEW-main_Narval/TWC_plots_comprehensive/runs_rx16/seed7/1dmrs/main_d96_b4_r2/checkpoints/training_state/ckpt-9200
[TRAIN] step=09300 loss=-3.36541 nmse_prop=0.01276 nmse_ls=0.03157 gpu_mem=0.33GiB peak=11.31GiB
[TRAIN] saved resumable state at step=9300 reason=periodic: /lustre07/scratch/rsadve1/Universal_Receiver_NEW-main_Narval/TWC_plots_comprehensive/runs_rx16/seed7/1dmrs/main_d96_b4_r2/checkpoints/training_state/ckpt-9300
[TRAIN] step=09400 loss=-4.58863 nmse_prop=0.00463 nmse_ls=0.01979 gpu_mem=0.33GiB peak=11.31GiB
[TRAIN] saved resumable state at step=9400 reason=periodic: /lustre07/scratch/rsadve1/Universal_Receiver_NEW-main_Narval/TWC_plots_comprehensive/runs_rx16/seed7/1dmrs/main_d96_b4_r2/checkpoints/training_state/ckpt-9400
[TRAIN] saved new best weights at step=9500 val_nmse=0.0121626
[TRAIN] step=09500 loss=-3.42108 nmse_prop=0.01171 nmse_ls=0.02966 gpu_mem=0.33GiB peak=11.31GiB
[TRAIN] saved resumable state at step=9500 reason=periodic: /lustre07/scratch/rsadve1/Universal_Receiver_NEW-main_Narval/TWC_plots_comprehensive/runs_rx16/seed7/1dmrs/main_d96_b4_r2/checkpoints/training_state/ckpt-9500
[TRAIN] step=09600 loss=-4.23318 nmse_prop=0.00631 nmse_ls=0.02183 gpu_mem=0.33GiB peak=11.31GiB
[TRAIN] saved resumable state at step=9600 reason=periodic: /lustre07/scratch/rsadve1/Universal_Receiver_NEW-main_Narval/TWC_plots_comprehensive/runs_rx16/seed7/1dmrs/main_d96_b4_r2/checkpoints/training_state/ckpt-9600
[TRAIN] step=09700 loss=-4.54230 nmse_prop=0.00486 nmse_ls=0.01802 gpu_mem=0.33GiB peak=11.31GiB
[TRAIN] saved resumable state at step=9700 reason=periodic: /lustre07/scratch/rsadve1/Universal_Receiver_NEW-main_Narval/TWC_plots_comprehensive/runs_rx16/seed7/1dmrs/main_d96_b4_r2/checkpoints/training_state/ckpt-9700
[TRAIN] step=09800 loss=-3.10267 nmse_prop=0.01607 nmse_ls=0.03388 gpu_mem=0.33GiB peak=11.31GiB
[TRAIN] saved resumable state at step=9800 reason=periodic: /lustre07/scratch/rsadve1/Universal_Receiver_NEW-main_Narval/TWC_plots_comprehensive/runs_rx16/seed7/1dmrs/main_d96_b4_r2/checkpoints/training_state/ckpt-9800
[TRAIN] step=09900 loss=-4.58117 nmse_prop=0.00466 nmse_ls=0.01776 gpu_mem=0.33GiB peak=11.31GiB
[TRAIN] saved resumable state at step=9900 reason=periodic: /lustre07/scratch/rsadve1/Universal_Receiver_NEW-main_Narval/TWC_plots_comprehensive/runs_rx16/seed7/1dmrs/main_d96_b4_r2/checkpoints/training_state/ckpt-9900
[TRAIN] saved new best weights at step=10000 val_nmse=0.0119387
[TRAIN] step=10000 loss=-3.24623 nmse_prop=0.01413 nmse_ls=0.02963 gpu_mem=0.33GiB peak=11.31GiB
[TRAIN] saved resumable state at step=10000 reason=periodic: /lustre07/scratch/rsadve1/Universal_Receiver_NEW-main_Narval/TWC_plots_comprehensive/runs_rx16/seed7/1dmrs/main_d96_b4_r2/checkpoints/training_state/ckpt-10000
[TRAIN] saved resumable state at step=10000 reason=final: /lustre07/scratch/rsadve1/Universal_Receiver_NEW-main_Narval/TWC_plots_comprehensive/runs_rx16/seed7/1dmrs/main_d96_b4_r2/checkpoints/training_state/ckpt-10000
[COMPREHENSIVE] cleared TensorFlow state before evaluation seed=7 1dmrs/main_d96_b4_r2/u1: gpu_mem=0.01GiB peak=11.31GiB
[EVAL] receiver microbatching enabled: batch_size_eval=128 receiver_microbatch_size=4
[BASELINES] Estimating empirical LMMSE covariances with num_batches=32 batch_size=32 mode=clean-channel
[EVAL] received signal 15; will save completed Eb/N0 points and stop after current batch.
[EVAL] stopped before completing current Eb/N0; resubmit to resume from completed points.
