[SLURM] task=4/12 seed=7 dmrs_case=1dmrs variant=wide_d128_b4_r2
Wed May  6 08:23:32 2026       
+-----------------------------------------------------------------------------------------+
| NVIDIA-SMI 570.211.01             Driver Version: 570.211.01     CUDA Version: 12.8     |
|-----------------------------------------+------------------------+----------------------+
| GPU  Name                 Persistence-M | Bus-Id          Disp.A | Volatile Uncorr. ECC |
| Fan  Temp   Perf          Pwr:Usage/Cap |           Memory-Usage | GPU-Util  Compute M. |
|                                         |                        |               MIG M. |
|=========================================+========================+======================|
|   0  NVIDIA A100-SXM4-40GB          Off |   00000000:01:00.0 Off |                    0 |
| N/A   41C    P0             55W /  400W |       0MiB /  40960MiB |      0%      Default |
|                                         |                        |             Disabled |
+-----------------------------------------+------------------------+----------------------+
                                                                                         
+-----------------------------------------------------------------------------------------+
| Processes:                                                                              |
|  GPU   GI   CI              PID   Type   Process name                        GPU Memory |
|        ID   ID                                                               Usage      |
|=========================================================================================|
|  No running processes found                                                             |
+-----------------------------------------------------------------------------------------+
[TRAIN] starting from scratch
[TRAIN] step=00001 loss=-2.86729 nmse_prop=0.02087 nmse_ls=0.02087 gpu_mem=0.06GiB peak=13.31GiB
[TRAIN] step=00100 loss=-3.07716 nmse_prop=0.01704 nmse_ls=0.01759 gpu_mem=0.18GiB peak=13.48GiB
[TRAIN] saved resumable state at step=100 reason=periodic: /lustre07/scratch/rsadve1/Universal_Receiver_NEW-main_Narval/TWC_plots_comprehensive/runs_rx16/seed7/1dmrs/wide_d128_b4_r2/checkpoints/training_state/ckpt-100
[TRAIN] step=00200 loss=-2.91844 nmse_prop=0.02235 nmse_ls=0.02333 gpu_mem=0.16GiB peak=13.48GiB
[TRAIN] saved resumable state at step=200 reason=periodic: /lustre07/scratch/rsadve1/Universal_Receiver_NEW-main_Narval/TWC_plots_comprehensive/runs_rx16/seed7/1dmrs/wide_d128_b4_r2/checkpoints/training_state/ckpt-200
[TRAIN] step=00300 loss=-2.80461 nmse_prop=0.02458 nmse_ls=0.02613 gpu_mem=0.18GiB peak=13.48GiB
[TRAIN] saved resumable state at step=300 reason=periodic: /lustre07/scratch/rsadve1/Universal_Receiver_NEW-main_Narval/TWC_plots_comprehensive/runs_rx16/seed7/1dmrs/wide_d128_b4_r2/checkpoints/training_state/ckpt-300
[TRAIN] step=00400 loss=-2.17908 nmse_prop=0.04215 nmse_ls=0.04446 gpu_mem=0.18GiB peak=13.48GiB
[TRAIN] saved resumable state at step=400 reason=periodic: /lustre07/scratch/rsadve1/Universal_Receiver_NEW-main_Narval/TWC_plots_comprehensive/runs_rx16/seed7/1dmrs/wide_d128_b4_r2/checkpoints/training_state/ckpt-400
[TRAIN] saved new best weights at step=500 val_nmse=0.0510624
[TRAIN] step=00500 loss=-3.14193 nmse_prop=0.01917 nmse_ls=0.02237 gpu_mem=0.32GiB peak=13.48GiB
[TRAIN] saved resumable state at step=500 reason=periodic: /lustre07/scratch/rsadve1/Universal_Receiver_NEW-main_Narval/TWC_plots_comprehensive/runs_rx16/seed7/1dmrs/wide_d128_b4_r2/checkpoints/training_state/ckpt-500
[TRAIN] step=00600 loss=-2.99565 nmse_prop=0.02183 nmse_ls=0.02536 gpu_mem=0.30GiB peak=13.63GiB
[TRAIN] saved resumable state at step=600 reason=periodic: /lustre07/scratch/rsadve1/Universal_Receiver_NEW-main_Narval/TWC_plots_comprehensive/runs_rx16/seed7/1dmrs/wide_d128_b4_r2/checkpoints/training_state/ckpt-600
[TRAIN] step=00700 loss=-2.42410 nmse_prop=0.03354 nmse_ls=0.03662 gpu_mem=0.33GiB peak=13.63GiB
[TRAIN] saved resumable state at step=700 reason=periodic: /lustre07/scratch/rsadve1/Universal_Receiver_NEW-main_Narval/TWC_plots_comprehensive/runs_rx16/seed7/1dmrs/wide_d128_b4_r2/checkpoints/training_state/ckpt-700
[TRAIN] step=00800 loss=-2.45760 nmse_prop=0.03361 nmse_ls=0.03763 gpu_mem=0.32GiB peak=13.63GiB
[TRAIN] saved resumable state at step=800 reason=periodic: /lustre07/scratch/rsadve1/Universal_Receiver_NEW-main_Narval/TWC_plots_comprehensive/runs_rx16/seed7/1dmrs/wide_d128_b4_r2/checkpoints/training_state/ckpt-800
[TRAIN] step=00900 loss=-3.18630 nmse_prop=0.01988 nmse_ls=0.02347 gpu_mem=0.32GiB peak=13.63GiB
[TRAIN] saved resumable state at step=900 reason=periodic: /lustre07/scratch/rsadve1/Universal_Receiver_NEW-main_Narval/TWC_plots_comprehensive/runs_rx16/seed7/1dmrs/wide_d128_b4_r2/checkpoints/training_state/ckpt-900
[TRAIN] saved new best weights at step=1000 val_nmse=0.0488047
[TRAIN] step=01000 loss=-3.46698 nmse_prop=0.01559 nmse_ls=0.01879 gpu_mem=0.33GiB peak=13.63GiB
[TRAIN] saved resumable state at step=1000 reason=periodic: /lustre07/scratch/rsadve1/Universal_Receiver_NEW-main_Narval/TWC_plots_comprehensive/runs_rx16/seed7/1dmrs/wide_d128_b4_r2/checkpoints/training_state/ckpt-1000
[TRAIN] step=01100 loss=-3.31976 nmse_prop=0.01724 nmse_ls=0.02075 gpu_mem=0.33GiB peak=13.63GiB
[TRAIN] saved resumable state at step=1100 reason=periodic: /lustre07/scratch/rsadve1/Universal_Receiver_NEW-main_Narval/TWC_plots_comprehensive/runs_rx16/seed7/1dmrs/wide_d128_b4_r2/checkpoints/training_state/ckpt-1100
[TRAIN] step=01200 loss=-3.00271 nmse_prop=0.02017 nmse_ls=0.02529 gpu_mem=0.30GiB peak=13.63GiB
[TRAIN] saved resumable state at step=1200 reason=periodic: /lustre07/scratch/rsadve1/Universal_Receiver_NEW-main_Narval/TWC_plots_comprehensive/runs_rx16/seed7/1dmrs/wide_d128_b4_r2/checkpoints/training_state/ckpt-1200
[TRAIN] step=01300 loss=-3.27979 nmse_prop=0.01788 nmse_ls=0.02174 gpu_mem=0.33GiB peak=13.63GiB
[TRAIN] saved resumable state at step=1300 reason=periodic: /lustre07/scratch/rsadve1/Universal_Receiver_NEW-main_Narval/TWC_plots_comprehensive/runs_rx16/seed7/1dmrs/wide_d128_b4_r2/checkpoints/training_state/ckpt-1300
[TRAIN] step=01400 loss=-2.78272 nmse_prop=0.02511 nmse_ls=0.03206 gpu_mem=0.30GiB peak=13.63GiB
[TRAIN] saved resumable state at step=1400 reason=periodic: /lustre07/scratch/rsadve1/Universal_Receiver_NEW-main_Narval/TWC_plots_comprehensive/runs_rx16/seed7/1dmrs/wide_d128_b4_r2/checkpoints/training_state/ckpt-1400
[TRAIN] saved new best weights at step=1500 val_nmse=0.0452904
[TRAIN] step=01500 loss=-3.59571 nmse_prop=0.01556 nmse_ls=0.01942 gpu_mem=0.29GiB peak=13.63GiB
[TRAIN] saved resumable state at step=1500 reason=periodic: /lustre07/scratch/rsadve1/Universal_Receiver_NEW-main_Narval/TWC_plots_comprehensive/runs_rx16/seed7/1dmrs/wide_d128_b4_r2/checkpoints/training_state/ckpt-1500
[TRAIN] step=01600 loss=-3.50613 nmse_prop=0.01478 nmse_ls=0.01876 gpu_mem=0.33GiB peak=13.63GiB
[TRAIN] saved resumable state at step=1600 reason=periodic: /lustre07/scratch/rsadve1/Universal_Receiver_NEW-main_Narval/TWC_plots_comprehensive/runs_rx16/seed7/1dmrs/wide_d128_b4_r2/checkpoints/training_state/ckpt-1600
[TRAIN] step=01700 loss=-3.75393 nmse_prop=0.01260 nmse_ls=0.01670 gpu_mem=0.33GiB peak=13.63GiB
[TRAIN] saved resumable state at step=1700 reason=periodic: /lustre07/scratch/rsadve1/Universal_Receiver_NEW-main_Narval/TWC_plots_comprehensive/runs_rx16/seed7/1dmrs/wide_d128_b4_r2/checkpoints/training_state/ckpt-1700
[TRAIN] step=01800 loss=-3.63810 nmse_prop=0.01501 nmse_ls=0.01951 gpu_mem=0.29GiB peak=13.63GiB
[TRAIN] saved resumable state at step=1800 reason=periodic: /lustre07/scratch/rsadve1/Universal_Receiver_NEW-main_Narval/TWC_plots_comprehensive/runs_rx16/seed7/1dmrs/wide_d128_b4_r2/checkpoints/training_state/ckpt-1800
[TRAIN] step=01900 loss=-2.63582 nmse_prop=0.02787 nmse_ls=0.03708 gpu_mem=0.30GiB peak=13.63GiB
[TRAIN] saved resumable state at step=1900 reason=periodic: /lustre07/scratch/rsadve1/Universal_Receiver_NEW-main_Narval/TWC_plots_comprehensive/runs_rx16/seed7/1dmrs/wide_d128_b4_r2/checkpoints/training_state/ckpt-1900
[TRAIN] saved new best weights at step=2000 val_nmse=0.0417235
[TRAIN] step=02000 loss=-3.30064 nmse_prop=0.01659 nmse_ls=0.02119 gpu_mem=0.33GiB peak=13.63GiB
[TRAIN] saved resumable state at step=2000 reason=periodic: /lustre07/scratch/rsadve1/Universal_Receiver_NEW-main_Narval/TWC_plots_comprehensive/runs_rx16/seed7/1dmrs/wide_d128_b4_r2/checkpoints/training_state/ckpt-2000
[TRAIN] step=02100 loss=-2.01980 nmse_prop=0.04575 nmse_ls=0.07012 gpu_mem=0.29GiB peak=13.63GiB
[TRAIN] saved resumable state at step=2100 reason=periodic: /lustre07/scratch/rsadve1/Universal_Receiver_NEW-main_Narval/TWC_plots_comprehensive/runs_rx16/seed7/1dmrs/wide_d128_b4_r2/checkpoints/training_state/ckpt-2100
[TRAIN] step=02200 loss=-1.80801 nmse_prop=0.05796 nmse_ls=0.07313 gpu_mem=0.32GiB peak=13.63GiB
[TRAIN] saved resumable state at step=2200 reason=periodic: /lustre07/scratch/rsadve1/Universal_Receiver_NEW-main_Narval/TWC_plots_comprehensive/runs_rx16/seed7/1dmrs/wide_d128_b4_r2/checkpoints/training_state/ckpt-2200
[TRAIN] step=02300 loss=-3.68807 nmse_prop=0.01443 nmse_ls=0.01917 gpu_mem=0.30GiB peak=13.63GiB
[TRAIN] saved resumable state at step=2300 reason=periodic: /lustre07/scratch/rsadve1/Universal_Receiver_NEW-main_Narval/TWC_plots_comprehensive/runs_rx16/seed7/1dmrs/wide_d128_b4_r2/checkpoints/training_state/ckpt-2300
[TRAIN] step=02400 loss=-2.34725 nmse_prop=0.03580 nmse_ls=0.04480 gpu_mem=0.33GiB peak=13.63GiB
[TRAIN] saved resumable state at step=2400 reason=periodic: /lustre07/scratch/rsadve1/Universal_Receiver_NEW-main_Narval/TWC_plots_comprehensive/runs_rx16/seed7/1dmrs/wide_d128_b4_r2/checkpoints/training_state/ckpt-2400
[TRAIN] saved new best weights at step=2500 val_nmse=0.0402124
[TRAIN] step=02500 loss=-2.83873 nmse_prop=0.02394 nmse_ls=0.03044 gpu_mem=0.33GiB peak=13.63GiB
[TRAIN] saved resumable state at step=2500 reason=periodic: /lustre07/scratch/rsadve1/Universal_Receiver_NEW-main_Narval/TWC_plots_comprehensive/runs_rx16/seed7/1dmrs/wide_d128_b4_r2/checkpoints/training_state/ckpt-2500
[TRAIN] step=02600 loss=-2.66631 nmse_prop=0.02715 nmse_ls=0.03542 gpu_mem=0.32GiB peak=13.63GiB
[TRAIN] saved resumable state at step=2600 reason=periodic: /lustre07/scratch/rsadve1/Universal_Receiver_NEW-main_Narval/TWC_plots_comprehensive/runs_rx16/seed7/1dmrs/wide_d128_b4_r2/checkpoints/training_state/ckpt-2600
[TRAIN] step=02700 loss=-3.64671 nmse_prop=0.01336 nmse_ls=0.01931 gpu_mem=0.30GiB peak=13.63GiB
[TRAIN] saved resumable state at step=2700 reason=periodic: /lustre07/scratch/rsadve1/Universal_Receiver_NEW-main_Narval/TWC_plots_comprehensive/runs_rx16/seed7/1dmrs/wide_d128_b4_r2/checkpoints/training_state/ckpt-2700
[TRAIN] step=02800 loss=-3.50886 nmse_prop=0.01500 nmse_ls=0.01931 gpu_mem=0.33GiB peak=13.63GiB
[TRAIN] saved resumable state at step=2800 reason=periodic: /lustre07/scratch/rsadve1/Universal_Receiver_NEW-main_Narval/TWC_plots_comprehensive/runs_rx16/seed7/1dmrs/wide_d128_b4_r2/checkpoints/training_state/ckpt-2800
[TRAIN] step=02900 loss=-3.73315 nmse_prop=0.01310 nmse_ls=0.01774 gpu_mem=0.32GiB peak=13.63GiB
[TRAIN] saved resumable state at step=2900 reason=periodic: /lustre07/scratch/rsadve1/Universal_Receiver_NEW-main_Narval/TWC_plots_comprehensive/runs_rx16/seed7/1dmrs/wide_d128_b4_r2/checkpoints/training_state/ckpt-2900
[TRAIN] saved new best weights at step=3000 val_nmse=0.0385457
[TRAIN] step=03000 loss=-2.91946 nmse_prop=0.02247 nmse_ls=0.02863 gpu_mem=0.33GiB peak=13.63GiB
[TRAIN] saved resumable state at step=3000 reason=periodic: /lustre07/scratch/rsadve1/Universal_Receiver_NEW-main_Narval/TWC_plots_comprehensive/runs_rx16/seed7/1dmrs/wide_d128_b4_r2/checkpoints/training_state/ckpt-3000
[TRAIN] step=03100 loss=-1.81562 nmse_prop=0.05629 nmse_ls=0.07728 gpu_mem=0.32GiB peak=13.63GiB
[TRAIN] saved resumable state at step=3100 reason=periodic: /lustre07/scratch/rsadve1/Universal_Receiver_NEW-main_Narval/TWC_plots_comprehensive/runs_rx16/seed7/1dmrs/wide_d128_b4_r2/checkpoints/training_state/ckpt-3100
[TRAIN] step=03200 loss=-1.84528 nmse_prop=0.05578 nmse_ls=0.07170 gpu_mem=0.33GiB peak=13.63GiB
[TRAIN] saved resumable state at step=3200 reason=periodic: /lustre07/scratch/rsadve1/Universal_Receiver_NEW-main_Narval/TWC_plots_comprehensive/runs_rx16/seed7/1dmrs/wide_d128_b4_r2/checkpoints/training_state/ckpt-3200
[TRAIN] step=03300 loss=-3.73551 nmse_prop=0.01473 nmse_ls=0.01958 gpu_mem=0.29GiB peak=13.63GiB
[TRAIN] saved resumable state at step=3300 reason=periodic: /lustre07/scratch/rsadve1/Universal_Receiver_NEW-main_Narval/TWC_plots_comprehensive/runs_rx16/seed7/1dmrs/wide_d128_b4_r2/checkpoints/training_state/ckpt-3300
[TRAIN] step=03400 loss=-3.61168 nmse_prop=0.01567 nmse_ls=0.02024 gpu_mem=0.33GiB peak=13.63GiB
[TRAIN] saved resumable state at step=3400 reason=periodic: /lustre07/scratch/rsadve1/Universal_Receiver_NEW-main_Narval/TWC_plots_comprehensive/runs_rx16/seed7/1dmrs/wide_d128_b4_r2/checkpoints/training_state/ckpt-3400
[TRAIN] saved new best weights at step=3500 val_nmse=0.0375815
[TRAIN] step=03500 loss=-2.87287 nmse_prop=0.02250 nmse_ls=0.03127 gpu_mem=0.32GiB peak=13.63GiB
[TRAIN] saved resumable state at step=3500 reason=periodic: /lustre07/scratch/rsadve1/Universal_Receiver_NEW-main_Narval/TWC_plots_comprehensive/runs_rx16/seed7/1dmrs/wide_d128_b4_r2/checkpoints/training_state/ckpt-3500
[TRAIN] step=03600 loss=-3.72070 nmse_prop=0.01355 nmse_ls=0.01940 gpu_mem=0.30GiB peak=13.63GiB
[TRAIN] saved resumable state at step=3600 reason=periodic: /lustre07/scratch/rsadve1/Universal_Receiver_NEW-main_Narval/TWC_plots_comprehensive/runs_rx16/seed7/1dmrs/wide_d128_b4_r2/checkpoints/training_state/ckpt-3600
[TRAIN] step=03700 loss=-3.69922 nmse_prop=0.01485 nmse_ls=0.01961 gpu_mem=0.32GiB peak=13.63GiB
[TRAIN] saved resumable state at step=3700 reason=periodic: /lustre07/scratch/rsadve1/Universal_Receiver_NEW-main_Narval/TWC_plots_comprehensive/runs_rx16/seed7/1dmrs/wide_d128_b4_r2/checkpoints/training_state/ckpt-3700
[TRAIN] step=03800 loss=-2.69936 nmse_prop=0.02466 nmse_ls=0.03616 gpu_mem=0.32GiB peak=13.63GiB
[TRAIN] saved resumable state at step=3800 reason=periodic: /lustre07/scratch/rsadve1/Universal_Receiver_NEW-main_Narval/TWC_plots_comprehensive/runs_rx16/seed7/1dmrs/wide_d128_b4_r2/checkpoints/training_state/ckpt-3800
[TRAIN] step=03900 loss=-3.90156 nmse_prop=0.01306 nmse_ls=0.01837 gpu_mem=0.30GiB peak=13.63GiB
[TRAIN] saved resumable state at step=3900 reason=periodic: /lustre07/scratch/rsadve1/Universal_Receiver_NEW-main_Narval/TWC_plots_comprehensive/runs_rx16/seed7/1dmrs/wide_d128_b4_r2/checkpoints/training_state/ckpt-3900
[TRAIN] saved new best weights at step=4000 val_nmse=0.036455
[TRAIN] step=04000 loss=-2.32335 nmse_prop=0.03482 nmse_ls=0.05091 gpu_mem=0.32GiB peak=13.63GiB
[TRAIN] saved resumable state at step=4000 reason=periodic: /lustre07/scratch/rsadve1/Universal_Receiver_NEW-main_Narval/TWC_plots_comprehensive/runs_rx16/seed7/1dmrs/wide_d128_b4_r2/checkpoints/training_state/ckpt-4000
[TRAIN] step=04100 loss=-2.79002 nmse_prop=0.02391 nmse_ls=0.03421 gpu_mem=0.32GiB peak=13.63GiB
[TRAIN] saved resumable state at step=4100 reason=periodic: /lustre07/scratch/rsadve1/Universal_Receiver_NEW-main_Narval/TWC_plots_comprehensive/runs_rx16/seed7/1dmrs/wide_d128_b4_r2/checkpoints/training_state/ckpt-4100
[TRAIN] step=04200 loss=-2.15675 nmse_prop=0.03694 nmse_ls=0.06822 gpu_mem=0.29GiB peak=13.63GiB
[TRAIN] saved resumable state at step=4200 reason=periodic: /lustre07/scratch/rsadve1/Universal_Receiver_NEW-main_Narval/TWC_plots_comprehensive/runs_rx16/seed7/1dmrs/wide_d128_b4_r2/checkpoints/training_state/ckpt-4200
[TRAIN] step=04300 loss=-2.28550 nmse_prop=0.03198 nmse_ls=0.05817 gpu_mem=0.30GiB peak=13.63GiB
[TRAIN] saved resumable state at step=4300 reason=periodic: /lustre07/scratch/rsadve1/Universal_Receiver_NEW-main_Narval/TWC_plots_comprehensive/runs_rx16/seed7/1dmrs/wide_d128_b4_r2/checkpoints/training_state/ckpt-4300
[TRAIN] step=04400 loss=-3.78488 nmse_prop=0.01354 nmse_ls=0.01825 gpu_mem=0.33GiB peak=13.63GiB
[TRAIN] saved resumable state at step=4400 reason=periodic: /lustre07/scratch/rsadve1/Universal_Receiver_NEW-main_Narval/TWC_plots_comprehensive/runs_rx16/seed7/1dmrs/wide_d128_b4_r2/checkpoints/training_state/ckpt-4400
[TRAIN] saved new best weights at step=4500 val_nmse=0.0356019
[TRAIN] step=04500 loss=-3.41783 nmse_prop=0.01587 nmse_ls=0.02161 gpu_mem=0.33GiB peak=13.63GiB
[TRAIN] saved resumable state at step=4500 reason=periodic: /lustre07/scratch/rsadve1/Universal_Receiver_NEW-main_Narval/TWC_plots_comprehensive/runs_rx16/seed7/1dmrs/wide_d128_b4_r2/checkpoints/training_state/ckpt-4500
[TRAIN] step=04600 loss=-3.85213 nmse_prop=0.01124 nmse_ls=0.01708 gpu_mem=0.30GiB peak=13.63GiB
[TRAIN] saved resumable state at step=4600 reason=periodic: /lustre07/scratch/rsadve1/Universal_Receiver_NEW-main_Narval/TWC_plots_comprehensive/runs_rx16/seed7/1dmrs/wide_d128_b4_r2/checkpoints/training_state/ckpt-4600
[TRAIN] step=04700 loss=-2.93265 nmse_prop=0.02144 nmse_ls=0.02969 gpu_mem=0.33GiB peak=13.63GiB
[TRAIN] saved resumable state at step=4700 reason=periodic: /lustre07/scratch/rsadve1/Universal_Receiver_NEW-main_Narval/TWC_plots_comprehensive/runs_rx16/seed7/1dmrs/wide_d128_b4_r2/checkpoints/training_state/ckpt-4700
[TRAIN] step=04800 loss=-3.48331 nmse_prop=0.01531 nmse_ls=0.02092 gpu_mem=0.33GiB peak=13.63GiB
[TRAIN] saved resumable state at step=4800 reason=periodic: /lustre07/scratch/rsadve1/Universal_Receiver_NEW-main_Narval/TWC_plots_comprehensive/runs_rx16/seed7/1dmrs/wide_d128_b4_r2/checkpoints/training_state/ckpt-4800
[TRAIN] step=04900 loss=-2.89267 nmse_prop=0.02052 nmse_ls=0.03512 gpu_mem=0.30GiB peak=13.63GiB
[TRAIN] saved resumable state at step=4900 reason=periodic: /lustre07/scratch/rsadve1/Universal_Receiver_NEW-main_Narval/TWC_plots_comprehensive/runs_rx16/seed7/1dmrs/wide_d128_b4_r2/checkpoints/training_state/ckpt-4900
[TRAIN] saved new best weights at step=5000 val_nmse=0.0347373
[TRAIN] step=05000 loss=-3.55636 nmse_prop=0.01495 nmse_ls=0.02038 gpu_mem=0.33GiB peak=13.63GiB
[TRAIN] saved resumable state at step=5000 reason=periodic: /lustre07/scratch/rsadve1/Universal_Receiver_NEW-main_Narval/TWC_plots_comprehensive/runs_rx16/seed7/1dmrs/wide_d128_b4_r2/checkpoints/training_state/ckpt-5000
[TRAIN] step=05100 loss=-3.64449 nmse_prop=0.01379 nmse_ls=0.01932 gpu_mem=0.33GiB peak=13.63GiB
[TRAIN] saved resumable state at step=5100 reason=periodic: /lustre07/scratch/rsadve1/Universal_Receiver_NEW-main_Narval/TWC_plots_comprehensive/runs_rx16/seed7/1dmrs/wide_d128_b4_r2/checkpoints/training_state/ckpt-5100
[TRAIN] step=05200 loss=-2.14503 nmse_prop=0.03640 nmse_ls=0.06870 gpu_mem=0.30GiB peak=13.63GiB
[TRAIN] saved resumable state at step=5200 reason=periodic: /lustre07/scratch/rsadve1/Universal_Receiver_NEW-main_Narval/TWC_plots_comprehensive/runs_rx16/seed7/1dmrs/wide_d128_b4_r2/checkpoints/training_state/ckpt-5200
[TRAIN] step=05300 loss=-3.29241 nmse_prop=0.01545 nmse_ls=0.02500 gpu_mem=0.30GiB peak=13.63GiB
[TRAIN] saved resumable state at step=5300 reason=periodic: /lustre07/scratch/rsadve1/Universal_Receiver_NEW-main_Narval/TWC_plots_comprehensive/runs_rx16/seed7/1dmrs/wide_d128_b4_r2/checkpoints/training_state/ckpt-5300
[TRAIN] step=05400 loss=-3.88438 nmse_prop=0.01296 nmse_ls=0.01760 gpu_mem=0.32GiB peak=13.63GiB
[TRAIN] saved resumable state at step=5400 reason=periodic: /lustre07/scratch/rsadve1/Universal_Receiver_NEW-main_Narval/TWC_plots_comprehensive/runs_rx16/seed7/1dmrs/wide_d128_b4_r2/checkpoints/training_state/ckpt-5400
[TRAIN] saved new best weights at step=5500 val_nmse=0.0329481
[TRAIN] step=05500 loss=-3.14600 nmse_prop=0.01898 nmse_ls=0.02710 gpu_mem=0.32GiB peak=13.63GiB
[TRAIN] saved resumable state at step=5500 reason=periodic: /lustre07/scratch/rsadve1/Universal_Receiver_NEW-main_Narval/TWC_plots_comprehensive/runs_rx16/seed7/1dmrs/wide_d128_b4_r2/checkpoints/training_state/ckpt-5500
[TRAIN] step=05600 loss=-3.43130 nmse_prop=0.01594 nmse_ls=0.02189 gpu_mem=0.33GiB peak=13.63GiB
[TRAIN] saved resumable state at step=5600 reason=periodic: /lustre07/scratch/rsadve1/Universal_Receiver_NEW-main_Narval/TWC_plots_comprehensive/runs_rx16/seed7/1dmrs/wide_d128_b4_r2/checkpoints/training_state/ckpt-5600
[TRAIN] step=05700 loss=-3.70347 nmse_prop=0.01368 nmse_ls=0.02055 gpu_mem=0.30GiB peak=13.63GiB
[TRAIN] saved resumable state at step=5700 reason=periodic: /lustre07/scratch/rsadve1/Universal_Receiver_NEW-main_Narval/TWC_plots_comprehensive/runs_rx16/seed7/1dmrs/wide_d128_b4_r2/checkpoints/training_state/ckpt-5700
[TRAIN] step=05800 loss=-3.14324 nmse_prop=0.01863 nmse_ls=0.02585 gpu_mem=0.33GiB peak=13.63GiB
[TRAIN] saved resumable state at step=5800 reason=periodic: /lustre07/scratch/rsadve1/Universal_Receiver_NEW-main_Narval/TWC_plots_comprehensive/runs_rx16/seed7/1dmrs/wide_d128_b4_r2/checkpoints/training_state/ckpt-5800
[TRAIN] step=05900 loss=-3.21820 nmse_prop=0.01732 nmse_ls=0.02767 gpu_mem=0.30GiB peak=13.63GiB
[TRAIN] saved resumable state at step=5900 reason=periodic: /lustre07/scratch/rsadve1/Universal_Receiver_NEW-main_Narval/TWC_plots_comprehensive/runs_rx16/seed7/1dmrs/wide_d128_b4_r2/checkpoints/training_state/ckpt-5900
[TRAIN] saved new best weights at step=6000 val_nmse=0.0321237
[TRAIN] step=06000 loss=-3.60201 nmse_prop=0.01391 nmse_ls=0.01946 gpu_mem=0.33GiB peak=13.63GiB
[TRAIN] saved resumable state at step=6000 reason=periodic: /lustre07/scratch/rsadve1/Universal_Receiver_NEW-main_Narval/TWC_plots_comprehensive/runs_rx16/seed7/1dmrs/wide_d128_b4_r2/checkpoints/training_state/ckpt-6000
[TRAIN] step=06100 loss=-2.57299 nmse_prop=0.02859 nmse_ls=0.04097 gpu_mem=0.33GiB peak=13.63GiB
[TRAIN] saved resumable state at step=6100 reason=periodic: /lustre07/scratch/rsadve1/Universal_Receiver_NEW-main_Narval/TWC_plots_comprehensive/runs_rx16/seed7/1dmrs/wide_d128_b4_r2/checkpoints/training_state/ckpt-6100
[TRAIN] step=06200 loss=-3.14695 nmse_prop=0.01902 nmse_ls=0.02658 gpu_mem=0.33GiB peak=13.63GiB
[TRAIN] saved resumable state at step=6200 reason=periodic: /lustre07/scratch/rsadve1/Universal_Receiver_NEW-main_Narval/TWC_plots_comprehensive/runs_rx16/seed7/1dmrs/wide_d128_b4_r2/checkpoints/training_state/ckpt-6200
[TRAIN] step=06300 loss=-3.11349 nmse_prop=0.01892 nmse_ls=0.02645 gpu_mem=0.33GiB peak=13.63GiB
[TRAIN] saved resumable state at step=6300 reason=periodic: /lustre07/scratch/rsadve1/Universal_Receiver_NEW-main_Narval/TWC_plots_comprehensive/runs_rx16/seed7/1dmrs/wide_d128_b4_r2/checkpoints/training_state/ckpt-6300
[TRAIN] step=06400 loss=-3.55341 nmse_prop=0.01549 nmse_ls=0.02144 gpu_mem=0.32GiB peak=13.63GiB
[TRAIN] saved resumable state at step=6400 reason=periodic: /lustre07/scratch/rsadve1/Universal_Receiver_NEW-main_Narval/TWC_plots_comprehensive/runs_rx16/seed7/1dmrs/wide_d128_b4_r2/checkpoints/training_state/ckpt-6400
[TRAIN] step=06500 loss=-3.33290 nmse_prop=0.01504 nmse_ls=0.02529 gpu_mem=0.29GiB peak=13.63GiB
[TRAIN] saved resumable state at step=6500 reason=periodic: /lustre07/scratch/rsadve1/Universal_Receiver_NEW-main_Narval/TWC_plots_comprehensive/runs_rx16/seed7/1dmrs/wide_d128_b4_r2/checkpoints/training_state/ckpt-6500
[TRAIN] step=06600 loss=-3.55833 nmse_prop=0.01342 nmse_ls=0.02113 gpu_mem=0.29GiB peak=13.63GiB
[TRAIN] saved resumable state at step=6600 reason=periodic: /lustre07/scratch/rsadve1/Universal_Receiver_NEW-main_Narval/TWC_plots_comprehensive/runs_rx16/seed7/1dmrs/wide_d128_b4_r2/checkpoints/training_state/ckpt-6600
[TRAIN] step=06700 loss=-3.47405 nmse_prop=0.01473 nmse_ls=0.02194 gpu_mem=0.32GiB peak=13.63GiB
[TRAIN] saved resumable state at step=6700 reason=periodic: /lustre07/scratch/rsadve1/Universal_Receiver_NEW-main_Narval/TWC_plots_comprehensive/runs_rx16/seed7/1dmrs/wide_d128_b4_r2/checkpoints/training_state/ckpt-6700
[TRAIN] step=06800 loss=-1.89448 nmse_prop=0.05067 nmse_ls=0.07544 gpu_mem=0.33GiB peak=13.63GiB
[TRAIN] saved resumable state at step=6800 reason=periodic: /lustre07/scratch/rsadve1/Universal_Receiver_NEW-main_Narval/TWC_plots_comprehensive/runs_rx16/seed7/1dmrs/wide_d128_b4_r2/checkpoints/training_state/ckpt-6800
[TRAIN] step=06900 loss=-3.43603 nmse_prop=0.01466 nmse_ls=0.02411 gpu_mem=0.30GiB peak=13.63GiB
[TRAIN] saved resumable state at step=6900 reason=periodic: /lustre07/scratch/rsadve1/Universal_Receiver_NEW-main_Narval/TWC_plots_comprehensive/runs_rx16/seed7/1dmrs/wide_d128_b4_r2/checkpoints/training_state/ckpt-6900
[TRAIN] saved new best weights at step=7000 val_nmse=0.0317451
[TRAIN] step=07000 loss=-3.13970 nmse_prop=0.01787 nmse_ls=0.02797 gpu_mem=0.32GiB peak=13.63GiB
[TRAIN] saved resumable state at step=7000 reason=periodic: /lustre07/scratch/rsadve1/Universal_Receiver_NEW-main_Narval/TWC_plots_comprehensive/runs_rx16/seed7/1dmrs/wide_d128_b4_r2/checkpoints/training_state/ckpt-7000
[TRAIN] step=07100 loss=-2.75861 nmse_prop=0.02228 nmse_ls=0.04084 gpu_mem=0.30GiB peak=13.63GiB
[TRAIN] saved resumable state at step=7100 reason=periodic: /lustre07/scratch/rsadve1/Universal_Receiver_NEW-main_Narval/TWC_plots_comprehensive/runs_rx16/seed7/1dmrs/wide_d128_b4_r2/checkpoints/training_state/ckpt-7100
[TRAIN] step=07200 loss=-3.65840 nmse_prop=0.01384 nmse_ls=0.01997 gpu_mem=0.32GiB peak=13.63GiB
[TRAIN] saved resumable state at step=7200 reason=periodic: /lustre07/scratch/rsadve1/Universal_Receiver_NEW-main_Narval/TWC_plots_comprehensive/runs_rx16/seed7/1dmrs/wide_d128_b4_r2/checkpoints/training_state/ckpt-7200
[TRAIN] step=07300 loss=-2.79590 nmse_prop=0.02272 nmse_ls=0.03676 gpu_mem=0.32GiB peak=13.63GiB
[TRAIN] saved resumable state at step=7300 reason=periodic: /lustre07/scratch/rsadve1/Universal_Receiver_NEW-main_Narval/TWC_plots_comprehensive/runs_rx16/seed7/1dmrs/wide_d128_b4_r2/checkpoints/training_state/ckpt-7300
[TRAIN] step=07400 loss=-3.77256 nmse_prop=0.01450 nmse_ls=0.01969 gpu_mem=0.32GiB peak=13.63GiB
[TRAIN] saved resumable state at step=7400 reason=periodic: /lustre07/scratch/rsadve1/Universal_Receiver_NEW-main_Narval/TWC_plots_comprehensive/runs_rx16/seed7/1dmrs/wide_d128_b4_r2/checkpoints/training_state/ckpt-7400
[TRAIN] saved new best weights at step=7500 val_nmse=0.0304951
[TRAIN] step=07500 loss=-3.77465 nmse_prop=0.01391 nmse_ls=0.01934 gpu_mem=0.33GiB peak=13.63GiB
[TRAIN] saved resumable state at step=7500 reason=periodic: /lustre07/scratch/rsadve1/Universal_Receiver_NEW-main_Narval/TWC_plots_comprehensive/runs_rx16/seed7/1dmrs/wide_d128_b4_r2/checkpoints/training_state/ckpt-7500
[TRAIN] step=07600 loss=-3.50237 nmse_prop=0.01465 nmse_ls=0.02062 gpu_mem=0.33GiB peak=13.63GiB
[TRAIN] saved resumable state at step=7600 reason=periodic: /lustre07/scratch/rsadve1/Universal_Receiver_NEW-main_Narval/TWC_plots_comprehensive/runs_rx16/seed7/1dmrs/wide_d128_b4_r2/checkpoints/training_state/ckpt-7600
[TRAIN] step=07700 loss=-3.63689 nmse_prop=0.01719 nmse_ls=0.02194 gpu_mem=0.29GiB peak=13.63GiB
[TRAIN] saved resumable state at step=7700 reason=periodic: /lustre07/scratch/rsadve1/Universal_Receiver_NEW-main_Narval/TWC_plots_comprehensive/runs_rx16/seed7/1dmrs/wide_d128_b4_r2/checkpoints/training_state/ckpt-7700
[TRAIN] step=07800 loss=-3.84891 nmse_prop=0.01378 nmse_ls=0.01921 gpu_mem=0.32GiB peak=13.63GiB
[TRAIN] saved resumable state at step=7800 reason=periodic: /lustre07/scratch/rsadve1/Universal_Receiver_NEW-main_Narval/TWC_plots_comprehensive/runs_rx16/seed7/1dmrs/wide_d128_b4_r2/checkpoints/training_state/ckpt-7800
[TRAIN] step=07900 loss=-2.09265 nmse_prop=0.04161 nmse_ls=0.06435 gpu_mem=0.33GiB peak=13.63GiB
[TRAIN] saved resumable state at step=7900 reason=periodic: /lustre07/scratch/rsadve1/Universal_Receiver_NEW-main_Narval/TWC_plots_comprehensive/runs_rx16/seed7/1dmrs/wide_d128_b4_r2/checkpoints/training_state/ckpt-7900
[TRAIN] step=08000 loss=-3.00994 nmse_prop=0.02030 nmse_ls=0.02929 gpu_mem=0.33GiB peak=13.63GiB
[TRAIN] saved resumable state at step=8000 reason=periodic: /lustre07/scratch/rsadve1/Universal_Receiver_NEW-main_Narval/TWC_plots_comprehensive/runs_rx16/seed7/1dmrs/wide_d128_b4_r2/checkpoints/training_state/ckpt-8000
[TRAIN] step=08100 loss=-3.51974 nmse_prop=0.01466 nmse_ls=0.02132 gpu_mem=0.32GiB peak=13.63GiB
[TRAIN] saved resumable state at step=8100 reason=periodic: /lustre07/scratch/rsadve1/Universal_Receiver_NEW-main_Narval/TWC_plots_comprehensive/runs_rx16/seed7/1dmrs/wide_d128_b4_r2/checkpoints/training_state/ckpt-8100
[TRAIN] step=08200 loss=-3.46142 nmse_prop=0.01526 nmse_ls=0.02212 gpu_mem=0.33GiB peak=13.63GiB
[TRAIN] saved resumable state at step=8200 reason=periodic: /lustre07/scratch/rsadve1/Universal_Receiver_NEW-main_Narval/TWC_plots_comprehensive/runs_rx16/seed7/1dmrs/wide_d128_b4_r2/checkpoints/training_state/ckpt-8200
[TRAIN] step=08300 loss=-3.38466 nmse_prop=0.01617 nmse_ls=0.02552 gpu_mem=0.29GiB peak=13.63GiB
[TRAIN] saved resumable state at step=8300 reason=periodic: /lustre07/scratch/rsadve1/Universal_Receiver_NEW-main_Narval/TWC_plots_comprehensive/runs_rx16/seed7/1dmrs/wide_d128_b4_r2/checkpoints/training_state/ckpt-8300
[TRAIN] step=08400 loss=-3.86853 nmse_prop=0.01294 nmse_ls=0.01841 gpu_mem=0.32GiB peak=13.63GiB
[TRAIN] saved resumable state at step=8400 reason=periodic: /lustre07/scratch/rsadve1/Universal_Receiver_NEW-main_Narval/TWC_plots_comprehensive/runs_rx16/seed7/1dmrs/wide_d128_b4_r2/checkpoints/training_state/ckpt-8400
[TRAIN] step=08500 loss=-3.59479 nmse_prop=0.01355 nmse_ls=0.01981 gpu_mem=0.33GiB peak=13.63GiB
[TRAIN] saved resumable state at step=8500 reason=periodic: /lustre07/scratch/rsadve1/Universal_Receiver_NEW-main_Narval/TWC_plots_comprehensive/runs_rx16/seed7/1dmrs/wide_d128_b4_r2/checkpoints/training_state/ckpt-8500
[TRAIN] step=08600 loss=-3.43597 nmse_prop=0.01685 nmse_ls=0.02380 gpu_mem=0.32GiB peak=13.63GiB
[TRAIN] saved resumable state at step=8600 reason=periodic: /lustre07/scratch/rsadve1/Universal_Receiver_NEW-main_Narval/TWC_plots_comprehensive/runs_rx16/seed7/1dmrs/wide_d128_b4_r2/checkpoints/training_state/ckpt-8600
[TRAIN] step=08700 loss=-2.39417 nmse_prop=0.03212 nmse_ls=0.04924 gpu_mem=0.33GiB peak=13.63GiB
[TRAIN] saved resumable state at step=8700 reason=periodic: /lustre07/scratch/rsadve1/Universal_Receiver_NEW-main_Narval/TWC_plots_comprehensive/runs_rx16/seed7/1dmrs/wide_d128_b4_r2/checkpoints/training_state/ckpt-8700
[TRAIN] step=08800 loss=-3.35696 nmse_prop=0.01669 nmse_ls=0.02568 gpu_mem=0.29GiB peak=13.63GiB
[TRAIN] saved resumable state at step=8800 reason=periodic: /lustre07/scratch/rsadve1/Universal_Receiver_NEW-main_Narval/TWC_plots_comprehensive/runs_rx16/seed7/1dmrs/wide_d128_b4_r2/checkpoints/training_state/ckpt-8800
[TRAIN] step=08900 loss=-3.52699 nmse_prop=0.01493 nmse_ls=0.02115 gpu_mem=0.33GiB peak=13.63GiB
[TRAIN] saved resumable state at step=8900 reason=periodic: /lustre07/scratch/rsadve1/Universal_Receiver_NEW-main_Narval/TWC_plots_comprehensive/runs_rx16/seed7/1dmrs/wide_d128_b4_r2/checkpoints/training_state/ckpt-8900
[TRAIN] saved new best weights at step=9000 val_nmse=0.0298923
[TRAIN] step=09000 loss=-3.42020 nmse_prop=0.01631 nmse_ls=0.02275 gpu_mem=0.33GiB peak=13.63GiB
[TRAIN] saved resumable state at step=9000 reason=periodic: /lustre07/scratch/rsadve1/Universal_Receiver_NEW-main_Narval/TWC_plots_comprehensive/runs_rx16/seed7/1dmrs/wide_d128_b4_r2/checkpoints/training_state/ckpt-9000
[TRAIN] step=09100 loss=-2.94151 nmse_prop=0.01847 nmse_ls=0.03736 gpu_mem=0.29GiB peak=13.63GiB
[TRAIN] saved resumable state at step=9100 reason=periodic: /lustre07/scratch/rsadve1/Universal_Receiver_NEW-main_Narval/TWC_plots_comprehensive/runs_rx16/seed7/1dmrs/wide_d128_b4_r2/checkpoints/training_state/ckpt-9100
[TRAIN] step=09200 loss=-3.68823 nmse_prop=0.01363 nmse_ls=0.01948 gpu_mem=0.33GiB peak=13.63GiB
[TRAIN] saved resumable state at step=9200 reason=periodic: /lustre07/scratch/rsadve1/Universal_Receiver_NEW-main_Narval/TWC_plots_comprehensive/runs_rx16/seed7/1dmrs/wide_d128_b4_r2/checkpoints/training_state/ckpt-9200
[TRAIN] step=09300 loss=-3.13502 nmse_prop=0.01627 nmse_ls=0.03119 gpu_mem=0.29GiB peak=13.63GiB
[TRAIN] saved resumable state at step=9300 reason=periodic: /lustre07/scratch/rsadve1/Universal_Receiver_NEW-main_Narval/TWC_plots_comprehensive/runs_rx16/seed7/1dmrs/wide_d128_b4_r2/checkpoints/training_state/ckpt-9300
[TRAIN] step=09400 loss=-3.75726 nmse_prop=0.01259 nmse_ls=0.01822 gpu_mem=0.33GiB peak=13.63GiB
[TRAIN] saved resumable state at step=9400 reason=periodic: /lustre07/scratch/rsadve1/Universal_Receiver_NEW-main_Narval/TWC_plots_comprehensive/runs_rx16/seed7/1dmrs/wide_d128_b4_r2/checkpoints/training_state/ckpt-9400
[TRAIN] saved new best weights at step=9500 val_nmse=0.0289605
[TRAIN] step=09500 loss=-3.67168 nmse_prop=0.01526 nmse_ls=0.02216 gpu_mem=0.30GiB peak=13.63GiB
[TRAIN] saved resumable state at step=9500 reason=periodic: /lustre07/scratch/rsadve1/Universal_Receiver_NEW-main_Narval/TWC_plots_comprehensive/runs_rx16/seed7/1dmrs/wide_d128_b4_r2/checkpoints/training_state/ckpt-9500
[TRAIN] step=09600 loss=-2.73739 nmse_prop=0.02422 nmse_ls=0.03712 gpu_mem=0.33GiB peak=13.63GiB
[TRAIN] saved resumable state at step=9600 reason=periodic: /lustre07/scratch/rsadve1/Universal_Receiver_NEW-main_Narval/TWC_plots_comprehensive/runs_rx16/seed7/1dmrs/wide_d128_b4_r2/checkpoints/training_state/ckpt-9600
[TRAIN] step=09700 loss=-2.75578 nmse_prop=0.02187 nmse_ls=0.03910 gpu_mem=0.32GiB peak=13.63GiB
[TRAIN] saved resumable state at step=9700 reason=periodic: /lustre07/scratch/rsadve1/Universal_Receiver_NEW-main_Narval/TWC_plots_comprehensive/runs_rx16/seed7/1dmrs/wide_d128_b4_r2/checkpoints/training_state/ckpt-9700
[TRAIN] step=09800 loss=-2.51940 nmse_prop=0.02399 nmse_ls=0.05323 gpu_mem=0.30GiB peak=13.63GiB
[TRAIN] saved resumable state at step=9800 reason=periodic: /lustre07/scratch/rsadve1/Universal_Receiver_NEW-main_Narval/TWC_plots_comprehensive/runs_rx16/seed7/1dmrs/wide_d128_b4_r2/checkpoints/training_state/ckpt-9800
[TRAIN] step=09900 loss=-3.67213 nmse_prop=0.01374 nmse_ls=0.02085 gpu_mem=0.29GiB peak=13.63GiB
[TRAIN] saved resumable state at step=9900 reason=periodic: /lustre07/scratch/rsadve1/Universal_Receiver_NEW-main_Narval/TWC_plots_comprehensive/runs_rx16/seed7/1dmrs/wide_d128_b4_r2/checkpoints/training_state/ckpt-9900
[TRAIN] step=10000 loss=-3.25916 nmse_prop=0.01775 nmse_ls=0.02473 gpu_mem=0.33GiB peak=13.63GiB
[TRAIN] saved resumable state at step=10000 reason=periodic: /lustre07/scratch/rsadve1/Universal_Receiver_NEW-main_Narval/TWC_plots_comprehensive/runs_rx16/seed7/1dmrs/wide_d128_b4_r2/checkpoints/training_state/ckpt-10000
[TRAIN] saved resumable state at step=10000 reason=final: /lustre07/scratch/rsadve1/Universal_Receiver_NEW-main_Narval/TWC_plots_comprehensive/runs_rx16/seed7/1dmrs/wide_d128_b4_r2/checkpoints/training_state/ckpt-10000
[COMPREHENSIVE] cleared TensorFlow state before evaluation seed=7 1dmrs/wide_d128_b4_r2/u3: gpu_mem=0.01GiB peak=13.63GiB
[EVAL] receiver microbatching enabled: batch_size_eval=96 receiver_microbatch_size=32
[BASELINES] Estimating empirical LMMSE covariances with num_batches=32 batch_size=32 mode=clean-channel
